[build] current: assets 2026-09-29T04:33:16.407Z >= sources 2026-09-29T04:23:40.541Z
[note] csp for this run's backend
        already widened for http://127.0.0.1:8080
  serve records 1 linked from /Users/damian/.local-operator/sessions/93eb81c815b9/scratchpad/ev-backend/config/run/serve   (the app admits a daemon only while a record describes one, and a record is a heartbeat)
local-operator-ui renderer driver
  repo          /Users/damian/local-operator-ui-worktrees/slash625-baseline-0929-c27f
  scratch       /Users/damian/.local-operator/sessions/93eb81c815b9/scratchpad/ev-backend/tmp/lo-renderer-driver-42067
  frames        /Users/damian/.local-operator/sessions/93eb81c815b9/scratchpad/frames/before-light
  app cwd       /Users/damian/.local-operator/sessions/93eb81c815b9/scratchpad/ev-backend/tmp/lo-renderer-driver-42067/cwd   (scratch: the repo's .env is not read)
  backend url   http://127.0.0.1:8080   (--backend: a live isolated backend this run owns)
  electron      44.3.0   (/Users/damian/local-operator-ui-worktrees/slash625-baseline-0929-c27f/node_modules/.pnpm/electron@44.3.0/node_modules/electron/dist/Electron.app/Contents/MacOS/Electron)
  electron pin  44.3.0   (package.json optionalDependencies)
[PASS] the harness is driving the Electron this branch pins
[PASS] the scratch backend port is dead
[note] the app's default backend port (127.0.0.1:1111)
        a listener is up: this run's main process points elsewhere, and the check below proves the app holds no connection to the URL the RENDERER was built with
[note] verbs registered by the renderer
        ["hello","measure","navigate","openCanvasDocument","press","queries","queryFetches","setSidebarWidth","setTheme","state"]
[PASS] the armed launch said so on stdout
[PASS] the app's logs went to this run's scratch tree, not the operator's
[note] renderer's api base URL at hello, against --backend
        {"apiBaseUrl":"http://127.0.0.1:8080","backend":"http://127.0.0.1:8080"}
[PASS] the app holds a connection to this run's backend (http://127.0.0.1:8080)
[PASS] the app holds NO connection to the operator's own backend (http://localhost:1111)
[note] profile seeded
        onboarding-storage marks the modal complete, so the app is an existing user rather than a first-run one
[note] facts (from main)
        {
  "windowMode": "headless",
  "appVersion": "0.31.16",
  "platform": "darwin",
  "title": "Local Operator",
  "windowSize": {
    "width": 1380,
    "height": 900
  },
  "contentBounds": {
    "width": 1380,
    "height": 900
  },
  "visible": false,
  "focused": false,
  "minimized": false,
  "frames": [],
  "outDir": "/Users/damian/.local-operator/sessions/93eb81c815b9/scratchpad/frames/before-light"
}
[PASS] window mode is headless and the window is never shown or focused
[PASS] the app is in the palette this run photographs
[PASS] Cmd-N staged a fresh draft on the chat route - the new chat these gestures are about
[PASS] the draft pane mounts a composer
[PASS] the composer is empty before /help is typed
[PASS] sessionless-help-light draws the light palette its name claims
        DOM localOperatorLight #f2ede3; mean luma 237.6 vs 237.3 own / 32.1 other
[PASS] /help is refused with the dispatcher's own sentence
[PASS] the composer is empty before /theme is typed
[PASS] sessionless-theme-light draws the light palette its name claims
        DOM localOperatorLight #f2ede3; mean luma 237.5 vs 237.3 own / 32.1 other
[PASS] /theme is refused with the dispatcher's own sentence
[PASS] the composer is empty before /login is typed
[PASS] sessionless-login-light draws the light palette its name claims
        DOM localOperatorLight #f2ede3; mean luma 237.4 vs 237.3 own / 32.1 other
[PASS] /login is refused with the dispatcher's own sentence
[PASS] the composer is empty before /logout is typed
[PASS] sessionless-logout-light draws the light palette its name claims
        DOM localOperatorLight #f2ede3; mean luma 237.3 vs 237.3 own / 32.1 other
[PASS] /logout is refused with the dispatcher's own sentence
[PASS] the composer is empty before /resume is typed
[PASS] sessionless-resume-light draws the light palette its name claims
        DOM localOperatorLight #f2ede3; mean luma 237.2 vs 237.3 own / 32.1 other
[PASS] /resume is refused with the dispatcher's own sentence
[note] live half skipped
        --slash-expect refused: the base tree's half of this pair is the five refusals, and the session-ful steps would spend a send and an answer on a claim this run is not making
[PASS] every capture is a frame the app held still for, with no toast on it
[PASS] no process from this run outlived its boot

frames: sessionless-help-light.png, sessionless-login-light.png, sessionless-logout-light.png, sessionless-resume-light.png, sessionless-theme-light.png
frames directory: /Users/damian/.local-operator/sessions/93eb81c815b9/scratchpad/frames/before-light
app log: /Users/damian/.local-operator/sessions/93eb81c815b9/scratchpad/ev-backend/tmp/lo-renderer-driver-42067/app-scene.log
scratch removed (--clean)

ALL CHECKS PASSED
