port8080.lock taken
rig up: proxy 43992 on 8080 -> daemon 42663 on 64685, stub 64656; 1111 untouched
== narrow-qad5 (btw-r4) at 01:19:14 ==
[build] current: assets 2026-09-25T00:36:17.761Z >= sources 2026-09-25T00:28:22.662Z
[note] csp for this run's backend
        already widened for http://127.0.0.1:8080
  serve records 1 linked from /Users/damian/.local-operator/sessions/8b1a00952fab/scratchpad/d5rig/run-narrow-qad5/records   (the app admits a daemon only while a record describes one, and a record is a heartbeat)
local-operator-ui renderer driver
  repo          /Users/damian/local-operator-ui-worktrees/design482r5-d5a1c9
  scratch       /Users/damian/.local-operator/sessions/8b1a00952fab/scratchpad/d5rig/tmp/lo-renderer-driver-44244
  frames        /Users/damian/.local-operator/sessions/8b1a00952fab/scratchpad/d5rig/frames/narrow-qad5
  app cwd       /Users/damian/.local-operator/sessions/8b1a00952fab/scratchpad/d5rig/tmp/lo-renderer-driver-44244/cwd   (scratch: the repo's .env is not read)
  backend url   http://127.0.0.1:8080   (--backend: a live isolated backend this run owns)
  electron      44.3.0   (/Users/damian/local-operator-ui-worktrees/design482r5-d5a1c9/node_modules/.pnpm/electron@44.3.0/node_modules/electron/dist/Electron.app/Contents/MacOS/Electron)
  electron pin  44.3.0   (package.json optionalDependencies)
[PASS] the harness is driving the Electron this branch pins
[PASS] the scratch backend port is dead
[note] the app's default backend port (127.0.0.1:1111)
        a listener is up: this run's main process points elsewhere, and the check below proves the app holds no connection to the URL the RENDERER was built with
[note] verbs registered by the renderer
        ["hello","measure","navigate","openCanvasDocument","press","queries","queryFetches","setSidebarWidth","setTheme","state"]
[PASS] the armed launch said so on stdout
[PASS] the app's logs went to this run's scratch tree, not the operator's
[note] renderer's api base URL at hello, against --backend
        {"apiBaseUrl":"http://127.0.0.1:8080","backend":"http://127.0.0.1:8080"}
[PASS] the app holds a connection to this run's backend (http://127.0.0.1:8080)
[PASS] the app holds NO connection to the operator's own backend (http://localhost:1111)
[note] profile seeded
        onboarding-storage marks the modal complete, so the app is an existing user rather than a first-run one
[PASS] window mode is headless and the window is never shown
        mode=headless visible=false focused=false
[PASS] the composer is on screen before anything is typed
[note] the session's owner
        warm (snapshot.cold = false)
[note] R4 session
        e1dcb43bbc23
[PASS] Q24 (iii) fresh ask declined (409 aside_unanswered): the backend's sentence ALONE — no 'Ask again here', no 'can't continue', no old escape clause
        {"alerts":["The model did not answer your aside in text — either a tool call, which is not available off the record, or nothing at all. No answer was produced: ask again."],"wire":{"status":409,"continues":null,"response":"{\"detail\":{\"code\":\"aside_unanswered\",\"message\":\"The model did not answer your aside in text — either a tool call, which is not available off the record, or nothing at all. No answer was produced: ask again.\"}}"}}
[note] Q33 refusal vs the region's clip at frame 01
        {"alerts":1,"scrollTop":0,"maxScroll":0,"clientHeight":121,"alertTopInRegion":23.5,"alertBottomInRegion":121,"hiddenBelowPx":0,"alertRows":5,"rowsFullyVisible":5,"visibleText":null}
[note] frame
        {"label":"qa4-narrow-qad5-01-q24-fresh-declined-sentence-alone","mode":"settled","width":1600,"height":1736}
[note] Q33 refusal vs the region's clip after the settled capture 01
        {"alerts":1,"scrollTop":0,"maxScroll":0,"clientHeight":121,"alertTopInRegion":23.5,"alertBottomInRegion":121,"hiddenBelowPx":0,"alertRows":5,"rowsFullyVisible":5,"visibleText":null}
[PASS] Q24b (iii) fresh ask, 409 aside_empty_answer: the backend's sentence alone
        {"alerts":["The model answered your aside with no text at all, so the exchange has no answer to keep. Ask again."],"wire":{"status":409,"response":"{\"detail\":{\"code\":\"aside_empty_answer\",\"message\":\"The model answered your aside with no text at all, so the exchange has no answer to keep. Ask again.\"}}"}}
[PASS] Q25 (i) aside_unanswered (tool call twice) on a CONTINUATION: backend sentence + 'Ask again here to keep this exchange, or press Esc to close the aside and discard it.'
        {"alert":"The model did not answer your aside in text — either a tool call, which is not available off the record, or nothing at all. No answer was produced: Ask again here to keep this exchange, or press Esc to close the aside and discard it.","wire":{"status":409,"continues":"1f5a920b-cccc-44e3-b2e2-d4ff3724bfe1","answeredId":"1f5a920b-cccc-44e3-b2e2-d4ff3724bfe1","response":"{\"detail\":{\"code\":\"aside_unanswered\",\"message\":\"The model did not answer your aside in text — either a tool call, which is not available off the record, or noth"}}
[PASS] Q25 (i) aside_unanswered (a call then silence) on a CONTINUATION: backend sentence + 'Ask again here to keep this exchange, or press Esc to close the aside and discard it.'
        {"alert":"The model did not answer your aside in text — either a tool call, which is not available off the record, or nothing at all. No answer was produced: Ask again here to keep this exchange, or press Esc to close the aside and discard it.","wire":{"status":409,"continues":"1f5a920b-cccc-44e3-b2e2-d4ff3724bfe1","answeredId":"1f5a920b-cccc-44e3-b2e2-d4ff3724bfe1","response":"{\"detail\":{\"code\":\"aside_unanswered\",\"message\":\"The model did not answer your aside in text — either a tool call, which is not available off the record, or noth"}}
[PASS] Q25 (i) aside_empty_answer on a CONTINUATION: backend sentence + 'Ask again here to keep this exchange, or press Esc to close the aside and discard it.'
        {"alert":"The model answered your aside with no text at all, so the exchange has no answer to keep. Ask again here to keep this exchange, or press Esc to close the aside and discard it.","wire":{"status":409,"continues":"1f5a920b-cccc-44e3-b2e2-d4ff3724bfe1","answeredId":"1f5a920b-cccc-44e3-b2e2-d4ff3724bfe1","response":"{\"detail\":{\"code\":\"aside_empty_answer\",\"message\":\"The model answered your aside with no text at all, so the exchange has no answer to keep. Ask again.\"}}"}}
[note] Q33 refusal vs the region's clip at frame 02
        {"alerts":3,"scrollTop":565.5,"maxScroll":566,"clientHeight":251,"alertTopInRegion":153.6,"alertBottomInRegion":251.1,"hiddenBelowPx":0.1,"alertRows":5,"rowsFullyVisible":5,"visibleText":null}
[note] frame
        {"label":"qa4-narrow-qad5-02-q25-declined-follow-ups-both-options","mode":"settled","width":1600,"height":1736}
[note] Q33 refusal vs the region's clip after the settled capture 02
        {"alerts":3,"scrollTop":565.5,"maxScroll":566,"clientHeight":251,"alertTopInRegion":153.6,"alertBottomInRegion":251.1,"hiddenBelowPx":0.1,"alertRows":5,"rowsFullyVisible":5,"visibleText":null}
[PASS] Q25c asking again IN THE SAME PANEL is ANSWERED (200) and continues the last ANSWERED turn
        {"wire":{"status":200,"continues":"1f5a920b-cccc-44e3-b2e2-d4ff3724bfe1","answeredId":"1f5a920b-cccc-44e3-b2e2-d4ff3724bfe1"}}
[PASS] Q25d 'to keep this exchange' is TRUE: the owner's new entry holds the first answered Q/A as its prefix (4 turns, complete, adoptable); the panel still shows the first answer
        {"owner":{"status":200,"detail":null,"turns":4,"firstTurnHead":"[{\"type\":\"text\",\"text\":\"q25 first question, answered\"}]","complete":true,"adoptable":true},"tailsOnPanel":2}
[note] frame
        {"label":"qa4-narrow-qad5-03-q25-asked-again-answered-exchange-kept","mode":"settled","width":1600,"height":1736}
[PASS] Q26 Esc on an answered exchange: panel gone, ONE DELETE of the newest entry (200), the owner now answers 404 for it, NOTHING adopted (history unchanged, no adopt POST)
        {"ops":[{"m":"DELETE","kind":"close","status":200}],"newestAfterEsc":{"status":404,"detail":"This aside is no longer available","turns":null,"firstTurnHead":null,"complete":null,"adoptable":null},"firstEntryAfterEsc":{"status":200,"detail":null,"turns":2,"firstTurnHead":"[{\"type\":\"text\",\"text\":\"q25 first question, answered\"}]","complete":true,"adoptable":false},"history":[18,18]}
[PASS] Q26b re-opening with /btw does NOT bring the exchange back: the empty panel, no earlier question
        {"panel":"Asideoff the record — nothing here joins the conversationType a question in the composer below — the answer lands here.Add to conversation⌘+FNothing to add yet."}
[note] frame
        {"label":"qa4-narrow-qad5-04-q26-after-esc-reopened-empty","mode":"settled","width":1600,"height":1736}
[note] Q27 out-of-band DELETE of the answered entry (the owner evicting/expiring it)
        {"status":200,"body":"{\"status\":200,\"message\":\"Desktop session result.\",\"result\":{\"data\":{\"aside_id\":\"2b98e478-936c-4f84-bdb0-6aaf340d07c6\",\"status\":\"closed\"},\"replayed\":false}}"}
[PASS] Q27 (ii) refused continuation (409 'This aside is no longer available'): sentence + the can't-continue clause naming Esc's cost; differs from (i) and offers NO 'Ask again here'
        {"alert":"This aside is no longer available This aside can't continue. Press Esc to close it, which discards this exchange, then start a new one with /btw.","wire":{"status":409,"continues":"2b98e478-936c-4f84-bdb0-6aaf340d07c6","response":"{\"detail\":\"This aside is no longer available\"}"}}
[note] Q33 refusal vs the region's clip at frame 05
        {"alerts":1,"scrollTop":104.5,"maxScroll":183,"clientHeight":251,"alertTopInRegion":231.6,"alertBottomInRegion":329.1,"hiddenBelowPx":78.1,"alertRows":5,"rowsFullyVisible":1,"visibleText":null}
[note] frame
        {"label":"qa4-narrow-qad5-05-q27-continuation-refused-cant-continue","mode":"settled","width":1600,"height":1736}
[note] Q33 refusal vs the region's clip after the settled capture 05
        {"alerts":1,"scrollTop":104.5,"maxScroll":183,"clientHeight":251,"alertTopInRegion":231.6,"alertBottomInRegion":329.1,"hiddenBelowPx":78.1,"alertRows":5,"rowsFullyVisible":1,"visibleText":null}
[PASS] Q27b the copy is honest: a retry in the same panel is refused the same way (409, same dead prefix) — so not offering one is correct
        {"wire":{"status":409,"continues":"2b98e478-936c-4f84-bdb0-6aaf340d07c6"},"lastAlert":"This aside is no longer available This aside can't continue. Press Esc to close it, which discards this exchange, then start a new one with /btw."}
[PASS] Q27c the way out the copy names works: Esc, then /btw <q> is a fresh ask, answered 200
        {"status":200,"continues":null}
[PASS] Q28 FIRST ⌘+F on an adoptable exchange: NO adopt request on the wire, history unchanged, panel still up, the confirm on the panel's notice line
        {"adoptPosts":0,"history":[20,20],"alerts":["Press ⌘+F again to add the aside to the conversation. Once added, it stays there."],"key":{"prevented":true,"target":"textarea[Message]"},"adoptLive":{"text":"Add to conversation","label":null,"disabled":false}}
[note] frame
        {"label":"qa4-narrow-qad5-06-q28-first-cmdf-confirm-only","mode":"settled","width":1600,"height":1736}
[PASS] Q28b SECOND ⌘+F on the same newest turn adopts: ONE adopt POST (200), the panel closes, the exchange enters the durable history and is painted in the transcript
        {"adopt":[{"url":"…/asides/470a7f21-d4a7-43a5-a668-d93977bbd192/adopt","status":200}],"history":[20,22],"historyStatus":200,"historyKeys":["status","message","result"],"questionInHistory":true,"key":{"prevented":true,"target":"textarea[Message]"}}
[note] frame
        {"label":"qa4-narrow-qad5-07-q28-second-cmdf-adopted","mode":"settled","width":1600,"height":1736}
[PASS] Q28c an arm does not carry over to a NEW turn: after a follow-up, the next ⌘+F only confirms again (no adopt POST, panel up)
        {"confirmAfterFirst":["Press ⌘+F again to add the aside to the conversation. Once added, it stays there."],"noticeAfterFollowUpAsk":[],"alertsAfterPress":["Press ⌘+F again to add the aside to the conversation. Once added, it stays there."],"adoptPosts":0}
[PASS] Q28d re-opened EMPTY panel: ⌘+F does nothing (no confirm, no adopt POST, not swallowed)
        {"alerts":[],"key":{"prevented":false,"target":"textarea[Message]"}}
[PASS] Q28e a different aside after re-opening: its first ⌘+F only confirms (the earlier arm did not carry over)
        {"alerts":["Press ⌘+F again to add the aside to the conversation. Once added, it stays there."],"adoptPosts":0}
[note] frame
        {"label":"qa4-narrow-qad5-08-q28e-reopened-first-press-confirms-only","mode":"settled","width":1600,"height":1736}
[PASS] Q28f after Esc with an arm pending and a re-open, one ⌘+F still cannot adopt
        {"alerts":["Press ⌘+F again to add the aside to the conversation. Once added, it stays there."],"adoptPosts":0}
[note] Q28g ⌘+F routing
        {"composerFirstPress":{"prevented":true,"target":"textarea[Message]"},"composerSecondPress":{"prevented":true,"target":"textarea[Message]"},"emptyPanel":{"prevented":false,"target":"textarea[Message]"},"focusOnExchangeRegion":{"prevented":false,"target":"div[The aside exchange]"},"regionPressAdopted":false,"regionPressPanelUp":true,"noAsideComposer":{"prevented":false,"target":"textarea[Message]"},"visibleSearchLikeUi":["Search chats and agents"]}
[PASS] Q28g ⌘+F is swallowed (preventDefault) ONLY on the composer with an adoptable aside; with the focus elsewhere, or no aside, it falls through and nothing opens
        {"k1":{"prevented":true,"target":"textarea[Message]"},"k2":{"prevented":true,"target":"textarea[Message]"},"kEmpty":{"prevented":false,"target":"textarea[Message]"},"kRegion":{"prevented":false,"target":"div[The aside exchange]"},"kNoAside":{"prevented":false,"target":"textarea[Message]"}}
[note] Q29 geometry after the long first answer
        {"width":234,"scrollTop":0,"clientHeight":251,"scrollHeight":2019,"maxScroll":1768,"cap":"251px","turns":1,"turnOffset":0,"questionTopInRegion":0,"questionText":"Question: LONGANSWER: q29 first, a long answer","questionHasMarkup":false,"questionQuoteBlocks":0,"answerFontSize":"13px","answerLineHeight":20.8,"answerTopInRegion":43,"firstAnswerRowInRegion":[45.5,60.5],"answerStartVisible":true,"rowsBetweenAnswerTopAndEdge":10,"paragraphs":6,"paragraphGapPx":20.8,"mdClass":"lo-markdown lo-markdown--row-grid","rows":90,"fullyVisibleRows":10,"crossing":[]}
[note] Q29 samples [scrollTop, turnOffset, questionTopInRegion, maxScroll] (first 12 / last 4)
        [[[1842,2030.7,188.7,1842],[1842,2030.7,188.7,1842],[1842,2030.7,188.7,1842],[1842,2030.7,188.7,1842],[1842,2030.7,188.7,1842],[1842,2030.7,188.7,1842],[1842,2030.7,188.7,1842],[1842,2030.7,188.7,1842],[1842,2030.7,188.7,1842],[1842,2030.7,188.7,1842],[1842,2030.7,188.7,1842],[1842,2030.7,188.7,1842]],[[2030.5,2030.7,0.2,3798],[2030.5,2030.7,0.2,3798],[2030.5,2030.7,0.2,3798],[2030.5,2030.7,0.2,3798]]]
[PASS] Q29 D11 settled: the follow-up's QUESTION is at the region's top (scrollTop == its offset ±1) and the START of its answer is in view
        {"scrollTop":2030.5,"turnOffset":2030.7,"questionTopInRegion":0.2,"firstAnswerRowInRegion":[45.7,60.7],"clientHeight":251,"scrollHeight":4049}
[PASS] Q29b D11 movement: scrollTop only ever moved TOWARD the target (monotone) and never past the question
        {"samples":90,"distinctTops":3,"monotone":true,"neverPast":true}
[note] frame
        {"label":"qa4-narrow-qad5-09-q29-d11-long-follow-up-question-at-top","mode":"settled","width":1600,"height":1736}
[note] Q29c the reader scrolled
        {"from":4040.5,"to":3800.5,"method":"mouseWheel"}
[PASS] Q29c D11 respects the reader: after a user scroll mid-stream, the region stays where they put it for the rest of the stream
        {"userAt":3800.5,"method":"mouseWheel","distinctAfter":[3800.5],"final":3800.5,"samples":48}
[note] frame
        {"label":"qa4-narrow-qad5-10-q29c-d11-reader-scrolled-stays","mode":"settled","width":1600,"height":1736}
[PASS] Q29d a short follow-up under a long answer: clamped at maxScroll with its question and the start of its answer in view
        {"scrollTop":6092,"maxScroll":6142,"turnOffset":6092.1,"questionTopInRegion":0.1,"firstAnswerRowInRegion":[45.6,60.6]}
[note] frame
        {"label":"qa4-narrow-qad5-11-q29d-d11-short-follow-up","mode":"settled","width":1600,"height":1736}
[note] frame
        {"label":"qa4-narrow-qad5-12-q30-d12-paragraph-break-at-cap","mode":"settled","width":1600,"height":1736}
[note] Q30 D12 sweep (k = sentences in the first paragraph)
        [{"k":1,"width":234,"fontSize":"13px","lineHeight":20.8,"gap":20.8,"paragraphs":3,"rowsToEdge":10,"fullyVisibleRows":9,"rows":27,"crossing":[],"clientHeight":232,"answerTop":23.5,"mdClass":"lo-markdown lo-markdown--row-grid"},{"k":2,"width":234,"fontSize":"13px","lineHeight":20.8,"gap":20.8,"paragraphs":3,"rowsToEdge":10,"fullyVisibleRows":9,"rows":29,"crossing":[],"clientHeight":232,"answerTop":23.5,"mdClass":"lo-markdown lo-markdown--row-grid"},{"k":3,"width":234,"fontSize":"13px","lineHeight":20.8,"gap":20.8,"paragraphs":3,"rowsToEdge":10,"fullyVisibleRows":9,"rows":31,"crossing":[],"clientHeight":232,"answerTop":23.5,"mdClass":"lo-markdown lo-markdown--row-grid"},{"k":4,"width":234,"fontSize":"13px","lineHeight":20.8,"gap":20.8,"paragraphs":3,"rowsToEdge":10,"fullyVisibleRows":9,"rows":33,"crossing":[],"clientHeight":232,"answerTop":23.5,"mdClass":"lo-markdown lo-markdown--row-grid"},{"k":5,"width":234,"fontSize":"13px","lineHeight":20.8,"gap":20.8,"paragraphs":3,"rowsToEdge":10,"fullyVisibleRows":10,"rows":35,"crossing":[],"clientHeight":232,"answerTop":23.5,"mdClass":"lo-markdown lo-markdown--row-grid"},{"k":6,"width":234,"fontSize":"13px","lineHeight":20.8,"gap":20.8,"paragraphs":3,"rowsToEdge":10,"fullyVisibleRows":10,"rows":37,"crossing":[],"clientHeight":232,"answerTop":23.5,"mdClass":"lo-markdown lo-markdown--row-grid"},{"k":7,"width":234,"fontSize":"13px","lineHeight":20.8,"gap":20.8,"paragraphs":3,"rowsToEdge":10,"fullyVisibleRows":10,"rows":39,"crossing":[],"clientHeight":232,"answerTop":23.5,"mdClass":"lo-markdown lo-markdown--row-grid"},{"k":8,"width":234,"fontSize":"13px","lineHeight":20.8,"gap":20.8,"paragraphs":3,"rowsToEdge":10,"fullyVisibleRows":10,"rows":41,"crossing":[],"clientHeight":232,"answerTop":23.5,"mdClass":"lo-markdown lo-markdown--row-grid"},{"k":9,"width":234,"fontSize":"13px","lineHeight":20.8,"gap":20.8,"paragraphs":3,"rowsToEdge":10,"fullyVisibleRows":10,"rows":43,"crossing":[],"clientHeight":232,"answerTop":23.5,"mdClass":"lo-markdown lo-markdown--row-grid"}]
[PASS] Q30 D12: with a paragraph break inside the cap, NO row is cut at the region's edge for any first-paragraph length swept
        [{"k":1,"crossing":[],"fullyVisibleRows":9},{"k":2,"crossing":[],"fullyVisibleRows":9},{"k":3,"crossing":[],"fullyVisibleRows":9},{"k":4,"crossing":[],"fullyVisibleRows":9},{"k":5,"crossing":[],"fullyVisibleRows":10},{"k":6,"crossing":[],"fullyVisibleRows":10},{"k":7,"crossing":[],"fullyVisibleRows":10},{"k":8,"crossing":[],"fullyVisibleRows":10},{"k":9,"crossing":[],"fullyVisibleRows":10}]
[PASS] Q30b D12 arithmetic: the edge sits exactly 10.0 answer line boxes below the answer's top, and the paragraph gap equals one line box
        [{"k":1,"rowsToEdge":10,"gap":20.8,"lineHeight":20.8},{"k":2,"rowsToEdge":10,"gap":20.8,"lineHeight":20.8},{"k":3,"rowsToEdge":10,"gap":20.8,"lineHeight":20.8},{"k":4,"rowsToEdge":10,"gap":20.8,"lineHeight":20.8},{"k":5,"rowsToEdge":10,"gap":20.8,"lineHeight":20.8},{"k":6,"rowsToEdge":10,"gap":20.8,"lineHeight":20.8},{"k":7,"rowsToEdge":10,"gap":20.8,"lineHeight":20.8},{"k":8,"rowsToEdge":10,"gap":20.8,"lineHeight":20.8},{"k":9,"rowsToEdge":10,"gap":20.8,"lineHeight":20.8}]
[PASS] Q30c D12 x D11: a follow-up with a paragraph break, scrolled by D11 — no row cut at the edge
        {"scrollTop":104.5,"maxScroll":855,"questionTopInRegion":188.6,"rowsToEdge":0.9,"crossing":[]}
[PASS] Q31 U12/U13 both doors mid-answer: the busy sentence on the COMPOSER line (not the transcript), no 'send it again' hint appended, text kept, nothing sent
        {"comp":{"value":"q31 composer door mid-answer","band":["The aside is still answering. Press Enter again once the answer is in."]},"slash":{"value":"/btw q31 slash door mid-answer","band":["The aside is still answering. Press Enter again once the answer is in."]},"inTranscript":0}
[note] frame
        {"label":"qa4-narrow-qad5-13-q31-busy-line-on-composer","mode":"raw","width":1600,"height":1736}
[PASS] Q31b the busy line retires the moment the answer settles; U15 the announcement has no markdown markers
        {"band":[],"announce":"The aside answered: Transport failures and owner 5xx responses, per provider, inside a moving window."}
[PASS] Q31c D14 off-panel short form: 'Your aside "…" got no answer: The model didn't reply in text. Ask again.' under 200 chars
        {"line":"Your aside “TOOLCALL2: q31c refused after Esc” got no answer: The model didn't reply in text. Ask again.","length":104}
[note] frame
        {"label":"qa4-narrow-qad5-14-q31c-d14-off-panel-short-form","mode":"raw","width":1600,"height":1736}
[PASS] Q31d U14: the wire carries <reply-to>, the panel's question paints a quote block and NO markup
        {"staged":{"selected":"selected","pressed":true},"wire":"<reply-to>Transport failures and owner</reply-to>\nq31d asked with a quote staged","panelQuestion":"Question: Transport failures and ownerq31d asked with a quote staged","quoteBlocks":1}
[note] frame
        {"label":"qa4-narrow-qad5-15-q31d-u14-quote-rendered","mode":"settled","width":1600,"height":1736}
[PASS] Q32 every aside POST named a subscription this pane opened, and every aside_delta went to exactly that subscription
        {"asidePosts":33,"postSubs":["0edf3376bf94494994fd0d92ffe84346","7d2f7b273d1a42a5a282adb9c7739d05"],"deltaSubs":["0edf3376bf94494994fd0d92ffe84346","7d2f7b273d1a42a5a282adb9c7739d05"],"asideDeltaFrames":180,"streamsOpened":3,"statuses":{"200":25,"409":8}}
[PASS] every capture wrote a PNG of the requested size
  [renderer] [attention] e1dcb43bbc23 receipt unresolved after 3 attempts; backing off UserFacingError: View these completions in the foreground before marking them read.
    at SEe (file:///Users/damian/local-operator-ui-worktrees/design482r5-d5a1c9/out/renderer/assets/index-AwmgqcTZ.js:812:94627)
    at async _t (file:///Users/damian/local-operator-ui-worktrees/design482r5-d5a1c9/out/renderer/assets/index-AwmgqcTZ.js:812:95762)
[PASS] no process from this run outlived its boot

frames: qa4-narrow-qad5-01-q24-fresh-declined-sentence-alone.png, qa4-narrow-qad5-02-q25-declined-follow-ups-both-options.png, qa4-narrow-qad5-03-q25-asked-again-answered-exchange-kept.png, qa4-narrow-qad5-04-q26-after-esc-reopened-empty.png, qa4-narrow-qad5-05-q27-continuation-refused-cant-continue.png, qa4-narrow-qad5-06-q28-first-cmdf-confirm-only.png, qa4-narrow-qad5-07-q28-second-cmdf-adopted.png, qa4-narrow-qad5-08-q28e-reopened-first-press-confirms-only.png, qa4-narrow-qad5-09-q29-d11-long-follow-up-question-at-top.png, qa4-narrow-qad5-10-q29c-d11-reader-scrolled-stays.png, qa4-narrow-qad5-11-q29d-d11-short-follow-up.png, qa4-narrow-qad5-12-q30-d12-paragraph-break-at-cap.png, qa4-narrow-qad5-13-q31-busy-line-on-composer.png, qa4-narrow-qad5-14-q31c-d14-off-panel-short-form.png, qa4-narrow-qad5-15-q31d-u14-quote-rendered.png
frames directory: /Users/damian/.local-operator/sessions/8b1a00952fab/scratchpad/d5rig/frames/narrow-qad5
app log: /Users/damian/.local-operator/sessions/8b1a00952fab/scratchpad/d5rig/tmp/lo-renderer-driver-44244/app-scene.log
scratch removed (--clean)

ALL CHECKS PASSED
== narrow-qad5 driver exit: 0 ==
total 8776
drwxr-xr-x@ 17 damian  staff     544 Sep 24 21:22 .
drwxr-xr-x@ 17 damian  staff     544 Sep 24 21:19 ..
-rw-r--r--@  1 damian  staff  286427 Sep 24 21:19 qa4-narrow-qad5-01-q24-fresh-declined-sentence-alone.png
-rw-r--r--@  1 damian  staff  315570 Sep 24 21:20 qa4-narrow-qad5-02-q25-declined-follow-ups-both-options.png
-rw-r--r--@  1 damian  staff  292550 Sep 24 21:20 qa4-narrow-qad5-03-q25-asked-again-answered-exchange-kept.png
-rw-r--r--@  1 damian  staff  271342 Sep 24 21:20 qa4-narrow-qad5-04-q26-after-esc-reopened-empty.png
-rw-r--r--@  1 damian  staff  292162 Sep 24 21:20 qa4-narrow-qad5-05-q27-continuation-refused-cant-continue.png
-rw-r--r--@  1 damian  staff  294779 Sep 24 21:20 qa4-narrow-qad5-06-q28-first-cmdf-confirm-only.png
-rw-r--r--@  1 damian  staff  287178 Sep 24 21:20 qa4-narrow-qad5-07-q28-second-cmdf-adopted.png
-rw-r--r--@  1 damian  staff  295841 Sep 24 21:20 qa4-narrow-qad5-08-q28e-reopened-first-press-confirms-only.png
-rw-r--r--@  1 damian  staff  324622 Sep 24 21:21 qa4-narrow-qad5-09-q29-d11-long-follow-up-question-at-top.png
-rw-r--r--@  1 damian  staff  307284 Sep 24 21:21 qa4-narrow-qad5-10-q29c-d11-reader-scrolled-stays.png
-rw-r--r--@  1 damian  staff  290947 Sep 24 21:21 qa4-narrow-qad5-11-q29d-d11-short-follow-up.png
-rw-r--r--@  1 damian  staff  306667 Sep 24 21:21 qa4-narrow-qad5-12-q30-d12-paragraph-break-at-cap.png
-rw-r--r--@  1 damian  staff  296339 Sep 24 21:22 qa4-narrow-qad5-13-q31-busy-line-on-composer.png
-rw-r--r--@  1 damian  staff  297945 Sep 24 21:22 qa4-narrow-qad5-14-q31c-d14-off-panel-short-form.png
-rw-r--r--@  1 damian  staff  295388 Sep 24 21:22 qa4-narrow-qad5-15-q31d-u14-quote-rendered.png
8080 released before this command returned
port8080.lock released
--- proxy counters (/Users/damian/.local-operator/sessions/8b1a00952fab/scratchpad/d5rig/run-narrow-qad5/proxy-stats.json) ---
{
  "oldDaemon": false,
  "asidePosts": [
    {
      "at": "2026-09-25T01:19:34.358Z",
      "url": "/v1/desktop/sessions/e1dcb43bbc23/asides",
      "asideId": "9348b808-74ac-4f87-9d33-f6c32c16c39e",
      "continues": null,
      "questionHead": "TOOLCALL2: q24 fresh ask declined",
      "text": "TOOLCALL2: q24 fresh ask declined",
      "carriedSubscriptionField": true,
      "subscriptionId": "0edf3376bf94494994fd0d92ffe84346",
      "status": 409,
      "response": "{\"detail\":{\"code\":\"aside_unanswered\",\"message\":\"The model did not answer your aside in text — either a tool call, which is not available off the record, or nothing at all. No answer was produced: ask again.\"}}"
    },
    {
      "at": "2026-09-25T01:19:41.141Z",
      "url": "/v1/desktop/sessions/e1dcb43bbc23/asides",
      "asideId": "945d3196-611b-4570-ad61-76f488ec970d",
      "continues": null,
      "questionHead": "EMPTYANS: q24b fresh ask empty",
      "text": "EMPTYANS: q24b fresh ask empty",
      "carriedSubscriptionField": true,
      "subscriptionId": "0edf3376bf94494994fd0d92ffe84346",
      "status": 409,
      "response": "{\"detail\":{\"code\":\"aside_empty_answer\",\"message\":\"The model answered your aside with no text at all, so the exchange has no answer to keep. Ask again.\"}}"
    },
    {
      "at": "2026-09-25T01:19:44.087Z",
      "url": "/v1/desktop/sessions/e1dcb43bbc23/asides",
      "asideId": "1f5a920b-cccc-44e3-b2e2-d4ff3724bfe1",
      "continues": null,
      "questionHead": "q25 first question, answered",
      "text": "q25 first question, answered",
      "carriedSubscriptionField": true,
      "subscriptionId": "0edf3376bf94494994fd0d92ffe84346",
      "status": 200,
      "response": "{\"status\":200,\"message\":\"Desktop session result.\",\"result\":{\"data\":{\"aside_id\":\"1f5a920b-cccc-44e3-b2e2-d4ff3724bfe1\",\"text\":\"Transport failures and owner **5xx** responses, per provider, inside a moving window.\\n\\n- each transport failure spends one\\n- each owner 5xx spends one\\n- a retry that succeeds resets the window\\n\\nA **4xx** never spends it: the request was wrong, not the provider.\",\"off_record\":true},\"replayed\":false}}"
    },
    {
      "at": "2026-09-25T01:19:48.899Z",
      "url": "/v1/desktop/sessions/e1dcb43bbc23/asides",
      "asideId": "961383cc-e166-4d37-aca9-1cc8f6719f4c",
      "continues": "1f5a920b-cccc-44e3-b2e2-d4ff3724bfe1",
      "questionHead": "TOOLCALL2: q25 follow-up, tool call twice",
      "text": "TOOLCALL2: q25 follow-up, tool call twice",
      "carriedSubscriptionField": true,
      "subscriptionId": "0edf3376bf94494994fd0d92ffe84346",
      "status": 409,
      "response": "{\"detail\":{\"code\":\"aside_unanswered\",\"message\":\"The model did not answer your aside in text — either a tool call, which is not available off the record, or nothing at all. No answer was produced: ask again.\"}}"
    },
    {
      "at": "2026-09-25T01:19:54.181Z",
      "url": "/v1/desktop/sessions/e1dcb43bbc23/asides",
      "asideId": "037c42c5-1d60-4e86-81a2-b5ae43a29ba9",
      "continues": "1f5a920b-cccc-44e3-b2e2-d4ff3724bfe1",
      "questionHead": "TOOLSILENT: q25 follow-up, call then silence",
      "text": "TOOLSILENT: q25 follow-up, call then silence",
      "carriedSubscriptionField": true,
      "subscriptionId": "0edf3376bf94494994fd0d92ffe84346",
      "status": 409,
      "response": "{\"detail\":{\"code\":\"aside_unanswered\",\"message\":\"The model did not answer your aside in text — either a tool call, which is not available off the record, or nothing at all. No answer was produced: ask again.\"}}"
    },
    {
      "at": "2026-09-25T01:19:59.752Z",
      "url": "/v1/desktop/sessions/e1dcb43bbc23/asides",
      "asideId": "38c36067-0411-43cb-a762-19ddaa43f844",
      "continues": "1f5a920b-cccc-44e3-b2e2-d4ff3724bfe1",
      "questionHead": "EMPTYANS: q25 follow-up, empty answer",
      "text": "EMPTYANS: q25 follow-up, empty answer",
      "carriedSubscriptionField": true,
      "subscriptionId": "0edf3376bf94494994fd0d92ffe84346",
      "status": 409,
      "response": "{\"detail\":{\"code\":\"aside_empty_answer\",\"message\":\"The model answered your aside with no text at all, so the exchange has no answer to keep. Ask again.\"}}"
    },
    {
      "at": "2026-09-25T01:20:03.644Z",
      "url": "/v1/desktop/sessions/e1dcb43bbc23/asides",
      "asideId": "a65b3f17-c06d-40b5-8d52-1048ae9a9024",
      "continues": "1f5a920b-cccc-44e3-b2e2-d4ff3724bfe1",
      "questionHead": "q25 asked again in the same panel after the declines",
      "text": "q25 asked again in the same panel after the declines",
      "carriedSubscriptionField": true,
      "subscriptionId": "0edf3376bf94494994fd0d92ffe84346",
      "status": 200,
      "response": "{\"status\":200,\"message\":\"Desktop session result.\",\"result\":{\"data\":{\"aside_id\":\"a65b3f17-c06d-40b5-8d52-1048ae9a9024\",\"text\":\"Transport failures and owner **5xx** responses, per provider, inside a moving window.\\n\\n- each transport failure spends one\\n- each owner 5xx spends one\\n- a retry that succeeds resets the window\\n\\nA **4xx** never spends it: the request was wrong, not the provider.\",\"off_record\":true},\"replayed\":false}}"
    },
    {
      "at": "2026-09-25T01:20:10.473Z",
      "url": "/v1/desktop/sessions/e1dcb43bbc23/asides",
      "asideId": "2b98e478-936c-4f84-bdb0-6aaf340d07c6",
      "continues": null,
      "questionHead": "q27 first question, answered",
      "text": "q27 first question, answered",
      "carriedSubscriptionField": true,
      "subscriptionId": "0edf3376bf94494994fd0d92ffe84346",
      "status": 200,
      "response": "{\"status\":200,\"message\":\"Desktop session result.\",\"result\":{\"data\":{\"aside_id\":\"2b98e478-936c-4f84-bdb0-6aaf340d07c6\",\"text\":\"Transport failures and owner **5xx** responses, per provider, inside a moving window.\\n\\n- each transport failure spends one\\n- each owner 5xx spends one\\n- a retry that succeeds resets the window\\n\\nA **4xx** never spends it: the request was wrong, not the provider.\",\"off_record\":true},\"replayed\":false}}"
    },
    {
      "at": "2026-09-25T01:20:15.302Z",
      "url": "/v1/desktop/sessions/e1dcb43bbc23/asides",
      "asideId": "36a9ef4e-8347-46d7-ad39-af542e46586b",
      "continues": "2b98e478-936c-4f84-bdb0-6aaf340d07c6",
      "questionHead": "q27 follow-up after the owner lost the prefix",
      "text": "q27 follow-up after the owner lost the prefix",
      "carriedSubscriptionField": true,
      "subscriptionId": "0edf3376bf94494994fd0d92ffe84346",
      "status": 409,
      "response": "{\"detail\":\"This aside is no longer available\"}"
    },
    {
      "at": "2026-09-25T01:20:16.332Z",
      "url": "/v1/desktop/sessions/e1dcb43bbc23/asides",
      "asideId": "552170f3-ac68-454d-a62e-89776978e1df",
      "continues": "2b98e478-936c-4f84-bdb0-6aaf340d07c6",
      "questionHead": "q27 retry that the copy says cannot work",
      "text": "q27 retry that the copy says cannot work",
      "carriedSubscriptionField": true,
      "subscriptionId": "0edf3376bf94494994fd0d92ffe84346",
      "status": 409,
      "response": "{\"detail\":\"This aside is no longer available\"}"
    },
    {
      "at": "2026-09-25T01:20:16.715Z",
      "url": "/v1/desktop/sessions/e1dcb43bbc23/asides",
      "asideId": "470a7f21-d4a7-43a5-a668-d93977bbd192",
      "continues": null,
      "questionHead": "q27 a new aside after Esc",
      "text": "q27 a new aside after Esc",
      "carriedSubscriptionField": true,
      "subscriptionId": "0edf3376bf94494994fd0d92ffe84346",
      "status": 200,
      "response": "{\"status\":200,\"message\":\"Desktop session result.\",\"result\":{\"data\":{\"aside_id\":\"470a7f21-d4a7-43a5-a668-d93977bbd192\",\"text\":\"Transport failures and owner **5xx** responses, per provider, inside a moving window.\\n\\n- each transport failure spends one\\n- each owner 5xx spends one\\n- a retry that succeeds resets the window\\n\\nA **4xx** never spends it: the request was wrong, not the provider.\",\"off_record\":true},\"replayed\":false}}"
    },
    {
      "at": "2026-09-25T01:20:34.711Z",
      "url": "/v1/desktop/sessions/e1dcb43bbc23/asides",
      "asideId": "8fd06764-248d-48f0-b940-f0c96df53e90",
      "continues": null,
      "questionHead": "q28c first turn",
      "text": "q28c first turn",
      "carriedSubscriptionField": true,
      "subscriptionId": "7d2f7b273d1a42a5a282adb9c7739d05",
      "status": 200,
      "response": "{\"status\":200,\"message\":\"Desktop session result.\",\"result\":{\"data\":{\"aside_id\":\"8fd06764-248d-48f0-b940-f0c96df53e90\",\"text\":\"Transport failures and owner **5xx** responses, per provider, inside a moving window.\\n\\n- each transport failure spends one\\n- each owner 5xx spends one\\n- a retry that succeeds resets the window\\n\\nA **4xx** never spends it: the request was wrong, not the provider.\",\"off_record\":true},\"replayed\":false}}"
    },
    {
      "at": "2026-09-25T01:20:40.411Z",
      "url": "/v1/desktop/sessions/e1dcb43bbc23/asides",
      "asideId": "718f8947-5b27-48e3-a781-f38187c9ac3e",
      "continues": "8fd06764-248d-48f0-b940-f0c96df53e90",
      "questionHead": "q28c follow-up appended after the arm",
      "text": "q28c follow-up appended after the arm",
      "carriedSubscriptionField": true,
      "subscriptionId": "7d2f7b273d1a42a5a282adb9c7739d05",
      "status": 200,
      "response": "{\"status\":200,\"message\":\"Desktop session result.\",\"result\":{\"data\":{\"aside_id\":\"718f8947-5b27-48e3-a781-f38187c9ac3e\",\"text\":\"Transport failures and owner **5xx** responses, per provider, inside a moving window.\\n\\n- each transport failure spends one\\n- each owner 5xx spends one\\n- a retry that succeeds resets the window\\n\\nA **4xx** never spends it: the request was wrong, not the provider.\",\"off_record\":true},\"replayed\":false}}"
    },
    {
      "at": "2026-09-25T01:20:47.239Z",
      "url": "/v1/desktop/sessions/e1dcb43bbc23/asides",
      "asideId": "77cb21ca-7ad8-43ac-9942-5e9a66761a90",
      "continues": null,
      "questionHead": "q28e first turn of a different aside",
      "text": "q28e first turn of a different aside",
      "carriedSubscriptionField": true,
      "subscriptionId": "7d2f7b273d1a42a5a282adb9c7739d05",
      "status": 200,
      "response": "{\"status\":200,\"message\":\"Desktop session result.\",\"result\":{\"data\":{\"aside_id\":\"77cb21ca-7ad8-43ac-9942-5e9a66761a90\",\"text\":\"Transport failures and owner **5xx** responses, per provider, inside a moving window.\\n\\n- each transport failure spends one\\n- each owner 5xx spends one\\n- a retry that succeeds resets the window\\n\\nA **4xx** never spends it: the request was wrong, not the provider.\",\"off_record\":true},\"replayed\":false}}"
    },
    {
      "at": "2026-09-25T01:20:53.779Z",
      "url": "/v1/desktop/sessions/e1dcb43bbc23/asides",
      "asideId": "790cf501-f61f-42b6-ba5b-dad3c605ebb3",
      "continues": null,
      "questionHead": "q28f re-opened after an armed Esc",
      "text": "q28f re-opened after an armed Esc",
      "carriedSubscriptionField": true,
      "subscriptionId": "7d2f7b273d1a42a5a282adb9c7739d05",
      "status": 200,
      "response": "{\"status\":200,\"message\":\"Desktop session result.\",\"result\":{\"data\":{\"aside_id\":\"790cf501-f61f-42b6-ba5b-dad3c605ebb3\",\"text\":\"Transport failures and owner **5xx** responses, per provider, inside a moving window.\\n\\n- each transport failure spends one\\n- each owner 5xx spends one\\n- a retry that succeeds resets the window\\n\\nA **4xx** never spends it: the request was wrong, not the provider.\",\"off_record\":true},\"replayed\":false}}"
    },
    {
      "at": "2026-09-25T01:21:00.882Z",
      "url": "/v1/desktop/sessions/e1dcb43bbc23/asides",
      "asideId": "eba38fe4-7c25-470f-8a2d-fe8d88a12e35",
      "continues": null,
      "questionHead": "LONGANSWER: q29 first, a long answer",
      "text": "LONGANSWER: q29 first, a long answer",
      "carriedSubscriptionField": true,
      "subscriptionId": "7d2f7b273d1a42a5a282adb9c7739d05",
      "status": 200,
      "response": "{\"status\":200,\"message\":\"Desktop session result.\",\"result\":{\"data\":{\"aside_id\":\"eba38fe4-7c25-470f-8a2d-fe8d88a12e35\",\"text\":\"The retry budget is a per-provider allowance, and it is spent only by failures that a second attempt could plausibly fix. A dropped connection, a reset stream, a timeout before the first byte and an owner 5xx each spend one unit; a 4xx spends nothing, because the request itself was refused and sending it again would be refused again. The window moves, so an allowance spent an hour ago is back by now, and a burst of failures inside a single minute exhausts it quickly on "
    },
    {
      "at": "2026-09-25T01:21:06.534Z",
      "url": "/v1/desktop/sessions/e1dcb43bbc23/asides",
      "asideId": "71429e92-1a14-4454-955f-c255c675dd7d",
      "continues": "eba38fe4-7c25-470f-8a2d-fe8d88a12e35",
      "questionHead": "LONGANSWER: q29 long follow-up under a long answer",
      "text": "LONGANSWER: q29 long follow-up under a long answer",
      "carriedSubscriptionField": true,
      "subscriptionId": "7d2f7b273d1a42a5a282adb9c7739d05",
      "status": 200,
      "response": "{\"status\":200,\"message\":\"Desktop session result.\",\"result\":{\"data\":{\"aside_id\":\"71429e92-1a14-4454-955f-c255c675dd7d\",\"text\":\"The retry budget is a per-provider allowance, and it is spent only by failures that a second attempt could plausibly fix. A dropped connection, a reset stream, a timeout before the first byte and an owner 5xx each spend one unit; a 4xx spends nothing, because the request itself was refused and sending it again would be refused again. The window moves, so an allowance spent an hour ago is back by now, and a burst of failures inside a single minute exhausts it quickly on "
    },
    {
      "at": "2026-09-25T01:21:12.884Z",
      "url": "/v1/desktop/sessions/e1dcb43bbc23/asides",
      "asideId": "51e5b662-fb13-4ec1-b1e0-ebc3e1905e49",
      "continues": "71429e92-1a14-4454-955f-c255c675dd7d",
      "questionHead": "LONGANSWER: q29c the reader scrolls away mid-stream",
      "text": "LONGANSWER: q29c the reader scrolls away mid-stream",
      "carriedSubscriptionField": true,
      "subscriptionId": "7d2f7b273d1a42a5a282adb9c7739d05",
      "status": 200,
      "response": "{\"status\":200,\"message\":\"Desktop session result.\",\"result\":{\"data\":{\"aside_id\":\"51e5b662-fb13-4ec1-b1e0-ebc3e1905e49\",\"text\":\"The retry budget is a per-provider allowance, and it is spent only by failures that a second attempt could plausibly fix. A dropped connection, a reset stream, a timeout before the first byte and an owner 5xx each spend one unit; a 4xx spends nothing, because the request itself was refused and sending it again would be refused again. The window moves, so an allowance spent an hour ago is back by now, and a burst of failures inside a single minute exhausts it quickly on "
    },
    {
      "at": "2026-09-25T01:21:19.176Z",
      "url": "/v1/desktop/sessions/e1dcb43bbc23/asides",
      "asideId": "d6be8794-4631-46f4-81da-1a7049611fb1",
      "continues": "51e5b662-fb13-4ec1-b1e0-ebc3e1905e49",
      "questionHead": "q29d short follow-up under a long answer",
      "text": "q29d short follow-up under a long answer",
      "carriedSubscriptionField": true,
      "subscriptionId": "7d2f7b273d1a42a5a282adb9c7739d05",
      "status": 200,
      "response": "{\"status\":200,\"message\":\"Desktop session result.\",\"result\":{\"data\":{\"aside_id\":\"d6be8794-4631-46f4-81da-1a7049611fb1\",\"text\":\"Transport failures and owner **5xx** responses, per provider, inside a moving window.\\n\\n- each transport failure spends one\\n- each owner 5xx spends one\\n- a retry that succeeds resets the window\\n\\nA **4xx** never spends it: the request was wrong, not the provider.\",\"off_record\":true},\"replayed\":false}}"
    },
    {
      "at": "2026-09-25T01:21:24.761Z",
      "url": "/v1/desktop/sessions/e1dcb43bbc23/asides",
      "asideId": "504d1dc1-ee3c-462f-97b7-fa4fd08b9b19",
      "continues": null,
      "questionHead": "PARAGRID1: q30 sweep",
      "text": "PARAGRID1: q30 sweep",
      "carriedSubscriptionField": true,
      "subscriptionId": "7d2f7b273d1a42a5a282adb9c7739d05",
      "status": 200,
      "response": "{\"status\":200,\"message\":\"Desktop session result.\",\"result\":{\"data\":{\"aside_id\":\"504d1dc1-ee3c-462f-97b7-fa4fd08b9b19\",\"text\":\"Sentence 1 of this paragraph runs about this long, on purpose.\\n\\nSentence 1 of this paragraph runs about this long, on purpose. Sentence 2 of this paragraph runs about this long, on purpose. Sentence 3 of this paragraph runs about this long, on purpose. Sentence 4 of this paragraph runs about this long, on purpose. Sentence 5 of this paragraph runs about this long, on purpose. Sentence 6 of this paragraph runs about this long, on purpose.\\n\\nSentence 1 of this paragrap"
    },
    {
      "at": "2026-09-25T01:21:28.690Z",
      "url": "/v1/desktop/sessions/e1dcb43bbc23/asides",
      "asideId": "bebe6cd1-884c-4d3d-9b69-f7893ee4f712",
      "continues": null,
      "questionHead": "PARAGRID2: q30 sweep",
      "text": "PARAGRID2: q30 sweep",
      "carriedSubscriptionField": true,
      "subscriptionId": "7d2f7b273d1a42a5a282adb9c7739d05",
      "status": 200,
      "response": "{\"status\":200,\"message\":\"Desktop session result.\",\"result\":{\"data\":{\"aside_id\":\"bebe6cd1-884c-4d3d-9b69-f7893ee4f712\",\"text\":\"Sentence 1 of this paragraph runs about this long, on purpose. Sentence 2 of this paragraph runs about this long, on purpose.\\n\\nSentence 1 of this paragraph runs about this long, on purpose. Sentence 2 of this paragraph runs about this long, on purpose. Sentence 3 of this paragraph runs about this long, on purpose. Sentence 4 of this paragraph runs about this long, on purpose. Sentence 5 of this paragraph runs about this long, on purpose. Sentence 6 of this paragraph r"
    },
    {
      "at": "2026-09-25T01:21:32.982Z",
      "url": "/v1/desktop/sessions/e1dcb43bbc23/asides",
      "asideId": "ab8de57c-9c01-4bd7-aed0-44824e8aa1e7",
      "continues": null,
      "questionHead": "PARAGRID3: q30 sweep",
      "text": "PARAGRID3: q30 sweep",
      "carriedSubscriptionField": true,
      "subscriptionId": "7d2f7b273d1a42a5a282adb9c7739d05",
      "status": 200,
      "response": "{\"status\":200,\"message\":\"Desktop session result.\",\"result\":{\"data\":{\"aside_id\":\"ab8de57c-9c01-4bd7-aed0-44824e8aa1e7\",\"text\":\"Sentence 1 of this paragraph runs about this long, on purpose. Sentence 2 of this paragraph runs about this long, on purpose. Sentence 3 of this paragraph runs about this long, on purpose.\\n\\nSentence 1 of this paragraph runs about this long, on purpose. Sentence 2 of this paragraph runs about this long, on purpose. Sentence 3 of this paragraph runs about this long, on purpose. Sentence 4 of this paragraph runs about this long, on purpose. Sentence 5 of this paragraph r"
    },
    {
      "at": "2026-09-25T01:21:37.257Z",
      "url": "/v1/desktop/sessions/e1dcb43bbc23/asides",
      "asideId": "6884e740-d637-41ee-b6bf-48383555ac06",
      "continues": null,
      "questionHead": "PARAGRID4: q30 sweep",
      "text": "PARAGRID4: q30 sweep",
      "carriedSubscriptionField": true,
      "subscriptionId": "7d2f7b273d1a42a5a282adb9c7739d05",
      "status": 200,
      "response": "{\"status\":200,\"message\":\"Desktop session result.\",\"result\":{\"data\":{\"aside_id\":\"6884e740-d637-41ee-b6bf-48383555ac06\",\"text\":\"Sentence 1 of this paragraph runs about this long, on purpose. Sentence 2 of this paragraph runs about this long, on purpose. Sentence 3 of this paragraph runs about this long, on purpose. Sentence 4 of this paragraph runs about this long, on purpose.\\n\\nSentence 1 of this paragraph runs about this long, on purpose. Sentence 2 of this paragraph runs about this long, on purpose. Sentence 3 of this paragraph runs about this long, on purpose. Sentence 4 of this paragraph r"
    },
    {
      "at": "2026-09-25T01:21:41.771Z",
      "url": "/v1/desktop/sessions/e1dcb43bbc23/asides",
      "asideId": "9862033a-a047-48ee-9646-f7a534655a6b",
      "continues": null,
      "questionHead": "PARAGRID5: q30 sweep",
      "text": "PARAGRID5: q30 sweep",
      "carriedSubscriptionField": true,
      "subscriptionId": "7d2f7b273d1a42a5a282adb9c7739d05",
      "status": 200,
      "response": "{\"status\":200,\"message\":\"Desktop session result.\",\"result\":{\"data\":{\"aside_id\":\"9862033a-a047-48ee-9646-f7a534655a6b\",\"text\":\"Sentence 1 of this paragraph runs about this long, on purpose. Sentence 2 of this paragraph runs about this long, on purpose. Sentence 3 of this paragraph runs about this long, on purpose. Sentence 4 of this paragraph runs about this long, on purpose. Sentence 5 of this paragraph runs about this long, on purpose.\\n\\nSentence 1 of this paragraph runs about this long, on purpose. Sentence 2 of this paragraph runs about this long, on purpose. Sentence 3 of this paragraph r"
    },
    {
      "at": "2026-09-25T01:21:46.119Z",
      "url": "/v1/desktop/sessions/e1dcb43bbc23/asides",
      "asideId": "dda5bb27-eaf5-4b57-afc9-ff2d58a74b59",
      "continues": null,
      "questionHead": "PARAGRID6: q30 sweep",
      "text": "PARAGRID6: q30 sweep",
      "carriedSubscriptionField": true,
      "subscriptionId": "7d2f7b273d1a42a5a282adb9c7739d05",
      "status": 200,
      "response": "{\"status\":200,\"message\":\"Desktop session result.\",\"result\":{\"data\":{\"aside_id\":\"dda5bb27-eaf5-4b57-afc9-ff2d58a74b59\",\"text\":\"Sentence 1 of this paragraph runs about this long, on purpose. Sentence 2 of this paragraph runs about this long, on purpose. Sentence 3 of this paragraph runs about this long, on purpose. Sentence 4 of this paragraph runs about this long, on purpose. Sentence 5 of this paragraph runs about this long, on purpose. Sentence 6 of this paragraph runs about this long, on purpose.\\n\\nSentence 1 of this paragraph runs about this long, on purpose. Sentence 2 of this paragraph r"
    },
    {
      "at": "2026-09-25T01:21:50.663Z",
      "url": "/v1/desktop/sessions/e1dcb43bbc23/asides",
      "asideId": "515799e4-6383-4fe4-965b-5c13c2edd041",
      "continues": null,
      "questionHead": "PARAGRID7: q30 sweep",
      "text": "PARAGRID7: q30 sweep",
      "carriedSubscriptionField": true,
      "subscriptionId": "7d2f7b273d1a42a5a282adb9c7739d05",
      "status": 200,
      "response": "{\"status\":200,\"message\":\"Desktop session result.\",\"result\":{\"data\":{\"aside_id\":\"515799e4-6383-4fe4-965b-5c13c2edd041\",\"text\":\"Sentence 1 of this paragraph runs about this long, on purpose. Sentence 2 of this paragraph runs about this long, on purpose. Sentence 3 of this paragraph runs about this long, on purpose. Sentence 4 of this paragraph runs about this long, on purpose. Sentence 5 of this paragraph runs about this long, on purpose. Sentence 6 of this paragraph runs about this long, on purpose. Sentence 7 of this paragraph runs about this long, on purpose.\\n\\nSentence 1 of this paragraph r"
    },
    {
      "at": "2026-09-25T01:21:55.165Z",
      "url": "/v1/desktop/sessions/e1dcb43bbc23/asides",
      "asideId": "4b826d54-ce77-431b-8166-974d27472be2",
      "continues": null,
      "questionHead": "PARAGRID8: q30 sweep",
      "text": "PARAGRID8: q30 sweep",
      "carriedSubscriptionField": true,
      "subscriptionId": "7d2f7b273d1a42a5a282adb9c7739d05",
      "status": 200,
      "response": "{\"status\":200,\"message\":\"Desktop session result.\",\"result\":{\"data\":{\"aside_id\":\"4b826d54-ce77-431b-8166-974d27472be2\",\"text\":\"Sentence 1 of this paragraph runs about this long, on purpose. Sentence 2 of this paragraph runs about this long, on purpose. Sentence 3 of this paragraph runs about this long, on purpose. Sentence 4 of this paragraph runs about this long, on purpose. Sentence 5 of this paragraph runs about this long, on purpose. Sentence 6 of this paragraph runs about this long, on purpose. Sentence 7 of this paragraph runs about this long, on purpose. Sentence 8 of this paragraph runs"
    },
    {
      "at": "2026-09-25T01:21:59.692Z",
      "url": "/v1/desktop/sessions/e1dcb43bbc23/asides",
      "asideId": "b308d7ef-18fb-44d7-9f6d-872521b6a532",
      "continues": null,
      "questionHead": "PARAGRID9: q30 sweep",
      "text": "PARAGRID9: q30 sweep",
      "carriedSubscriptionField": true,
      "subscriptionId": "7d2f7b273d1a42a5a282adb9c7739d05",
      "status": 200,
      "response": "{\"status\":200,\"message\":\"Desktop session result.\",\"result\":{\"data\":{\"aside_id\":\"b308d7ef-18fb-44d7-9f6d-872521b6a532\",\"text\":\"Sentence 1 of this paragraph runs about this long, on purpose. Sentence 2 of this paragraph runs about this long, on purpose. Sentence 3 of this paragraph runs about this long, on purpose. Sentence 4 of this paragraph runs about this long, on purpose. Sentence 5 of this paragraph runs about this long, on purpose. Sentence 6 of this paragraph runs about this long, on purpose. Sentence 7 of this paragraph runs about this long, on purpose. Sentence 8 of this paragraph runs"
    },
    {
      "at": "2026-09-25T01:22:04.651Z",
      "url": "/v1/desktop/sessions/e1dcb43bbc23/asides",
      "asideId": "2aba466c-debb-4fd7-981f-1b105dd67b1f",
      "continues": null,
      "questionHead": "q30c first, a short answer",
      "text": "q30c first, a short answer",
      "carriedSubscriptionField": true,
      "subscriptionId": "7d2f7b273d1a42a5a282adb9c7739d05",
      "status": 200,
      "response": "{\"status\":200,\"message\":\"Desktop session result.\",\"result\":{\"data\":{\"aside_id\":\"2aba466c-debb-4fd7-981f-1b105dd67b1f\",\"text\":\"Transport failures and owner **5xx** responses, per provider, inside a moving window.\\n\\n- each transport failure spends one\\n- each owner 5xx spends one\\n- a retry that succeeds resets the window\\n\\nA **4xx** never spends it: the request was wrong, not the provider.\",\"off_record\":true},\"replayed\":false}}"
    },
    {
      "at": "2026-09-25T01:22:09.679Z",
      "url": "/v1/desktop/sessions/e1dcb43bbc23/asides",
      "asideId": "77a50c16-8740-4d4f-9024-5a208213c45b",
      "continues": "2aba466c-debb-4fd7-981f-1b105dd67b1f",
      "questionHead": "PARAGRID5: q30c follow-up under D11",
      "text": "PARAGRID5: q30c follow-up under D11",
      "carriedSubscriptionField": true,
      "subscriptionId": "7d2f7b273d1a42a5a282adb9c7739d05",
      "status": 200,
      "response": "{\"status\":200,\"message\":\"Desktop session result.\",\"result\":{\"data\":{\"aside_id\":\"77a50c16-8740-4d4f-9024-5a208213c45b\",\"text\":\"Sentence 1 of this paragraph runs about this long, on purpose. Sentence 2 of this paragraph runs about this long, on purpose. Sentence 3 of this paragraph runs about this long, on purpose. Sentence 4 of this paragraph runs about this long, on purpose. Sentence 5 of this paragraph runs about this long, on purpose.\\n\\nSentence 1 of this paragraph runs about this long, on purpose. Sentence 2 of this paragraph runs about this long, on purpose. Sentence 3 of this paragraph r"
    },
    {
      "at": "2026-09-25T01:22:14.220Z",
      "url": "/v1/desktop/sessions/e1dcb43bbc23/asides",
      "asideId": "01a8992e-f47b-4625-89b0-150bbde71238",
      "continues": null,
      "questionHead": "q31 first, answer streams",
      "text": "q31 first, answer streams",
      "carriedSubscriptionField": true,
      "subscriptionId": "7d2f7b273d1a42a5a282adb9c7739d05",
      "status": 200,
      "response": "{\"status\":200,\"message\":\"Desktop session result.\",\"result\":{\"data\":{\"aside_id\":\"01a8992e-f47b-4625-89b0-150bbde71238\",\"text\":\"Transport failures and owner **5xx** responses, per provider, inside a moving window.\\n\\n- each transport failure spends one\\n- each owner 5xx spends one\\n- a retry that succeeds resets the window\\n\\nA **4xx** never spends it: the request was wrong, not the provider.\",\"off_record\":true},\"replayed\":false}}"
    },
    {
      "at": "2026-09-25T01:22:20.107Z",
      "url": "/v1/desktop/sessions/e1dcb43bbc23/asides",
      "asideId": "2f3c6b86-35f5-4f62-a5e7-b7948d1c33cf",
      "continues": null,
      "questionHead": "TOOLCALL2: q31c refused after Esc",
      "text": "TOOLCALL2: q31c refused after Esc",
      "carriedSubscriptionField": true,
      "subscriptionId": "7d2f7b273d1a42a5a282adb9c7739d05",
      "status": 409,
      "response": "{\"detail\":{\"code\":\"aside_unanswered\",\"message\":\"The model did not answer your aside in text — either a tool call, which is not available off the record, or nothing at all. No answer was produced: ask again.\"}}"
    },
    {
      "at": "2026-09-25T01:22:26.397Z",
      "url": "/v1/desktop/sessions/e1dcb43bbc23/asides",
      "asideId": "343952a1-eada-4804-8579-56ba739d2250",
      "continues": null,
      "questionHead": "<reply-to>Transport failures and owner</reply-to>\nq31d asked",
      "text": "<reply-to>Transport failures and owner</reply-to>\nq31d asked with a quote staged",
      "carriedSubscriptionField": true,
      "subscriptionId": "7d2f7b273d1a42a5a282adb9c7739d05",
      "status": 200,
      "response": "{\"status\":200,\"message\":\"Desktop session result.\",\"result\":{\"data\":{\"aside_id\":\"343952a1-eada-4804-8579-56ba739d2250\",\"text\":\"Transport failures and owner **5xx** responses, per provider, inside a moving window.\\n\\n- each transport failure spends one\\n- each owner 5xx spends one\\n- a retry that succeeds resets the window\\n\\nA **4xx** never spends it: the request was wrong, not the provider.\",\"off_record\":true},\"replayed\":false}}"
    }
  ],
  "streams": [
    {
      "url": "/v1/desktop/events",
      "openedAt": "2026-09-25T01:19:17.919Z",
      "subscriptionId": "57bce7536b373c4c",
      "asideDeltas": 0,
      "deltaSizes": []
    },
    {
      "url": "/v1/desktop/sessions/e1dcb43bbc23/events?frontend_replace=1",
      "openedAt": "2026-09-25T01:19:21.919Z",
      "subscriptionId": "0edf3376bf94494994fd0d92ffe84346",
      "asideDeltas": 32,
      "deltaSizes": [
        29,
        33,
        25,
        36,
        28,
        43,
        27,
        40,
        29,
        33,
        25,
        36,
        28,
        43,
        27,
        40,
        29,
        33,
        25,
        36,
        28,
        43,
        27,
        40,
        29,
        33,
        25,
        36,
        28,
        43,
        27,
        40
      ]
    },
    {
      "url": "/v1/desktop/sessions/e1dcb43bbc23/events?frontend_replace=1",
      "openedAt": "2026-09-25T01:20:22.870Z",
      "subscriptionId": "7d2f7b273d1a42a5a282adb9c7739d05",
      "asideDeltas": 148,
      "deltaSizes": [
        29,
        33,
        25,
        36,
        28,
        43,
        27,
        40,
        29,
        33,
        25,
        36,
        28,
        43,
        27,
        40,
        29,
        33,
        25,
        36,
        28,
        43,
        27,
        40,
        29,
        33,
        25,
        36,
        28,
        43,
        27,
        40,
        300,
        300,
        300,
        300,
        300,
        300,
        300,
        300,
        300,
        287,
        300,
        300,
        300,
        300,
        300,
        300,
        300,
        300,
        300,
        287,
        300,
        300,
        300,
        300,
        300,
        300,
        300,
        300,
        300,
        287,
        29,
        33,
        25,
        36,
        28,
        43,
        27,
        40,
        220,
        220,
        220,
        170,
        220,
        220,
        220,
        220,
        13,
        220,
        220,
        220,
        220,
        76,
        220,
        220,
        220,
        220,
        139,
        220,
        220,
        220,
        220,
        202,
        220,
        220,
        220,
        220,
        220,
        45,
        220,
        220,
        220,
        220,
        220,
        108,
        220,
        220,
        220,
        220,
        220,
        171,
        220,
        220,
        220,
        220,
        220,
        220,
        14,
        29,
        33,
        25,
        36,
        28,
        43,
        27,
        40,
        220,
        220,
        220,
        220,
        202,
        29,
        33,
        25,
        36,
        28,
        43,
        27,
        40,
        29,
        33,
        25,
        36,
        28,
        43,
        27,
        40
      ]
    }
  ],
  "asideDeltaFrames": 180,
  "deltasBySubscription": {
    "0edf3376bf94494994fd0d92ffe84346": 32,
    "7d2f7b273d1a42a5a282adb9c7739d05": 148
  },
  "deltasByAside": {
    "1f5a920b-cccc-44e3-b2e2-d4ff3724bfe1": 8,
    "a65b3f17-c06d-40b5-8d52-1048ae9a9024": 8,
    "2b98e478-936c-4f84-bdb0-6aaf340d07c6": 8,
    "470a7f21-d4a7-43a5-a668-d93977bbd192": 8,
    "8fd06764-248d-48f0-b940-f0c96df53e90": 8,
    "718f8947-5b27-48e3-a781-f38187c9ac3e": 8,
    "77cb21ca-7ad8-43ac-9942-5e9a66761a90": 8,
    "790cf501-f61f-42b6-ba5b-dad3c605ebb3": 8,
    "eba38fe4-7c25-470f-8a2d-fe8d88a12e35": 10,
    "71429e92-1a14-4454-955f-c255c675dd7d": 10,
    "51e5b662-fb13-4ec1-b1e0-ebc3e1905e49": 10,
    "d6be8794-4631-46f4-81da-1a7049611fb1": 8,
    "504d1dc1-ee3c-462f-97b7-fa4fd08b9b19": 4,
    "bebe6cd1-884c-4d3d-9b69-f7893ee4f712": 5,
    "ab8de57c-9c01-4bd7-aed0-44824e8aa1e7": 5,
    "6884e740-d637-41ee-b6bf-48383555ac06": 5,
    "9862033a-a047-48ee-9646-f7a534655a6b": 5,
    "dda5bb27-eaf5-4b57-afc9-ff2d58a74b59": 6,
    "515799e4-6383-4fe4-965b-5c13c2edd041": 6,
    "4b826d54-ce77-431b-8166-974d27472be2": 6,
    "b308d7ef-18fb-44d7-9f6d-872521b6a532": 7,
    "2aba466c-debb-4fd7-981f-1b105dd67b1f": 8,
    "77a50c16-8740-4d4f-9024-5a208213c45b": 5,
    "01a8992e-f47b-4625-89b0-150bbde71238": 8,
    "343952a1-eada-4804-8579-56ba739d2250": 8
  },
  "refused422": 0,
  "messagePosts": [
    {
      "at": "2026-09-25T01:19:28.177Z",
      "url": "/v1/desktop/sessions/e1dcb43bbc23/messages",
      "kind": "message",
      "text": "seed turn for the round-4 scene",
      "images": 0,
      "held": 0,
      "status": 200,
      "response": "{\"status\":200,\"message\":\"Desktop session result.\",\"result\":{\"status\":\"admitted\",\"duplicate\":false,\"detail\":\"prompt admitted\",\"command_id\":\"b9b4bd17-abf5-46a4-9bb8-11c4b36f390a\",\"replayed\":false}}",
      "forwardedAt": "2026-09-25T01:19:28.177Z"
    }
  ],
  "asideOps": [
    {
      "at": "2026-09-25T01:19:40.901Z",
      "method": "DELETE",
      "url": "/v1/desktop/sessions/e1dcb43bbc23/asides/9348b808-74ac-4f87-9d33-f6c32c16c39e",
      "kind": "close",
      "probe": false,
      "status": 404,
      "response": "{\"detail\":\"This aside is no longer available\"}"
    },
    {
      "at": "2026-09-25T01:19:43.841Z",
      "method": "DELETE",
      "url": "/v1/desktop/sessions/e1dcb43bbc23/asides/945d3196-611b-4570-ad61-76f488ec970d",
      "kind": "close",
      "probe": false,
      "status": 404,
      "response": "{\"detail\":\"This aside is no longer available\"}"
    },
    {
      "at": "2026-09-25T01:20:08.814Z",
      "method": "DELETE",
      "url": "/v1/desktop/sessions/e1dcb43bbc23/asides/a65b3f17-c06d-40b5-8d52-1048ae9a9024",
      "kind": "close",
      "probe": false,
      "status": 200,
      "response": "{\"status\":200,\"message\":\"Desktop session result.\",\"result\":{\"data\":{\"aside_id\":\"a65b3f17-c06d-40b5-8d52-1048ae9a9024\",\"status\":\"closed\"},\"replayed\":false}}"
    },
    {
      "at": "2026-09-25T01:20:15.115Z",
      "method": "DELETE",
      "url": "/v1/desktop/sessions/e1dcb43bbc23/asides/2b98e478-936c-4f84-bdb0-6aaf340d07c6",
      "kind": "close",
      "probe": true,
      "status": 200,
      "response": "{\"status\":200,\"message\":\"Desktop session result.\",\"result\":{\"data\":{\"aside_id\":\"2b98e478-936c-4f84-bdb0-6aaf340d07c6\",\"status\":\"closed\"},\"replayed\":false}}"
    },
    {
      "at": "2026-09-25T01:20:16.480Z",
      "method": "DELETE",
      "url": "/v1/desktop/sessions/e1dcb43bbc23/asides/2b98e478-936c-4f84-bdb0-6aaf340d07c6",
      "kind": "close",
      "probe": false,
      "status": 404,
      "response": "{\"detail\":\"This aside is no longer available\"}"
    },
    {
      "at": "2026-09-25T01:20:22.798Z",
      "method": "POST",
      "url": "/v1/desktop/sessions/e1dcb43bbc23/asides/470a7f21-d4a7-43a5-a668-d93977bbd192/adopt",
      "kind": "adopt",
      "probe": false,
      "status": 200,
      "response": "{\"status\":200,\"message\":\"Desktop session result.\",\"result\":{\"data\":{\"aside_id\":\"470a7f21-d4a7-43a5-a668-d93977bbd192\",\"status\":\"adopted\"},\"replayed\":false}}"
    },
    {
      "at": "2026-09-25T01:20:46.182Z",
      "method": "DELETE",
      "url": "/v1/desktop/sessions/e1dcb43bbc23/asides/718f8947-5b27-48e3-a781-f38187c9ac3e",
      "kind": "close",
      "probe": false,
      "status": 200,
      "response": "{\"status\":200,\"message\":\"Desktop session result.\",\"result\":{\"data\":{\"aside_id\":\"718f8947-5b27-48e3-a781-f38187c9ac3e\",\"status\":\"closed\"},\"replayed\":false}}"
    },
    {
      "at": "2026-09-25T01:20:53.555Z",
      "method": "DELETE",
      "url": "/v1/desktop/sessions/e1dcb43bbc23/asides/77cb21ca-7ad8-43ac-9942-5e9a66761a90",
      "kind": "close",
      "probe": false,
      "status": 200,
      "response": "{\"status\":200,\"message\":\"Desktop session result.\",\"result\":{\"data\":{\"aside_id\":\"77cb21ca-7ad8-43ac-9942-5e9a66761a90\",\"status\":\"closed\"},\"replayed\":false}}"
    },
    {
      "at": "2026-09-25T01:21:00.123Z",
      "method": "DELETE",
      "url": "/v1/desktop/sessions/e1dcb43bbc23/asides/790cf501-f61f-42b6-ba5b-dad3c605ebb3",
      "kind": "close",
      "probe": false,
      "status": 200,
      "response": "{\"status\":200,\"message\":\"Desktop session result.\",\"result\":{\"data\":{\"aside_id\":\"790cf501-f61f-42b6-ba5b-dad3c605ebb3\",\"status\":\"closed\"},\"replayed\":false}}"
    },
    {
      "at": "2026-09-25T01:21:24.533Z",
      "method": "DELETE",
      "url": "/v1/desktop/sessions/e1dcb43bbc23/asides/d6be8794-4631-46f4-81da-1a7049611fb1",
      "kind": "close",
      "probe": false,
      "status": 200,
      "response": "{\"status\":200,\"message\":\"Desktop session result.\",\"result\":{\"data\":{\"aside_id\":\"d6be8794-4631-46f4-81da-1a7049611fb1\",\"status\":\"closed\"},\"replayed\":false}}"
    },
    {
      "at": "2026-09-25T01:21:28.456Z",
      "method": "DELETE",
      "url": "/v1/desktop/sessions/e1dcb43bbc23/asides/504d1dc1-ee3c-462f-97b7-fa4fd08b9b19",
      "kind": "close",
      "probe": false,
      "status": 200,
      "response": "{\"status\":200,\"message\":\"Desktop session result.\",\"result\":{\"data\":{\"aside_id\":\"504d1dc1-ee3c-462f-97b7-fa4fd08b9b19\",\"status\":\"closed\"},\"replayed\":false}}"
    },
    {
      "at": "2026-09-25T01:21:32.763Z",
      "method": "DELETE",
      "url": "/v1/desktop/sessions/e1dcb43bbc23/asides/bebe6cd1-884c-4d3d-9b69-f7893ee4f712",
      "kind": "close",
      "probe": false,
      "status": 200,
      "response": "{\"status\":200,\"message\":\"Desktop session result.\",\"result\":{\"data\":{\"aside_id\":\"bebe6cd1-884c-4d3d-9b69-f7893ee4f712\",\"status\":\"closed\"},\"replayed\":false}}"
    },
    {
      "at": "2026-09-25T01:21:37.034Z",
      "method": "DELETE",
      "url": "/v1/desktop/sessions/e1dcb43bbc23/asides/ab8de57c-9c01-4bd7-aed0-44824e8aa1e7",
      "kind": "close",
      "probe": false,
      "status": 200,
      "response": "{\"status\":200,\"message\":\"Desktop session result.\",\"result\":{\"data\":{\"aside_id\":\"ab8de57c-9c01-4bd7-aed0-44824e8aa1e7\",\"status\":\"closed\"},\"replayed\":false}}"
    },
    {
      "at": "2026-09-25T01:21:41.540Z",
      "method": "DELETE",
      "url": "/v1/desktop/sessions/e1dcb43bbc23/asides/6884e740-d637-41ee-b6bf-48383555ac06",
      "kind": "close",
      "probe": false,
      "status": 200,
      "response": "{\"status\":200,\"message\":\"Desktop session result.\",\"result\":{\"data\":{\"aside_id\":\"6884e740-d637-41ee-b6bf-48383555ac06\",\"status\":\"closed\"},\"replayed\":false}}"
    },
    {
      "at": "2026-09-25T01:21:45.901Z",
      "method": "DELETE",
      "url": "/v1/desktop/sessions/e1dcb43bbc23/asides/9862033a-a047-48ee-9646-f7a534655a6b",
      "kind": "close",
      "probe": false,
      "status": 200,
      "response": "{\"status\":200,\"message\":\"Desktop session result.\",\"result\":{\"data\":{\"aside_id\":\"9862033a-a047-48ee-9646-f7a534655a6b\",\"status\":\"closed\"},\"replayed\":false}}"
    },
    {
      "at": "2026-09-25T01:21:50.446Z",
      "method": "DELETE",
      "url": "/v1/desktop/sessions/e1dcb43bbc23/asides/dda5bb27-eaf5-4b57-afc9-ff2d58a74b59",
      "kind": "close",
      "probe": false,
      "status": 200,
      "response": "{\"status\":200,\"message\":\"Desktop session result.\",\"result\":{\"data\":{\"aside_id\":\"dda5bb27-eaf5-4b57-afc9-ff2d58a74b59\",\"status\":\"closed\"},\"replayed\":false}}"
    },
    {
      "at": "2026-09-25T01:21:54.944Z",
      "method": "DELETE",
      "url": "/v1/desktop/sessions/e1dcb43bbc23/asides/515799e4-6383-4fe4-965b-5c13c2edd041",
      "kind": "close",
      "probe": false,
      "status": 200,
      "response": "{\"status\":200,\"message\":\"Desktop session result.\",\"result\":{\"data\":{\"aside_id\":\"515799e4-6383-4fe4-965b-5c13c2edd041\",\"status\":\"closed\"},\"replayed\":false}}"
    },
    {
      "at": "2026-09-25T01:21:59.476Z",
      "method": "DELETE",
      "url": "/v1/desktop/sessions/e1dcb43bbc23/asides/4b826d54-ce77-431b-8166-974d27472be2",
      "kind": "close",
      "probe": false,
      "status": 200,
      "response": "{\"status\":200,\"message\":\"Desktop session result.\",\"result\":{\"data\":{\"aside_id\":\"4b826d54-ce77-431b-8166-974d27472be2\",\"status\":\"closed\"},\"replayed\":false}}"
    },
    {
      "at": "2026-09-25T01:22:04.430Z",
      "method": "DELETE",
      "url": "/v1/desktop/sessions/e1dcb43bbc23/asides/b308d7ef-18fb-44d7-9f6d-872521b6a532",
      "kind": "close",
      "probe": false,
      "status": 200,
      "response": "{\"status\":200,\"message\":\"Desktop session result.\",\"result\":{\"data\":{\"aside_id\":\"b308d7ef-18fb-44d7-9f6d-872521b6a532\",\"status\":\"closed\"},\"replayed\":false}}"
    },
    {
      "at": "2026-09-25T01:22:13.985Z",
      "method": "DELETE",
      "url": "/v1/desktop/sessions/e1dcb43bbc23/asides/77a50c16-8740-4d4f-9024-5a208213c45b",
      "kind": "close",
      "probe": false,
      "status": 200,
      "response": "{\"status\":200,\"message\":\"Desktop session result.\",\"result\":{\"data\":{\"aside_id\":\"77a50c16-8740-4d4f-9024-5a208213c45b\",\"status\":\"closed\"},\"replayed\":false}}"
    },
    {
      "at": "2026-09-25T01:22:19.631Z",
      "method": "DELETE",
      "url": "/v1/desktop/sessions/e1dcb43bbc23/asides/01a8992e-f47b-4625-89b0-150bbde71238",
      "kind": "close",
      "probe": false,
      "status": 200,
      "response": "{\"status\":200,\"message\":\"Desktop session result.\",\"result\":{\"data\":{\"aside_id\":\"01a8992e-f47b-4625-89b0-150bbde71238\",\"status\":\"closed\"},\"replayed\":false}}"
    },
    {
      "at": "2026-09-25T01:22:20.415Z",
      "method": "DELETE",
      "url": "/v1/desktop/sessions/e1dcb43bbc23/asides/2f3c6b86-35f5-4f62-a5e7-b7948d1c33cf",
      "kind": "close",
      "probe": false,
      "status": 409,
      "response": "{\"detail\":\"Wait for the aside to finish before closing it\"}"
    },
    {
      "at": "2026-09-25T01:22:32.178Z",
      "method": "DELETE",
      "url": "/v1/desktop/sessions/e1dcb43bbc23/asides/343952a1-eada-4804-8579-56ba739d2250",
      "kind": "close",
      "probe": false,
      "status": 200,
      "response": "{\"status\":200,\"message\":\"Desktop session result.\",\"result\":{\"data\":{\"aside_id\":\"343952a1-eada-4804-8579-56ba739d2250\",\"status\":\"closed\"},\"replayed\":false}}"
    }
  ]
}
--- end counters ---
