[build] current: assets 2026-09-27T21:51:15.453Z >= sources 2026-09-27T21:46:05.066Z
[note] abandoned scratch trees
        9 seen, 1 owned by a live pid (kept), 8 younger than 30m (kept), 0 removed
[note] csp for this run's backend
        already widened for http://127.0.0.1:18471
  serve records 1 linked from /Users/damian/.local-operator/sessions/90b5e8a75d0c/scratchpad/design588/config/run/serve   (the app admits a daemon only while a record describes one, and a record is a heartbeat)
local-operator-ui renderer driver
  repo          /Users/damian/local-operator-ui/.worktrees/design588-90b5e8a7
  scratch       /var/folders/qd/1q2xkcls0tg60vh97jjngxc40000gn/T/lo-renderer-driver-63126
  frames        /Users/damian/.local-operator/sessions/90b5e8a75d0c/scratchpad/design588/frames/light-1024x768
  app cwd       /var/folders/qd/1q2xkcls0tg60vh97jjngxc40000gn/T/lo-renderer-driver-63126/cwd   (scratch: the repo's .env is not read)
  backend url   http://127.0.0.1:18471   (--backend: a live isolated backend this run owns)
  electron      44.3.0   (/Users/damian/local-operator-ui/node_modules/.pnpm/electron@44.3.0/node_modules/electron/dist/Electron.app/Contents/MacOS/Electron)
  electron pin  44.3.0   (package.json optionalDependencies)
[PASS] the harness is driving the Electron this branch pins
[PASS] the scratch backend port is dead
[note] the app's default backend port (127.0.0.1:1111)
        a listener is up: this run's main process points elsewhere, and the check below proves the app holds no connection to the URL the RENDERER was built with
[note] verbs registered by the renderer
        ["hello","measure","navigate","openCanvasDocument","press","queries","queryFetches","setSidebarWidth","setTheme","state"]
[PASS] the armed launch said so on stdout
[PASS] the app's logs went to this run's scratch tree, not the operator's
[note] renderer's api base URL at hello, against --backend
        {"apiBaseUrl":"http://127.0.0.1:18471","backend":"http://127.0.0.1:18471"}
[PASS] the app holds a connection to this run's backend (http://127.0.0.1:18471)
[PASS] the app holds NO connection to the operator's own backend (http://localhost:1111)
[note] profile seeded
        onboarding-storage marks the modal complete, so the app is an existing user rather than a first-run one
[PASS] the app is in the palette this run photographs (localOperatorLight)
[PASS] the app is on /chat
[PASS] route-tops-chat-light draws the light palette its name claims
        DOM localOperatorLight #f2ede3; mean luma 237.8 vs 237.3 own / 32.1 other
[note] the top of /chat
        {"platform":"mac","mode":"integrated","viewport":{"width":1024,"height":768},"lane":{"top":0,"left":0,"width":1024,"height":32},"laneDisplay":"block","laneBandStop":260,"laneBandGround":"rgb(247, 245, 238)","band":null,"bandDisplay":null,"sidebar":{"top":32,"left":0,"width":260,"height":736},"route":{"top":32,"left":260,"width":764,"height":736},"routeTag":"div","leadingColumn":null,"registeredColumn":null,"surfaceGround":"rgb(247, 245, 238)","settingsRail":null,"settingsContent":null}
[PASS] the app is on /settings
[PASS] route-tops-settings-light draws the light palette its name claims
        DOM localOperatorLight #f2ede3; mean luma 234.3 vs 237.3 own / 32.1 other
[note] the top of /settings
        {"platform":"mac","mode":"integrated","viewport":{"width":1024,"height":768},"lane":{"top":0,"left":0,"width":1024,"height":32},"laneDisplay":"block","laneBandStop":308,"laneBandGround":"rgb(247, 245, 238)","band":{"top":0,"left":0,"width":0,"height":0},"bandDisplay":"none","sidebar":{"top":32,"left":0,"width":260,"height":736},"route":{"top":32,"left":260,"width":764,"height":736},"routeTag":"div","leadingColumn":{"top":32,"left":260,"width":47,"height":736},"registeredColumn":{"top":32,"left":260,"width":48,"height":736},"surfaceGround":"rgb(247, 245, 238)","settingsRail":{"top":32,"left":260,"width":47,"height":736},"settingsContent":{"top":32,"left":308,"width":716,"height":736}}
[PASS] the app is on /settings?section=integrations
[PASS] route-tops-settings-integrations-light draws the light palette its name claims
        DOM localOperatorLight #f2ede3; mean luma 233.5 vs 237.3 own / 32.1 other
[note] the top of /settings?section=integrations
        {"platform":"mac","mode":"integrated","viewport":{"width":1024,"height":768},"lane":{"top":0,"left":0,"width":1024,"height":32},"laneDisplay":"block","laneBandStop":308,"laneBandGround":"rgb(247, 245, 238)","band":{"top":0,"left":0,"width":0,"height":0},"bandDisplay":"none","sidebar":{"top":32,"left":0,"width":260,"height":736},"route":{"top":32,"left":260,"width":764,"height":736},"routeTag":"div","leadingColumn":{"top":32,"left":260,"width":47,"height":736},"registeredColumn":{"top":32,"left":260,"width":48,"height":736},"surfaceGround":"rgb(247, 245, 238)","settingsRail":{"top":32,"left":260,"width":47,"height":736},"settingsContent":{"top":32,"left":308,"width":716,"height":736}}
[PASS] the app is on /agents
[PASS] route-tops-agents-light draws the light palette its name claims
        DOM localOperatorLight #f2ede3; mean luma 237.6 vs 237.3 own / 32.1 other
[note] the top of /agents
        {"platform":"mac","mode":"integrated","viewport":{"width":1024,"height":768},"lane":{"top":0,"left":0,"width":1024,"height":32},"laneDisplay":"block","laneBandStop":516,"laneBandGround":"rgb(247, 245, 238)","band":{"top":0,"left":0,"width":0,"height":0},"bandDisplay":"none","sidebar":{"top":32,"left":0,"width":260,"height":736},"route":{"top":32,"left":260,"width":764,"height":736},"routeTag":"div","leadingColumn":{"top":32,"left":260,"width":256,"height":736},"registeredColumn":{"top":32,"left":260,"width":256,"height":736},"surfaceGround":"rgb(247, 245, 238)","settingsRail":null,"settingsContent":null}
[PASS] the app is on /agents/local-operator
[PASS] route-tops-agents-detail-light draws the light palette its name claims
        DOM localOperatorLight #f2ede3; mean luma 237.4 vs 237.3 own / 32.1 other
[note] the top of /agents/local-operator
        {"platform":"mac","mode":"integrated","viewport":{"width":1024,"height":768},"lane":{"top":0,"left":0,"width":1024,"height":32},"laneDisplay":"block","laneBandStop":540,"laneBandGround":"rgb(247, 245, 238)","band":{"top":0,"left":0,"width":0,"height":0},"bandDisplay":"none","sidebar":{"top":32,"left":0,"width":260,"height":736},"route":{"top":32,"left":260,"width":764,"height":736},"routeTag":"div","leadingColumn":{"top":32,"left":260,"width":280,"height":736},"registeredColumn":{"top":32,"left":260,"width":280,"height":736},"surfaceGround":"rgb(247, 245, 238)","settingsRail":null,"settingsContent":null}
[PASS] the app is on /agent-hub
[PASS] route-tops-agent-hub-light draws the light palette its name claims
        DOM localOperatorLight #f2ede3; mean luma 236.8 vs 237.3 own / 32.1 other
[note] the top of /agent-hub
        {"platform":"mac","mode":"integrated","viewport":{"width":1024,"height":768},"lane":{"top":0,"left":0,"width":1024,"height":32},"laneDisplay":"block","laneBandStop":260,"laneBandGround":"rgb(247, 245, 238)","band":{"top":0,"left":0,"width":0,"height":0},"bandDisplay":"none","sidebar":{"top":32,"left":0,"width":260,"height":736},"route":{"top":32,"left":260,"width":764,"height":736},"routeTag":"div","leadingColumn":null,"registeredColumn":null,"surfaceGround":"rgb(247, 245, 238)","settingsRail":null,"settingsContent":null}
[PASS] the app is on /schedules
[PASS] route-tops-schedules-light draws the light palette its name claims
        DOM localOperatorLight #f2ede3; mean luma 238.4 vs 237.3 own / 32.1 other
[note] the top of /schedules
        {"platform":"mac","mode":"integrated","viewport":{"width":1024,"height":768},"lane":{"top":0,"left":0,"width":1024,"height":32},"laneDisplay":"block","laneBandStop":260,"laneBandGround":"rgb(247, 245, 238)","band":{"top":0,"left":0,"width":0,"height":0},"bandDisplay":"none","sidebar":{"top":32,"left":0,"width":260,"height":736},"route":{"top":32,"left":260,"width":764,"height":736},"routeTag":"div","leadingColumn":null,"registeredColumn":null,"surfaceGround":"rgb(247, 245, 238)","settingsRail":null,"settingsContent":null}
[PASS] /chat: the route's own first box starts on the lane's bottom edge (32px)
        route y 32, sidebar y 32, settings rail y (none), settings content y (none)
[PASS] /settings: the route's own first box starts on the lane's bottom edge (32px)
        route y 32, sidebar y 32, settings rail y 32, settings content y 32
[PASS] /settings?section=integrations: the route's own first box starts on the lane's bottom edge (32px)
        route y 32, sidebar y 32, settings rail y 32, settings content y 32
[PASS] /agents: the route's own first box starts on the lane's bottom edge (32px)
        route y 32, sidebar y 32, settings rail y (none), settings content y (none)
[PASS] /agents/local-operator: the route's own first box starts on the lane's bottom edge (32px)
        route y 32, sidebar y 32, settings rail y (none), settings content y (none)
[PASS] /agent-hub: the route's own first box starts on the lane's bottom edge (32px)
        route y 32, sidebar y 32, settings rail y (none), settings content y (none)
[PASS] /schedules: the route's own first box starts on the lane's bottom edge (32px)
        route y 32, sidebar y 32, settings rail y (none), settings content y (none)
[PASS] /chat: with no leading column the band stops at the app sidebar's own edge (260px)
[PASS] /settings: the route's leading column is handed to the shell
[PASS] /settings: the lane's band reaches the leading column's right edge (307px)
[PASS] /settings: the band is painted in the surface role the column stands on
[PASS] /settings?section=integrations: the route's leading column is handed to the shell
[PASS] /settings?section=integrations: the lane's band reaches the leading column's right edge (307px)
[PASS] /settings?section=integrations: the band is painted in the surface role the column stands on
[PASS] /agents: the route's leading column is handed to the shell
[PASS] /agents: the lane's band reaches the leading column's right edge (516px)
[PASS] /agents: the band is painted in the surface role the column stands on
[PASS] /agents/local-operator: the route's leading column is handed to the shell
[PASS] /agents/local-operator: the lane's band reaches the leading column's right edge (540px)
[PASS] /agents/local-operator: the band is painted in the surface role the column stands on
[PASS] /agent-hub: with no leading column the band stops at the app sidebar's own edge (260px)
[PASS] /schedules: with no leading column the band stops at the app sidebar's own edge (260px)
[PASS] /chat: the app sidebar still starts on the lane's bottom edge (32px)
[PASS] /settings: the app sidebar still starts on the lane's bottom edge (32px)
[PASS] /settings?section=integrations: the app sidebar still starts on the lane's bottom edge (32px)
[PASS] /agents: the app sidebar still starts on the lane's bottom edge (32px)
[PASS] /agents/local-operator: the app sidebar still starts on the lane's bottom edge (32px)
[PASS] /agent-hub: the app sidebar still starts on the lane's bottom edge (32px)
[PASS] /schedules: the app sidebar still starts on the lane's bottom edge (32px)
[PASS] every capture is a frame the app held still for, with no toast on it
[PASS] every capture wrote a PNG of the window's own size
[PASS] no process from this run outlived its boot

frames: route-tops-agent-hub-light.png, route-tops-agents-detail-light.png, route-tops-agents-light.png, route-tops-chat-light.png, route-tops-schedules-light.png, route-tops-settings-integrations-light.png, route-tops-settings-light.png
frames directory: /Users/damian/.local-operator/sessions/90b5e8a75d0c/scratchpad/design588/frames/light-1024x768
app log: /var/folders/qd/1q2xkcls0tg60vh97jjngxc40000gn/T/lo-renderer-driver-63126/app-scene.log
scratch kept: /var/folders/qd/1q2xkcls0tg60vh97jjngxc40000gn/T/lo-renderer-driver-63126 (the frames are also in --out)

ALL CHECKS PASSED
