port8080.lock taken
rig up: proxy 35695 on 8080 -> daemon 33884 on 59625, stub 59534; 1111 untouched
== capq-base (btw-r6-capq) at 04:11:11 ==
[build] current: assets 2026-09-25T03:26:13.628Z >= sources 2026-09-25T03:18:53.552Z
[note] csp for this run's backend
        already widened for http://127.0.0.1:8080
  serve records 1 linked from /Users/damian/.local-operator/sessions/5c89960fc1b8/scratchpad/rig6/run-capq-base/records   (the app admits a daemon only while a record describes one, and a record is a heartbeat)
local-operator-ui renderer driver
  repo          /Users/damian/local-operator-ui-worktrees/qa482r6-base
  scratch       /Users/damian/.local-operator/sessions/5c89960fc1b8/scratchpad/rig6/tmp/lo-renderer-driver-36027
  frames        /Users/damian/.local-operator/sessions/5c89960fc1b8/scratchpad/rig6/frames/capq-base
  app cwd       /Users/damian/.local-operator/sessions/5c89960fc1b8/scratchpad/rig6/tmp/lo-renderer-driver-36027/cwd   (scratch: the repo's .env is not read)
  backend url   http://127.0.0.1:8080   (--backend: a live isolated backend this run owns)
  electron      44.3.0   (/Users/damian/local-operator-ui-worktrees/qa482r6-base/node_modules/.pnpm/electron@44.3.0/node_modules/electron/dist/Electron.app/Contents/MacOS/Electron)
  electron pin  44.3.0   (package.json optionalDependencies)
[PASS] the harness is driving the Electron this branch pins
[PASS] the scratch backend port is dead
[note] the app's default backend port (127.0.0.1:1111)
        a listener is up: this run's main process points elsewhere, and the check below proves the app holds no connection to the URL the RENDERER was built with
[note] verbs registered by the renderer
        ["hello","measure","navigate","openCanvasDocument","press","queries","queryFetches","setSidebarWidth","setTheme","state"]
[PASS] the armed launch said so on stdout
[PASS] the app's logs went to this run's scratch tree, not the operator's
[note] renderer's api base URL at hello, against --backend
        {"apiBaseUrl":"http://127.0.0.1:8080","backend":"http://127.0.0.1:8080"}
[PASS] the app holds a connection to this run's backend (http://127.0.0.1:8080)
[PASS] the app holds NO connection to the operator's own backend (http://localhost:1111)
[note] profile seeded
        onboarding-storage marks the modal complete, so the app is an existing user rather than a first-run one
[PASS] window mode is headless and the window is never shown
        mode=headless visible=false focused=false
[PASS] the composer is on screen before anything is typed
[note] the session's owner
        warm (snapshot.cold = false)
[note] R6 capq session
        80902de68b55
[note] CAPQ after the base settled
        {"inlineCap":"calc(var(--text-body-sm) * 1.6 * 10 + 19.5px + 0.25rem)","computedCap":"231.5px","clientHeight":232,"scrollHeight":281,"maxScroll":49,"scrollTop":0,"turnOffset":0,"questionBox":19.5,"questionText":"Question: q35 first question, answered","state":"other"}
[note] CAPQ across the refusal
        [{"at":22,"inlineCap":"calc(var(--text-body-sm) * 1.6 * 10 + 39px + 0.25rem)","computedCap":"251px","clientHeight":251,"scrollHeight":356,"maxScroll":105,"scrollTop":104.5,"turnOffset":293.06,"questionBox":39,"questionText":"Question: TOOLCALL2: q35 follow-up refus","state":"thinking"},{"at":84,"inlineCap":"calc(var(--text-body-sm) * 1.6 * 10 + 39px + 0.25rem)","computedCap":"251px","clientHeight":251,"scrollHeight":356,"maxScroll":105,"scrollTop":104.5,"turnOffset":293.06,"questionBox":39,"questionText":"Question: TOOLCALL2: q35 follow-up refus","state":"thinking"},{"at":151,"inlineCap":"calc(var(--text-body-sm) * 1.6 * 10 + 39px + 0.25rem)","computedCap":"251px","clientHeight":251,"scrollHeight":356,"maxScroll":105,"scrollTop":104.5,"turnOffset":293.06,"questionBox":39,"questionText":"Question: TOOLCALL2: q35 follow-up refus","state":"thinking"},{"at":217,"inlineCap":"calc(var(--text-body-sm) * 1.6 * 10 + 39px + 0.25rem)","computedCap":"251px","clientHeight":251,"scrollHeight":356,"maxScroll":105,"scrollTop":104.5,"turnOffset":293.06,"questionBox":39,"questionText":"Question: TOOLCALL2: q35 follow-up refus","state":"thinking"},{"at":317,"inlineCap":"calc(var(--text-body-sm) * 1.6 * 10 + 39px + 0.25rem)","computedCap":"251px","clientHeight":251,"scrollHeight":356,"maxScroll":105,"scrollTop":104.5,"turnOffset":293.06,"questionBox":39,"questionText":"Question: TOOLCALL2: q35 follow-up refus","state":"thinking"},{"at":391,"inlineCap":"calc(var(--text-body-sm) * 1.6 * 10 + 39px + 0.25rem)","computedCap":"251px","clientHeight":251,"scrollHeight":356,"maxScroll":105,"scrollTop":104.5,"turnOffset":293.06,"questionBox":39,"questionText":"Question: TOOLCALL2: q35 follow-up refus","state":"thinking"},{"at":454,"inlineCap":"calc(var(--text-body-sm) * 1.6 * 10 + 39px + 0.25rem)","computedCap":"251px","clientHeight":251,"scrollHeight":356,"maxScroll":105,"scrollTop":104.5,"turnOffset":293.06,"questionBox":39,"questionText":"Question: TOOLCALL2: q35 follow-up refus","state":"thinking"},{"at":519,"inlineCap":"calc(var(--text-body-sm) * 1.6 * 10 + 39px + 0.25rem)","computedCap":"251px","clientHeight":251,"scrollHeight":356,"maxScroll":105,"scrollTop":104.5,"turnOffset":293.06,"questionBox":39,"questionText":"Question: TOOLCALL2: q35 follow-up refus","state":"thinking"},{"at":582,"inlineCap":"calc(var(--text-body-sm) * 1.6 * 10 + 39px + 0.25rem)","computedCap":"251px","clientHeight":251,"scrollHeight":356,"maxScroll":105,"scrollTop":104.5,"turnOffset":293.06,"questionBox":39,"questionText":"Question: TOOLCALL2: q35 follow-up refus","state":"thinking"},{"at":644,"inlineCap":"calc(var(--text-body-sm) * 1.6 * 10 + 39px + 0.25rem)","computedCap":"251px","clientHeight":251,"scrollHeight":356,"maxScroll":105,"scrollTop":104.5,"turnOffset":293.06,"questionBox":39,"questionText":"Question: TOOLCALL2: q35 follow-up refus","state":"thinking"},{"at":710,"inlineCap":"calc(var(--text-body-sm) * 1.6 * 10 + 39px + 0.25rem)","computedCap":"251px","clientHeight":251,"scrollHeight":356,"maxScroll":105,"scrollTop":104.5,"turnOffset":293.06,"questionBox":39,"questionText":"Question: TOOLCALL2: q35 follow-up refus","state":"thinking"},{"at":783,"inlineCap":"calc(var(--text-body-sm) * 1.6 * 10 + 39px + 0.25rem)","computedCap":"251px","clientHeight":251,"scrollHeight":356,"maxScroll":105,"scrollTop":104.5,"turnOffset":293.06,"questionBox":39,"questionText":"Question: TOOLCALL2: q35 follow-up refus","state":"thinking"},{"at":884,"inlineCap":"calc(var(--text-body-sm) * 1.6 * 10 + 39px + 0.25rem)","computedCap":"251px","clientHeight":251,"scrollHeight":356,"maxScroll":105,"scrollTop":104.5,"turnOffset":293.06,"questionBox":39,"questionText":"Question: TOOLCALL2: q35 follow-up refus","state":"thinking"},{"at":946,"inlineCap":"calc(var(--text-body-sm) * 1.6 * 10 + 39px + 0.25rem)","computedCap":"251px","clientHeight":251,"scrollHeight":356,"maxScroll":105,"scrollTop":104.5,"turnOffset":293.06,"questionBox":39,"questionText":"Question: TOOLCALL2: q35 follow-up refus","state":"thinking"},{"at":1019,"inlineCap":"calc(var(--text-body-sm) * 1.6 * 10 + 39px + 0.25rem)","computedCap":"251px","clientHeight":251,"scrollHeight":356,"maxScroll":105,"scrollTop":104.5,"turnOffset":293.06,"questionBox":39,"questionText":"Question: TOOLCALL2: q35 follow-up refus","state":"thinking"},{"at":1082,"inlineCap":"calc(var(--text-body-sm) * 1.6 * 10 + 39px + 0.25rem)","computedCap":"251px","clientHeight":251,"scrollHeight":356,"maxScroll":105,"scrollTop":104.5,"turnOffset":293.06,"questionBox":39,"questionText":"Question: TOOLCALL2: q35 follow-up refus","state":"thinking"},{"at":1224,"inlineCap":"calc(var(--text-body-sm) * 1.6 * 10 + 39px + 0.25rem)","computedCap":"251px","clientHeight":251,"scrollHeight":356,"maxScroll":105,"scrollTop":104.5,"turnOffset":293.06,"questionBox":39,"questionText":"Question: TOOLCALL2: q35 follow-up refus","state":"thinking"},{"at":1289,"inlineCap":"calc(var(--text-body-sm) * 1.6 * 10 + 39px + 0.25rem)","computedCap":"251px","clientHeight":251,"scrollHeight":356,"maxScroll":105,"scrollTop":104.5,"turnOffset":293.06,"questionBox":39,"questionText":"Question: TOOLCALL2: q35 follow-up refus","state":"thinking"},{"at":1380,"inlineCap":"calc(var(--text-body-sm) * 1.6 * 10 + 39px + 0.25rem)","computedCap":"251px","clientHeight":251,"scrollHeight":356,"maxScroll":105,"scrollTop":104.5,"turnOffset":293.06,"questionBox":39,"questionText":"Question: TOOLCALL2: q35 follow-up refus","state":"thinking"},{"at":1444,"inlineCap":"calc(var(--text-body-sm) * 1.6 * 10 + 39px + 0.25rem)","computedCap":"251px","clientHeight":251,"scrollHeight":356,"maxScroll":105,"scrollTop":104.5,"turnOffset":293.06,"questionBox":39,"questionText":"Question: TOOLCALL2: q35 follow-up refus","state":"thinking"},{"at":1508,"inlineCap":"calc(var(--text-body-sm) * 1.6 * 10 + 39px + 0.25rem)","computedCap":"251px","clientHeight":251,"scrollHeight":356,"maxScroll":105,"scrollTop":104.5,"turnOffset":293.06,"questionBox":39,"questionText":"Question: TOOLCALL2: q35 follow-up refus","state":"thinking"},{"at":1571,"inlineCap":"calc(var(--text-body-sm) * 1.6 * 10 + 39px + 0.25rem)","computedCap":"251px","clientHeight":251,"scrollHeight":356,"maxScroll":105,"scrollTop":104.5,"turnOffset":293.06,"questionBox":39,"questionText":"Question: TOOLCALL2: q35 follow-up refus","state":"thinking"},{"at":1637,"inlineCap":"calc(var(--text-body-sm) * 1.6 * 10 + 39px + 0.25rem)","computedCap":"251px","clientHeight":251,"scrollHeight":356,"maxScroll":105,"scrollTop":104.5,"turnOffset":293.06,"questionBox":39,"questionText":"Question: TOOLCALL2: q35 follow-up refus","state":"thinking"},{"at":1701,"inlineCap":"calc(var(--text-body-sm) * 1.6 * 10 + 39px + 0.25rem)","computedCap":"251px","clientHeight":251,"scrollHeight":356,"maxScroll":105,"scrollTop":104.5,"turnOffset":293.06,"questionBox":39,"questionText":"Question: TOOLCALL2: q35 follow-up refus","state":"thinking"},{"at":1765,"inlineCap":"calc(var(--text-body-sm) * 1.6 * 10 + 39px + 0.25rem)","computedCap":"251px","clientHeight":251,"scrollHeight":356,"maxScroll":105,"scrollTop":104.5,"turnOffset":293.06,"questionBox":39,"questionText":"Question: TOOLCALL2: q35 follow-up refus","state":"thinking"},{"at":1845,"inlineCap":"calc(var(--text-body-sm) * 1.6 * 10 + 39px + 0.25rem)","computedCap":"251px","clientHeight":251,"scrollHeight":356,"maxScroll":105,"scrollTop":104.5,"turnOffset":293.06,"questionBox":39,"questionText":"Question: TOOLCALL2: q35 follow-up refus","state":"thinking"},{"at":1909,"inlineCap":"calc(var(--text-body-sm) * 1.6 * 10 + 39px + 0.25rem)","computedCap":"251px","clientHeight":251,"scrollHeight":356,"maxScroll":105,"scrollTop":104.5,"turnOffset":293.06,"questionBox":39,"questionText":"Question: TOOLCALL2: q35 follow-up refus","state":"thinking"},{"at":1977,"inlineCap":"calc(var(--text-body-sm) * 1.6 * 10 + 39px + 0.25rem)","computedCap":"251px","clientHeight":251,"scrollHeight":356,"maxScroll":105,"scrollTop":104.5,"turnOffset":293.06,"questionBox":39,"questionText":"Question: TOOLCALL2: q35 follow-up refus","state":"thinking"},{"at":2040,"inlineCap":"calc(var(--text-body-sm) * 1.6 * 10 + 39px + 0.25rem)","computedCap":"251px","clientHeight":251,"scrollHeight":356,"maxScroll":105,"scrollTop":104.5,"turnOffset":293.06,"questionBox":39,"questionText":"Question: TOOLCALL2: q35 follow-up refus","state":"thinking"},{"at":2105,"inlineCap":"calc(var(--text-body-sm) * 1.6 * 10 + 39px + 0.25rem)","computedCap":"251px","clientHeight":251,"scrollHeight":356,"maxScroll":105,"scrollTop":104.5,"turnOffset":293.06,"questionBox":39,"questionText":"Question: TOOLCALL2: q35 follow-up refus","state":"thinking"},{"at":2171,"inlineCap":"calc(var(--text-body-sm) * 1.6 * 10 + 39px + 0.25rem)","computedCap":"251px","clientHeight":251,"scrollHeight":356,"maxScroll":105,"scrollTop":104.5,"turnOffset":293.06,"questionBox":39,"questionText":"Question: TOOLCALL2: q35 follow-up refus","state":"thinking"},{"at":2233,"inlineCap":"calc(var(--text-body-sm) * 1.6 * 10 + 39px + 0.25rem)","computedCap":"251px","clientHeight":251,"scrollHeight":356,"maxScroll":105,"scrollTop":104.5,"turnOffset":293.06,"questionBox":39,"questionText":"Question: TOOLCALL2: q35 follow-up refus","state":"thinking"},{"at":2296,"inlineCap":"calc(var(--text-body-sm) * 1.6 * 10 + 39px + 0.25rem)","computedCap":"251px","clientHeight":251,"scrollHeight":356,"maxScroll":105,"scrollTop":104.5,"turnOffset":293.06,"questionBox":39,"questionText":"Question: TOOLCALL2: q35 follow-up refus","state":"thinking"},{"at":2364,"inlineCap":"calc(var(--text-body-sm) * 1.6 * 10 + 39px + 0.25rem)","computedCap":"251px","clientHeight":251,"scrollHeight":356,"maxScroll":105,"scrollTop":104.5,"turnOffset":293.06,"questionBox":39,"questionText":"Question: TOOLCALL2: q35 follow-up refus","state":"thinking"},{"at":2432,"inlineCap":"calc(var(--text-body-sm) * 1.6 * 10 + 39px + 0.25rem)","computedCap":"251px","clientHeight":251,"scrollHeight":356,"maxScroll":105,"scrollTop":104.5,"turnOffset":293.06,"questionBox":39,"questionText":"Question: TOOLCALL2: q35 follow-up refus","state":"thinking"},{"at":2496,"inlineCap":"calc(var(--text-body-sm) * 1.6 * 10 + 39px + 0.25rem)","computedCap":"251px","clientHeight":251,"scrollHeight":356,"maxScroll":105,"scrollTop":104.5,"turnOffset":293.06,"questionBox":39,"questionText":"Question: TOOLCALL2: q35 follow-up refus","state":"thinking"},{"at":2561,"inlineCap":"calc(var(--text-body-sm) * 1.6 * 10 + 39px + 0.25rem)","computedCap":"251px","clientHeight":251,"scrollHeight":356,"maxScroll":105,"scrollTop":104.5,"turnOffset":293.06,"questionBox":39,"questionText":"Question: TOOLCALL2: q35 follow-up refus","state":"thinking"},{"at":2623,"inlineCap":"calc(var(--text-body-sm) * 1.6 * 10 + 39px + 0.25rem)","computedCap":"251px","clientHeight":251,"scrollHeight":356,"maxScroll":105,"scrollTop":104.5,"turnOffset":293.06,"questionBox":39,"questionText":"Question: TOOLCALL2: q35 follow-up refus","state":"thinking"},{"at":2688,"inlineCap":"calc(var(--text-body-sm) * 1.6 * 10 + 39px + 0.25rem)","computedCap":"251px","clientHeight":251,"scrollHeight":356,"maxScroll":105,"scrollTop":104.5,"turnOffset":293.06,"questionBox":39,"questionText":"Question: TOOLCALL2: q35 follow-up refus","state":"thinking"},{"at":2754,"inlineCap":"calc(var(--text-body-sm) * 1.6 * 10 + 39px + 0.25rem)","computedCap":"251px","clientHeight":251,"scrollHeight":356,"maxScroll":105,"scrollTop":104.5,"turnOffset":293.06,"questionBox":39,"questionText":"Question: TOOLCALL2: q35 follow-up refus","state":"thinking"},{"at":2816,"inlineCap":"calc(var(--text-body-sm) * 1.6 * 10 + 39px + 0.25rem)","computedCap":"251px","clientHeight":251,"scrollHeight":356,"maxScroll":105,"scrollTop":104.5,"turnOffset":293.06,"questionBox":39,"questionText":"Question: TOOLCALL2: q35 follow-up refus","state":"thinking"},{"at":2883,"inlineCap":"calc(var(--text-body-sm) * 1.6 * 10 + 39px + 0.25rem)","computedCap":"251px","clientHeight":251,"scrollHeight":356,"maxScroll":105,"scrollTop":104.5,"turnOffset":293.06,"questionBox":39,"questionText":"Question: TOOLCALL2: q35 follow-up refus","state":"thinking"},{"at":2946,"inlineCap":"calc(var(--text-body-sm) * 1.6 * 10 + 39px + 0.25rem)","computedCap":"251px","clientHeight":251,"scrollHeight":356,"maxScroll":105,"scrollTop":104.5,"turnOffset":293.06,"questionBox":39,"questionText":"Question: TOOLCALL2: q35 follow-up refus","state":"thinking"},{"at":3008,"inlineCap":"calc(var(--text-body-sm) * 1.6 * 10 + 39px + 0.25rem)","computedCap":"251px","clientHeight":251,"scrollHeight":356,"maxScroll":105,"scrollTop":104.5,"turnOffset":293.06,"questionBox":39,"questionText":"Question: TOOLCALL2: q35 follow-up refus","state":"thinking"},{"at":3083,"inlineCap":"calc(var(--text-body-sm) * 1.6 * 10 + 39px + 0.25rem)","computedCap":"251px","clientHeight":251,"scrollHeight":356,"maxScroll":105,"scrollTop":104.5,"turnOffset":293.06,"questionBox":39,"questionText":"Question: TOOLCALL2: q35 follow-up refus","state":"thinking"},{"at":3144,"inlineCap":"calc(var(--text-body-sm) * 1.6 * 10 + 39px + 0.25rem)","computedCap":"251px","clientHeight":251,"scrollHeight":356,"maxScroll":105,"scrollTop":104.5,"turnOffset":293.06,"questionBox":39,"questionText":"Question: TOOLCALL2: q35 follow-up refus","state":"thinking"},{"at":3211,"inlineCap":"calc(var(--text-body-sm) * 1.6 * 10 + 39px + 0.25rem)","computedCap":"251px","clientHeight":251,"scrollHeight":356,"maxScroll":105,"scrollTop":104.5,"turnOffset":293.06,"questionBox":39,"questionText":"Question: TOOLCALL2: q35 follow-up refus","state":"thinking"},{"at":3318,"inlineCap":"calc(var(--text-body-sm) * 1.6 * 10 + 39px + 0.25rem)","computedCap":"251px","clientHeight":251,"scrollHeight":356,"maxScroll":105,"scrollTop":104.5,"turnOffset":293.06,"questionBox":39,"questionText":"Question: TOOLCALL2: q35 follow-up refus","state":"thinking"},{"at":3420,"inlineCap":"calc(var(--text-body-sm) * 1.6 * 10 + 39px + 0.25rem)","computedCap":"251px","clientHeight":251,"scrollHeight":356,"maxScroll":105,"scrollTop":104.5,"turnOffset":293.06,"questionBox":39,"questionText":"Question: TOOLCALL2: q35 follow-up refus","state":"thinking"},{"at":3496,"inlineCap":"calc(var(--text-body-sm) * 1.6 * 10 + 39px + 0.25rem)","computedCap":"251px","clientHeight":251,"scrollHeight":356,"maxScroll":105,"scrollTop":104.5,"turnOffset":293.06,"questionBox":39,"questionText":"Question: TOOLCALL2: q35 follow-up refus","state":"thinking"},{"at":3561,"inlineCap":"calc(var(--text-body-sm) * 1.6 * 10 + 39px + 0.25rem)","computedCap":"251px","clientHeight":251,"scrollHeight":356,"maxScroll":105,"scrollTop":104.5,"turnOffset":293.06,"questionBox":39,"questionText":"Question: TOOLCALL2: q35 follow-up refus","state":"thinking"},{"at":3661,"inlineCap":"calc(var(--text-body-sm) * 1.6 * 10 + 39px + 0.25rem)","computedCap":"251px","clientHeight":251,"scrollHeight":356,"maxScroll":105,"scrollTop":104.5,"turnOffset":293.06,"questionBox":39,"questionText":"Question: TOOLCALL2: q35 follow-up refus","state":"thinking"},{"at":3739,"inlineCap":"calc(var(--text-body-sm) * 1.6 * 10 + 39px + 0.25rem)","computedCap":"251px","clientHeight":251,"scrollHeight":356,"maxScroll":105,"scrollTop":104.5,"turnOffset":293.06,"questionBox":39,"questionText":"Question: TOOLCALL2: q35 follow-up refus","state":"thinking"},{"at":3804,"inlineCap":"calc(var(--text-body-sm) * 1.6 * 10 + 39px + 0.25rem)","computedCap":"251px","clientHeight":251,"scrollHeight":356,"maxScroll":105,"scrollTop":104.5,"turnOffset":293.06,"questionBox":39,"questionText":"Question: TOOLCALL2: q35 follow-up refus","state":"thinking"},{"at":3871,"inlineCap":"calc(var(--text-body-sm) * 1.6 * 10 + 39px + 0.25rem)","computedCap":"251px","clientHeight":251,"scrollHeight":356,"maxScroll":105,"scrollTop":104.5,"turnOffset":293.06,"questionBox":39,"questionText":"Question: TOOLCALL2: q35 follow-up refus","state":"thinking"},{"at":3934,"inlineCap":"calc(var(--text-body-sm) * 1.6 * 10 + 39px + 0.25rem)","computedCap":"251px","clientHeight":251,"scrollHeight":356,"maxScroll":105,"scrollTop":104.5,"turnOffset":293.06,"questionBox":39,"questionText":"Question: TOOLCALL2: q35 follow-up refus","state":"thinking"},{"at":4004,"inlineCap":"calc(var(--text-body-sm) * 1.6 * 10 + 39px + 0.25rem)","computedCap":"251px","clientHeight":251,"scrollHeight":356,"maxScroll":105,"scrollTop":104.5,"turnOffset":293.06,"questionBox":39,"questionText":"Question: TOOLCALL2: q35 follow-up refus","state":"thinking"},{"at":4070,"inlineCap":"calc(var(--text-body-sm) * 1.6 * 10 + 39px + 0.25rem)","computedCap":"251px","clientHeight":251,"scrollHeight":356,"maxScroll":105,"scrollTop":104.5,"turnOffset":293.06,"questionBox":39,"questionText":"Question: TOOLCALL2: q35 follow-up refus","state":"thinking"},{"at":4134,"inlineCap":"calc(var(--text-body-sm) * 1.6 * 10 + 39px + 0.25rem)","computedCap":"251px","clientHeight":251,"scrollHeight":356,"maxScroll":105,"scrollTop":104.5,"turnOffset":293.06,"questionBox":39,"questionText":"Question: TOOLCALL2: q35 follow-up refus","state":"thinking"},{"at":4202,"inlineCap":"calc(var(--text-body-sm) * 1.6 * 10 + 39px + 0.25rem)","computedCap":"251px","clientHeight":251,"scrollHeight":356,"maxScroll":105,"scrollTop":104.5,"turnOffset":293.06,"questionBox":39,"questionText":"Question: TOOLCALL2: q35 follow-up refus","state":"thinking"},{"at":4272,"inlineCap":"calc(var(--text-body-sm) * 1.6 * 10 + 39px + 0.25rem)","computedCap":"251px","clientHeight":251,"scrollHeight":356,"maxScroll":105,"scrollTop":104.5,"turnOffset":293.06,"questionBox":39,"questionText":"Question: TOOLCALL2: q35 follow-up refus","state":"thinking"},{"at":4335,"inlineCap":"calc(var(--text-body-sm) * 1.6 * 10 + 39px + 0.25rem)","computedCap":"251px","clientHeight":251,"scrollHeight":356,"maxScroll":105,"scrollTop":104.5,"turnOffset":293.06,"questionBox":39,"questionText":"Question: TOOLCALL2: q35 follow-up refus","state":"thinking"},{"at":4397,"inlineCap":"calc(var(--text-body-sm) * 1.6 * 10 + 39px + 0.25rem)","computedCap":"251px","clientHeight":251,"scrollHeight":356,"maxScroll":105,"scrollTop":104.5,"turnOffset":293.06,"questionBox":39,"questionText":"Question: TOOLCALL2: q35 follow-up refus","state":"thinking"},{"at":4460,"inlineCap":"calc(var(--text-body-sm) * 1.6 * 10 + 39px + 0.25rem)","computedCap":"251px","clientHeight":251,"scrollHeight":356,"maxScroll":105,"scrollTop":104.5,"turnOffset":293.06,"questionBox":39,"questionText":"Question: TOOLCALL2: q35 follow-up refus","state":"thinking"},{"at":4522,"inlineCap":"calc(var(--text-body-sm) * 1.6 * 10 + 39px + 0.25rem)","computedCap":"251px","clientHeight":251,"scrollHeight":356,"maxScroll":105,"scrollTop":104.5,"turnOffset":293.06,"questionBox":39,"questionText":"Question: TOOLCALL2: q35 follow-up refus","state":"thinking"},{"at":4583,"inlineCap":"calc(var(--text-body-sm) * 1.6 * 10 + 39px + 0.25rem)","computedCap":"251px","clientHeight":251,"scrollHeight":356,"maxScroll":105,"scrollTop":104.5,"turnOffset":293.06,"questionBox":39,"questionText":"Question: TOOLCALL2: q35 follow-up refus","state":"thinking"},{"at":4650,"inlineCap":"calc(var(--text-body-sm) * 1.6 * 10 + 39px + 0.25rem)","computedCap":"251px","clientHeight":251,"scrollHeight":356,"maxScroll":105,"scrollTop":104.5,"turnOffset":293.06,"questionBox":39,"questionText":"Question: TOOLCALL2: q35 follow-up refus","state":"thinking"},{"at":4713,"inlineCap":"calc(var(--text-body-sm) * 1.6 * 10 + 39px + 0.25rem)","computedCap":"251px","clientHeight":251,"scrollHeight":356,"maxScroll":105,"scrollTop":104.5,"turnOffset":293.06,"questionBox":39,"questionText":"Question: TOOLCALL2: q35 follow-up refus","state":"thinking"},{"at":4776,"inlineCap":"calc(var(--text-body-sm) * 1.6 * 10 + 39px + 0.25rem)","computedCap":"251px","clientHeight":251,"scrollHeight":356,"maxScroll":105,"scrollTop":104.5,"turnOffset":293.06,"questionBox":39,"questionText":"Question: TOOLCALL2: q35 follow-up refus","state":"thinking"},{"at":4839,"inlineCap":"calc(var(--text-body-sm) * 1.6 * 10 + 39px + 0.25rem)","computedCap":"251px","clientHeight":251,"scrollHeight":356,"maxScroll":105,"scrollTop":104.5,"turnOffset":293.06,"questionBox":39,"questionText":"Question: TOOLCALL2: q35 follow-up refus","state":"thinking"},{"at":4904,"inlineCap":"calc(var(--text-body-sm) * 1.6 * 10 + 39px + 0.25rem)","computedCap":"251px","clientHeight":251,"scrollHeight":356,"maxScroll":105,"scrollTop":104.5,"turnOffset":293.06,"questionBox":39,"questionText":"Question: TOOLCALL2: q35 follow-up refus","state":"thinking"},{"at":4973,"inlineCap":"calc(var(--text-body-sm) * 1.6 * 10 + 39px + 0.25rem)","computedCap":"251px","clientHeight":251,"scrollHeight":356,"maxScroll":105,"scrollTop":104.5,"turnOffset":293.06,"questionBox":39,"questionText":"Question: TOOLCALL2: q35 follow-up refus","state":"thinking"},{"at":5036,"inlineCap":"calc(var(--text-body-sm) * 1.6 * 10 + 39px + 0.25rem)","computedCap":"251px","clientHeight":251,"scrollHeight":356,"maxScroll":105,"scrollTop":104.5,"turnOffset":293.06,"questionBox":39,"questionText":"Question: TOOLCALL2: q35 follow-up refus","state":"thinking"},{"at":5152,"inlineCap":"calc(var(--text-body-sm) * 1.6 * 10 + 39px + 0.25rem)","computedCap":"251px","clientHeight":251,"scrollHeight":356,"maxScroll":105,"scrollTop":104.5,"turnOffset":293.06,"questionBox":39,"questionText":"Question: TOOLCALL2: q35 follow-up refus","state":"thinking"},{"at":5268,"inlineCap":"calc(var(--text-body-sm) * 1.6 * 10 + 39px + 0.25rem)","computedCap":"251px","clientHeight":251,"scrollHeight":356,"maxScroll":105,"scrollTop":104.5,"turnOffset":293.06,"questionBox":39,"questionText":"Question: TOOLCALL2: q35 follow-up refus","state":"thinking"},{"at":5343,"inlineCap":"calc(var(--text-body-sm) * 1.6 * 10 + 39px + 0.25rem)","computedCap":"251px","clientHeight":251,"scrollHeight":356,"maxScroll":105,"scrollTop":104.5,"turnOffset":293.06,"questionBox":39,"questionText":"Question: TOOLCALL2: q35 follow-up refus","state":"thinking"},{"at":5407,"inlineCap":"calc(var(--text-body-sm) * 1.6 * 10 + 39px + 0.25rem)","computedCap":"251px","clientHeight":251,"scrollHeight":356,"maxScroll":105,"scrollTop":104.5,"turnOffset":293.06,"questionBox":39,"questionText":"Question: TOOLCALL2: q35 follow-up refus","state":"thinking"},{"at":5506,"inlineCap":"calc(var(--text-body-sm) * 1.6 * 10 + 39px + 0.25rem)","computedCap":"251px","clientHeight":251,"scrollHeight":356,"maxScroll":105,"scrollTop":104.5,"turnOffset":293.06,"questionBox":39,"questionText":"Question: TOOLCALL2: q35 follow-up refus","state":"thinking"},{"at":5569,"inlineCap":"calc(var(--text-body-sm) * 1.6 * 10 + 39px + 0.25rem)","computedCap":"251px","clientHeight":251,"scrollHeight":356,"maxScroll":105,"scrollTop":104.5,"turnOffset":293.06,"questionBox":39,"questionText":"Question: TOOLCALL2: q35 follow-up refus","state":"thinking"},{"at":5648,"inlineCap":"calc(var(--text-body-sm) * 1.6 * 10 + 39px + 0.25rem)","computedCap":"251px","clientHeight":251,"scrollHeight":356,"maxScroll":105,"scrollTop":104.5,"turnOffset":293.06,"questionBox":39,"questionText":"Question: TOOLCALL2: q35 follow-up refus","state":"thinking"},{"at":5711,"inlineCap":"calc(var(--text-body-sm) * 1.6 * 10 + 39px + 0.25rem)","computedCap":"251px","clientHeight":251,"scrollHeight":356,"maxScroll":105,"scrollTop":104.5,"turnOffset":293.06,"questionBox":39,"questionText":"Question: TOOLCALL2: q35 follow-up refus","state":"thinking"},{"at":5816,"inlineCap":"calc(var(--text-body-sm) * 1.6 * 10 + 39px + 0.25rem)","computedCap":"251px","clientHeight":251,"scrollHeight":356,"maxScroll":105,"scrollTop":104.5,"turnOffset":293.06,"questionBox":39,"questionText":"Question: TOOLCALL2: q35 follow-up refus","state":"thinking"},{"at":5904,"inlineCap":"calc(var(--text-body-sm) * 1.6 * 10 + 39px + 0.25rem)","computedCap":"251px","clientHeight":251,"scrollHeight":356,"maxScroll":105,"scrollTop":104.5,"turnOffset":293.06,"questionBox":39,"questionText":"Question: TOOLCALL2: q35 follow-up refus","state":"thinking"},{"at":5992,"inlineCap":"calc(var(--text-body-sm) * 1.6 * 10 + 39px + 0.25rem)","computedCap":"251px","clientHeight":251,"scrollHeight":356,"maxScroll":105,"scrollTop":104.5,"turnOffset":293.06,"questionBox":39,"questionText":"Question: TOOLCALL2: q35 follow-up refus","state":"thinking"},{"at":6068,"inlineCap":"calc(var(--text-body-sm) * 1.6 * 10 + 39px + 0.25rem)","computedCap":"251px","clientHeight":251,"scrollHeight":356,"maxScroll":105,"scrollTop":104.5,"turnOffset":293.06,"questionBox":39,"questionText":"Question: TOOLCALL2: q35 follow-up refus","state":"thinking"},{"at":6137,"inlineCap":"calc(var(--text-body-sm) * 1.6 * 10 + 39px + 0.25rem)","computedCap":"251px","clientHeight":251,"scrollHeight":473,"maxScroll":222,"scrollTop":104.5,"turnOffset":293.06,"questionBox":39,"questionText":"Question: TOOLCALL2: q35 follow-up refus","state":"alert"}]
[note] CAPQ at rest
        {"inlineCap":"calc(var(--text-body-sm) * 1.6 * 10 + 39px + 0.25rem)","computedCap":"251px","clientHeight":251,"scrollHeight":473,"maxScroll":222,"scrollTop":104.5,"turnOffset":293.06,"questionBox":39,"questionText":"Question: TOOLCALL2: q35 follow-up refus","state":"alert"}
[note] CAPQ every frame [ms, scrollTop, scrollHeight, clientHeight, inline maxHeight] (first 6, the peak, the 6 after)
        {"first":[[18487,104.5,356,251,"calc(var(--text-body-sm) * 1.6 * 10 + 39px + 0.25rem)"],[18488,104.5,356,251,"calc(var(--text-body-sm) * 1.6 * 10 + 39px + 0.25rem)"],[18496,104.5,356,251,"calc(var(--text-body-sm) * 1.6 * 10 + 39px + 0.25rem)"],[18504,104.5,356,251,"calc(var(--text-body-sm) * 1.6 * 10 + 39px + 0.25rem)"],[18513,104.5,356,251,"calc(var(--text-body-sm) * 1.6 * 10 + 39px + 0.25rem)"],[18521,104.5,356,251,"calc(var(--text-body-sm) * 1.6 * 10 + 39px + 0.25rem)"]],"peak":104.5,"atPeak":[18487,104.5,356,251,"calc(var(--text-body-sm) * 1.6 * 10 + 39px + 0.25rem)"],"after":[[18488,104.5,356,251,"calc(var(--text-body-sm) * 1.6 * 10 + 39px + 0.25rem)"],[18496,104.5,356,251,"calc(var(--text-body-sm) * 1.6 * 10 + 39px + 0.25rem)"],[18504,104.5,356,251,"calc(var(--text-body-sm) * 1.6 * 10 + 39px + 0.25rem)"],[18513,104.5,356,251,"calc(var(--text-body-sm) * 1.6 * 10 + 39px + 0.25rem)"],[18521,104.5,356,251,"calc(var(--text-body-sm) * 1.6 * 10 + 39px + 0.25rem)"],[18529,104.5,356,251,"calc(var(--text-body-sm) * 1.6 * 10 + 39px + 0.25rem)"]],"last":[[25871,104.5,473,251,"calc(var(--text-body-sm) * 1.6 * 10 + 39px + 0.25rem)"],[25879,104.5,473,251,"calc(var(--text-body-sm) * 1.6 * 10 + 39px + 0.25rem)"],[25888,104.5,473,251,"calc(var(--text-body-sm) * 1.6 * 10 + 39px + 0.25rem)"]],"frameCount":891}
[note] CAPQ the move effect's own runs and the measurement passes
        {"moves":[],"measures":[]}
[note] CAPQ the same reading with the region's own box
        {"inline":"calc(var(--text-body-sm) * 1.6 * 10 + 39px + 0.25rem)","scrollbarGutter":"stable","clientWidth":226,"offsetWidth":234,"clientHeight":251,"pad":"0px"}
[PASS] no process from this run outlived its boot

frames: (none)
frames directory: /Users/damian/.local-operator/sessions/5c89960fc1b8/scratchpad/rig6/frames/capq-base
app log: /Users/damian/.local-operator/sessions/5c89960fc1b8/scratchpad/rig6/tmp/lo-renderer-driver-36027/app-scene.log
scratch removed (--clean)

ALL CHECKS PASSED
== capq-base driver exit: 0 ==
total 0
drwxr-xr-x@ 2 damian  staff   64 Sep 25 00:10 .
drwxr-xr-x@ 8 damian  staff  256 Sep 25 00:10 ..
8080 released before this command returned
port8080.lock released
--- proxy counters (/Users/damian/.local-operator/sessions/5c89960fc1b8/scratchpad/rig6/run-capq-base/proxy-stats.json) ---
{
  "oldDaemon": false,
  "asidePosts": [
    {
      "at": "2026-09-25T04:11:31.901Z",
      "url": "/v1/desktop/sessions/80902de68b55/asides",
      "asideId": "e7bc8aba-cddd-4aa4-9fe5-51390c6deaec",
      "continues": null,
      "questionHead": "q35 first question, answered",
      "text": "q35 first question, answered",
      "carriedSubscriptionField": true,
      "subscriptionId": "55a9503c293b4aaf9444926f579fefa2",
      "status": 200,
      "response": "{\"status\":200,\"message\":\"Desktop session result.\",\"result\":{\"data\":{\"aside_id\":\"e7bc8aba-cddd-4aa4-9fe5-51390c6deaec\",\"text\":\"Transport failures and owner **5xx** responses, per provider, inside a moving window.\\n\\n- each transport failure spends one\\n- each owner 5xx spends one\\n- a retry that succeeds resets the window\\n\\nA **4xx** never spends it: the request was wrong, not the provider.\",\"off_record\":true},\"replayed\":false}}"
    },
    {
      "at": "2026-09-25T04:11:38.119Z",
      "url": "/v1/desktop/sessions/80902de68b55/asides",
      "asideId": "fbd8e519-dfe7-400d-aa0e-c76c98bdef81",
      "continues": "e7bc8aba-cddd-4aa4-9fe5-51390c6deaec",
      "questionHead": "TOOLCALL2: q35 follow-up refused by the model",
      "text": "TOOLCALL2: q35 follow-up refused by the model",
      "carriedSubscriptionField": true,
      "subscriptionId": "55a9503c293b4aaf9444926f579fefa2",
      "status": 409,
      "response": "{\"detail\":{\"code\":\"aside_unanswered\",\"message\":\"The model did not answer your aside in text — either a tool call, which is not available off the record, or nothing at all. No answer was produced: ask again.\"}}"
    }
  ],
  "streams": [
    {
      "url": "/v1/desktop/events",
      "openedAt": "2026-09-25T04:11:17.178Z",
      "subscriptionId": "f2e4e75105d0cde3",
      "asideDeltas": 0,
      "deltaSizes": []
    },
    {
      "url": "/v1/desktop/sessions/80902de68b55/events?frontend_replace=1",
      "openedAt": "2026-09-25T04:11:22.426Z",
      "subscriptionId": "55a9503c293b4aaf9444926f579fefa2",
      "asideDeltas": 8,
      "deltaSizes": [
        29,
        33,
        25,
        36,
        28,
        43,
        27,
        40
      ]
    }
  ],
  "asideDeltaFrames": 8,
  "deltasBySubscription": {
    "55a9503c293b4aaf9444926f579fefa2": 8
  },
  "deltasByAside": {
    "e7bc8aba-cddd-4aa4-9fe5-51390c6deaec": 8
  },
  "refused422": 0,
  "messagePosts": [],
  "asideOps": []
}
--- end counters ---
