port8080.lock taken
rig up: proxy 41367 on 8080 -> daemon 39525 on 60441, stub 60383; 1111 untouched
== capq-fix (btw-r6-capq) at 04:12:23 ==
[build] current: assets 2026-09-25T03:24:27.581Z >= sources 2026-09-25T03:08:56.668Z
[note] csp for this run's backend
        already widened for http://127.0.0.1:8080
  serve records 1 linked from /Users/damian/.local-operator/sessions/5c89960fc1b8/scratchpad/rig6/run-capq-fix/records   (the app admits a daemon only while a record describes one, and a record is a heartbeat)
local-operator-ui renderer driver
  repo          /Users/damian/local-operator-ui-worktrees/qa482r6-rem-20260924-225904-62396
  scratch       /Users/damian/.local-operator/sessions/5c89960fc1b8/scratchpad/rig6/tmp/lo-renderer-driver-41637
  frames        /Users/damian/.local-operator/sessions/5c89960fc1b8/scratchpad/rig6/frames/capq-fix
  app cwd       /Users/damian/.local-operator/sessions/5c89960fc1b8/scratchpad/rig6/tmp/lo-renderer-driver-41637/cwd   (scratch: the repo's .env is not read)
  backend url   http://127.0.0.1:8080   (--backend: a live isolated backend this run owns)
  electron      44.3.0   (/Users/damian/local-operator-ui-worktrees/qa482r6-rem-20260924-225904-62396/node_modules/.pnpm/electron@44.3.0/node_modules/electron/dist/Electron.app/Contents/MacOS/Electron)
  electron pin  44.3.0   (package.json optionalDependencies)
[PASS] the harness is driving the Electron this branch pins
[PASS] the scratch backend port is dead
[note] the app's default backend port (127.0.0.1:1111)
        a listener is up: this run's main process points elsewhere, and the check below proves the app holds no connection to the URL the RENDERER was built with
[note] verbs registered by the renderer
        ["hello","measure","navigate","openCanvasDocument","press","queries","queryFetches","setSidebarWidth","setTheme","state"]
[PASS] the armed launch said so on stdout
[PASS] the app's logs went to this run's scratch tree, not the operator's
[note] renderer's api base URL at hello, against --backend
        {"apiBaseUrl":"http://127.0.0.1:8080","backend":"http://127.0.0.1:8080"}
[PASS] the app holds a connection to this run's backend (http://127.0.0.1:8080)
[PASS] the app holds NO connection to the operator's own backend (http://localhost:1111)
[note] profile seeded
        onboarding-storage marks the modal complete, so the app is an existing user rather than a first-run one
[PASS] window mode is headless and the window is never shown
        mode=headless visible=false focused=false
[PASS] the composer is on screen before anything is typed
[note] the session's owner
        warm (snapshot.cold = false)
[note] R6 capq session
        e80de40b99a2
[note] CAPQ after the base settled
        {"inlineCap":"calc(var(--text-body-sm) * 1.6 * 10 + 19.5px + 0.25rem)","computedCap":"231.5px","clientHeight":232,"scrollHeight":281,"maxScroll":49,"scrollTop":0,"turnOffset":0,"questionBox":19.5,"questionText":"Question: q35 first question, answered","state":"other"}
[note] CAPQ across the refusal
        [{"at":25,"inlineCap":"calc(var(--text-body-sm) * 1.6 * 10 + 39px + 0.25rem)","computedCap":"251px","clientHeight":251,"scrollHeight":356,"maxScroll":105,"scrollTop":104.5,"turnOffset":293.06,"questionBox":39,"questionText":"Question: TOOLCALL2: q35 follow-up refus","state":"thinking"},{"at":88,"inlineCap":"calc(var(--text-body-sm) * 1.6 * 10 + 39px + 0.25rem)","computedCap":"251px","clientHeight":251,"scrollHeight":356,"maxScroll":105,"scrollTop":104.5,"turnOffset":293.06,"questionBox":39,"questionText":"Question: TOOLCALL2: q35 follow-up refus","state":"thinking"},{"at":151,"inlineCap":"calc(var(--text-body-sm) * 1.6 * 10 + 39px + 0.25rem)","computedCap":"251px","clientHeight":251,"scrollHeight":356,"maxScroll":105,"scrollTop":104.5,"turnOffset":293.06,"questionBox":39,"questionText":"Question: TOOLCALL2: q35 follow-up refus","state":"thinking"},{"at":216,"inlineCap":"calc(var(--text-body-sm) * 1.6 * 10 + 39px + 0.25rem)","computedCap":"251px","clientHeight":251,"scrollHeight":356,"maxScroll":105,"scrollTop":104.5,"turnOffset":293.06,"questionBox":39,"questionText":"Question: TOOLCALL2: q35 follow-up refus","state":"thinking"},{"at":280,"inlineCap":"calc(var(--text-body-sm) * 1.6 * 10 + 39px + 0.25rem)","computedCap":"251px","clientHeight":251,"scrollHeight":356,"maxScroll":105,"scrollTop":104.5,"turnOffset":293.06,"questionBox":39,"questionText":"Question: TOOLCALL2: q35 follow-up refus","state":"thinking"},{"at":350,"inlineCap":"calc(var(--text-body-sm) * 1.6 * 10 + 39px + 0.25rem)","computedCap":"251px","clientHeight":251,"scrollHeight":356,"maxScroll":105,"scrollTop":104.5,"turnOffset":293.06,"questionBox":39,"questionText":"Question: TOOLCALL2: q35 follow-up refus","state":"thinking"},{"at":421,"inlineCap":"calc(var(--text-body-sm) * 1.6 * 10 + 39px + 0.25rem)","computedCap":"251px","clientHeight":251,"scrollHeight":356,"maxScroll":105,"scrollTop":104.5,"turnOffset":293.06,"questionBox":39,"questionText":"Question: TOOLCALL2: q35 follow-up refus","state":"thinking"},{"at":485,"inlineCap":"calc(var(--text-body-sm) * 1.6 * 10 + 39px + 0.25rem)","computedCap":"251px","clientHeight":251,"scrollHeight":356,"maxScroll":105,"scrollTop":104.5,"turnOffset":293.06,"questionBox":39,"questionText":"Question: TOOLCALL2: q35 follow-up refus","state":"thinking"},{"at":549,"inlineCap":"calc(var(--text-body-sm) * 1.6 * 10 + 39px + 0.25rem)","computedCap":"251px","clientHeight":251,"scrollHeight":356,"maxScroll":105,"scrollTop":104.5,"turnOffset":293.06,"questionBox":39,"questionText":"Question: TOOLCALL2: q35 follow-up refus","state":"thinking"},{"at":610,"inlineCap":"calc(var(--text-body-sm) * 1.6 * 10 + 39px + 0.25rem)","computedCap":"251px","clientHeight":251,"scrollHeight":356,"maxScroll":105,"scrollTop":104.5,"turnOffset":293.06,"questionBox":39,"questionText":"Question: TOOLCALL2: q35 follow-up refus","state":"thinking"},{"at":674,"inlineCap":"calc(var(--text-body-sm) * 1.6 * 10 + 39px + 0.25rem)","computedCap":"251px","clientHeight":251,"scrollHeight":356,"maxScroll":105,"scrollTop":104.5,"turnOffset":293.06,"questionBox":39,"questionText":"Question: TOOLCALL2: q35 follow-up refus","state":"thinking"},{"at":736,"inlineCap":"calc(var(--text-body-sm) * 1.6 * 10 + 39px + 0.25rem)","computedCap":"251px","clientHeight":251,"scrollHeight":356,"maxScroll":105,"scrollTop":104.5,"turnOffset":293.06,"questionBox":39,"questionText":"Question: TOOLCALL2: q35 follow-up refus","state":"thinking"},{"at":800,"inlineCap":"calc(var(--text-body-sm) * 1.6 * 10 + 39px + 0.25rem)","computedCap":"251px","clientHeight":251,"scrollHeight":356,"maxScroll":105,"scrollTop":104.5,"turnOffset":293.06,"questionBox":39,"questionText":"Question: TOOLCALL2: q35 follow-up refus","state":"thinking"},{"at":862,"inlineCap":"calc(var(--text-body-sm) * 1.6 * 10 + 39px + 0.25rem)","computedCap":"251px","clientHeight":251,"scrollHeight":356,"maxScroll":105,"scrollTop":104.5,"turnOffset":293.06,"questionBox":39,"questionText":"Question: TOOLCALL2: q35 follow-up refus","state":"thinking"},{"at":950,"inlineCap":"calc(var(--text-body-sm) * 1.6 * 10 + 39px + 0.25rem)","computedCap":"251px","clientHeight":251,"scrollHeight":356,"maxScroll":105,"scrollTop":104.5,"turnOffset":293.06,"questionBox":39,"questionText":"Question: TOOLCALL2: q35 follow-up refus","state":"thinking"},{"at":1017,"inlineCap":"calc(var(--text-body-sm) * 1.6 * 10 + 39px + 0.25rem)","computedCap":"251px","clientHeight":251,"scrollHeight":356,"maxScroll":105,"scrollTop":104.5,"turnOffset":293.06,"questionBox":39,"questionText":"Question: TOOLCALL2: q35 follow-up refus","state":"thinking"},{"at":1082,"inlineCap":"calc(var(--text-body-sm) * 1.6 * 10 + 39px + 0.25rem)","computedCap":"251px","clientHeight":251,"scrollHeight":356,"maxScroll":105,"scrollTop":104.5,"turnOffset":293.06,"questionBox":39,"questionText":"Question: TOOLCALL2: q35 follow-up refus","state":"thinking"},{"at":1144,"inlineCap":"calc(var(--text-body-sm) * 1.6 * 10 + 39px + 0.25rem)","computedCap":"251px","clientHeight":251,"scrollHeight":356,"maxScroll":105,"scrollTop":104.5,"turnOffset":293.06,"questionBox":39,"questionText":"Question: TOOLCALL2: q35 follow-up refus","state":"thinking"},{"at":1215,"inlineCap":"calc(var(--text-body-sm) * 1.6 * 10 + 39px + 0.25rem)","computedCap":"251px","clientHeight":251,"scrollHeight":356,"maxScroll":105,"scrollTop":104.5,"turnOffset":293.06,"questionBox":39,"questionText":"Question: TOOLCALL2: q35 follow-up refus","state":"thinking"},{"at":1279,"inlineCap":"calc(var(--text-body-sm) * 1.6 * 10 + 39px + 0.25rem)","computedCap":"251px","clientHeight":251,"scrollHeight":356,"maxScroll":105,"scrollTop":104.5,"turnOffset":293.06,"questionBox":39,"questionText":"Question: TOOLCALL2: q35 follow-up refus","state":"thinking"},{"at":1343,"inlineCap":"calc(var(--text-body-sm) * 1.6 * 10 + 39px + 0.25rem)","computedCap":"251px","clientHeight":251,"scrollHeight":356,"maxScroll":105,"scrollTop":104.5,"turnOffset":293.06,"questionBox":39,"questionText":"Question: TOOLCALL2: q35 follow-up refus","state":"thinking"},{"at":1405,"inlineCap":"calc(var(--text-body-sm) * 1.6 * 10 + 39px + 0.25rem)","computedCap":"251px","clientHeight":251,"scrollHeight":356,"maxScroll":105,"scrollTop":104.5,"turnOffset":293.06,"questionBox":39,"questionText":"Question: TOOLCALL2: q35 follow-up refus","state":"thinking"},{"at":1469,"inlineCap":"calc(var(--text-body-sm) * 1.6 * 10 + 39px + 0.25rem)","computedCap":"251px","clientHeight":251,"scrollHeight":356,"maxScroll":105,"scrollTop":104.5,"turnOffset":293.06,"questionBox":39,"questionText":"Question: TOOLCALL2: q35 follow-up refus","state":"thinking"},{"at":1532,"inlineCap":"calc(var(--text-body-sm) * 1.6 * 10 + 39px + 0.25rem)","computedCap":"251px","clientHeight":251,"scrollHeight":356,"maxScroll":105,"scrollTop":104.5,"turnOffset":293.06,"questionBox":39,"questionText":"Question: TOOLCALL2: q35 follow-up refus","state":"thinking"},{"at":1597,"inlineCap":"calc(var(--text-body-sm) * 1.6 * 10 + 39px + 0.25rem)","computedCap":"251px","clientHeight":251,"scrollHeight":356,"maxScroll":105,"scrollTop":104.5,"turnOffset":293.06,"questionBox":39,"questionText":"Question: TOOLCALL2: q35 follow-up refus","state":"thinking"},{"at":1664,"inlineCap":"calc(var(--text-body-sm) * 1.6 * 10 + 39px + 0.25rem)","computedCap":"251px","clientHeight":251,"scrollHeight":356,"maxScroll":105,"scrollTop":104.5,"turnOffset":293.06,"questionBox":39,"questionText":"Question: TOOLCALL2: q35 follow-up refus","state":"thinking"},{"at":1730,"inlineCap":"calc(var(--text-body-sm) * 1.6 * 10 + 39px + 0.25rem)","computedCap":"251px","clientHeight":251,"scrollHeight":356,"maxScroll":105,"scrollTop":104.5,"turnOffset":293.06,"questionBox":39,"questionText":"Question: TOOLCALL2: q35 follow-up refus","state":"thinking"},{"at":1814,"inlineCap":"calc(var(--text-body-sm) * 1.6 * 10 + 39px + 0.25rem)","computedCap":"251px","clientHeight":251,"scrollHeight":356,"maxScroll":105,"scrollTop":104.5,"turnOffset":293.06,"questionBox":39,"questionText":"Question: TOOLCALL2: q35 follow-up refus","state":"thinking"},{"at":1877,"inlineCap":"calc(var(--text-body-sm) * 1.6 * 10 + 39px + 0.25rem)","computedCap":"251px","clientHeight":251,"scrollHeight":356,"maxScroll":105,"scrollTop":104.5,"turnOffset":293.06,"questionBox":39,"questionText":"Question: TOOLCALL2: q35 follow-up refus","state":"thinking"},{"at":1944,"inlineCap":"calc(var(--text-body-sm) * 1.6 * 10 + 39px + 0.25rem)","computedCap":"251px","clientHeight":251,"scrollHeight":356,"maxScroll":105,"scrollTop":104.5,"turnOffset":293.06,"questionBox":39,"questionText":"Question: TOOLCALL2: q35 follow-up refus","state":"thinking"},{"at":2011,"inlineCap":"calc(var(--text-body-sm) * 1.6 * 10 + 39px + 0.25rem)","computedCap":"251px","clientHeight":251,"scrollHeight":356,"maxScroll":105,"scrollTop":104.5,"turnOffset":293.06,"questionBox":39,"questionText":"Question: TOOLCALL2: q35 follow-up refus","state":"thinking"},{"at":2084,"inlineCap":"calc(var(--text-body-sm) * 1.6 * 10 + 39px + 0.25rem)","computedCap":"251px","clientHeight":251,"scrollHeight":356,"maxScroll":105,"scrollTop":104.5,"turnOffset":293.06,"questionBox":39,"questionText":"Question: TOOLCALL2: q35 follow-up refus","state":"thinking"},{"at":2146,"inlineCap":"calc(var(--text-body-sm) * 1.6 * 10 + 39px + 0.25rem)","computedCap":"251px","clientHeight":251,"scrollHeight":356,"maxScroll":105,"scrollTop":104.5,"turnOffset":293.06,"questionBox":39,"questionText":"Question: TOOLCALL2: q35 follow-up refus","state":"thinking"},{"at":2209,"inlineCap":"calc(var(--text-body-sm) * 1.6 * 10 + 39px + 0.25rem)","computedCap":"251px","clientHeight":251,"scrollHeight":356,"maxScroll":105,"scrollTop":104.5,"turnOffset":293.06,"questionBox":39,"questionText":"Question: TOOLCALL2: q35 follow-up refus","state":"thinking"},{"at":2271,"inlineCap":"calc(var(--text-body-sm) * 1.6 * 10 + 39px + 0.25rem)","computedCap":"251px","clientHeight":251,"scrollHeight":356,"maxScroll":105,"scrollTop":104.5,"turnOffset":293.06,"questionBox":39,"questionText":"Question: TOOLCALL2: q35 follow-up refus","state":"thinking"},{"at":2334,"inlineCap":"calc(var(--text-body-sm) * 1.6 * 10 + 39px + 0.25rem)","computedCap":"251px","clientHeight":251,"scrollHeight":356,"maxScroll":105,"scrollTop":104.5,"turnOffset":293.06,"questionBox":39,"questionText":"Question: TOOLCALL2: q35 follow-up refus","state":"thinking"},{"at":2408,"inlineCap":"calc(var(--text-body-sm) * 1.6 * 10 + 39px + 0.25rem)","computedCap":"251px","clientHeight":251,"scrollHeight":356,"maxScroll":105,"scrollTop":104.5,"turnOffset":293.06,"questionBox":39,"questionText":"Question: TOOLCALL2: q35 follow-up refus","state":"thinking"},{"at":2509,"inlineCap":"calc(var(--text-body-sm) * 1.6 * 10 + 39px + 0.25rem)","computedCap":"251px","clientHeight":251,"scrollHeight":356,"maxScroll":105,"scrollTop":104.5,"turnOffset":293.06,"questionBox":39,"questionText":"Question: TOOLCALL2: q35 follow-up refus","state":"thinking"},{"at":2620,"inlineCap":"calc(var(--text-body-sm) * 1.6 * 10 + 39px + 0.25rem)","computedCap":"251px","clientHeight":251,"scrollHeight":356,"maxScroll":105,"scrollTop":104.5,"turnOffset":293.06,"questionBox":39,"questionText":"Question: TOOLCALL2: q35 follow-up refus","state":"thinking"},{"at":2723,"inlineCap":"calc(var(--text-body-sm) * 1.6 * 10 + 39px + 0.25rem)","computedCap":"251px","clientHeight":251,"scrollHeight":356,"maxScroll":105,"scrollTop":104.5,"turnOffset":293.06,"questionBox":39,"questionText":"Question: TOOLCALL2: q35 follow-up refus","state":"thinking"},{"at":2784,"inlineCap":"calc(var(--text-body-sm) * 1.6 * 10 + 39px + 0.25rem)","computedCap":"251px","clientHeight":251,"scrollHeight":356,"maxScroll":105,"scrollTop":104.5,"turnOffset":293.06,"questionBox":39,"questionText":"Question: TOOLCALL2: q35 follow-up refus","state":"thinking"},{"at":2850,"inlineCap":"calc(var(--text-body-sm) * 1.6 * 10 + 39px + 0.25rem)","computedCap":"251px","clientHeight":251,"scrollHeight":356,"maxScroll":105,"scrollTop":104.5,"turnOffset":293.06,"questionBox":39,"questionText":"Question: TOOLCALL2: q35 follow-up refus","state":"thinking"},{"at":2926,"inlineCap":"calc(var(--text-body-sm) * 1.6 * 10 + 39px + 0.25rem)","computedCap":"251px","clientHeight":251,"scrollHeight":356,"maxScroll":105,"scrollTop":104.5,"turnOffset":293.06,"questionBox":39,"questionText":"Question: TOOLCALL2: q35 follow-up refus","state":"thinking"},{"at":2988,"inlineCap":"calc(var(--text-body-sm) * 1.6 * 10 + 39px + 0.25rem)","computedCap":"251px","clientHeight":251,"scrollHeight":356,"maxScroll":105,"scrollTop":104.5,"turnOffset":293.06,"questionBox":39,"questionText":"Question: TOOLCALL2: q35 follow-up refus","state":"thinking"},{"at":3086,"inlineCap":"calc(var(--text-body-sm) * 1.6 * 10 + 39px + 0.25rem)","computedCap":"251px","clientHeight":251,"scrollHeight":356,"maxScroll":105,"scrollTop":104.5,"turnOffset":293.06,"questionBox":39,"questionText":"Question: TOOLCALL2: q35 follow-up refus","state":"thinking"},{"at":3155,"inlineCap":"calc(var(--text-body-sm) * 1.6 * 10 + 39px + 0.25rem)","computedCap":"251px","clientHeight":251,"scrollHeight":356,"maxScroll":105,"scrollTop":104.5,"turnOffset":293.06,"questionBox":39,"questionText":"Question: TOOLCALL2: q35 follow-up refus","state":"thinking"},{"at":3228,"inlineCap":"calc(var(--text-body-sm) * 1.6 * 10 + 39px + 0.25rem)","computedCap":"251px","clientHeight":251,"scrollHeight":356,"maxScroll":105,"scrollTop":104.5,"turnOffset":293.06,"questionBox":39,"questionText":"Question: TOOLCALL2: q35 follow-up refus","state":"thinking"},{"at":3343,"inlineCap":"calc(var(--text-body-sm) * 1.6 * 10 + 39px + 0.25rem)","computedCap":"251px","clientHeight":251,"scrollHeight":356,"maxScroll":105,"scrollTop":104.5,"turnOffset":293.06,"questionBox":39,"questionText":"Question: TOOLCALL2: q35 follow-up refus","state":"thinking"},{"at":3434,"inlineCap":"calc(var(--text-body-sm) * 1.6 * 10 + 39px + 0.25rem)","computedCap":"251px","clientHeight":251,"scrollHeight":356,"maxScroll":105,"scrollTop":104.5,"turnOffset":293.06,"questionBox":39,"questionText":"Question: TOOLCALL2: q35 follow-up refus","state":"thinking"},{"at":3503,"inlineCap":"calc(var(--text-body-sm) * 1.6 * 10 + 39px + 0.25rem)","computedCap":"251px","clientHeight":251,"scrollHeight":356,"maxScroll":105,"scrollTop":104.5,"turnOffset":293.06,"questionBox":39,"questionText":"Question: TOOLCALL2: q35 follow-up refus","state":"thinking"},{"at":3569,"inlineCap":"calc(var(--text-body-sm) * 1.6 * 10 + 39px + 0.25rem)","computedCap":"251px","clientHeight":251,"scrollHeight":356,"maxScroll":105,"scrollTop":104.5,"turnOffset":293.06,"questionBox":39,"questionText":"Question: TOOLCALL2: q35 follow-up refus","state":"thinking"},{"at":3632,"inlineCap":"calc(var(--text-body-sm) * 1.6 * 10 + 39px + 0.25rem)","computedCap":"251px","clientHeight":251,"scrollHeight":356,"maxScroll":105,"scrollTop":104.5,"turnOffset":293.06,"questionBox":39,"questionText":"Question: TOOLCALL2: q35 follow-up refus","state":"thinking"},{"at":3754,"inlineCap":"calc(var(--text-body-sm) * 1.6 * 10 + 39px + 0.25rem)","computedCap":"251px","clientHeight":251,"scrollHeight":356,"maxScroll":105,"scrollTop":104.5,"turnOffset":293.06,"questionBox":39,"questionText":"Question: TOOLCALL2: q35 follow-up refus","state":"thinking"},{"at":3828,"inlineCap":"calc(var(--text-body-sm) * 1.6 * 10 + 39px + 0.25rem)","computedCap":"251px","clientHeight":251,"scrollHeight":356,"maxScroll":105,"scrollTop":104.5,"turnOffset":293.06,"questionBox":39,"questionText":"Question: TOOLCALL2: q35 follow-up refus","state":"thinking"},{"at":3892,"inlineCap":"calc(var(--text-body-sm) * 1.6 * 10 + 39px + 0.25rem)","computedCap":"251px","clientHeight":251,"scrollHeight":356,"maxScroll":105,"scrollTop":104.5,"turnOffset":293.06,"questionBox":39,"questionText":"Question: TOOLCALL2: q35 follow-up refus","state":"thinking"},{"at":3955,"inlineCap":"calc(var(--text-body-sm) * 1.6 * 10 + 39px + 0.25rem)","computedCap":"251px","clientHeight":251,"scrollHeight":356,"maxScroll":105,"scrollTop":104.5,"turnOffset":293.06,"questionBox":39,"questionText":"Question: TOOLCALL2: q35 follow-up refus","state":"thinking"},{"at":4018,"inlineCap":"calc(var(--text-body-sm) * 1.6 * 10 + 39px + 0.25rem)","computedCap":"251px","clientHeight":251,"scrollHeight":356,"maxScroll":105,"scrollTop":104.5,"turnOffset":293.06,"questionBox":39,"questionText":"Question: TOOLCALL2: q35 follow-up refus","state":"thinking"},{"at":4092,"inlineCap":"calc(var(--text-body-sm) * 1.6 * 10 + 39px + 0.25rem)","computedCap":"251px","clientHeight":251,"scrollHeight":356,"maxScroll":105,"scrollTop":104.5,"turnOffset":293.06,"questionBox":39,"questionText":"Question: TOOLCALL2: q35 follow-up refus","state":"thinking"},{"at":4165,"inlineCap":"calc(var(--text-body-sm) * 1.6 * 10 + 39px + 0.25rem)","computedCap":"251px","clientHeight":251,"scrollHeight":356,"maxScroll":105,"scrollTop":104.5,"turnOffset":293.06,"questionBox":39,"questionText":"Question: TOOLCALL2: q35 follow-up refus","state":"thinking"},{"at":4227,"inlineCap":"calc(var(--text-body-sm) * 1.6 * 10 + 39px + 0.25rem)","computedCap":"251px","clientHeight":251,"scrollHeight":356,"maxScroll":105,"scrollTop":104.5,"turnOffset":293.06,"questionBox":39,"questionText":"Question: TOOLCALL2: q35 follow-up refus","state":"thinking"},{"at":4290,"inlineCap":"calc(var(--text-body-sm) * 1.6 * 10 + 39px + 0.25rem)","computedCap":"251px","clientHeight":251,"scrollHeight":356,"maxScroll":105,"scrollTop":104.5,"turnOffset":293.06,"questionBox":39,"questionText":"Question: TOOLCALL2: q35 follow-up refus","state":"thinking"},{"at":4354,"inlineCap":"calc(var(--text-body-sm) * 1.6 * 10 + 39px + 0.25rem)","computedCap":"251px","clientHeight":251,"scrollHeight":356,"maxScroll":105,"scrollTop":104.5,"turnOffset":293.06,"questionBox":39,"questionText":"Question: TOOLCALL2: q35 follow-up refus","state":"thinking"},{"at":4421,"inlineCap":"calc(var(--text-body-sm) * 1.6 * 10 + 39px + 0.25rem)","computedCap":"251px","clientHeight":251,"scrollHeight":356,"maxScroll":105,"scrollTop":104.5,"turnOffset":293.06,"questionBox":39,"questionText":"Question: TOOLCALL2: q35 follow-up refus","state":"thinking"},{"at":4484,"inlineCap":"calc(var(--text-body-sm) * 1.6 * 10 + 39px + 0.25rem)","computedCap":"251px","clientHeight":251,"scrollHeight":356,"maxScroll":105,"scrollTop":104.5,"turnOffset":293.06,"questionBox":39,"questionText":"Question: TOOLCALL2: q35 follow-up refus","state":"thinking"},{"at":4576,"inlineCap":"calc(var(--text-body-sm) * 1.6 * 10 + 39px + 0.25rem)","computedCap":"251px","clientHeight":251,"scrollHeight":356,"maxScroll":105,"scrollTop":104.5,"turnOffset":293.06,"questionBox":39,"questionText":"Question: TOOLCALL2: q35 follow-up refus","state":"thinking"},{"at":4647,"inlineCap":"calc(var(--text-body-sm) * 1.6 * 10 + 39px + 0.25rem)","computedCap":"251px","clientHeight":251,"scrollHeight":356,"maxScroll":105,"scrollTop":104.5,"turnOffset":293.06,"questionBox":39,"questionText":"Question: TOOLCALL2: q35 follow-up refus","state":"thinking"},{"at":4713,"inlineCap":"calc(var(--text-body-sm) * 1.6 * 10 + 39px + 0.25rem)","computedCap":"251px","clientHeight":251,"scrollHeight":356,"maxScroll":105,"scrollTop":104.5,"turnOffset":293.06,"questionBox":39,"questionText":"Question: TOOLCALL2: q35 follow-up refus","state":"thinking"},{"at":4791,"inlineCap":"calc(var(--text-body-sm) * 1.6 * 10 + 39px + 0.25rem)","computedCap":"251px","clientHeight":251,"scrollHeight":356,"maxScroll":105,"scrollTop":104.5,"turnOffset":293.06,"questionBox":39,"questionText":"Question: TOOLCALL2: q35 follow-up refus","state":"thinking"},{"at":4874,"inlineCap":"calc(var(--text-body-sm) * 1.6 * 10 + 39px + 0.25rem)","computedCap":"251px","clientHeight":251,"scrollHeight":356,"maxScroll":105,"scrollTop":104.5,"turnOffset":293.06,"questionBox":39,"questionText":"Question: TOOLCALL2: q35 follow-up refus","state":"thinking"},{"at":4937,"inlineCap":"calc(var(--text-body-sm) * 1.6 * 10 + 39px + 0.25rem)","computedCap":"251px","clientHeight":251,"scrollHeight":356,"maxScroll":105,"scrollTop":104.5,"turnOffset":293.06,"questionBox":39,"questionText":"Question: TOOLCALL2: q35 follow-up refus","state":"thinking"},{"at":5000,"inlineCap":"calc(var(--text-body-sm) * 1.6 * 10 + 39px + 0.25rem)","computedCap":"251px","clientHeight":251,"scrollHeight":356,"maxScroll":105,"scrollTop":104.5,"turnOffset":293.06,"questionBox":39,"questionText":"Question: TOOLCALL2: q35 follow-up refus","state":"thinking"},{"at":5064,"inlineCap":"calc(var(--text-body-sm) * 1.6 * 10 + 39px + 0.25rem)","computedCap":"251px","clientHeight":251,"scrollHeight":356,"maxScroll":105,"scrollTop":104.5,"turnOffset":293.06,"questionBox":39,"questionText":"Question: TOOLCALL2: q35 follow-up refus","state":"thinking"},{"at":5126,"inlineCap":"calc(var(--text-body-sm) * 1.6 * 10 + 39px + 0.25rem)","computedCap":"251px","clientHeight":251,"scrollHeight":356,"maxScroll":105,"scrollTop":104.5,"turnOffset":293.06,"questionBox":39,"questionText":"Question: TOOLCALL2: q35 follow-up refus","state":"thinking"},{"at":5193,"inlineCap":"calc(var(--text-body-sm) * 1.6 * 10 + 39px + 0.25rem)","computedCap":"251px","clientHeight":251,"scrollHeight":356,"maxScroll":105,"scrollTop":104.5,"turnOffset":293.06,"questionBox":39,"questionText":"Question: TOOLCALL2: q35 follow-up refus","state":"thinking"},{"at":5256,"inlineCap":"calc(var(--text-body-sm) * 1.6 * 10 + 39px + 0.25rem)","computedCap":"251px","clientHeight":251,"scrollHeight":356,"maxScroll":105,"scrollTop":104.5,"turnOffset":293.06,"questionBox":39,"questionText":"Question: TOOLCALL2: q35 follow-up refus","state":"thinking"},{"at":5409,"inlineCap":"calc(var(--text-body-sm) * 1.6 * 10 + 39px + 0.25rem)","computedCap":"251px","clientHeight":251,"scrollHeight":356,"maxScroll":105,"scrollTop":104.5,"turnOffset":293.06,"questionBox":39,"questionText":"Question: TOOLCALL2: q35 follow-up refus","state":"thinking"},{"at":5477,"inlineCap":"calc(var(--text-body-sm) * 1.6 * 10 + 39px + 0.25rem)","computedCap":"251px","clientHeight":251,"scrollHeight":356,"maxScroll":105,"scrollTop":104.5,"turnOffset":293.06,"questionBox":39,"questionText":"Question: TOOLCALL2: q35 follow-up refus","state":"thinking"},{"at":5540,"inlineCap":"calc(var(--text-body-sm) * 1.6 * 10 + 39px + 0.25rem)","computedCap":"251px","clientHeight":251,"scrollHeight":356,"maxScroll":105,"scrollTop":104.5,"turnOffset":293.06,"questionBox":39,"questionText":"Question: TOOLCALL2: q35 follow-up refus","state":"thinking"},{"at":5635,"inlineCap":"calc(var(--text-body-sm) * 1.6 * 10 + 39px + 0.25rem)","computedCap":"251px","clientHeight":251,"scrollHeight":356,"maxScroll":105,"scrollTop":104.5,"turnOffset":293.06,"questionBox":39,"questionText":"Question: TOOLCALL2: q35 follow-up refus","state":"thinking"},{"at":5706,"inlineCap":"calc(var(--text-body-sm) * 1.6 * 10 + 39px + 0.25rem)","computedCap":"251px","clientHeight":251,"scrollHeight":356,"maxScroll":105,"scrollTop":104.5,"turnOffset":293.06,"questionBox":39,"questionText":"Question: TOOLCALL2: q35 follow-up refus","state":"thinking"},{"at":5769,"inlineCap":"calc(var(--text-body-sm) * 1.6 * 10 + 39px + 0.25rem)","computedCap":"251px","clientHeight":251,"scrollHeight":473,"maxScroll":222,"scrollTop":221.5,"turnOffset":293.06,"questionBox":39,"questionText":"Question: TOOLCALL2: q35 follow-up refus","state":"alert"}]
[note] CAPQ at rest
        {"inlineCap":"calc(var(--text-body-sm) * 1.6 * 10 + 39px + 0.25rem)","computedCap":"251px","clientHeight":251,"scrollHeight":473,"maxScroll":222,"scrollTop":221.5,"turnOffset":293.06,"questionBox":39,"questionText":"Question: TOOLCALL2: q35 follow-up refus","state":"alert"}
[note] CAPQ every frame [ms, scrollTop, scrollHeight, clientHeight, inline maxHeight] (first 6, the peak, the 6 after)
        {"first":[[20604,0,281,232,"calc(var(--text-body-sm) * 1.6 * 10 + 19.5px + 0.25rem)"],[20612,0,281,232,"calc(var(--text-body-sm) * 1.6 * 10 + 19.5px + 0.25rem)"],[20621,0,281,232,"calc(var(--text-body-sm) * 1.6 * 10 + 19.5px + 0.25rem)"],[20628,0,281,232,"calc(var(--text-body-sm) * 1.6 * 10 + 19.5px + 0.25rem)"],[20637,0,281,232,"calc(var(--text-body-sm) * 1.6 * 10 + 19.5px + 0.25rem)"],[20650,104.5,356,251,"calc(var(--text-body-sm) * 1.6 * 10 + 39px + 0.25rem)"]],"peak":221.5,"atPeak":[26366,221.5,473,251,"calc(var(--text-body-sm) * 1.6 * 10 + 39px + 0.25rem)"],"after":[[26374,221.5,473,251,"calc(var(--text-body-sm) * 1.6 * 10 + 39px + 0.25rem)"],[26382,221.5,473,251,"calc(var(--text-body-sm) * 1.6 * 10 + 39px + 0.25rem)"],[26393,221.5,473,251,"calc(var(--text-body-sm) * 1.6 * 10 + 39px + 0.25rem)"],[26399,221.5,473,251,"calc(var(--text-body-sm) * 1.6 * 10 + 39px + 0.25rem)"],[26407,221.5,473,251,"calc(var(--text-body-sm) * 1.6 * 10 + 39px + 0.25rem)"],[26416,221.5,473,251,"calc(var(--text-body-sm) * 1.6 * 10 + 39px + 0.25rem)"]],"last":[[27595,221.5,473,251,"calc(var(--text-body-sm) * 1.6 * 10 + 39px + 0.25rem)"],[27603,221.5,473,251,"calc(var(--text-body-sm) * 1.6 * 10 + 39px + 0.25rem)"],[27611,221.5,473,251,"calc(var(--text-body-sm) * 1.6 * 10 + 39px + 0.25rem)"]],"frameCount":841}
[note] CAPQ the move effect's own runs and the measurement passes
        {"moves":[],"measures":[]}
[note] CAPQ the same reading with the region's own box
        {"inline":"calc(var(--text-body-sm) * 1.6 * 10 + 39px + 0.25rem)","scrollbarGutter":"stable","clientWidth":226,"offsetWidth":234,"clientHeight":251,"pad":"0px"}
[PASS] no process from this run outlived its boot

frames: (none)
frames directory: /Users/damian/.local-operator/sessions/5c89960fc1b8/scratchpad/rig6/frames/capq-fix
app log: /Users/damian/.local-operator/sessions/5c89960fc1b8/scratchpad/rig6/tmp/lo-renderer-driver-41637/app-scene.log
scratch removed (--clean)

ALL CHECKS PASSED
== capq-fix driver exit: 0 ==
total 0
drwxr-xr-x@ 2 damian  staff   64 Sep 25 00:11 .
drwxr-xr-x@ 9 damian  staff  288 Sep 25 00:11 ..
8080 released before this command returned
port8080.lock released
--- proxy counters (/Users/damian/.local-operator/sessions/5c89960fc1b8/scratchpad/rig6/run-capq-fix/proxy-stats.json) ---
{
  "oldDaemon": false,
  "asidePosts": [
    {
      "at": "2026-09-25T04:12:43.487Z",
      "url": "/v1/desktop/sessions/e80de40b99a2/asides",
      "asideId": "a6bd0840-1880-41f1-a163-a5c615cef677",
      "continues": null,
      "questionHead": "q35 first question, answered",
      "text": "q35 first question, answered",
      "carriedSubscriptionField": true,
      "subscriptionId": "e7b31b78fd6a4733bd8ccc5ee4965fb2",
      "status": 200,
      "response": "{\"status\":200,\"message\":\"Desktop session result.\",\"result\":{\"data\":{\"aside_id\":\"a6bd0840-1880-41f1-a163-a5c615cef677\",\"text\":\"Transport failures and owner **5xx** responses, per provider, inside a moving window.\\n\\n- each transport failure spends one\\n- each owner 5xx spends one\\n- a retry that succeeds resets the window\\n\\nA **4xx** never spends it: the request was wrong, not the provider.\",\"off_record\":true},\"replayed\":false}}"
    },
    {
      "at": "2026-09-25T04:12:50.440Z",
      "url": "/v1/desktop/sessions/e80de40b99a2/asides",
      "asideId": "9596a8af-3115-4e50-815d-bdf2c99bed2f",
      "continues": "a6bd0840-1880-41f1-a163-a5c615cef677",
      "questionHead": "TOOLCALL2: q35 follow-up refused by the model",
      "text": "TOOLCALL2: q35 follow-up refused by the model",
      "carriedSubscriptionField": true,
      "subscriptionId": "e7b31b78fd6a4733bd8ccc5ee4965fb2",
      "status": 409,
      "response": "{\"detail\":{\"code\":\"aside_unanswered\",\"message\":\"The model did not answer your aside in text — either a tool call, which is not available off the record, or nothing at all. No answer was produced: ask again.\"}}"
    }
  ],
  "streams": [
    {
      "url": "/v1/desktop/events",
      "openedAt": "2026-09-25T04:12:27.963Z",
      "subscriptionId": "d3f3e01120d40602",
      "asideDeltas": 0,
      "deltaSizes": []
    },
    {
      "url": "/v1/desktop/sessions/e80de40b99a2/events?frontend_replace=1",
      "openedAt": "2026-09-25T04:12:32.655Z",
      "subscriptionId": "e7b31b78fd6a4733bd8ccc5ee4965fb2",
      "asideDeltas": 8,
      "deltaSizes": [
        29,
        33,
        25,
        36,
        28,
        43,
        27,
        40
      ]
    }
  ],
  "asideDeltaFrames": 8,
  "deltasBySubscription": {
    "e7b31b78fd6a4733bd8ccc5ee4965fb2": 8
  },
  "deltasByAside": {
    "a6bd0840-1880-41f1-a163-a5c615cef677": 8
  },
  "refused422": 0,
  "messagePosts": [],
  "asideOps": []
}
--- end counters ---
