# QA round 6 static counts (PR 490) — head 486351dbd

## package.json test:desktop vs disk (the fold's union claim, checked off the manifest itself)
main (cb9d97b79) entries: 207 unique: 207
head entries:           208 unique: 208 duplicates: 0
head-only vs main:      ['scripts/seed-label-gap.test.mjs']
main entries lost:      []
listed files missing on disk: []
scripts/*.test.mjs on disk: 216
on disk but unlisted at head: ['scripts/check-scripts-lint.test.mjs', 'scripts/entry-point.test.mjs', 'scripts/mac-build-arch.test.mjs', 'scripts/release-baseline.test.mjs', 'scripts/release-candidate.test.mjs', 'scripts/require-report.test.mjs', 'scripts/session-cookie-electron.test.mjs', 'scripts/upload-release.test.mjs']
on disk but unlisted at main: ['scripts/check-scripts-lint.test.mjs', 'scripts/entry-point.test.mjs', 'scripts/mac-build-arch.test.mjs', 'scripts/release-baseline.test.mjs', 'scripts/release-candidate.test.mjs', 'scripts/require-report.test.mjs', 'scripts/seed-label-gap.test.mjs', 'scripts/session-cookie-electron.test.mjs', 'scripts/upload-release.test.mjs']
unlisted set identical to main's, modulo this branch's own file: True

## evidence manifest, against the tree it ships in
top-level keys: 116 | frames declared: 8856 | supplementary entries: 109
srcTree stamp:     7e8914c6c30f2b5a46c5d18714368cdf7f33441c == git rev-parse HEAD:src: True
scriptsTree stamp: be61ff20271383e279aa463972e231b95d6a597b == git rev-parse HEAD:scripts: True
PNG frames on disk under docs/evidence: 668 | first-level dirs: 193
BRANCH_RECORDS entries: 16 | all present in the manifest: True | missing: []

## the runner's own "N files" header is argv-derived (so it cannot prove the union)
$ node scripts/run-desktop-tests.mjs scripts/seed-label-gap.test.mjs
desktop tests: 1 file, concurrency 6 (memory budget 1.3 GB of 4.3 GB available at 192 MB per worker; cpu share would allow 7)
$ node scripts/run-desktop-tests.mjs (full list would print 208, being the argv it was handed)

## pnpm check-evidence — bounded attempt
lease /tmp/local-operator-ui-check-evidence.lock: free before the attempt; free after (re-probed)
run 1: bound 900 s, load 168.31 — fired; no verdict printed, group reaped
run 2: bound 240 s, load 165.43 — rc=-15 (SIGTERM) elapsed=250.3 s; output was only the pnpm banner + ELIFECYCLE; no survivor process, lease free
