port8080.lock taken
rig up: proxy 37210 on 8080 -> daemon 35039 on 63136, stub 63083; 1111 untouched
== capqnarrow2 (btw-r6-capq) at 02:34:04 ==
[build] current: assets 2026-09-25T00:33:33.054Z >= sources 2026-09-25T00:04:08.960Z
[note] csp for this run's backend
        already widened for http://127.0.0.1:8177
  serve records 1 linked from /Users/damian/.local-operator/sessions/c9aa7ba49b42/scratchpad/rig6/run-capqnarrow2/records   (the app admits a daemon only while a record describes one, and a record is a heartbeat)
local-operator-ui renderer driver
  repo          /Users/damian/local-operator-ui-worktrees/qa-482-r6
  scratch       /Users/damian/.local-operator/sessions/c9aa7ba49b42/scratchpad/rig6/tmp/lo-renderer-driver-37724
  frames        /Users/damian/.local-operator/sessions/c9aa7ba49b42/scratchpad/rig6/frames/capqnarrow2
  app cwd       /Users/damian/.local-operator/sessions/c9aa7ba49b42/scratchpad/rig6/tmp/lo-renderer-driver-37724/cwd   (scratch: the repo's .env is not read)
  backend url   http://127.0.0.1:8177   (--backend: a live isolated backend this run owns)
  electron      44.3.0   (/Users/damian/local-operator-ui-worktrees/qa-482-r6/node_modules/.pnpm/electron@44.3.0/node_modules/electron/dist/Electron.app/Contents/MacOS/Electron)
  electron pin  44.3.0   (package.json optionalDependencies)
[PASS] the harness is driving the Electron this branch pins
[PASS] the scratch backend port is dead
[note] the app's default backend port (127.0.0.1:1111)
        a listener is up: this run's main process points elsewhere, and the check below proves the app holds no connection to the URL the RENDERER was built with
[note] verbs registered by the renderer
        ["hello","measure","navigate","openCanvasDocument","press","queries","queryFetches","setSidebarWidth","setTheme","state"]
[PASS] the armed launch said so on stdout
[PASS] the app's logs went to this run's scratch tree, not the operator's
[note] renderer's api base URL at hello, against --backend
        {"apiBaseUrl":"http://127.0.0.1:8177","backend":"http://127.0.0.1:8177"}
[PASS] the app holds a connection to this run's backend (http://127.0.0.1:8177)
[PASS] the app holds NO connection to the operator's own backend (http://localhost:1111)
[note] profile seeded
        onboarding-storage marks the modal complete, so the app is an existing user rather than a first-run one
[PASS] window mode is headless and the window is never shown
        mode=headless visible=false focused=false
[PASS] the composer is on screen before anything is typed
[note] the session's owner
        warm (snapshot.cold = false)
[note] R6 capq session
        6bc0562c26c4
[note] CAPQ after the base settled
        {"inlineCap":"calc(var(--text-body-sm) * 1.6 * 10 + 19.5px + 0.25rem)","computedCap":"231.5px","clientHeight":232,"scrollHeight":281,"maxScroll":49,"scrollTop":0,"turnOffset":0,"questionBox":19.5,"questionText":"Question: q35 first question, answered","state":"other"}
[note] CAPQ across the refusal
        [{"at":17,"inlineCap":"calc(var(--text-body-sm) * 1.6 * 10 + 39px + 0.25rem)","computedCap":"251px","clientHeight":251,"scrollHeight":356,"maxScroll":105,"scrollTop":104.5,"turnOffset":293.06,"questionBox":39,"questionText":"Question: TOOLCALL2: q35 follow-up refus","state":"thinking"},{"at":79,"inlineCap":"calc(var(--text-body-sm) * 1.6 * 10 + 39px + 0.25rem)","computedCap":"251px","clientHeight":251,"scrollHeight":356,"maxScroll":105,"scrollTop":104.5,"turnOffset":293.06,"questionBox":39,"questionText":"Question: TOOLCALL2: q35 follow-up refus","state":"thinking"},{"at":142,"inlineCap":"calc(var(--text-body-sm) * 1.6 * 10 + 39px + 0.25rem)","computedCap":"251px","clientHeight":251,"scrollHeight":356,"maxScroll":105,"scrollTop":104.5,"turnOffset":293.06,"questionBox":39,"questionText":"Question: TOOLCALL2: q35 follow-up refus","state":"thinking"},{"at":206,"inlineCap":"calc(var(--text-body-sm) * 1.6 * 10 + 39px + 0.25rem)","computedCap":"251px","clientHeight":251,"scrollHeight":356,"maxScroll":105,"scrollTop":104.5,"turnOffset":293.06,"questionBox":39,"questionText":"Question: TOOLCALL2: q35 follow-up refus","state":"thinking"},{"at":267,"inlineCap":"calc(var(--text-body-sm) * 1.6 * 10 + 39px + 0.25rem)","computedCap":"251px","clientHeight":251,"scrollHeight":356,"maxScroll":105,"scrollTop":104.5,"turnOffset":293.06,"questionBox":39,"questionText":"Question: TOOLCALL2: q35 follow-up refus","state":"thinking"},{"at":341,"inlineCap":"calc(var(--text-body-sm) * 1.6 * 10 + 39px + 0.25rem)","computedCap":"251px","clientHeight":251,"scrollHeight":356,"maxScroll":105,"scrollTop":104.5,"turnOffset":293.06,"questionBox":39,"questionText":"Question: TOOLCALL2: q35 follow-up refus","state":"thinking"},{"at":405,"inlineCap":"calc(var(--text-body-sm) * 1.6 * 10 + 39px + 0.25rem)","computedCap":"251px","clientHeight":251,"scrollHeight":356,"maxScroll":105,"scrollTop":104.5,"turnOffset":293.06,"questionBox":39,"questionText":"Question: TOOLCALL2: q35 follow-up refus","state":"thinking"},{"at":469,"inlineCap":"calc(var(--text-body-sm) * 1.6 * 10 + 39px + 0.25rem)","computedCap":"251px","clientHeight":251,"scrollHeight":356,"maxScroll":105,"scrollTop":104.5,"turnOffset":293.06,"questionBox":39,"questionText":"Question: TOOLCALL2: q35 follow-up refus","state":"thinking"},{"at":594,"inlineCap":"calc(var(--text-body-sm) * 1.6 * 10 + 39px + 0.25rem)","computedCap":"251px","clientHeight":251,"scrollHeight":356,"maxScroll":105,"scrollTop":104.5,"turnOffset":293.06,"questionBox":39,"questionText":"Question: TOOLCALL2: q35 follow-up refus","state":"thinking"},{"at":659,"inlineCap":"calc(var(--text-body-sm) * 1.6 * 10 + 39px + 0.25rem)","computedCap":"251px","clientHeight":251,"scrollHeight":356,"maxScroll":105,"scrollTop":104.5,"turnOffset":293.06,"questionBox":39,"questionText":"Question: TOOLCALL2: q35 follow-up refus","state":"thinking"},{"at":722,"inlineCap":"calc(var(--text-body-sm) * 1.6 * 10 + 39px + 0.25rem)","computedCap":"251px","clientHeight":251,"scrollHeight":356,"maxScroll":105,"scrollTop":104.5,"turnOffset":293.06,"questionBox":39,"questionText":"Question: TOOLCALL2: q35 follow-up refus","state":"thinking"},{"at":784,"inlineCap":"calc(var(--text-body-sm) * 1.6 * 10 + 39px + 0.25rem)","computedCap":"251px","clientHeight":251,"scrollHeight":356,"maxScroll":105,"scrollTop":104.5,"turnOffset":293.06,"questionBox":39,"questionText":"Question: TOOLCALL2: q35 follow-up refus","state":"thinking"},{"at":849,"inlineCap":"calc(var(--text-body-sm) * 1.6 * 10 + 39px + 0.25rem)","computedCap":"251px","clientHeight":251,"scrollHeight":356,"maxScroll":105,"scrollTop":104.5,"turnOffset":293.06,"questionBox":39,"questionText":"Question: TOOLCALL2: q35 follow-up refus","state":"thinking"},{"at":927,"inlineCap":"calc(var(--text-body-sm) * 1.6 * 10 + 39px + 0.25rem)","computedCap":"251px","clientHeight":251,"scrollHeight":356,"maxScroll":105,"scrollTop":104.5,"turnOffset":293.06,"questionBox":39,"questionText":"Question: TOOLCALL2: q35 follow-up refus","state":"thinking"},{"at":992,"inlineCap":"calc(var(--text-body-sm) * 1.6 * 10 + 39px + 0.25rem)","computedCap":"251px","clientHeight":251,"scrollHeight":356,"maxScroll":105,"scrollTop":104.5,"turnOffset":293.06,"questionBox":39,"questionText":"Question: TOOLCALL2: q35 follow-up refus","state":"thinking"},{"at":1055,"inlineCap":"calc(var(--text-body-sm) * 1.6 * 10 + 39px + 0.25rem)","computedCap":"251px","clientHeight":251,"scrollHeight":356,"maxScroll":105,"scrollTop":104.5,"turnOffset":293.06,"questionBox":39,"questionText":"Question: TOOLCALL2: q35 follow-up refus","state":"thinking"},{"at":1117,"inlineCap":"calc(var(--text-body-sm) * 1.6 * 10 + 39px + 0.25rem)","computedCap":"251px","clientHeight":251,"scrollHeight":356,"maxScroll":105,"scrollTop":104.5,"turnOffset":293.06,"questionBox":39,"questionText":"Question: TOOLCALL2: q35 follow-up refus","state":"thinking"},{"at":1182,"inlineCap":"calc(var(--text-body-sm) * 1.6 * 10 + 39px + 0.25rem)","computedCap":"251px","clientHeight":251,"scrollHeight":356,"maxScroll":105,"scrollTop":104.5,"turnOffset":293.06,"questionBox":39,"questionText":"Question: TOOLCALL2: q35 follow-up refus","state":"thinking"},{"at":1247,"inlineCap":"calc(var(--text-body-sm) * 1.6 * 10 + 39px + 0.25rem)","computedCap":"251px","clientHeight":251,"scrollHeight":356,"maxScroll":105,"scrollTop":104.5,"turnOffset":293.06,"questionBox":39,"questionText":"Question: TOOLCALL2: q35 follow-up refus","state":"thinking"},{"at":1319,"inlineCap":"calc(var(--text-body-sm) * 1.6 * 10 + 39px + 0.25rem)","computedCap":"251px","clientHeight":251,"scrollHeight":356,"maxScroll":105,"scrollTop":104.5,"turnOffset":293.06,"questionBox":39,"questionText":"Question: TOOLCALL2: q35 follow-up refus","state":"thinking"},{"at":1384,"inlineCap":"calc(var(--text-body-sm) * 1.6 * 10 + 39px + 0.25rem)","computedCap":"251px","clientHeight":251,"scrollHeight":356,"maxScroll":105,"scrollTop":104.5,"turnOffset":293.06,"questionBox":39,"questionText":"Question: TOOLCALL2: q35 follow-up refus","state":"thinking"},{"at":1461,"inlineCap":"calc(var(--text-body-sm) * 1.6 * 10 + 39px + 0.25rem)","computedCap":"251px","clientHeight":251,"scrollHeight":356,"maxScroll":105,"scrollTop":104.5,"turnOffset":293.06,"questionBox":39,"questionText":"Question: TOOLCALL2: q35 follow-up refus","state":"thinking"},{"at":1524,"inlineCap":"calc(var(--text-body-sm) * 1.6 * 10 + 39px + 0.25rem)","computedCap":"251px","clientHeight":251,"scrollHeight":356,"maxScroll":105,"scrollTop":104.5,"turnOffset":293.06,"questionBox":39,"questionText":"Question: TOOLCALL2: q35 follow-up refus","state":"thinking"},{"at":1588,"inlineCap":"calc(var(--text-body-sm) * 1.6 * 10 + 39px + 0.25rem)","computedCap":"251px","clientHeight":251,"scrollHeight":356,"maxScroll":105,"scrollTop":104.5,"turnOffset":293.06,"questionBox":39,"questionText":"Question: TOOLCALL2: q35 follow-up refus","state":"thinking"},{"at":1651,"inlineCap":"calc(var(--text-body-sm) * 1.6 * 10 + 39px + 0.25rem)","computedCap":"251px","clientHeight":251,"scrollHeight":356,"maxScroll":105,"scrollTop":104.5,"turnOffset":293.06,"questionBox":39,"questionText":"Question: TOOLCALL2: q35 follow-up refus","state":"thinking"},{"at":1715,"inlineCap":"calc(var(--text-body-sm) * 1.6 * 10 + 39px + 0.25rem)","computedCap":"251px","clientHeight":251,"scrollHeight":356,"maxScroll":105,"scrollTop":104.5,"turnOffset":293.06,"questionBox":39,"questionText":"Question: TOOLCALL2: q35 follow-up refus","state":"thinking"},{"at":1778,"inlineCap":"calc(var(--text-body-sm) * 1.6 * 10 + 39px + 0.25rem)","computedCap":"251px","clientHeight":251,"scrollHeight":356,"maxScroll":105,"scrollTop":104.5,"turnOffset":293.06,"questionBox":39,"questionText":"Question: TOOLCALL2: q35 follow-up refus","state":"thinking"},{"at":1860,"inlineCap":"calc(var(--text-body-sm) * 1.6 * 10 + 39px + 0.25rem)","computedCap":"251px","clientHeight":251,"scrollHeight":356,"maxScroll":105,"scrollTop":104.5,"turnOffset":293.06,"questionBox":39,"questionText":"Question: TOOLCALL2: q35 follow-up refus","state":"thinking"},{"at":1936,"inlineCap":"calc(var(--text-body-sm) * 1.6 * 10 + 39px + 0.25rem)","computedCap":"251px","clientHeight":251,"scrollHeight":356,"maxScroll":105,"scrollTop":104.5,"turnOffset":293.06,"questionBox":39,"questionText":"Question: TOOLCALL2: q35 follow-up refus","state":"thinking"},{"at":2005,"inlineCap":"calc(var(--text-body-sm) * 1.6 * 10 + 39px + 0.25rem)","computedCap":"251px","clientHeight":251,"scrollHeight":356,"maxScroll":105,"scrollTop":104.5,"turnOffset":293.06,"questionBox":39,"questionText":"Question: TOOLCALL2: q35 follow-up refus","state":"thinking"},{"at":2114,"inlineCap":"calc(var(--text-body-sm) * 1.6 * 10 + 39px + 0.25rem)","computedCap":"251px","clientHeight":251,"scrollHeight":356,"maxScroll":105,"scrollTop":104.5,"turnOffset":293.06,"questionBox":39,"questionText":"Question: TOOLCALL2: q35 follow-up refus","state":"thinking"},{"at":2182,"inlineCap":"calc(var(--text-body-sm) * 1.6 * 10 + 39px + 0.25rem)","computedCap":"251px","clientHeight":251,"scrollHeight":356,"maxScroll":105,"scrollTop":104.5,"turnOffset":293.06,"questionBox":39,"questionText":"Question: TOOLCALL2: q35 follow-up refus","state":"thinking"},{"at":2244,"inlineCap":"calc(var(--text-body-sm) * 1.6 * 10 + 39px + 0.25rem)","computedCap":"251px","clientHeight":251,"scrollHeight":356,"maxScroll":105,"scrollTop":104.5,"turnOffset":293.06,"questionBox":39,"questionText":"Question: TOOLCALL2: q35 follow-up refus","state":"thinking"},{"at":2328,"inlineCap":"calc(var(--text-body-sm) * 1.6 * 10 + 39px + 0.25rem)","computedCap":"251px","clientHeight":251,"scrollHeight":356,"maxScroll":105,"scrollTop":104.5,"turnOffset":293.06,"questionBox":39,"questionText":"Question: TOOLCALL2: q35 follow-up refus","state":"thinking"},{"at":2392,"inlineCap":"calc(var(--text-body-sm) * 1.6 * 10 + 39px + 0.25rem)","computedCap":"251px","clientHeight":251,"scrollHeight":356,"maxScroll":105,"scrollTop":104.5,"turnOffset":293.06,"questionBox":39,"questionText":"Question: TOOLCALL2: q35 follow-up refus","state":"thinking"},{"at":2461,"inlineCap":"calc(var(--text-body-sm) * 1.6 * 10 + 39px + 0.25rem)","computedCap":"251px","clientHeight":251,"scrollHeight":356,"maxScroll":105,"scrollTop":104.5,"turnOffset":293.06,"questionBox":39,"questionText":"Question: TOOLCALL2: q35 follow-up refus","state":"thinking"},{"at":2525,"inlineCap":"calc(var(--text-body-sm) * 1.6 * 10 + 39px + 0.25rem)","computedCap":"251px","clientHeight":251,"scrollHeight":356,"maxScroll":105,"scrollTop":104.5,"turnOffset":293.06,"questionBox":39,"questionText":"Question: TOOLCALL2: q35 follow-up refus","state":"thinking"},{"at":2590,"inlineCap":"calc(var(--text-body-sm) * 1.6 * 10 + 39px + 0.25rem)","computedCap":"251px","clientHeight":251,"scrollHeight":356,"maxScroll":105,"scrollTop":104.5,"turnOffset":293.06,"questionBox":39,"questionText":"Question: TOOLCALL2: q35 follow-up refus","state":"thinking"},{"at":2670,"inlineCap":"calc(var(--text-body-sm) * 1.6 * 10 + 39px + 0.25rem)","computedCap":"251px","clientHeight":251,"scrollHeight":356,"maxScroll":105,"scrollTop":104.5,"turnOffset":293.06,"questionBox":39,"questionText":"Question: TOOLCALL2: q35 follow-up refus","state":"thinking"},{"at":2732,"inlineCap":"calc(var(--text-body-sm) * 1.6 * 10 + 39px + 0.25rem)","computedCap":"251px","clientHeight":251,"scrollHeight":356,"maxScroll":105,"scrollTop":104.5,"turnOffset":293.06,"questionBox":39,"questionText":"Question: TOOLCALL2: q35 follow-up refus","state":"thinking"},{"at":2807,"inlineCap":"calc(var(--text-body-sm) * 1.6 * 10 + 39px + 0.25rem)","computedCap":"251px","clientHeight":251,"scrollHeight":356,"maxScroll":105,"scrollTop":104.5,"turnOffset":293.06,"questionBox":39,"questionText":"Question: TOOLCALL2: q35 follow-up refus","state":"thinking"},{"at":2872,"inlineCap":"calc(var(--text-body-sm) * 1.6 * 10 + 39px + 0.25rem)","computedCap":"251px","clientHeight":251,"scrollHeight":356,"maxScroll":105,"scrollTop":104.5,"turnOffset":293.06,"questionBox":39,"questionText":"Question: TOOLCALL2: q35 follow-up refus","state":"thinking"},{"at":2935,"inlineCap":"calc(var(--text-body-sm) * 1.6 * 10 + 39px + 0.25rem)","computedCap":"251px","clientHeight":251,"scrollHeight":356,"maxScroll":105,"scrollTop":104.5,"turnOffset":293.06,"questionBox":39,"questionText":"Question: TOOLCALL2: q35 follow-up refus","state":"thinking"},{"at":2999,"inlineCap":"calc(var(--text-body-sm) * 1.6 * 10 + 39px + 0.25rem)","computedCap":"251px","clientHeight":251,"scrollHeight":356,"maxScroll":105,"scrollTop":104.5,"turnOffset":293.06,"questionBox":39,"questionText":"Question: TOOLCALL2: q35 follow-up refus","state":"thinking"},{"at":3067,"inlineCap":"calc(var(--text-body-sm) * 1.6 * 10 + 39px + 0.25rem)","computedCap":"251px","clientHeight":251,"scrollHeight":356,"maxScroll":105,"scrollTop":104.5,"turnOffset":293.06,"questionBox":39,"questionText":"Question: TOOLCALL2: q35 follow-up refus","state":"thinking"},{"at":3129,"inlineCap":"calc(var(--text-body-sm) * 1.6 * 10 + 39px + 0.25rem)","computedCap":"251px","clientHeight":251,"scrollHeight":356,"maxScroll":105,"scrollTop":104.5,"turnOffset":293.06,"questionBox":39,"questionText":"Question: TOOLCALL2: q35 follow-up refus","state":"thinking"},{"at":3193,"inlineCap":"calc(var(--text-body-sm) * 1.6 * 10 + 39px + 0.25rem)","computedCap":"251px","clientHeight":251,"scrollHeight":356,"maxScroll":105,"scrollTop":104.5,"turnOffset":293.06,"questionBox":39,"questionText":"Question: TOOLCALL2: q35 follow-up refus","state":"thinking"},{"at":3257,"inlineCap":"calc(var(--text-body-sm) * 1.6 * 10 + 39px + 0.25rem)","computedCap":"251px","clientHeight":251,"scrollHeight":356,"maxScroll":105,"scrollTop":104.5,"turnOffset":293.06,"questionBox":39,"questionText":"Question: TOOLCALL2: q35 follow-up refus","state":"thinking"},{"at":3327,"inlineCap":"calc(var(--text-body-sm) * 1.6 * 10 + 39px + 0.25rem)","computedCap":"251px","clientHeight":251,"scrollHeight":356,"maxScroll":105,"scrollTop":104.5,"turnOffset":293.06,"questionBox":39,"questionText":"Question: TOOLCALL2: q35 follow-up refus","state":"thinking"},{"at":3388,"inlineCap":"calc(var(--text-body-sm) * 1.6 * 10 + 39px + 0.25rem)","computedCap":"251px","clientHeight":251,"scrollHeight":356,"maxScroll":105,"scrollTop":104.5,"turnOffset":293.06,"questionBox":39,"questionText":"Question: TOOLCALL2: q35 follow-up refus","state":"thinking"},{"at":3463,"inlineCap":"calc(var(--text-body-sm) * 1.6 * 10 + 39px + 0.25rem)","computedCap":"251px","clientHeight":251,"scrollHeight":356,"maxScroll":105,"scrollTop":104.5,"turnOffset":293.06,"questionBox":39,"questionText":"Question: TOOLCALL2: q35 follow-up refus","state":"thinking"},{"at":3526,"inlineCap":"calc(var(--text-body-sm) * 1.6 * 10 + 39px + 0.25rem)","computedCap":"251px","clientHeight":251,"scrollHeight":356,"maxScroll":105,"scrollTop":104.5,"turnOffset":293.06,"questionBox":39,"questionText":"Question: TOOLCALL2: q35 follow-up refus","state":"thinking"},{"at":3589,"inlineCap":"calc(var(--text-body-sm) * 1.6 * 10 + 39px + 0.25rem)","computedCap":"251px","clientHeight":251,"scrollHeight":356,"maxScroll":105,"scrollTop":104.5,"turnOffset":293.06,"questionBox":39,"questionText":"Question: TOOLCALL2: q35 follow-up refus","state":"thinking"},{"at":3652,"inlineCap":"calc(var(--text-body-sm) * 1.6 * 10 + 39px + 0.25rem)","computedCap":"251px","clientHeight":251,"scrollHeight":356,"maxScroll":105,"scrollTop":104.5,"turnOffset":293.06,"questionBox":39,"questionText":"Question: TOOLCALL2: q35 follow-up refus","state":"thinking"},{"at":3714,"inlineCap":"calc(var(--text-body-sm) * 1.6 * 10 + 39px + 0.25rem)","computedCap":"251px","clientHeight":251,"scrollHeight":356,"maxScroll":105,"scrollTop":104.5,"turnOffset":293.06,"questionBox":39,"questionText":"Question: TOOLCALL2: q35 follow-up refus","state":"thinking"},{"at":3776,"inlineCap":"calc(var(--text-body-sm) * 1.6 * 10 + 39px + 0.25rem)","computedCap":"251px","clientHeight":251,"scrollHeight":356,"maxScroll":105,"scrollTop":104.5,"turnOffset":293.06,"questionBox":39,"questionText":"Question: TOOLCALL2: q35 follow-up refus","state":"thinking"},{"at":3839,"inlineCap":"calc(var(--text-body-sm) * 1.6 * 10 + 39px + 0.25rem)","computedCap":"251px","clientHeight":251,"scrollHeight":356,"maxScroll":105,"scrollTop":104.5,"turnOffset":293.06,"questionBox":39,"questionText":"Question: TOOLCALL2: q35 follow-up refus","state":"thinking"},{"at":3905,"inlineCap":"calc(var(--text-body-sm) * 1.6 * 10 + 39px + 0.25rem)","computedCap":"251px","clientHeight":251,"scrollHeight":356,"maxScroll":105,"scrollTop":104.5,"turnOffset":293.06,"questionBox":39,"questionText":"Question: TOOLCALL2: q35 follow-up refus","state":"thinking"},{"at":3969,"inlineCap":"calc(var(--text-body-sm) * 1.6 * 10 + 39px + 0.25rem)","computedCap":"251px","clientHeight":251,"scrollHeight":356,"maxScroll":105,"scrollTop":104.5,"turnOffset":293.06,"questionBox":39,"questionText":"Question: TOOLCALL2: q35 follow-up refus","state":"thinking"},{"at":4031,"inlineCap":"calc(var(--text-body-sm) * 1.6 * 10 + 39px + 0.25rem)","computedCap":"251px","clientHeight":251,"scrollHeight":356,"maxScroll":105,"scrollTop":104.5,"turnOffset":293.06,"questionBox":39,"questionText":"Question: TOOLCALL2: q35 follow-up refus","state":"thinking"},{"at":4093,"inlineCap":"calc(var(--text-body-sm) * 1.6 * 10 + 39px + 0.25rem)","computedCap":"251px","clientHeight":251,"scrollHeight":356,"maxScroll":105,"scrollTop":104.5,"turnOffset":293.06,"questionBox":39,"questionText":"Question: TOOLCALL2: q35 follow-up refus","state":"thinking"},{"at":4155,"inlineCap":"calc(var(--text-body-sm) * 1.6 * 10 + 39px + 0.25rem)","computedCap":"251px","clientHeight":251,"scrollHeight":356,"maxScroll":105,"scrollTop":104.5,"turnOffset":293.06,"questionBox":39,"questionText":"Question: TOOLCALL2: q35 follow-up refus","state":"thinking"},{"at":4218,"inlineCap":"calc(var(--text-body-sm) * 1.6 * 10 + 39px + 0.25rem)","computedCap":"251px","clientHeight":251,"scrollHeight":356,"maxScroll":105,"scrollTop":104.5,"turnOffset":293.06,"questionBox":39,"questionText":"Question: TOOLCALL2: q35 follow-up refus","state":"thinking"},{"at":4281,"inlineCap":"calc(var(--text-body-sm) * 1.6 * 10 + 39px + 0.25rem)","computedCap":"251px","clientHeight":251,"scrollHeight":356,"maxScroll":105,"scrollTop":104.5,"turnOffset":293.06,"questionBox":39,"questionText":"Question: TOOLCALL2: q35 follow-up refus","state":"thinking"},{"at":4349,"inlineCap":"calc(var(--text-body-sm) * 1.6 * 10 + 39px + 0.25rem)","computedCap":"251px","clientHeight":251,"scrollHeight":356,"maxScroll":105,"scrollTop":104.5,"turnOffset":293.06,"questionBox":39,"questionText":"Question: TOOLCALL2: q35 follow-up refus","state":"thinking"},{"at":4412,"inlineCap":"calc(var(--text-body-sm) * 1.6 * 10 + 39px + 0.25rem)","computedCap":"251px","clientHeight":251,"scrollHeight":356,"maxScroll":105,"scrollTop":104.5,"turnOffset":293.06,"questionBox":39,"questionText":"Question: TOOLCALL2: q35 follow-up refus","state":"thinking"},{"at":4478,"inlineCap":"calc(var(--text-body-sm) * 1.6 * 10 + 39px + 0.25rem)","computedCap":"251px","clientHeight":251,"scrollHeight":356,"maxScroll":105,"scrollTop":104.5,"turnOffset":293.06,"questionBox":39,"questionText":"Question: TOOLCALL2: q35 follow-up refus","state":"thinking"},{"at":4541,"inlineCap":"calc(var(--text-body-sm) * 1.6 * 10 + 39px + 0.25rem)","computedCap":"251px","clientHeight":251,"scrollHeight":356,"maxScroll":105,"scrollTop":104.5,"turnOffset":293.06,"questionBox":39,"questionText":"Question: TOOLCALL2: q35 follow-up refus","state":"thinking"},{"at":4603,"inlineCap":"calc(var(--text-body-sm) * 1.6 * 10 + 39px + 0.25rem)","computedCap":"251px","clientHeight":251,"scrollHeight":356,"maxScroll":105,"scrollTop":104.5,"turnOffset":293.06,"questionBox":39,"questionText":"Question: TOOLCALL2: q35 follow-up refus","state":"thinking"},{"at":4666,"inlineCap":"calc(var(--text-body-sm) * 1.6 * 10 + 39px + 0.25rem)","computedCap":"251px","clientHeight":251,"scrollHeight":356,"maxScroll":105,"scrollTop":104.5,"turnOffset":293.06,"questionBox":39,"questionText":"Question: TOOLCALL2: q35 follow-up refus","state":"thinking"},{"at":4729,"inlineCap":"calc(var(--text-body-sm) * 1.6 * 10 + 39px + 0.25rem)","computedCap":"251px","clientHeight":251,"scrollHeight":356,"maxScroll":105,"scrollTop":104.5,"turnOffset":293.06,"questionBox":39,"questionText":"Question: TOOLCALL2: q35 follow-up refus","state":"thinking"},{"at":4794,"inlineCap":"calc(var(--text-body-sm) * 1.6 * 10 + 39px + 0.25rem)","computedCap":"251px","clientHeight":251,"scrollHeight":356,"maxScroll":105,"scrollTop":104.5,"turnOffset":293.06,"questionBox":39,"questionText":"Question: TOOLCALL2: q35 follow-up refus","state":"thinking"},{"at":4854,"inlineCap":"calc(var(--text-body-sm) * 1.6 * 10 + 39px + 0.25rem)","computedCap":"251px","clientHeight":251,"scrollHeight":356,"maxScroll":105,"scrollTop":104.5,"turnOffset":293.06,"questionBox":39,"questionText":"Question: TOOLCALL2: q35 follow-up refus","state":"thinking"},{"at":4923,"inlineCap":"calc(var(--text-body-sm) * 1.6 * 10 + 39px + 0.25rem)","computedCap":"251px","clientHeight":251,"scrollHeight":356,"maxScroll":105,"scrollTop":104.5,"turnOffset":293.06,"questionBox":39,"questionText":"Question: TOOLCALL2: q35 follow-up refus","state":"thinking"},{"at":4991,"inlineCap":"calc(var(--text-body-sm) * 1.6 * 10 + 39px + 0.25rem)","computedCap":"251px","clientHeight":251,"scrollHeight":356,"maxScroll":105,"scrollTop":104.5,"turnOffset":293.06,"questionBox":39,"questionText":"Question: TOOLCALL2: q35 follow-up refus","state":"thinking"},{"at":5071,"inlineCap":"calc(var(--text-body-sm) * 1.6 * 10 + 39px + 0.25rem)","computedCap":"251px","clientHeight":251,"scrollHeight":356,"maxScroll":105,"scrollTop":104.5,"turnOffset":293.06,"questionBox":39,"questionText":"Question: TOOLCALL2: q35 follow-up refus","state":"thinking"},{"at":5151,"inlineCap":"calc(var(--text-body-sm) * 1.6 * 10 + 39px + 0.25rem)","computedCap":"251px","clientHeight":251,"scrollHeight":356,"maxScroll":105,"scrollTop":104.5,"turnOffset":293.06,"questionBox":39,"questionText":"Question: TOOLCALL2: q35 follow-up refus","state":"thinking"},{"at":5214,"inlineCap":"calc(var(--text-body-sm) * 1.6 * 10 + 39px + 0.25rem)","computedCap":"251px","clientHeight":251,"scrollHeight":356,"maxScroll":105,"scrollTop":104.5,"turnOffset":293.06,"questionBox":39,"questionText":"Question: TOOLCALL2: q35 follow-up refus","state":"thinking"},{"at":5276,"inlineCap":"calc(var(--text-body-sm) * 1.6 * 10 + 39px + 0.25rem)","computedCap":"251px","clientHeight":251,"scrollHeight":356,"maxScroll":105,"scrollTop":104.5,"turnOffset":293.06,"questionBox":39,"questionText":"Question: TOOLCALL2: q35 follow-up refus","state":"thinking"},{"at":5349,"inlineCap":"calc(var(--text-body-sm) * 1.6 * 10 + 39px + 0.25rem)","computedCap":"251px","clientHeight":251,"scrollHeight":356,"maxScroll":105,"scrollTop":104.5,"turnOffset":293.06,"questionBox":39,"questionText":"Question: TOOLCALL2: q35 follow-up refus","state":"thinking"},{"at":5411,"inlineCap":"calc(var(--text-body-sm) * 1.6 * 10 + 39px + 0.25rem)","computedCap":"251px","clientHeight":251,"scrollHeight":356,"maxScroll":105,"scrollTop":104.5,"turnOffset":293.06,"questionBox":39,"questionText":"Question: TOOLCALL2: q35 follow-up refus","state":"thinking"},{"at":5477,"inlineCap":"calc(var(--text-body-sm) * 1.6 * 10 + 39px + 0.25rem)","computedCap":"251px","clientHeight":251,"scrollHeight":356,"maxScroll":105,"scrollTop":104.5,"turnOffset":293.06,"questionBox":39,"questionText":"Question: TOOLCALL2: q35 follow-up refus","state":"thinking"},{"at":5541,"inlineCap":"calc(var(--text-body-sm) * 1.6 * 10 + 39px + 0.25rem)","computedCap":"251px","clientHeight":251,"scrollHeight":356,"maxScroll":105,"scrollTop":104.5,"turnOffset":293.06,"questionBox":39,"questionText":"Question: TOOLCALL2: q35 follow-up refus","state":"thinking"},{"at":5602,"inlineCap":"calc(var(--text-body-sm) * 1.6 * 10 + 39px + 0.25rem)","computedCap":"251px","clientHeight":251,"scrollHeight":356,"maxScroll":105,"scrollTop":104.5,"turnOffset":293.06,"questionBox":39,"questionText":"Question: TOOLCALL2: q35 follow-up refus","state":"thinking"},{"at":5665,"inlineCap":"calc(var(--text-body-sm) * 1.6 * 10 + 39px + 0.25rem)","computedCap":"251px","clientHeight":251,"scrollHeight":356,"maxScroll":105,"scrollTop":104.5,"turnOffset":293.06,"questionBox":39,"questionText":"Question: TOOLCALL2: q35 follow-up refus","state":"thinking"},{"at":5729,"inlineCap":"calc(var(--text-body-sm) * 1.6 * 10 + 39px + 0.25rem)","computedCap":"251px","clientHeight":251,"scrollHeight":356,"maxScroll":105,"scrollTop":104.5,"turnOffset":293.06,"questionBox":39,"questionText":"Question: TOOLCALL2: q35 follow-up refus","state":"thinking"},{"at":5791,"inlineCap":"calc(var(--text-body-sm) * 1.6 * 10 + 39px + 0.25rem)","computedCap":"251px","clientHeight":251,"scrollHeight":356,"maxScroll":105,"scrollTop":104.5,"turnOffset":293.06,"questionBox":39,"questionText":"Question: TOOLCALL2: q35 follow-up refus","state":"thinking"},{"at":5855,"inlineCap":"calc(var(--text-body-sm) * 1.6 * 10 + 39px + 0.25rem)","computedCap":"251px","clientHeight":251,"scrollHeight":356,"maxScroll":105,"scrollTop":104.5,"turnOffset":293.06,"questionBox":39,"questionText":"Question: TOOLCALL2: q35 follow-up refus","state":"thinking"},{"at":5941,"inlineCap":"calc(var(--text-body-sm) * 1.6 * 10 + 39px + 0.25rem)","computedCap":"251px","clientHeight":251,"scrollHeight":473,"maxScroll":222,"scrollTop":104.5,"turnOffset":293.06,"questionBox":39,"questionText":"Question: TOOLCALL2: q35 follow-up refus","state":"alert"}]
[note] CAPQ at rest
        {"inlineCap":"calc(var(--text-body-sm) * 1.6 * 10 + 39px + 0.25rem)","computedCap":"251px","clientHeight":251,"scrollHeight":473,"maxScroll":222,"scrollTop":104.5,"turnOffset":293.06,"questionBox":39,"questionText":"Question: TOOLCALL2: q35 follow-up refus","state":"alert"}
[note] CAPQ every frame [ms, scrollTop, scrollHeight, clientHeight, inline maxHeight] (first 6, the peak, the 6 after)
        {"first":[[19464,104.5,356,251,"calc(var(--text-body-sm) * 1.6 * 10 + 39px + 0.25rem)"],[19466,104.5,356,251,"calc(var(--text-body-sm) * 1.6 * 10 + 39px + 0.25rem)"],[19469,104.5,356,251,"calc(var(--text-body-sm) * 1.6 * 10 + 39px + 0.25rem)"],[19478,104.5,356,251,"calc(var(--text-body-sm) * 1.6 * 10 + 39px + 0.25rem)"],[19486,104.5,356,251,"calc(var(--text-body-sm) * 1.6 * 10 + 39px + 0.25rem)"],[19495,104.5,356,251,"calc(var(--text-body-sm) * 1.6 * 10 + 39px + 0.25rem)"]],"peak":104.5,"atPeak":[19464,104.5,356,251,"calc(var(--text-body-sm) * 1.6 * 10 + 39px + 0.25rem)"],"after":[[19466,104.5,356,251,"calc(var(--text-body-sm) * 1.6 * 10 + 39px + 0.25rem)"],[19469,104.5,356,251,"calc(var(--text-body-sm) * 1.6 * 10 + 39px + 0.25rem)"],[19478,104.5,356,251,"calc(var(--text-body-sm) * 1.6 * 10 + 39px + 0.25rem)"],[19486,104.5,356,251,"calc(var(--text-body-sm) * 1.6 * 10 + 39px + 0.25rem)"],[19495,104.5,356,251,"calc(var(--text-body-sm) * 1.6 * 10 + 39px + 0.25rem)"],[19503,104.5,356,251,"calc(var(--text-body-sm) * 1.6 * 10 + 39px + 0.25rem)"]],"last":[[26595,104.5,473,251,"calc(var(--text-body-sm) * 1.6 * 10 + 39px + 0.25rem)"],[26603,104.5,473,251,"calc(var(--text-body-sm) * 1.6 * 10 + 39px + 0.25rem)"],[26611,104.5,473,251,"calc(var(--text-body-sm) * 1.6 * 10 + 39px + 0.25rem)"]],"frameCount":860}
[note] CAPQ the same reading with the region's own box
        {"inline":"calc(var(--text-body-sm) * 1.6 * 10 + 39px + 0.25rem)","scrollbarGutter":"stable","clientWidth":226,"offsetWidth":234,"clientHeight":251,"pad":"0px"}
[PASS] no process from this run outlived its boot

frames: (none)
frames directory: /Users/damian/.local-operator/sessions/c9aa7ba49b42/scratchpad/rig6/frames/capqnarrow2
app log: /Users/damian/.local-operator/sessions/c9aa7ba49b42/scratchpad/rig6/tmp/lo-renderer-driver-37724/app-scene.log
scratch removed (--clean)

ALL CHECKS PASSED
== capqnarrow2 driver exit: 0 ==
total 0
drwxr-xr-x@  2 damian  staff   64 Sep 24 22:33 .
drwxr-xr-x@ 18 damian  staff  576 Sep 24 22:33 ..
8080 released before this command returned
port8080.lock released
--- proxy counters (/Users/damian/.local-operator/sessions/c9aa7ba49b42/scratchpad/rig6/run-capqnarrow2/proxy-stats.json) ---
{
  "oldDaemon": false,
  "asidePosts": [
    {
      "at": "2026-09-25T02:34:25.261Z",
      "url": "/v1/desktop/sessions/6bc0562c26c4/asides",
      "asideId": "42853942-3135-4320-82d5-67e1b32248a1",
      "continues": null,
      "questionHead": "q35 first question, answered",
      "text": "q35 first question, answered",
      "carriedSubscriptionField": true,
      "subscriptionId": "1e231caf73494c4bb63db9916f3ff7e2",
      "status": 200,
      "response": "{\"status\":200,\"message\":\"Desktop session result.\",\"result\":{\"data\":{\"aside_id\":\"42853942-3135-4320-82d5-67e1b32248a1\",\"text\":\"Transport failures and owner **5xx** responses, per provider, inside a moving window.\\n\\n- each transport failure spends one\\n- each owner 5xx spends one\\n- a retry that succeeds resets the window\\n\\nA **4xx** never spends it: the request was wrong, not the provider.\",\"off_record\":true},\"replayed\":false}}"
    },
    {
      "at": "2026-09-25T02:34:31.911Z",
      "url": "/v1/desktop/sessions/6bc0562c26c4/asides",
      "asideId": "8f92d86e-b66e-4ddf-a421-2894fe776b34",
      "continues": "42853942-3135-4320-82d5-67e1b32248a1",
      "questionHead": "TOOLCALL2: q35 follow-up refused by the model",
      "text": "TOOLCALL2: q35 follow-up refused by the model",
      "carriedSubscriptionField": true,
      "subscriptionId": "1e231caf73494c4bb63db9916f3ff7e2",
      "status": 409,
      "response": "{\"detail\":{\"code\":\"aside_unanswered\",\"message\":\"The model did not answer your aside in text — either a tool call, which is not available off the record, or nothing at all. No answer was produced: ask again.\"}}"
    }
  ],
  "streams": [
    {
      "url": "/v1/desktop/events",
      "openedAt": "2026-09-25T02:34:09.645Z",
      "subscriptionId": "9d84df8f1fa58250",
      "asideDeltas": 0,
      "deltaSizes": []
    },
    {
      "url": "/v1/desktop/sessions/6bc0562c26c4/events?frontend_replace=1",
      "openedAt": "2026-09-25T02:34:16.190Z",
      "subscriptionId": "1e231caf73494c4bb63db9916f3ff7e2",
      "asideDeltas": 8,
      "deltaSizes": [
        29,
        33,
        25,
        36,
        28,
        43,
        27,
        40
      ]
    }
  ],
  "asideDeltaFrames": 8,
  "deltasBySubscription": {
    "1e231caf73494c4bb63db9916f3ff7e2": 8
  },
  "deltasByAside": {
    "42853942-3135-4320-82d5-67e1b32248a1": 8
  },
  "refused422": 0,
  "messagePosts": [],
  "asideOps": []
}
--- end counters ---
