port8080.lock taken
rig up: proxy 5878 on 8080 -> daemon 4141 on 59400, stub 59330; 1111 untouched
== capqnarrow (btw-r6-capq) at 02:28:18 ==
[build] current: assets 2026-09-25T00:33:33.054Z >= sources 2026-09-25T00:04:08.960Z
[note] csp for this run's backend
        already widened for http://127.0.0.1:8177
  serve records 1 linked from /Users/damian/.local-operator/sessions/c9aa7ba49b42/scratchpad/rig6/run-capqnarrow/records   (the app admits a daemon only while a record describes one, and a record is a heartbeat)
local-operator-ui renderer driver
  repo          /Users/damian/local-operator-ui-worktrees/qa-482-r6
  scratch       /Users/damian/.local-operator/sessions/c9aa7ba49b42/scratchpad/rig6/tmp/lo-renderer-driver-6197
  frames        /Users/damian/.local-operator/sessions/c9aa7ba49b42/scratchpad/rig6/frames/capqnarrow
  app cwd       /Users/damian/.local-operator/sessions/c9aa7ba49b42/scratchpad/rig6/tmp/lo-renderer-driver-6197/cwd   (scratch: the repo's .env is not read)
  backend url   http://127.0.0.1:8177   (--backend: a live isolated backend this run owns)
  electron      44.3.0   (/Users/damian/local-operator-ui-worktrees/qa-482-r6/node_modules/.pnpm/electron@44.3.0/node_modules/electron/dist/Electron.app/Contents/MacOS/Electron)
  electron pin  44.3.0   (package.json optionalDependencies)
[PASS] the harness is driving the Electron this branch pins
[PASS] the scratch backend port is dead
[note] the app's default backend port (127.0.0.1:1111)
        a listener is up: this run's main process points elsewhere, and the check below proves the app holds no connection to the URL the RENDERER was built with
[note] verbs registered by the renderer
        ["hello","measure","navigate","openCanvasDocument","press","queries","queryFetches","setSidebarWidth","setTheme","state"]
[PASS] the armed launch said so on stdout
[PASS] the app's logs went to this run's scratch tree, not the operator's
[note] renderer's api base URL at hello, against --backend
        {"apiBaseUrl":"http://127.0.0.1:8177","backend":"http://127.0.0.1:8177"}
[PASS] the app holds a connection to this run's backend (http://127.0.0.1:8177)
[PASS] the app holds NO connection to the operator's own backend (http://localhost:1111)
[note] profile seeded
        onboarding-storage marks the modal complete, so the app is an existing user rather than a first-run one
[PASS] window mode is headless and the window is never shown
        mode=headless visible=false focused=false
[PASS] the composer is on screen before anything is typed
[note] the session's owner
        warm (snapshot.cold = false)
[note] R6 capq session
        abbd90e4479d
[note] CAPQ after the base settled
        {"inlineCap":"calc(var(--text-body-sm) * 1.6 * 10 + 19.5px + 0.25rem)","computedCap":"231.5px","clientHeight":232,"scrollHeight":281,"maxScroll":49,"scrollTop":0,"turnOffset":0,"questionBox":19.5,"questionText":"Question: q35 first question, answered","state":"other"}
[note] CAPQ across the refusal
        [{"at":36,"inlineCap":"calc(var(--text-body-sm) * 1.6 * 10 + 39px + 0.25rem)","computedCap":"251px","clientHeight":251,"scrollHeight":356,"maxScroll":105,"scrollTop":104.5,"turnOffset":293.06,"questionBox":39,"questionText":"Question: TOOLCALL2: q35 follow-up refus","state":"thinking"},{"at":135,"inlineCap":"calc(var(--text-body-sm) * 1.6 * 10 + 39px + 0.25rem)","computedCap":"251px","clientHeight":251,"scrollHeight":356,"maxScroll":105,"scrollTop":104.5,"turnOffset":293.06,"questionBox":39,"questionText":"Question: TOOLCALL2: q35 follow-up refus","state":"thinking"},{"at":208,"inlineCap":"calc(var(--text-body-sm) * 1.6 * 10 + 39px + 0.25rem)","computedCap":"251px","clientHeight":251,"scrollHeight":356,"maxScroll":105,"scrollTop":104.5,"turnOffset":293.06,"questionBox":39,"questionText":"Question: TOOLCALL2: q35 follow-up refus","state":"thinking"},{"at":273,"inlineCap":"calc(var(--text-body-sm) * 1.6 * 10 + 39px + 0.25rem)","computedCap":"251px","clientHeight":251,"scrollHeight":356,"maxScroll":105,"scrollTop":104.5,"turnOffset":293.06,"questionBox":39,"questionText":"Question: TOOLCALL2: q35 follow-up refus","state":"thinking"},{"at":391,"inlineCap":"calc(var(--text-body-sm) * 1.6 * 10 + 39px + 0.25rem)","computedCap":"251px","clientHeight":251,"scrollHeight":356,"maxScroll":105,"scrollTop":104.5,"turnOffset":293.06,"questionBox":39,"questionText":"Question: TOOLCALL2: q35 follow-up refus","state":"thinking"},{"at":490,"inlineCap":"calc(var(--text-body-sm) * 1.6 * 10 + 39px + 0.25rem)","computedCap":"251px","clientHeight":251,"scrollHeight":356,"maxScroll":105,"scrollTop":104.5,"turnOffset":293.06,"questionBox":39,"questionText":"Question: TOOLCALL2: q35 follow-up refus","state":"thinking"},{"at":603,"inlineCap":"calc(var(--text-body-sm) * 1.6 * 10 + 39px + 0.25rem)","computedCap":"251px","clientHeight":251,"scrollHeight":356,"maxScroll":105,"scrollTop":104.5,"turnOffset":293.06,"questionBox":39,"questionText":"Question: TOOLCALL2: q35 follow-up refus","state":"thinking"},{"at":665,"inlineCap":"calc(var(--text-body-sm) * 1.6 * 10 + 39px + 0.25rem)","computedCap":"251px","clientHeight":251,"scrollHeight":356,"maxScroll":105,"scrollTop":104.5,"turnOffset":293.06,"questionBox":39,"questionText":"Question: TOOLCALL2: q35 follow-up refus","state":"thinking"},{"at":728,"inlineCap":"calc(var(--text-body-sm) * 1.6 * 10 + 39px + 0.25rem)","computedCap":"251px","clientHeight":251,"scrollHeight":356,"maxScroll":105,"scrollTop":104.5,"turnOffset":293.06,"questionBox":39,"questionText":"Question: TOOLCALL2: q35 follow-up refus","state":"thinking"},{"at":791,"inlineCap":"calc(var(--text-body-sm) * 1.6 * 10 + 39px + 0.25rem)","computedCap":"251px","clientHeight":251,"scrollHeight":356,"maxScroll":105,"scrollTop":104.5,"turnOffset":293.06,"questionBox":39,"questionText":"Question: TOOLCALL2: q35 follow-up refus","state":"thinking"},{"at":854,"inlineCap":"calc(var(--text-body-sm) * 1.6 * 10 + 39px + 0.25rem)","computedCap":"251px","clientHeight":251,"scrollHeight":356,"maxScroll":105,"scrollTop":104.5,"turnOffset":293.06,"questionBox":39,"questionText":"Question: TOOLCALL2: q35 follow-up refus","state":"thinking"},{"at":917,"inlineCap":"calc(var(--text-body-sm) * 1.6 * 10 + 39px + 0.25rem)","computedCap":"251px","clientHeight":251,"scrollHeight":356,"maxScroll":105,"scrollTop":104.5,"turnOffset":293.06,"questionBox":39,"questionText":"Question: TOOLCALL2: q35 follow-up refus","state":"thinking"},{"at":993,"inlineCap":"calc(var(--text-body-sm) * 1.6 * 10 + 39px + 0.25rem)","computedCap":"251px","clientHeight":251,"scrollHeight":356,"maxScroll":105,"scrollTop":104.5,"turnOffset":293.06,"questionBox":39,"questionText":"Question: TOOLCALL2: q35 follow-up refus","state":"thinking"},{"at":1058,"inlineCap":"calc(var(--text-body-sm) * 1.6 * 10 + 39px + 0.25rem)","computedCap":"251px","clientHeight":251,"scrollHeight":356,"maxScroll":105,"scrollTop":104.5,"turnOffset":293.06,"questionBox":39,"questionText":"Question: TOOLCALL2: q35 follow-up refus","state":"thinking"},{"at":1122,"inlineCap":"calc(var(--text-body-sm) * 1.6 * 10 + 39px + 0.25rem)","computedCap":"251px","clientHeight":251,"scrollHeight":356,"maxScroll":105,"scrollTop":104.5,"turnOffset":293.06,"questionBox":39,"questionText":"Question: TOOLCALL2: q35 follow-up refus","state":"thinking"},{"at":1186,"inlineCap":"calc(var(--text-body-sm) * 1.6 * 10 + 39px + 0.25rem)","computedCap":"251px","clientHeight":251,"scrollHeight":356,"maxScroll":105,"scrollTop":104.5,"turnOffset":293.06,"questionBox":39,"questionText":"Question: TOOLCALL2: q35 follow-up refus","state":"thinking"},{"at":1249,"inlineCap":"calc(var(--text-body-sm) * 1.6 * 10 + 39px + 0.25rem)","computedCap":"251px","clientHeight":251,"scrollHeight":356,"maxScroll":105,"scrollTop":104.5,"turnOffset":293.06,"questionBox":39,"questionText":"Question: TOOLCALL2: q35 follow-up refus","state":"thinking"},{"at":1315,"inlineCap":"calc(var(--text-body-sm) * 1.6 * 10 + 39px + 0.25rem)","computedCap":"251px","clientHeight":251,"scrollHeight":356,"maxScroll":105,"scrollTop":104.5,"turnOffset":293.06,"questionBox":39,"questionText":"Question: TOOLCALL2: q35 follow-up refus","state":"thinking"},{"at":1381,"inlineCap":"calc(var(--text-body-sm) * 1.6 * 10 + 39px + 0.25rem)","computedCap":"251px","clientHeight":251,"scrollHeight":356,"maxScroll":105,"scrollTop":104.5,"turnOffset":293.06,"questionBox":39,"questionText":"Question: TOOLCALL2: q35 follow-up refus","state":"thinking"},{"at":1446,"inlineCap":"calc(var(--text-body-sm) * 1.6 * 10 + 39px + 0.25rem)","computedCap":"251px","clientHeight":251,"scrollHeight":356,"maxScroll":105,"scrollTop":104.5,"turnOffset":293.06,"questionBox":39,"questionText":"Question: TOOLCALL2: q35 follow-up refus","state":"thinking"},{"at":1509,"inlineCap":"calc(var(--text-body-sm) * 1.6 * 10 + 39px + 0.25rem)","computedCap":"251px","clientHeight":251,"scrollHeight":356,"maxScroll":105,"scrollTop":104.5,"turnOffset":293.06,"questionBox":39,"questionText":"Question: TOOLCALL2: q35 follow-up refus","state":"thinking"},{"at":1572,"inlineCap":"calc(var(--text-body-sm) * 1.6 * 10 + 39px + 0.25rem)","computedCap":"251px","clientHeight":251,"scrollHeight":356,"maxScroll":105,"scrollTop":104.5,"turnOffset":293.06,"questionBox":39,"questionText":"Question: TOOLCALL2: q35 follow-up refus","state":"thinking"},{"at":1639,"inlineCap":"calc(var(--text-body-sm) * 1.6 * 10 + 39px + 0.25rem)","computedCap":"251px","clientHeight":251,"scrollHeight":356,"maxScroll":105,"scrollTop":104.5,"turnOffset":293.06,"questionBox":39,"questionText":"Question: TOOLCALL2: q35 follow-up refus","state":"thinking"},{"at":1707,"inlineCap":"calc(var(--text-body-sm) * 1.6 * 10 + 39px + 0.25rem)","computedCap":"251px","clientHeight":251,"scrollHeight":356,"maxScroll":105,"scrollTop":104.5,"turnOffset":293.06,"questionBox":39,"questionText":"Question: TOOLCALL2: q35 follow-up refus","state":"thinking"},{"at":1772,"inlineCap":"calc(var(--text-body-sm) * 1.6 * 10 + 39px + 0.25rem)","computedCap":"251px","clientHeight":251,"scrollHeight":356,"maxScroll":105,"scrollTop":104.5,"turnOffset":293.06,"questionBox":39,"questionText":"Question: TOOLCALL2: q35 follow-up refus","state":"thinking"},{"at":1839,"inlineCap":"calc(var(--text-body-sm) * 1.6 * 10 + 39px + 0.25rem)","computedCap":"251px","clientHeight":251,"scrollHeight":356,"maxScroll":105,"scrollTop":104.5,"turnOffset":293.06,"questionBox":39,"questionText":"Question: TOOLCALL2: q35 follow-up refus","state":"thinking"},{"at":1907,"inlineCap":"calc(var(--text-body-sm) * 1.6 * 10 + 39px + 0.25rem)","computedCap":"251px","clientHeight":251,"scrollHeight":356,"maxScroll":105,"scrollTop":104.5,"turnOffset":293.06,"questionBox":39,"questionText":"Question: TOOLCALL2: q35 follow-up refus","state":"thinking"},{"at":1987,"inlineCap":"calc(var(--text-body-sm) * 1.6 * 10 + 39px + 0.25rem)","computedCap":"251px","clientHeight":251,"scrollHeight":356,"maxScroll":105,"scrollTop":104.5,"turnOffset":293.06,"questionBox":39,"questionText":"Question: TOOLCALL2: q35 follow-up refus","state":"thinking"},{"at":2051,"inlineCap":"calc(var(--text-body-sm) * 1.6 * 10 + 39px + 0.25rem)","computedCap":"251px","clientHeight":251,"scrollHeight":356,"maxScroll":105,"scrollTop":104.5,"turnOffset":293.06,"questionBox":39,"questionText":"Question: TOOLCALL2: q35 follow-up refus","state":"thinking"},{"at":2129,"inlineCap":"calc(var(--text-body-sm) * 1.6 * 10 + 39px + 0.25rem)","computedCap":"251px","clientHeight":251,"scrollHeight":356,"maxScroll":105,"scrollTop":104.5,"turnOffset":293.06,"questionBox":39,"questionText":"Question: TOOLCALL2: q35 follow-up refus","state":"thinking"},{"at":2195,"inlineCap":"calc(var(--text-body-sm) * 1.6 * 10 + 39px + 0.25rem)","computedCap":"251px","clientHeight":251,"scrollHeight":356,"maxScroll":105,"scrollTop":104.5,"turnOffset":293.06,"questionBox":39,"questionText":"Question: TOOLCALL2: q35 follow-up refus","state":"thinking"},{"at":2258,"inlineCap":"calc(var(--text-body-sm) * 1.6 * 10 + 39px + 0.25rem)","computedCap":"251px","clientHeight":251,"scrollHeight":356,"maxScroll":105,"scrollTop":104.5,"turnOffset":293.06,"questionBox":39,"questionText":"Question: TOOLCALL2: q35 follow-up refus","state":"thinking"},{"at":2319,"inlineCap":"calc(var(--text-body-sm) * 1.6 * 10 + 39px + 0.25rem)","computedCap":"251px","clientHeight":251,"scrollHeight":356,"maxScroll":105,"scrollTop":104.5,"turnOffset":293.06,"questionBox":39,"questionText":"Question: TOOLCALL2: q35 follow-up refus","state":"thinking"},{"at":2382,"inlineCap":"calc(var(--text-body-sm) * 1.6 * 10 + 39px + 0.25rem)","computedCap":"251px","clientHeight":251,"scrollHeight":356,"maxScroll":105,"scrollTop":104.5,"turnOffset":293.06,"questionBox":39,"questionText":"Question: TOOLCALL2: q35 follow-up refus","state":"thinking"},{"at":2447,"inlineCap":"calc(var(--text-body-sm) * 1.6 * 10 + 39px + 0.25rem)","computedCap":"251px","clientHeight":251,"scrollHeight":356,"maxScroll":105,"scrollTop":104.5,"turnOffset":293.06,"questionBox":39,"questionText":"Question: TOOLCALL2: q35 follow-up refus","state":"thinking"},{"at":2517,"inlineCap":"calc(var(--text-body-sm) * 1.6 * 10 + 39px + 0.25rem)","computedCap":"251px","clientHeight":251,"scrollHeight":356,"maxScroll":105,"scrollTop":104.5,"turnOffset":293.06,"questionBox":39,"questionText":"Question: TOOLCALL2: q35 follow-up refus","state":"thinking"},{"at":2581,"inlineCap":"calc(var(--text-body-sm) * 1.6 * 10 + 39px + 0.25rem)","computedCap":"251px","clientHeight":251,"scrollHeight":356,"maxScroll":105,"scrollTop":104.5,"turnOffset":293.06,"questionBox":39,"questionText":"Question: TOOLCALL2: q35 follow-up refus","state":"thinking"},{"at":2648,"inlineCap":"calc(var(--text-body-sm) * 1.6 * 10 + 39px + 0.25rem)","computedCap":"251px","clientHeight":251,"scrollHeight":356,"maxScroll":105,"scrollTop":104.5,"turnOffset":293.06,"questionBox":39,"questionText":"Question: TOOLCALL2: q35 follow-up refus","state":"thinking"},{"at":2730,"inlineCap":"calc(var(--text-body-sm) * 1.6 * 10 + 39px + 0.25rem)","computedCap":"251px","clientHeight":251,"scrollHeight":356,"maxScroll":105,"scrollTop":104.5,"turnOffset":293.06,"questionBox":39,"questionText":"Question: TOOLCALL2: q35 follow-up refus","state":"thinking"},{"at":2837,"inlineCap":"calc(var(--text-body-sm) * 1.6 * 10 + 39px + 0.25rem)","computedCap":"251px","clientHeight":251,"scrollHeight":356,"maxScroll":105,"scrollTop":104.5,"turnOffset":293.06,"questionBox":39,"questionText":"Question: TOOLCALL2: q35 follow-up refus","state":"thinking"},{"at":2900,"inlineCap":"calc(var(--text-body-sm) * 1.6 * 10 + 39px + 0.25rem)","computedCap":"251px","clientHeight":251,"scrollHeight":356,"maxScroll":105,"scrollTop":104.5,"turnOffset":293.06,"questionBox":39,"questionText":"Question: TOOLCALL2: q35 follow-up refus","state":"thinking"},{"at":2986,"inlineCap":"calc(var(--text-body-sm) * 1.6 * 10 + 39px + 0.25rem)","computedCap":"251px","clientHeight":251,"scrollHeight":356,"maxScroll":105,"scrollTop":104.5,"turnOffset":293.06,"questionBox":39,"questionText":"Question: TOOLCALL2: q35 follow-up refus","state":"thinking"},{"at":3098,"inlineCap":"calc(var(--text-body-sm) * 1.6 * 10 + 39px + 0.25rem)","computedCap":"251px","clientHeight":251,"scrollHeight":356,"maxScroll":105,"scrollTop":104.5,"turnOffset":293.06,"questionBox":39,"questionText":"Question: TOOLCALL2: q35 follow-up refus","state":"thinking"},{"at":3160,"inlineCap":"calc(var(--text-body-sm) * 1.6 * 10 + 39px + 0.25rem)","computedCap":"251px","clientHeight":251,"scrollHeight":356,"maxScroll":105,"scrollTop":104.5,"turnOffset":293.06,"questionBox":39,"questionText":"Question: TOOLCALL2: q35 follow-up refus","state":"thinking"},{"at":3244,"inlineCap":"calc(var(--text-body-sm) * 1.6 * 10 + 39px + 0.25rem)","computedCap":"251px","clientHeight":251,"scrollHeight":356,"maxScroll":105,"scrollTop":104.5,"turnOffset":293.06,"questionBox":39,"questionText":"Question: TOOLCALL2: q35 follow-up refus","state":"thinking"},{"at":3370,"inlineCap":"calc(var(--text-body-sm) * 1.6 * 10 + 39px + 0.25rem)","computedCap":"251px","clientHeight":251,"scrollHeight":356,"maxScroll":105,"scrollTop":104.5,"turnOffset":293.06,"questionBox":39,"questionText":"Question: TOOLCALL2: q35 follow-up refus","state":"thinking"},{"at":3432,"inlineCap":"calc(var(--text-body-sm) * 1.6 * 10 + 39px + 0.25rem)","computedCap":"251px","clientHeight":251,"scrollHeight":356,"maxScroll":105,"scrollTop":104.5,"turnOffset":293.06,"questionBox":39,"questionText":"Question: TOOLCALL2: q35 follow-up refus","state":"thinking"},{"at":3494,"inlineCap":"calc(var(--text-body-sm) * 1.6 * 10 + 39px + 0.25rem)","computedCap":"251px","clientHeight":251,"scrollHeight":356,"maxScroll":105,"scrollTop":104.5,"turnOffset":293.06,"questionBox":39,"questionText":"Question: TOOLCALL2: q35 follow-up refus","state":"thinking"},{"at":3557,"inlineCap":"calc(var(--text-body-sm) * 1.6 * 10 + 39px + 0.25rem)","computedCap":"251px","clientHeight":251,"scrollHeight":356,"maxScroll":105,"scrollTop":104.5,"turnOffset":293.06,"questionBox":39,"questionText":"Question: TOOLCALL2: q35 follow-up refus","state":"thinking"},{"at":3618,"inlineCap":"calc(var(--text-body-sm) * 1.6 * 10 + 39px + 0.25rem)","computedCap":"251px","clientHeight":251,"scrollHeight":356,"maxScroll":105,"scrollTop":104.5,"turnOffset":293.06,"questionBox":39,"questionText":"Question: TOOLCALL2: q35 follow-up refus","state":"thinking"},{"at":3685,"inlineCap":"calc(var(--text-body-sm) * 1.6 * 10 + 39px + 0.25rem)","computedCap":"251px","clientHeight":251,"scrollHeight":356,"maxScroll":105,"scrollTop":104.5,"turnOffset":293.06,"questionBox":39,"questionText":"Question: TOOLCALL2: q35 follow-up refus","state":"thinking"},{"at":3748,"inlineCap":"calc(var(--text-body-sm) * 1.6 * 10 + 39px + 0.25rem)","computedCap":"251px","clientHeight":251,"scrollHeight":356,"maxScroll":105,"scrollTop":104.5,"turnOffset":293.06,"questionBox":39,"questionText":"Question: TOOLCALL2: q35 follow-up refus","state":"thinking"},{"at":3812,"inlineCap":"calc(var(--text-body-sm) * 1.6 * 10 + 39px + 0.25rem)","computedCap":"251px","clientHeight":251,"scrollHeight":356,"maxScroll":105,"scrollTop":104.5,"turnOffset":293.06,"questionBox":39,"questionText":"Question: TOOLCALL2: q35 follow-up refus","state":"thinking"},{"at":3876,"inlineCap":"calc(var(--text-body-sm) * 1.6 * 10 + 39px + 0.25rem)","computedCap":"251px","clientHeight":251,"scrollHeight":356,"maxScroll":105,"scrollTop":104.5,"turnOffset":293.06,"questionBox":39,"questionText":"Question: TOOLCALL2: q35 follow-up refus","state":"thinking"},{"at":3939,"inlineCap":"calc(var(--text-body-sm) * 1.6 * 10 + 39px + 0.25rem)","computedCap":"251px","clientHeight":251,"scrollHeight":356,"maxScroll":105,"scrollTop":104.5,"turnOffset":293.06,"questionBox":39,"questionText":"Question: TOOLCALL2: q35 follow-up refus","state":"thinking"},{"at":4000,"inlineCap":"calc(var(--text-body-sm) * 1.6 * 10 + 39px + 0.25rem)","computedCap":"251px","clientHeight":251,"scrollHeight":356,"maxScroll":105,"scrollTop":104.5,"turnOffset":293.06,"questionBox":39,"questionText":"Question: TOOLCALL2: q35 follow-up refus","state":"thinking"},{"at":4062,"inlineCap":"calc(var(--text-body-sm) * 1.6 * 10 + 39px + 0.25rem)","computedCap":"251px","clientHeight":251,"scrollHeight":356,"maxScroll":105,"scrollTop":104.5,"turnOffset":293.06,"questionBox":39,"questionText":"Question: TOOLCALL2: q35 follow-up refus","state":"thinking"},{"at":4124,"inlineCap":"calc(var(--text-body-sm) * 1.6 * 10 + 39px + 0.25rem)","computedCap":"251px","clientHeight":251,"scrollHeight":356,"maxScroll":105,"scrollTop":104.5,"turnOffset":293.06,"questionBox":39,"questionText":"Question: TOOLCALL2: q35 follow-up refus","state":"thinking"},{"at":4196,"inlineCap":"calc(var(--text-body-sm) * 1.6 * 10 + 39px + 0.25rem)","computedCap":"251px","clientHeight":251,"scrollHeight":356,"maxScroll":105,"scrollTop":104.5,"turnOffset":293.06,"questionBox":39,"questionText":"Question: TOOLCALL2: q35 follow-up refus","state":"thinking"},{"at":4273,"inlineCap":"calc(var(--text-body-sm) * 1.6 * 10 + 39px + 0.25rem)","computedCap":"251px","clientHeight":251,"scrollHeight":356,"maxScroll":105,"scrollTop":104.5,"turnOffset":293.06,"questionBox":39,"questionText":"Question: TOOLCALL2: q35 follow-up refus","state":"thinking"},{"at":4337,"inlineCap":"calc(var(--text-body-sm) * 1.6 * 10 + 39px + 0.25rem)","computedCap":"251px","clientHeight":251,"scrollHeight":356,"maxScroll":105,"scrollTop":104.5,"turnOffset":293.06,"questionBox":39,"questionText":"Question: TOOLCALL2: q35 follow-up refus","state":"thinking"},{"at":4399,"inlineCap":"calc(var(--text-body-sm) * 1.6 * 10 + 39px + 0.25rem)","computedCap":"251px","clientHeight":251,"scrollHeight":356,"maxScroll":105,"scrollTop":104.5,"turnOffset":293.06,"questionBox":39,"questionText":"Question: TOOLCALL2: q35 follow-up refus","state":"thinking"},{"at":4474,"inlineCap":"calc(var(--text-body-sm) * 1.6 * 10 + 39px + 0.25rem)","computedCap":"251px","clientHeight":251,"scrollHeight":356,"maxScroll":105,"scrollTop":104.5,"turnOffset":293.06,"questionBox":39,"questionText":"Question: TOOLCALL2: q35 follow-up refus","state":"thinking"},{"at":4537,"inlineCap":"calc(var(--text-body-sm) * 1.6 * 10 + 39px + 0.25rem)","computedCap":"251px","clientHeight":251,"scrollHeight":356,"maxScroll":105,"scrollTop":104.5,"turnOffset":293.06,"questionBox":39,"questionText":"Question: TOOLCALL2: q35 follow-up refus","state":"thinking"},{"at":4600,"inlineCap":"calc(var(--text-body-sm) * 1.6 * 10 + 39px + 0.25rem)","computedCap":"251px","clientHeight":251,"scrollHeight":356,"maxScroll":105,"scrollTop":104.5,"turnOffset":293.06,"questionBox":39,"questionText":"Question: TOOLCALL2: q35 follow-up refus","state":"thinking"},{"at":4665,"inlineCap":"calc(var(--text-body-sm) * 1.6 * 10 + 39px + 0.25rem)","computedCap":"251px","clientHeight":251,"scrollHeight":356,"maxScroll":105,"scrollTop":104.5,"turnOffset":293.06,"questionBox":39,"questionText":"Question: TOOLCALL2: q35 follow-up refus","state":"thinking"},{"at":4727,"inlineCap":"calc(var(--text-body-sm) * 1.6 * 10 + 39px + 0.25rem)","computedCap":"251px","clientHeight":251,"scrollHeight":356,"maxScroll":105,"scrollTop":104.5,"turnOffset":293.06,"questionBox":39,"questionText":"Question: TOOLCALL2: q35 follow-up refus","state":"thinking"},{"at":4790,"inlineCap":"calc(var(--text-body-sm) * 1.6 * 10 + 39px + 0.25rem)","computedCap":"251px","clientHeight":251,"scrollHeight":356,"maxScroll":105,"scrollTop":104.5,"turnOffset":293.06,"questionBox":39,"questionText":"Question: TOOLCALL2: q35 follow-up refus","state":"thinking"},{"at":4854,"inlineCap":"calc(var(--text-body-sm) * 1.6 * 10 + 39px + 0.25rem)","computedCap":"251px","clientHeight":251,"scrollHeight":356,"maxScroll":105,"scrollTop":104.5,"turnOffset":293.06,"questionBox":39,"questionText":"Question: TOOLCALL2: q35 follow-up refus","state":"thinking"},{"at":4917,"inlineCap":"calc(var(--text-body-sm) * 1.6 * 10 + 39px + 0.25rem)","computedCap":"251px","clientHeight":251,"scrollHeight":356,"maxScroll":105,"scrollTop":104.5,"turnOffset":293.06,"questionBox":39,"questionText":"Question: TOOLCALL2: q35 follow-up refus","state":"thinking"},{"at":4980,"inlineCap":"calc(var(--text-body-sm) * 1.6 * 10 + 39px + 0.25rem)","computedCap":"251px","clientHeight":251,"scrollHeight":356,"maxScroll":105,"scrollTop":104.5,"turnOffset":293.06,"questionBox":39,"questionText":"Question: TOOLCALL2: q35 follow-up refus","state":"thinking"},{"at":5043,"inlineCap":"calc(var(--text-body-sm) * 1.6 * 10 + 39px + 0.25rem)","computedCap":"251px","clientHeight":251,"scrollHeight":356,"maxScroll":105,"scrollTop":104.5,"turnOffset":293.06,"questionBox":39,"questionText":"Question: TOOLCALL2: q35 follow-up refus","state":"thinking"},{"at":5107,"inlineCap":"calc(var(--text-body-sm) * 1.6 * 10 + 39px + 0.25rem)","computedCap":"251px","clientHeight":251,"scrollHeight":356,"maxScroll":105,"scrollTop":104.5,"turnOffset":293.06,"questionBox":39,"questionText":"Question: TOOLCALL2: q35 follow-up refus","state":"thinking"},{"at":5170,"inlineCap":"calc(var(--text-body-sm) * 1.6 * 10 + 39px + 0.25rem)","computedCap":"251px","clientHeight":251,"scrollHeight":356,"maxScroll":105,"scrollTop":104.5,"turnOffset":293.06,"questionBox":39,"questionText":"Question: TOOLCALL2: q35 follow-up refus","state":"thinking"},{"at":5232,"inlineCap":"calc(var(--text-body-sm) * 1.6 * 10 + 39px + 0.25rem)","computedCap":"251px","clientHeight":251,"scrollHeight":356,"maxScroll":105,"scrollTop":104.5,"turnOffset":293.06,"questionBox":39,"questionText":"Question: TOOLCALL2: q35 follow-up refus","state":"thinking"},{"at":5329,"inlineCap":"calc(var(--text-body-sm) * 1.6 * 10 + 39px + 0.25rem)","computedCap":"251px","clientHeight":251,"scrollHeight":356,"maxScroll":105,"scrollTop":104.5,"turnOffset":293.06,"questionBox":39,"questionText":"Question: TOOLCALL2: q35 follow-up refus","state":"thinking"},{"at":5403,"inlineCap":"calc(var(--text-body-sm) * 1.6 * 10 + 39px + 0.25rem)","computedCap":"251px","clientHeight":251,"scrollHeight":356,"maxScroll":105,"scrollTop":104.5,"turnOffset":293.06,"questionBox":39,"questionText":"Question: TOOLCALL2: q35 follow-up refus","state":"thinking"},{"at":5470,"inlineCap":"calc(var(--text-body-sm) * 1.6 * 10 + 39px + 0.25rem)","computedCap":"251px","clientHeight":251,"scrollHeight":473,"maxScroll":222,"scrollTop":104.5,"turnOffset":293.06,"questionBox":39,"questionText":"Question: TOOLCALL2: q35 follow-up refus","state":"alert"}]
[note] CAPQ at rest
        {"inlineCap":"calc(var(--text-body-sm) * 1.6 * 10 + 39px + 0.25rem)","computedCap":"251px","clientHeight":251,"scrollHeight":473,"maxScroll":222,"scrollTop":104.5,"turnOffset":293.06,"questionBox":39,"questionText":"Question: TOOLCALL2: q35 follow-up refus","state":"alert"}
[note] CAPQ the same reading with the region's own box
        {"inline":"calc(var(--text-body-sm) * 1.6 * 10 + 39px + 0.25rem)","scrollbarGutter":"stable","clientWidth":226,"offsetWidth":234,"clientHeight":251,"pad":"0px"}
[PASS] no process from this run outlived its boot

frames: (none)
frames directory: /Users/damian/.local-operator/sessions/c9aa7ba49b42/scratchpad/rig6/frames/capqnarrow
app log: /Users/damian/.local-operator/sessions/c9aa7ba49b42/scratchpad/rig6/tmp/lo-renderer-driver-6197/app-scene.log
scratch removed (--clean)

ALL CHECKS PASSED
== capqnarrow driver exit: 0 ==
total 0
drwxr-xr-x@  2 damian  staff   64 Sep 24 22:28 .
drwxr-xr-x@ 17 damian  staff  544 Sep 24 22:28 ..
8080 released before this command returned
port8080.lock released
--- proxy counters (/Users/damian/.local-operator/sessions/c9aa7ba49b42/scratchpad/rig6/run-capqnarrow/proxy-stats.json) ---
{
  "oldDaemon": false,
  "asidePosts": [
    {
      "at": "2026-09-25T02:28:38.122Z",
      "url": "/v1/desktop/sessions/abbd90e4479d/asides",
      "asideId": "2ad62788-d732-4019-9c5e-41a4102bce0b",
      "continues": null,
      "questionHead": "q35 first question, answered",
      "text": "q35 first question, answered",
      "carriedSubscriptionField": true,
      "subscriptionId": "d4aa47e4796641959f1ffeadbc8c0cd2",
      "status": 200,
      "response": "{\"status\":200,\"message\":\"Desktop session result.\",\"result\":{\"data\":{\"aside_id\":\"2ad62788-d732-4019-9c5e-41a4102bce0b\",\"text\":\"Transport failures and owner **5xx** responses, per provider, inside a moving window.\\n\\n- each transport failure spends one\\n- each owner 5xx spends one\\n- a retry that succeeds resets the window\\n\\nA **4xx** never spends it: the request was wrong, not the provider.\",\"off_record\":true},\"replayed\":false}}"
    },
    {
      "at": "2026-09-25T02:28:45.375Z",
      "url": "/v1/desktop/sessions/abbd90e4479d/asides",
      "asideId": "9830829d-a99b-45dc-ab15-cf6b8ba33836",
      "continues": "2ad62788-d732-4019-9c5e-41a4102bce0b",
      "questionHead": "TOOLCALL2: q35 follow-up refused by the model",
      "text": "TOOLCALL2: q35 follow-up refused by the model",
      "carriedSubscriptionField": true,
      "subscriptionId": "d4aa47e4796641959f1ffeadbc8c0cd2",
      "status": 409,
      "response": "{\"detail\":{\"code\":\"aside_unanswered\",\"message\":\"The model did not answer your aside in text — either a tool call, which is not available off the record, or nothing at all. No answer was produced: ask again.\"}}"
    }
  ],
  "streams": [
    {
      "url": "/v1/desktop/events",
      "openedAt": "2026-09-25T02:28:23.277Z",
      "subscriptionId": "b16db1923eac2ae4",
      "asideDeltas": 0,
      "deltaSizes": []
    },
    {
      "url": "/v1/desktop/sessions/abbd90e4479d/events?frontend_replace=1",
      "openedAt": "2026-09-25T02:28:29.252Z",
      "subscriptionId": "d4aa47e4796641959f1ffeadbc8c0cd2",
      "asideDeltas": 8,
      "deltaSizes": [
        29,
        33,
        25,
        36,
        28,
        43,
        27,
        40
      ]
    }
  ],
  "asideDeltaFrames": 8,
  "deltasBySubscription": {
    "d4aa47e4796641959f1ffeadbc8c0cd2": 8
  },
  "deltasByAside": {
    "2ad62788-d732-4019-9c5e-41a4102bce0b": 8
  },
  "refused422": 0,
  "messagePosts": [],
  "asideOps": []
}
--- end counters ---
