renderer-driver: frame timezone pinned to America/New_York (ambient TZ=America/Toronto)
[build] current: assets 2026-10-08T21:04:57.120Z >= sources 2026-10-08T20:57:25.418Z
[note] abandoned scratch trees
        6 seen, 0 owned by a live pid (kept), 6 younger than 30m (kept), 0 removed
[note] csp for this run's backend
        already widened for http://127.0.0.1:18731 (frame-src already lists it, media-src already lists it, img-src already lists it)
  serve records 3 linked from /Users/damian/.local-operator/sessions/fc88957ed847/scratchpad/pr898-evidence/full-dark/records   (the app admits a daemon only while a record describes one, and a record is a heartbeat)
local-operator-ui renderer driver
  repo          /Users/damian/local-operator-ui-worktrees/palette-recents
  scratch       /var/folders/qd/1q2xkcls0tg60vh97jjngxc40000gn/T/lo-renderer-driver-15667
  frames        /Users/damian/.local-operator/sessions/fc88957ed847/scratchpad/pr898-evidence/full-dark/frames
  app cwd       /var/folders/qd/1q2xkcls0tg60vh97jjngxc40000gn/T/lo-renderer-driver-15667/cwd   (scratch: the repo's .env is not read)
  backend url   http://127.0.0.1:18731   (--backend: a live isolated backend this run owns)
  electron      44.3.0   (/Users/damian/local-operator-ui-worktrees/palette-recents/node_modules/.pnpm/electron@44.3.0/node_modules/electron/dist/Electron.app/Contents/MacOS/Electron)
  electron pin  44.3.0   (package.json optionalDependencies)
[PASS] the harness is driving the Electron this branch pins
[PASS] the scratch backend port is dead
[note] the app's default backend port (127.0.0.1:1111)
        a listener is up: this run's main process points elsewhere, and the check below proves the app holds no connection to the URL the RENDERER was built with
[note] verbs registered by the renderer
        ["hello","measure","navigate","openCanvasDocument","press","queries","queryFetches","setSidebarWidth","setTheme","stageLiveConsents","state"]
[PASS] the armed launch said so on stdout
[PASS] the app's logs went to this run's scratch tree, not the operator's
[note] renderer's api base URL at hello, against --backend
        {"apiBaseUrl":"http://127.0.0.1:18731","backend":"http://127.0.0.1:18731"}
[PASS] the app holds a connection to this run's backend (http://127.0.0.1:18731)
[PASS] the app holds NO connection to the operator's own backend (http://localhost:1111)
[note] profile seeded
        onboarding-storage marks the modal complete, so the app is an existing user rather than a first-run one
[PASS] the renderer sees the built app, not a bare Vite page
[PASS] window mode is headless and the window is never shown
[PASS] the catalogue answered with this set's fixture
[PASS] the seeded bound ring hydrated into the app
[note] the full Recents pin over the bound catalogue
        {"box":{"x":371,"y":265.5,"width":638,"height":384},"headings":["Recents","Chats"],"options":[{"id":"chat-p016","heading":"Recents","selected":true,"text":"Chat 016minervadevOpen↵"},{"id":"chat-p017","heading":"Recents","selected":false,"text":"Chat 017minervadev"},{"id":"chat-p018","heading":"Recents","selected":false,"text":"Chat 018minervadev"},{"id":"chat-p035","heading":"Recents","selected":false,"text":"Chat 035reviewer"},{"id":"chat-p036","heading":"Recents","selected":false,"text":"Chat 036reviewer"},{"id":"chat-p000","heading":"Chats","selected":false,"text":"Chat 000"},{"id":"chat-p001","heading":"Chats","selected":false,"text":"Chat 001"},{"id":"chat-p002","heading":"Chats","selected":false,"text":"Chat 002"},{"id":"chat-p003","heading":"Chats","selected":false,"text":"Chat 003"},{"id":"chat-p004","heading":"Chats","selected":false,"text":"Chat 004"}],"active":"chat-p016"}
[PASS] the Recents pin is FULL: five rows, in ring order
[PASS] the pin claims only FIVE of the six ring entries: the sixth is not in Recents
[note] the sixth ring entry sits past the Chats tier's own five-row cap in this fixture, so this frame does not draw it - it is not in Recents either (the pin's cap, not an exclusion)
        ["chat-p000","chat-p001","chat-p002","chat-p003","chat-p004"]
[PASS] a Recents row carries its binding hint (the team or agent the conversation is bound to)
[PASS] no conversation is drawn twice across the sections
[PASS] palette-recents-full-dark draws the dark palette its name claims
        DOM localOperatorDark #22201c; mean luma 22.8 vs 32.1 own / 237.3 other
[PASS] no process from this run outlived its boot

frames: palette-recents-full-dark.png
frames directory: /Users/damian/.local-operator/sessions/fc88957ed847/scratchpad/pr898-evidence/full-dark/frames
app log: /var/folders/qd/1q2xkcls0tg60vh97jjngxc40000gn/T/lo-renderer-driver-15667/app-scene.log
scratch kept: /var/folders/qd/1q2xkcls0tg60vh97jjngxc40000gn/T/lo-renderer-driver-15667 (the frames are also in --out)

ALL CHECKS PASSED
