ux5 private-port lock taken
rig up: proxy 51607 on 8391 -> daemon 50610 on 61049, stub 61008; 1111 and 8080 untouched
== ux5narrow2 (btw-ux4b) at 13:18:05 ==
[build] current: assets 2026-09-25T13:14:15.052Z >= sources 2026-09-25T12:33:29.028Z
[note] csp for this run's backend
        already widened for http://127.0.0.1:8391
  serve records 1 linked from /Users/damian/.local-operator/sessions/bde1c5028625/scratchpad/ux5rig/run-ux5narrow2/records   (the app admits a daemon only while a record describes one, and a record is a heartbeat)
local-operator-ui renderer driver
  repo          /Users/damian/local-operator-ui-worktrees/ux482-r5-7c31f9
  scratch       /Users/damian/.local-operator/sessions/bde1c5028625/scratchpad/ux5rig/tmp/lo-renderer-driver-51740
  frames        /Users/damian/.local-operator/sessions/bde1c5028625/scratchpad/ux5rig/frames/ux5narrow2
  app cwd       /Users/damian/.local-operator/sessions/bde1c5028625/scratchpad/ux5rig/tmp/lo-renderer-driver-51740/cwd   (scratch: the repo's .env is not read)
  backend url   http://127.0.0.1:8391   (--backend: a live isolated backend this run owns)
  electron      44.3.0   (/Users/damian/local-operator-ui/node_modules/.pnpm/electron@44.3.0/node_modules/electron/dist/Electron.app/Contents/MacOS/Electron)
  electron pin  44.3.0   (package.json optionalDependencies)
[PASS] the harness is driving the Electron this branch pins
[PASS] the scratch backend port is dead
[note] the app's default backend port (127.0.0.1:1111)
        a listener is up: this run's main process points elsewhere, and the check below proves the app holds no connection to the URL the RENDERER was built with
[note] verbs registered by the renderer
        ["hello","measure","navigate","openCanvasDocument","press","queries","queryFetches","setSidebarWidth","setTheme","state"]
[PASS] the armed launch said so on stdout
[PASS] the app's logs went to this run's scratch tree, not the operator's
[note] renderer's api base URL at hello, against --backend
        {"apiBaseUrl":"http://127.0.0.1:8391","backend":"http://127.0.0.1:8391"}
[PASS] the app holds a connection to this run's backend (http://127.0.0.1:8391)
[PASS] the app holds NO connection to the operator's own backend (http://localhost:1111)
[note] profile seeded
        onboarding-storage marks the modal complete, so the app is an existing user rather than a first-run one
[PASS] headless and never shown
        mode=headless visible=false focused=false
[PASS] the composer is on screen before anything is typed
[note] the session's owner
        warm (snapshot.cold = false)
[note] UX4b session
        330fcc6e4acc
[note] 1a the composed refusal at narrow
        {"text":"The model did not answer your aside in text — either a tool call, which is not available off the record, or nothing at all. No answer was produced: Ask again here to keep this exchange, or press Esc to close the aside and discard it.","askAgain":1,"region":{"scrollTop":222,"maxScroll":222,"clientHeight":251,"turns":2,"tabIndex":0}}
[note] 1a refusal in the region at narrow (Q33)
        {"scrollTop":221.5,"maxScroll":222,"target":293.1,"state":"alert","alertText":"The model did not answer your aside in text — either a tool call, which is not available off the record, or nothing at all. No answer was produced: Ask again here to keep this exchange, or press Esc to close the aside and discard it.","alertTopInRegion":114.6,"alertBottomInRegion":251.1,"clientHeight":251,"hiddenBelowPx":0.1,"hiddenAbovePx":0,"rows":7,"rowsFullyVisible":7,"lastRowBottomVsClipPx":-2.4,"phrase":{"needle":"discard it","bottomVsClipPx":-2.4,"visible":true}}
[PASS] 1a at 800px the composed refusal still states the remedy once and names both options
        {"text":"The model did not answer your aside in text — either a tool call, which is not available off the record, or nothing at all. No answer was produced: Ask again here to keep this exchange, or press Esc to close the aside and discard it.","askAgain":1}
[PASS] 1a at 800px the whole refusal is inside the region's clip and the clause that names Esc's cost is readable
        {"scrollTop":221.5,"maxScroll":222,"target":293.1,"state":"alert","alertText":"The model did not answer your aside in text — either a tool call, which is not available off the record, or nothing at all. No answer was produced: Ask again here to keep this exchange, or press Esc to close the aside and discard it.","alertTopInRegion":114.6,"alertBottomInRegion":251.1,"clientHeight":251,"hiddenBelowPx":0.1,"hiddenAbovePx":0,"rows":7,"rowsFullyVisible":7,"lastRowBottomVsClipPx":-2.4,"phrase":{"needle":"discard it","bottomVsClipPx":-2.4,"visible":true}}
[note] frame
        {"label":"ux4b-ux5narrow2-b01-narrow-composed-refusal-once","width":1600,"height":1736}
[note] 1b at narrow, after Esc
        {"ms":169,"panelUp":false,"active":"textarea[Message]","targetId":"aba300e7-b306-4198-ba29-6145235cc3fd","entryId":"aba300e7-b306-4198-ba29-6145235cc3fd","status":200,"entryAfter":{"status":404,"detail":"This aside is no longer available","turns":null,"firstTurnHead":null,"complete":null,"adoptable":null}}
[PASS] 1b at 800px Esc still names the entry that holds the exchange, and the exchange goes
        {"target":"aba300e7-b306-4198-ba29-6145235cc3fd","entryId":"aba300e7-b306-4198-ba29-6145235cc3fd","status":200,"entryAfter":{"status":404,"detail":"This aside is no longer available","turns":null,"firstTurnHead":null,"complete":null,"adoptable":null},"active":"textarea[Message]"}
[note] frame
        {"label":"ux4b-ux5narrow2-b02-narrow-refused-arm-after-esc","width":1600,"height":1736}
[note] 2 the retry in place at narrow
        {"retryMs":5386,"status":200,"continues":"44bdea53-3ff2-4401-bff8-961f9898b8dc","tails":2,"turns":3,"refusalStillThere":true}
[PASS] 2 at 800px the copy's first option is still true: asking again in the same panel is answered, and the refusal's own turn is kept
        {"status":200,"tails":2,"turns":3}
[note] frame
        {"label":"ux4b-ux5narrow2-b03-narrow-retry-answered-in-place","width":1600,"height":1736}
[note] 3a the first ⌘+F at narrow
        {"notice":"Press ⌘+F again to add the aside to the conversation. Once added, it stays there.","noticeCount":1,"adoptOps":0,"region":{"scrollTop":0,"maxScroll":49,"clientHeight":232,"turns":1,"tabIndex":0}}
[PASS] 3a at 800px the first press only confirms, and the confirm sits with the control it names
        {"ops":0,"notice":"Press ⌘+F again to add the aside to the conversation. Once added, it stays there.","gapPx":4}
[note] frame
        {"label":"ux4b-ux5narrow2-b04-narrow-first-cmdf-confirm","width":1600,"height":1736}
[note] 3b the second press at narrow
        {"panelGoneMs":236,"painted":{"UN3 the exchange to adopt":374},"adoptOps":1}
[PASS] 3b at 800px a deliberate second press adopts, once, and the rows paint
        {"ops":1,"painted":{"UN3 the exchange to adopt":374}}
[note] frame
        {"label":"ux4b-ux5narrow2-b05-narrow-second-press-adopts","width":1600,"height":1736}
[note] UX4b scene
        finished
[PASS] no process from this run outlived its boot

frames: ux4b-ux5narrow2-b01-narrow-composed-refusal-once.png, ux4b-ux5narrow2-b02-narrow-refused-arm-after-esc.png, ux4b-ux5narrow2-b03-narrow-retry-answered-in-place.png, ux4b-ux5narrow2-b04-narrow-first-cmdf-confirm.png, ux4b-ux5narrow2-b05-narrow-second-press-adopts.png
frames directory: /Users/damian/.local-operator/sessions/bde1c5028625/scratchpad/ux5rig/frames/ux5narrow2
app log: /Users/damian/.local-operator/sessions/bde1c5028625/scratchpad/ux5rig/tmp/lo-renderer-driver-51740/app-scene.log
scratch removed (--clean)

ALL CHECKS PASSED
== ux5narrow2 driver exit: 0 ==
total 2800
drwxr-xr-x@ 7 damian  staff     224 Sep 25 09:19 .
drwxr-xr-x@ 5 damian  staff     160 Sep 25 09:17 ..
-rw-r--r--@ 1 damian  staff  308014 Sep 25 09:18 ux4b-ux5narrow2-b01-narrow-composed-refusal-once.png
-rw-r--r--@ 1 damian  staff  230175 Sep 25 09:18 ux4b-ux5narrow2-b02-narrow-refused-arm-after-esc.png
-rw-r--r--@ 1 damian  staff  291240 Sep 25 09:18 ux4b-ux5narrow2-b03-narrow-retry-answered-in-place.png
-rw-r--r--@ 1 damian  staff  298582 Sep 25 09:19 ux4b-ux5narrow2-b04-narrow-first-cmdf-confirm.png
-rw-r--r--@ 1 damian  staff  292165 Sep 25 09:19 ux4b-ux5narrow2-b05-narrow-second-press-adopts.png
8391 released before this command returned
ux5 private-port lock released
--- proxy counters (/Users/damian/.local-operator/sessions/bde1c5028625/scratchpad/ux5rig/run-ux5narrow2/proxy-stats.json) ---
{
  "oldDaemon": false,
  "asidePosts": [
    {
      "at": "2026-09-25T13:18:23.995Z",
      "url": "/v1/desktop/sessions/330fcc6e4acc/asides",
      "asideId": "aba300e7-b306-4198-ba29-6145235cc3fd",
      "continues": null,
      "questionHead": "UN1 what does the retry budget cap",
      "text": "UN1 what does the retry budget cap",
      "carriedSubscriptionField": true,
      "subscriptionId": "cbfd84ba7d8e4c1798dd0894dc62c064",
      "status": 200,
      "response": "{\"status\":200,\"message\":\"Desktop session result.\",\"result\":{\"data\":{\"aside_id\":\"aba300e7-b306-4198-ba29-6145235cc3fd\",\"text\":\"Transport failures and owner **5xx** responses, per provider, inside a moving window.\\n\\n- each transport failure spends one\\n- each owner 5xx spends one\\n- a retry that succeeds resets the window\\n\\nA **4xx** never spends it: the request was wrong, not the provider.\",\"off_record\":true},\"replayed\":false}}"
    },
    {
      "at": "2026-09-25T13:18:29.862Z",
      "url": "/v1/desktop/sessions/330fcc6e4acc/asides",
      "asideId": "b5d8ab9b-547c-4943-96df-8fc2f099e555",
      "continues": "aba300e7-b306-4198-ba29-6145235cc3fd",
      "questionHead": "TOOLCALL2: UN1 the follow-up the model declines",
      "text": "TOOLCALL2: UN1 the follow-up the model declines",
      "carriedSubscriptionField": true,
      "subscriptionId": "cbfd84ba7d8e4c1798dd0894dc62c064",
      "status": 409,
      "response": "{\"detail\":{\"code\":\"aside_unanswered\",\"message\":\"The model did not answer your aside in text — either a tool call, which is not available off the record, or nothing at all. No answer was produced: ask again.\"}}"
    },
    {
      "at": "2026-09-25T13:18:37.484Z",
      "url": "/v1/desktop/sessions/330fcc6e4acc/asides",
      "asideId": "44bdea53-3ff2-4401-bff8-961f9898b8dc",
      "continues": null,
      "questionHead": "UN2 the retry in place",
      "text": "UN2 the retry in place",
      "carriedSubscriptionField": true,
      "subscriptionId": "cbfd84ba7d8e4c1798dd0894dc62c064",
      "status": 200,
      "response": "{\"status\":200,\"message\":\"Desktop session result.\",\"result\":{\"data\":{\"aside_id\":\"44bdea53-3ff2-4401-bff8-961f9898b8dc\",\"text\":\"Transport failures and owner **5xx** responses, per provider, inside a moving window.\\n\\n- each transport failure spends one\\n- each owner 5xx spends one\\n- a retry that succeeds resets the window\\n\\nA **4xx** never spends it: the request was wrong, not the provider.\",\"off_record\":true},\"replayed\":false}}"
    },
    {
      "at": "2026-09-25T13:18:43.026Z",
      "url": "/v1/desktop/sessions/330fcc6e4acc/asides",
      "asideId": "b9b34f20-1d7c-47cb-8876-a2f1cb6ba998",
      "continues": "44bdea53-3ff2-4401-bff8-961f9898b8dc",
      "questionHead": "TOOLCALL2: UN2 the declined follow-up",
      "text": "TOOLCALL2: UN2 the declined follow-up",
      "carriedSubscriptionField": true,
      "subscriptionId": "cbfd84ba7d8e4c1798dd0894dc62c064",
      "status": 409,
      "response": "{\"detail\":{\"code\":\"aside_unanswered\",\"message\":\"The model did not answer your aside in text — either a tool call, which is not available off the record, or nothing at all. No answer was produced: ask again.\"}}"
    },
    {
      "at": "2026-09-25T13:18:49.821Z",
      "url": "/v1/desktop/sessions/330fcc6e4acc/asides",
      "asideId": "f8e42eed-c37e-48f3-beed-b46843417fd8",
      "continues": "44bdea53-3ff2-4401-bff8-961f9898b8dc",
      "questionHead": "UN2 retry in the same panel",
      "text": "UN2 retry in the same panel",
      "carriedSubscriptionField": true,
      "subscriptionId": "cbfd84ba7d8e4c1798dd0894dc62c064",
      "status": 200,
      "response": "{\"status\":200,\"message\":\"Desktop session result.\",\"result\":{\"data\":{\"aside_id\":\"f8e42eed-c37e-48f3-beed-b46843417fd8\",\"text\":\"Transport failures and owner **5xx** responses, per provider, inside a moving window.\\n\\n- each transport failure spends one\\n- each owner 5xx spends one\\n- a retry that succeeds resets the window\\n\\nA **4xx** never spends it: the request was wrong, not the provider.\",\"off_record\":true},\"replayed\":false}}"
    },
    {
      "at": "2026-09-25T13:18:55.992Z",
      "url": "/v1/desktop/sessions/330fcc6e4acc/asides",
      "asideId": "0cb43d89-25aa-4fb0-9e01-e17a19f3a70d",
      "continues": null,
      "questionHead": "UN3 the exchange to adopt",
      "text": "UN3 the exchange to adopt",
      "carriedSubscriptionField": true,
      "subscriptionId": "cbfd84ba7d8e4c1798dd0894dc62c064",
      "status": 200,
      "response": "{\"status\":200,\"message\":\"Desktop session result.\",\"result\":{\"data\":{\"aside_id\":\"0cb43d89-25aa-4fb0-9e01-e17a19f3a70d\",\"text\":\"Transport failures and owner **5xx** responses, per provider, inside a moving window.\\n\\n- each transport failure spends one\\n- each owner 5xx spends one\\n- a retry that succeeds resets the window\\n\\nA **4xx** never spends it: the request was wrong, not the provider.\",\"off_record\":true},\"replayed\":false}}"
    }
  ],
  "streams": [
    {
      "url": "/v1/desktop/events",
      "openedAt": "2026-09-25T13:18:07.420Z",
      "subscriptionId": "37dccefa539139a6",
      "asideDeltas": 0,
      "deltaSizes": []
    },
    {
      "url": "/v1/desktop/sessions/330fcc6e4acc/events?frontend_replace=1",
      "openedAt": "2026-09-25T13:18:10.499Z",
      "subscriptionId": "cbfd84ba7d8e4c1798dd0894dc62c064",
      "asideDeltas": 32,
      "deltaSizes": [
        29,
        33,
        25,
        36,
        28,
        43,
        27,
        40,
        29,
        33,
        25,
        36,
        28,
        43,
        27,
        40,
        29,
        33,
        25,
        36,
        28,
        43,
        27,
        40,
        29,
        33,
        25,
        36,
        28,
        43,
        27,
        40
      ]
    },
    {
      "url": "/v1/desktop/sessions/330fcc6e4acc/events?frontend_replace=1",
      "openedAt": "2026-09-25T13:19:03.615Z",
      "subscriptionId": "da060e13294d46348a6f8b82ac5ee67d",
      "asideDeltas": 0,
      "deltaSizes": []
    }
  ],
  "asideDeltaFrames": 32,
  "deltasBySubscription": {
    "cbfd84ba7d8e4c1798dd0894dc62c064": 32
  },
  "deltasByAside": {
    "aba300e7-b306-4198-ba29-6145235cc3fd": 8,
    "44bdea53-3ff2-4401-bff8-961f9898b8dc": 8,
    "f8e42eed-c37e-48f3-beed-b46843417fd8": 8,
    "0cb43d89-25aa-4fb0-9e01-e17a19f3a70d": 8
  },
  "refused422": 0,
  "messagePosts": [
    {
      "at": "2026-09-25T13:18:17.228Z",
      "url": "/v1/desktop/sessions/330fcc6e4acc/messages",
      "kind": "message",
      "text": "ux4b seed turn",
      "images": 0,
      "held": 0,
      "status": 200,
      "response": "{\"status\":200,\"message\":\"Desktop session result.\",\"result\":{\"status\":\"admitted\",\"duplicate\":false,\"detail\":\"prompt admitted\",\"command_id\":\"c3d35c19-e5b9-42ea-8cb2-414cde8acee8\",\"replayed\":false}}",
      "forwardedAt": "2026-09-25T13:18:17.229Z"
    }
  ],
  "asideOps": [
    {
      "at": "2026-09-25T13:18:36.911Z",
      "method": "DELETE",
      "url": "/v1/desktop/sessions/330fcc6e4acc/asides/aba300e7-b306-4198-ba29-6145235cc3fd",
      "kind": "close",
      "probe": false,
      "status": 200,
      "response": "{\"status\":200,\"message\":\"Desktop session result.\",\"result\":{\"data\":{\"aside_id\":\"aba300e7-b306-4198-ba29-6145235cc3fd\",\"status\":\"closed\"},\"replayed\":false}}"
    },
    {
      "at": "2026-09-25T13:18:55.260Z",
      "method": "DELETE",
      "url": "/v1/desktop/sessions/330fcc6e4acc/asides/f8e42eed-c37e-48f3-beed-b46843417fd8",
      "kind": "close",
      "probe": false,
      "status": 200,
      "response": "{\"status\":200,\"message\":\"Desktop session result.\",\"result\":{\"data\":{\"aside_id\":\"f8e42eed-c37e-48f3-beed-b46843417fd8\",\"status\":\"closed\"},\"replayed\":false}}"
    },
    {
      "at": "2026-09-25T13:19:03.293Z",
      "method": "POST",
      "url": "/v1/desktop/sessions/330fcc6e4acc/asides/0cb43d89-25aa-4fb0-9e01-e17a19f3a70d/adopt",
      "kind": "adopt",
      "probe": false,
      "status": 200,
      "response": "{\"status\":200,\"message\":\"Desktop session result.\",\"result\":{\"data\":{\"aside_id\":\"0cb43d89-25aa-4fb0-9e01-e17a19f3a70d\",\"status\":\"adopted\"},\"replayed\":false}}"
    }
  ]
}
--- end counters ---
