ux5 private-port lock taken
rig up: proxy 1431 on 8391 -> daemon 99821 on 53797, stub 53750; 1111 and 8080 untouched
== ux5r3narrow (btw-ux3b) at 13:28:20 ==
[build] current: assets 2026-09-25T13:14:15.052Z >= sources 2026-09-25T12:33:29.028Z
[note] csp for this run's backend
        already widened for http://127.0.0.1:8391
  serve records 1 linked from /Users/damian/.local-operator/sessions/bde1c5028625/scratchpad/ux5rig/run-ux5r3narrow/records   (the app admits a daemon only while a record describes one, and a record is a heartbeat)
local-operator-ui renderer driver
  repo          /Users/damian/local-operator-ui-worktrees/ux482-r5-7c31f9
  scratch       /Users/damian/.local-operator/sessions/bde1c5028625/scratchpad/ux5rig/tmp/lo-renderer-driver-1569
  frames        /Users/damian/.local-operator/sessions/bde1c5028625/scratchpad/ux5rig/frames/ux5r3narrow
  app cwd       /Users/damian/.local-operator/sessions/bde1c5028625/scratchpad/ux5rig/tmp/lo-renderer-driver-1569/cwd   (scratch: the repo's .env is not read)
  backend url   http://127.0.0.1:8391   (--backend: a live isolated backend this run owns)
  electron      44.3.0   (/Users/damian/local-operator-ui/node_modules/.pnpm/electron@44.3.0/node_modules/electron/dist/Electron.app/Contents/MacOS/Electron)
  electron pin  44.3.0   (package.json optionalDependencies)
[PASS] the harness is driving the Electron this branch pins
[PASS] the scratch backend port is dead
[note] the app's default backend port (127.0.0.1:1111)
        a listener is up: this run's main process points elsewhere, and the check below proves the app holds no connection to the URL the RENDERER was built with
[note] verbs registered by the renderer
        ["hello","measure","navigate","openCanvasDocument","press","queries","queryFetches","setSidebarWidth","setTheme","state"]
[PASS] the armed launch said so on stdout
[PASS] the app's logs went to this run's scratch tree, not the operator's
[note] renderer's api base URL at hello, against --backend
        {"apiBaseUrl":"http://127.0.0.1:8391","backend":"http://127.0.0.1:8391"}
[PASS] the app holds a connection to this run's backend (http://127.0.0.1:8391)
[PASS] the app holds NO connection to the operator's own backend (http://localhost:1111)
[note] profile seeded
        onboarding-storage marks the modal complete, so the app is an existing user rather than a first-run one
[PASS] headless and never shown
        mode=headless visible=false
[PASS] the composer is on screen before anything is typed
[note] the session's owner
        warm (snapshot.cold = false)
[note] UX3b session
        17495d972bb1
[note] B0 the window
        {"innerWidth":800,"innerHeight":868}
[note] B1 the declined follow-up's refusal at narrow
        {"active":"textarea[Message]","fieldValue":"","refusalText":"The model did not answer your aside in text — either a tool call, which is not available off the record, or nothing at all. No answer was produced: Ask again here to keep this exchange, or press Esc to close the aside and discard it.","noticeText":"The model did not answer your aside in text — either a tool call, which is not available off the record, or nothing at all. No answer was produced: Ask again here to keep this exchange, or press Esc to close the aside and discard it.","adoptDisabled":true,"adoptReason":"Nothing to add.","bandLines":[],"region":{"scrollTop":222,"maxScroll":222,"clientHeight":251,"turns":2,"tabIndex":0},"clip":{"scrollTop":221.5,"maxScroll":222,"target":293.1,"state":"alert","alertText":"The model did not answer your aside in text — either a tool call, which is not available off the record, or nothing at all. No answer was produced: Ask again here to keep this exchange, or press Esc to close the aside and discard it.","alertTopInRegion":114.6,"alertBottomInRegion":251.1,"clientHeight":251,"hiddenBelowPx":0.1,"hiddenAbovePx":0,"rows":7,"rowsFullyVisible":7,"lastRowBottomVsClipPx":-2.4,"phrase":{"needle":"discard it","bottomVsClipPx":-2.4,"visible":true}}}
[PASS] B1 at narrow the whole refusal is in view - every clause of it, the one naming Esc's cost included
        {"scrollTop":221.5,"maxScroll":222,"target":293.1,"state":"alert","alertText":"The model did not answer your aside in text — either a tool call, which is not available off the record, or nothing at all. No answer was produced: Ask again here to keep this exchange, or press Esc to close the aside and discard it.","alertTopInRegion":114.6,"alertBottomInRegion":251.1,"clientHeight":251,"hiddenBelowPx":0.1,"hiddenAbovePx":0,"rows":7,"rowsFullyVisible":7,"lastRowBottomVsClipPx":-2.4,"phrase":{"needle":"discard it","bottomVsClipPx":-2.4,"visible":true}}
[note] frame
        {"label":"ux3b-ux5r3narrow-b01-narrow-declined-refusal","width":1600,"height":1736}
[PASS] B1 at narrow the retry in the same panel is answered too
        {"tails":2,"turns":3}
[note] frame
        {"label":"ux3b-ux5r3narrow-b02-narrow-retry-answered","width":1600,"height":1736}
[note] B2 the confirm at narrow
        {"active":"textarea[Message]","fieldValue":"","refusalText":"Press ⌘+F again to add the aside to the conversation. Once added, it stays there.","noticeText":"Press ⌘+F again to add the aside to the conversation. Once added, it stays there.","adoptDisabled":false,"adoptReason":null,"bandLines":[],"region":{"scrollTop":0,"maxScroll":50,"clientHeight":251,"turns":1,"tabIndex":0},"confirmGeo":{"text":"Press ⌘+F again to add the aside to the conversation. Once added, it stays there.","rows":3,"boxW":234,"boxH":59,"rowsFullyInPanel":3,"longestRowFraction":null,"ellipsised":false},"adoptOps":0}
[PASS] B2 at narrow the confirm is whole: every row of it is on the panel, nothing is clipped or ellipsised
        {"text":"Press ⌘+F again to add the aside to the conversation. Once added, it stays there.","rows":3,"boxW":234,"boxH":59,"rowsFullyInPanel":3,"longestRowFraction":null,"ellipsised":false}
[PASS] B2 the first press still only confirms at narrow
        {"ops":0}
[note] frame
        {"label":"ux3b-ux5r3narrow-b03-narrow-confirm-line","width":1600,"height":1736}
[note] B3 the quote staged at narrow (attempt 1)
        {"selected":true,"quoteButton":{"x":693,"y":136,"onScreen":true},"chips":["inside a moving window"]}
[note] B3 the panel's edge with a wrapped quote
        {"chips":["inside a moving window"],"questionText":"Question: inside a moving windowUN46 the question under a quote that wraps","clip":{"scrollTop":312.5,"maxScroll":362,"target":312.6,"state":"other"},"panelText":"Asideoff the record — nothing here joins the conversationThe aside answered: Transport failures and owner 5xx responses, per provider, inside a moving window.Question: UN16 the exchange adopted by cho"}
[PASS] B3 at narrow the four-line confirm and a wrapped quote are on the same panel together
        {"chips":["inside a moving window"],"question":"Question: inside a moving windowUN46 the question under a quote that wraps"}
[note] frame
        {"label":"ux3b-ux5r3narrow-b04-narrow-wrapped-quote-at-the-edge","width":1600,"height":1736}
[note] UX3b scene
        finished
[PASS] no process from this run outlived its boot

frames: ux3b-ux5r3narrow-b01-narrow-declined-refusal.png, ux3b-ux5r3narrow-b02-narrow-retry-answered.png, ux3b-ux5r3narrow-b03-narrow-confirm-line.png, ux3b-ux5r3narrow-b04-narrow-wrapped-quote-at-the-edge.png
frames directory: /Users/damian/.local-operator/sessions/bde1c5028625/scratchpad/ux5rig/frames/ux5r3narrow
app log: /Users/damian/.local-operator/sessions/bde1c5028625/scratchpad/ux5rig/tmp/lo-renderer-driver-1569/app-scene.log
scratch removed (--clean)

ALL CHECKS PASSED
== ux5r3narrow driver exit: 0 ==
total 2336
drwxr-xr-x@  6 damian  staff     192 Sep 25 09:29 .
drwxr-xr-x@ 10 damian  staff     320 Sep 25 09:28 ..
-rw-r--r--@  1 damian  staff  309477 Sep 25 09:28 ux3b-ux5r3narrow-b01-narrow-declined-refusal.png
-rw-r--r--@  1 damian  staff  291773 Sep 25 09:28 ux3b-ux5r3narrow-b02-narrow-retry-answered.png
-rw-r--r--@  1 damian  staff  293098 Sep 25 09:29 ux3b-ux5r3narrow-b03-narrow-confirm-line.png
-rw-r--r--@  1 damian  staff  294166 Sep 25 09:29 ux3b-ux5r3narrow-b04-narrow-wrapped-quote-at-the-edge.png
8391 released before this command returned
ux5 private-port lock released
--- proxy counters (/Users/damian/.local-operator/sessions/bde1c5028625/scratchpad/ux5rig/run-ux5r3narrow/proxy-stats.json) ---
{
  "oldDaemon": false,
  "asidePosts": [
    {
      "at": "2026-09-25T13:28:40.359Z",
      "url": "/v1/desktop/sessions/17495d972bb1/asides",
      "asideId": "1cdfe1ca-42d7-4b5d-aa7b-8ec790123267",
      "continues": null,
      "questionHead": "UN what does the retry budget cap",
      "text": "UN what does the retry budget cap",
      "carriedSubscriptionField": true,
      "subscriptionId": "50cce886554a4595bd58db8b034ff826",
      "status": 200,
      "response": "{\"status\":200,\"message\":\"Desktop session result.\",\"result\":{\"data\":{\"aside_id\":\"1cdfe1ca-42d7-4b5d-aa7b-8ec790123267\",\"text\":\"Transport failures and owner **5xx** responses, per provider, inside a moving window.\\n\\n- each transport failure spends one\\n- each owner 5xx spends one\\n- a retry that succeeds resets the window\\n\\nA **4xx** never spends it: the request was wrong, not the provider.\",\"off_record\":true},\"replayed\":false}}"
    },
    {
      "at": "2026-09-25T13:28:45.463Z",
      "url": "/v1/desktop/sessions/17495d972bb1/asides",
      "asideId": "c27ca4dd-4360-433b-92d5-13eb8bb1c52f",
      "continues": "1cdfe1ca-42d7-4b5d-aa7b-8ec790123267",
      "questionHead": "TOOLCALL2: UN the follow-up the model declines",
      "text": "TOOLCALL2: UN the follow-up the model declines",
      "carriedSubscriptionField": true,
      "subscriptionId": "50cce886554a4595bd58db8b034ff826",
      "status": 409,
      "response": "{\"detail\":{\"code\":\"aside_unanswered\",\"message\":\"The model did not answer your aside in text — either a tool call, which is not available off the record, or nothing at all. No answer was produced: ask again.\"}}"
    },
    {
      "at": "2026-09-25T13:28:52.375Z",
      "url": "/v1/desktop/sessions/17495d972bb1/asides",
      "asideId": "890bdf2f-46b8-400a-ab40-ce33472dad5c",
      "continues": "1cdfe1ca-42d7-4b5d-aa7b-8ec790123267",
      "questionHead": "UN the retry in place",
      "text": "UN the retry in place",
      "carriedSubscriptionField": true,
      "subscriptionId": "50cce886554a4595bd58db8b034ff826",
      "status": 200,
      "response": "{\"status\":200,\"message\":\"Desktop session result.\",\"result\":{\"data\":{\"aside_id\":\"890bdf2f-46b8-400a-ab40-ce33472dad5c\",\"text\":\"Transport failures and owner **5xx** responses, per provider, inside a moving window.\\n\\n- each transport failure spends one\\n- each owner 5xx spends one\\n- a retry that succeeds resets the window\\n\\nA **4xx** never spends it: the request was wrong, not the provider.\",\"off_record\":true},\"replayed\":false}}"
    },
    {
      "at": "2026-09-25T13:28:58.068Z",
      "url": "/v1/desktop/sessions/17495d972bb1/asides",
      "asideId": "09ed3159-1711-4161-8d35-be1d3620346d",
      "continues": null,
      "questionHead": "UN16 the exchange adopted by chord",
      "text": "UN16 the exchange adopted by chord",
      "carriedSubscriptionField": true,
      "subscriptionId": "50cce886554a4595bd58db8b034ff826",
      "status": 200,
      "response": "{\"status\":200,\"message\":\"Desktop session result.\",\"result\":{\"data\":{\"aside_id\":\"09ed3159-1711-4161-8d35-be1d3620346d\",\"text\":\"Transport failures and owner **5xx** responses, per provider, inside a moving window.\\n\\n- each transport failure spends one\\n- each owner 5xx spends one\\n- a retry that succeeds resets the window\\n\\nA **4xx** never spends it: the request was wrong, not the provider.\",\"off_record\":true},\"replayed\":false}}"
    },
    {
      "at": "2026-09-25T13:29:05.480Z",
      "url": "/v1/desktop/sessions/17495d972bb1/asides",
      "asideId": "c3340590-e75c-4dc9-ae64-d68572fac709",
      "continues": "09ed3159-1711-4161-8d35-be1d3620346d",
      "questionHead": "<reply-to>inside a moving window</reply-to>\nUN46 the questio",
      "text": "<reply-to>inside a moving window</reply-to>\nUN46 the question under a quote that wraps",
      "carriedSubscriptionField": true,
      "subscriptionId": "50cce886554a4595bd58db8b034ff826",
      "status": 200,
      "response": "{\"status\":200,\"message\":\"Desktop session result.\",\"result\":{\"data\":{\"aside_id\":\"c3340590-e75c-4dc9-ae64-d68572fac709\",\"text\":\"Transport failures and owner **5xx** responses, per provider, inside a moving window.\\n\\n- each transport failure spends one\\n- each owner 5xx spends one\\n- a retry that succeeds resets the window\\n\\nA **4xx** never spends it: the request was wrong, not the provider.\",\"off_record\":true},\"replayed\":false}}"
    }
  ],
  "streams": [
    {
      "url": "/v1/desktop/events",
      "openedAt": "2026-09-25T13:28:23.455Z",
      "subscriptionId": "3fd67428e4ad86e3",
      "asideDeltas": 0,
      "deltaSizes": []
    },
    {
      "url": "/v1/desktop/sessions/17495d972bb1/events?frontend_replace=1",
      "openedAt": "2026-09-25T13:28:27.874Z",
      "subscriptionId": "50cce886554a4595bd58db8b034ff826",
      "asideDeltas": 32,
      "deltaSizes": [
        29,
        33,
        25,
        36,
        28,
        43,
        27,
        40,
        29,
        33,
        25,
        36,
        28,
        43,
        27,
        40,
        29,
        33,
        25,
        36,
        28,
        43,
        27,
        40,
        29,
        33,
        25,
        36,
        28,
        43,
        27,
        40
      ]
    }
  ],
  "asideDeltaFrames": 32,
  "deltasBySubscription": {
    "50cce886554a4595bd58db8b034ff826": 32
  },
  "deltasByAside": {
    "1cdfe1ca-42d7-4b5d-aa7b-8ec790123267": 8,
    "890bdf2f-46b8-400a-ab40-ce33472dad5c": 8,
    "09ed3159-1711-4161-8d35-be1d3620346d": 8,
    "c3340590-e75c-4dc9-ae64-d68572fac709": 8
  },
  "refused422": 0,
  "messagePosts": [
    {
      "at": "2026-09-25T13:28:33.982Z",
      "url": "/v1/desktop/sessions/17495d972bb1/messages",
      "kind": "message",
      "text": "narrow seed turn",
      "images": 0,
      "held": 0,
      "status": 200,
      "response": "{\"status\":200,\"message\":\"Desktop session result.\",\"result\":{\"status\":\"admitted\",\"duplicate\":false,\"detail\":\"prompt admitted\",\"command_id\":\"41cfb3c9-b297-4fb3-bb62-245a61b3a5af\",\"replayed\":false}}",
      "forwardedAt": "2026-09-25T13:28:33.983Z"
    }
  ],
  "asideOps": [
    {
      "at": "2026-09-25T13:28:57.596Z",
      "method": "DELETE",
      "url": "/v1/desktop/sessions/17495d972bb1/asides/890bdf2f-46b8-400a-ab40-ce33472dad5c",
      "kind": "close",
      "probe": false,
      "status": 200,
      "response": "{\"status\":200,\"message\":\"Desktop session result.\",\"result\":{\"data\":{\"aside_id\":\"890bdf2f-46b8-400a-ab40-ce33472dad5c\",\"status\":\"closed\"},\"replayed\":false}}"
    }
  ]
}
--- end counters ---
