ux5 private-port lock taken
rig up: proxy 15493 on 8391 -> daemon 13766 on 60081, stub 59977; 1111 and 8080 untouched
== ux5r3wide5 (btw-ux3) at 13:53:23 ==
[build] current: assets 2026-09-25T13:14:15.052Z >= sources 2026-09-25T12:33:29.028Z
[note] csp for this run's backend
        already widened for http://127.0.0.1:8391
  serve records 1 linked from /Users/damian/.local-operator/sessions/bde1c5028625/scratchpad/ux5rig/run-ux5r3wide5/records   (the app admits a daemon only while a record describes one, and a record is a heartbeat)
local-operator-ui renderer driver
  repo          /Users/damian/local-operator-ui-worktrees/ux482-r5-7c31f9
  scratch       /Users/damian/.local-operator/sessions/bde1c5028625/scratchpad/ux5rig/tmp/lo-renderer-driver-15733
  frames        /Users/damian/.local-operator/sessions/bde1c5028625/scratchpad/ux5rig/frames/ux5r3wide5
  app cwd       /Users/damian/.local-operator/sessions/bde1c5028625/scratchpad/ux5rig/tmp/lo-renderer-driver-15733/cwd   (scratch: the repo's .env is not read)
  backend url   http://127.0.0.1:8391   (--backend: a live isolated backend this run owns)
  electron      44.3.0   (/Users/damian/local-operator-ui/node_modules/.pnpm/electron@44.3.0/node_modules/electron/dist/Electron.app/Contents/MacOS/Electron)
  electron pin  44.3.0   (package.json optionalDependencies)
[PASS] the harness is driving the Electron this branch pins
[PASS] the scratch backend port is dead
[note] the app's default backend port (127.0.0.1:1111)
        a listener is up: this run's main process points elsewhere, and the check below proves the app holds no connection to the URL the RENDERER was built with
[note] verbs registered by the renderer
        ["hello","measure","navigate","openCanvasDocument","press","queries","queryFetches","setSidebarWidth","setTheme","state"]
[PASS] the armed launch said so on stdout
[PASS] the app's logs went to this run's scratch tree, not the operator's
[note] renderer's api base URL at hello, against --backend
        {"apiBaseUrl":"http://127.0.0.1:8391","backend":"http://127.0.0.1:8391"}
[PASS] the app holds a connection to this run's backend (http://127.0.0.1:8391)
[PASS] the app holds NO connection to the operator's own backend (http://localhost:1111)
[note] profile seeded
        onboarding-storage marks the modal complete, so the app is an existing user rather than a first-run one
[PASS] headless and never shown
        mode=headless visible=false focused=false
[PASS] the composer is on screen before anything is typed
[note] the session's owner
        warm (snapshot.cold = false)
[note] UX3 session
        54c06b425246
[PASS] the seed turn is in the transcript before the aside starts
        {"met":true,"working":false}
[note] 1a base turn answered
        {"active":"textarea[Message]","activeIsField":true,"fieldValue":"","refusalText":null,"noticeText":null,"noticeCount":0,"adoptDisabled":false,"adoptReason":null,"bandLines":[],"region":{"scrollTop":0,"maxScroll":0,"clientHeight":188,"turns":1,"tabIndex":0}}
[note] frame
        {"label":"ux3-ux5r3wide5-01-u11a-base-answered","width":2760,"height":1736}
[note] 1b the declined follow-up's refusal, as painted
        {"msFromPress":6385,"met":true,"active":"textarea[Message]","activeIsField":true,"fieldValue":"","refusalText":"The model did not answer your aside in text — either a tool call, which is not available off the record, or nothing at all. No answer was produced: Ask again here to keep this exchange, or press Esc to close the aside and discard it.","noticeText":"The model did not answer your aside in text — either a tool call, which is not available off the record, or nothing at all. No answer was produced: Ask again here to keep this exchange, or press Esc to close the aside and discard it.","noticeCount":1,"adoptDisabled":true,"adoptReason":"Nothing to add.","bandLines":[],"region":{"scrollTop":15,"maxScroll":15,"clientHeight":248,"turns":2,"tabIndex":0}}
[note] 1b refusal in the region (Q33 in the flow)
        {"scrollTop":15,"maxScroll":15,"target":200.3,"state":"alert","alertText":"The model did not answer your aside in text — either a tool call, which is not available off the record, or nothing at all. No answer was produced: Ask again here to keep this exchange, or press Esc to close the aside and discard it.","alertTopInRegion":208.8,"alertBottomInRegion":247.8,"clientHeight":248,"hiddenBelowPx":0,"hiddenAbovePx":0,"rows":2,"rowsFullyVisible":2,"lastRowBottomVsClipPx":-2.7,"phrase":{"needle":"discard it","bottomVsClipPx":-2.7,"visible":true}}
[note] 1b where the two clauses sit
        [{"zone":"panel","visible":true,"text":"The model did not answer your aside in text — either a tool call, which is not available off the record, or nothing at all. No answer was produced: Ask again here to keep this exchange, or press Esc t"}]
[PASS] 1b the refusal names BOTH options in one sentence the user can act on
        {"text":"The model did not answer your aside in text — either a tool call, which is not available off the record, or nothing at all. No answer was produced: Ask again here to keep this exchange, or press Esc to close the aside and discard it."}
[PASS] 1b the whole refusal is inside the region's clip (the words that name Esc's cost are read, not implied)
        {"scrollTop":15,"maxScroll":15,"target":200.3,"state":"alert","alertText":"The model did not answer your aside in text — either a tool call, which is not available off the record, or nothing at all. No answer was produced: Ask again here to keep this exchange, or press Esc to close the aside and discard it.","alertTopInRegion":208.8,"alertBottomInRegion":247.8,"clientHeight":248,"hiddenBelowPx":0,"hiddenAbovePx":0,"rows":2,"rowsFullyVisible":2,"lastRowBottomVsClipPx":-2.7,"phrase":{"needle":"discard it","bottomVsClipPx":-2.7,"visible":true}}
[PASS] 1b the refusal reaches the user without a press (it is on the panel, not behind a hover)
        {"active":"textarea[Message]"}
[note] frame
        {"label":"ux3-ux5r3wide5-02-u11a-declined-refusal","width":2760,"height":1736}
[note] 1c the retry in the same panel
        {"ms":5500,"active":"textarea[Message]","activeIsField":true,"fieldValue":"","refusalText":"The model did not answer your aside in text — either a tool call, which is not available off the record, or nothing at all. No answer was produced: Ask again here to keep this exchange, or press Esc to close the aside and discard it.","noticeText":"The model did not answer your aside in text — either a tool call, which is not available off the record, or nothing at all. No answer was produced: Ask again here to keep this exchange, or press Esc to close the aside and discard it.","noticeCount":1,"adoptDisabled":false,"adoptReason":null,"bandLines":[],"region":{"scrollTop":215,"maxScroll":215,"clientHeight":248,"turns":3,"tabIndex":0},"wire":{"status":200,"continues":"42a926f1-78c8-4107-a274-ae29df025d20"}}
[PASS] 1c the copy's first option is true: asking again in the same panel is answered
        {"status":200,"tails":2,"turns":3}
[note] frame
        {"label":"ux3-ux5r3wide5-03-u11a-retry-answered-in-place","width":2760,"height":1736}
[note] 2a before Esc: the panel's state
        {"active":"textarea[Message]","activeIsField":true,"fieldValue":"","refusalText":"The model did not answer your aside in text — either a tool call, which is not available off the record, or nothing at all. No answer was produced: Ask again here to keep this exchange, or press Esc to close the aside and discard it.","noticeText":"The model did not answer your aside in text — either a tool call, which is not available off the record, or nothing at all. No answer was produced: Ask again here to keep this exchange, or press Esc to close the aside and discard it.","noticeCount":1,"adoptDisabled":true,"adoptReason":"Nothing to add.","bandLines":[],"region":{"scrollTop":15,"maxScroll":15,"clientHeight":248,"turns":2,"tabIndex":0}}
[note] 2a before Esc: the owner's entry
        {"status":200,"detail":null,"turns":2,"firstTurnHead":"[{\"type\":\"text\",\"text\":\"U11b a second base question\"}]","complete":true,"adoptable":true}
[PASS] 2a the exchange on screen is answered and holds two turns before the key
        {"turns":2,"inTranscript":false}
[note] frame
        {"label":"ux3-ux5r3wide5-04-u11b-refusal-before-esc","width":2760,"height":1736}
[note] 2b after Esc: what the user has left
        {"ms":314,"panelUp":false,"active":"textarea[Message]","activeIsField":true}
[note] 2b after Esc: the owner's entry (the id the panel held)
        {"status":404,"detail":"This aside is no longer available","turns":null,"firstTurnHead":null,"complete":null,"adoptable":null,"msUntilTheOwnerLetGo":0}
[note] 2b after Esc: what the app asked the owner to drop
        [{"id":"4ec39370-3b7c-4711-96bb-3661fc64396f","status":200},{"id":"85c58dc3-e598-493d-93d4-d824c787026f","status":200}]
[note] 2b after Esc: the exchange's own entry, read raw
        {"status":404,"turns":null}
[note] 2b after Esc: the transcript
        {"hasBaseQuestion":0,"hasFollowUp":0,"replies":[]}
[PASS] 2b Esc takes the exchange off the screen: the panel is gone, focus is back in the box, and neither question is anywhere the user can reach
        {"panelUp":false,"active":"textarea[Message]","inTranscript":0}
[PASS] 2b Esc returns focus to the composer
        {"active":"textarea[Message]"}
[note] frame
        {"label":"ux3-ux5r3wide5-05-u11b-after-esc-what-was-lost","width":2760,"height":1736}
[note] 2c a fresh refused ask
        {"active":"textarea[Message]","activeIsField":true,"fieldValue":"","refusalText":"The model did not answer your aside in text — either a tool call, which is not available off the record, or nothing at all. No answer was produced: ask again.","noticeText":"The model did not answer your aside in text — either a tool call, which is not available off the record, or nothing at all. No answer was produced: ask again.","noticeCount":1,"adoptDisabled":true,"adoptReason":"Nothing to add.","bandLines":[],"region":{"scrollTop":0,"maxScroll":0,"clientHeight":63,"turns":1,"tabIndex":0}}
[PASS] 2c a fresh refusal states the owner's sentence alone - no clause sending the user away from a panel that recovered by itself
        {"text":"The model did not answer your aside in text — either a tool call, which is not available off the record, or nothing at all. No answer was produced: ask again."}
[note] frame
        {"label":"ux3-ux5r3wide5-06-u11c-fresh-refusal-sentence-alone","width":2760,"height":1736}
[note] 3a out-of-band DELETE of the answered entry (the owner evicting it)
        {"status":200,"body":"{\"status\":200,\"message\":\"Desktop session result.\",\"result\":{\"data\":{\"aside_id\":\"4c1f3910-1ec8-416f-b2fd-4b9ccb2b1770\",\"status\":\"closed\"},\"replayed\":false}}"}
[note] 3b the dropped-exchange refusal
        {"active":"textarea[Message]","activeIsField":true,"fieldValue":"","refusalText":"This aside is no longer available This aside can't continue. Press Esc to close it, which discards this exchange, then start a new one with /btw.","noticeText":"This aside is no longer available This aside can't continue. Press Esc to close it, which discards this exchange, then start a new one with /btw.","noticeCount":1,"adoptDisabled":true,"adoptReason":"Nothing to add.","bandLines":[],"region":{"scrollTop":15,"maxScroll":15,"clientHeight":248,"turns":2,"tabIndex":0},"wire":{"status":409,"continues":"4c1f3910-1ec8-416f-b2fd-4b9ccb2b1770"}}
[note] 3b the dropped exchange in the region
        {"scrollTop":15,"maxScroll":15,"target":200.3,"state":"alert","alertText":"This aside is no longer available This aside can't continue. Press Esc to close it, which discards this exchange, then start a new one with /btw.","alertTopInRegion":208.8,"alertBottomInRegion":247.8,"clientHeight":248,"hiddenBelowPx":0,"hiddenAbovePx":0,"rows":2,"rowsFullyVisible":2,"lastRowBottomVsClipPx":-2.7,"phrase":{"needle":"start a new one with /btw","bottomVsClipPx":-2.7,"visible":true}}
[PASS] 3b the dropped exchange is stated with the owner's sentence AND the one exit that works, and names what the exit costs
        {"text":"This aside is no longer available This aside can't continue. Press Esc to close it, which discards this exchange, then start a new one with /btw.","status":409}
[PASS] 3b the dropped-exchange refusal names no retry that cannot work
        {"text":"This aside is no longer available This aside can't continue. Press Esc to close it, which discards this exchange, then start a new one with /btw.","clip":{"scrollTop":15,"maxScroll":15,"target":200.3,"state":"alert","alertText":"This aside is no longer available This aside can't continue. Press Esc to close it, which discards this exchange, then start a new one with /btw.","alertTopInRegion":208.8,"alertBottomInRegion":247.8,"clientHeight":248,"hiddenBelowPx":0,"hiddenAbovePx":0,"rows":2,"rowsFullyVisible":2,"lastRowBottomVsClipPx":-2.7,"phrase":{"needle":"start a new one with /btw","bottomVsClipPx":-2.7,"visible":true}}}
[note] frame
        {"label":"ux3-ux5r3wide5-07-u11d-dropped-exchange-refusal","width":2760,"height":1736}
[note] 3c a fresh ask after the dropped exchange
        {"ms":5752,"active":"textarea[Message]","activeIsField":true,"fieldValue":"","refusalText":null,"noticeText":null,"noticeCount":0,"adoptDisabled":false,"adoptReason":null,"bandLines":[],"region":{"scrollTop":0,"maxScroll":0,"clientHeight":188,"turns":1,"tabIndex":0}}
[PASS] 3c a fresh aside after a dropped exchange is answered, and states no clause
        {"refusal":null}
[note] frame
        {"label":"ux3-ux5r3wide5-08-u11d-fresh-ask-answered-after-the-drop","width":2760,"height":1736}
[note] 4a adoptable exchange
        {"active":"textarea[Message]","activeIsField":true,"fieldValue":"","refusalText":null,"noticeText":null,"noticeCount":0,"adoptDisabled":false,"adoptReason":null,"bandLines":[],"region":{"scrollTop":0,"maxScroll":0,"clientHeight":188,"turns":1,"tabIndex":0}}
[note] 4b the FIRST ⌘+F
        {"active":"textarea[Message]","activeIsField":true,"fieldValue":"","refusalText":"Press ⌘+F again to add the aside to the conversation. Once added, it stays there.","noticeText":"Press ⌘+F again to add the aside to the conversation. Once added, it stays there.","noticeCount":1,"adoptDisabled":false,"adoptReason":null,"bandLines":[],"region":{"scrollTop":0,"maxScroll":0,"clientHeight":188,"turns":1,"tabIndex":0},"key":{"prevented":true,"path":["TEXTAREA","DIV","DIV"]},"adoptOps":0}
[PASS] 4b the first press only confirms: no adopt request, the panel stays, and the confirm says what a second press will do
        {"ops":0,"notice":"Press ⌘+F again to add the aside to the conversation. Once added, it stays there."}
[PASS] 4b the confirm sits with the control it names, inside the panel (not a toast, not the composer line)
        {"gapPx":4,"noticeY":692,"adoptY":660,"bandLines":[]}
[note] frame
        {"label":"ux3-ux5r3wide5-09-u16-first-cmdf-confirm","width":2760,"height":1736}
[note] 4c the confirm with a draft in the box
        {"active":"textarea[Message]","activeIsField":true,"fieldValue":"a draft the user was writing","refusalText":"Press ⌘+F again to add the aside to the conversation. Once added, it stays there.","noticeText":"Press ⌘+F again to add the aside to the conversation. Once added, it stays there.","noticeCount":1,"adoptDisabled":false,"adoptReason":null,"bandLines":[],"region":{"scrollTop":0,"maxScroll":0,"clientHeight":188,"turns":1,"tabIndex":0}}
[PASS] 4c a keystroke in the composer does not withdraw the confirm (nothing about the exchange changed)
        {"notice":"Press ⌘+F again to add the aside to the conversation. Once added, it stays there.","fieldValue":"a draft the user was writing"}
[note] 4c2 the confirm after the box was emptied
        {"notice":"Press ⌘+F again to add the aside to the conversation. Once added, it stays there.","fieldValue":""}
[note] 4d the confirm after a follow-up was asked
        {"active":"textarea[Message]","activeIsField":true,"fieldValue":"","refusalText":null,"noticeText":null,"noticeCount":0,"adoptDisabled":false,"adoptReason":null,"bandLines":[],"region":{"scrollTop":141,"maxScroll":141,"clientHeight":248,"turns":2,"tabIndex":0}}
[PASS] 4d a follow-up asked after the first press withdraws the confirm (it cannot linger over a turn the user has not been shown)
        {"notice":null,"refusal":null}
[note] 4e the chord after the new turn: armed again, not adopted
        {"active":"textarea[Message]","activeIsField":true,"fieldValue":"","refusalText":"Press ⌘+F again to add the aside to the conversation. Once added, it stays there.","noticeText":"Press ⌘+F again to add the aside to the conversation. Once added, it stays there.","noticeCount":1,"adoptDisabled":false,"adoptReason":null,"bandLines":[],"region":{"scrollTop":141,"maxScroll":141,"clientHeight":248,"turns":2,"tabIndex":0},"adoptOps":0}
[PASS] 4e the arm does not carry over to a turn the user has not seen confirmed
        {"ops":0,"notice":"Press ⌘+F again to add the aside to the conversation. Once added, it stays there."}
[note] frame
        {"label":"ux3-ux5r3wide5-10-u16-rearmed-on-the-new-turn","width":2760,"height":1736}
[note] 4f Shift+Tab stops from the composer, with an adoptable exchange up
        ["button{Add to conversation}"]
[PASS] 4f the adopt control is the composer's own Shift+Tab neighbour, so a keyboard user reaches it without the chord
        {"stops":["button{Add to conversation}"]}
[note] 4g Enter on the focused control
        {"panelGoneMs":454,"active":"textarea[Message]","paintedMs":672,"adoptOps":1}
[PASS] 4g Enter on the focused adopt control adopts, the panel detaches, and focus returns to the composer
        {"ops":1,"active":"textarea[Message]"}
[note] frame
        {"label":"ux3-ux5r3wide5-11-u16k-adopted-from-the-keyboard","width":2760,"height":1736}
[note] 5a the second press
        {"panelGoneMs":8064,"painted":{},"active":"textarea[Message]","adoptOps":1}
[note] 5a the daemon's record
        {"history":[26,26],"hasQuestion":0}
[FAIL] 5a the second press adopts once: rows paint live, the panel detaches, focus returns
        {"ops":1,"active":"textarea[Message]","painted":{}}
[FAIL] 5a the exchange is in the conversation's own order, question then answer, and the question appears once
        {"occurrences":0}
[note] frame
        {"label":"ux3-ux5r3wide5-12-u16b-second-press-adopted","width":2760,"height":1736}
[note] 5b away and back
        {"awayUrl":"#/settings","whileAway_transcriptMounted":false,"whileAway_hasQuestion":0,"reEntryMs":null,"occurrencesAfter":0}
[FAIL] 5b the adopted rows are still there after leaving the conversation and coming back, once each
        {"after":0}
[note] frame
        {"label":"ux3-ux5r3wide5-13-u16b-after-reentering","width":2760,"height":1736}
[note] 6a0 the aside is still answering
        {"announce":"Asking the aside","panelText":"Asideoff the record — nothing here joins the conversationAsking the asideQuestion: U16b the exchange adopted by the second chordTransport failures and owner 5xx responses, per provider, inside a moving window. each transport failure spends one each owner 5xx spends one a retry that succeeds resets the window A 4xx never spends it: the request was wrong, not the provider.Question: U16b a second turn in the same exchangeTransport failures and owner 5xx responses, per provider, inside a moving window. each transport failure spends one each owner 5xx spends one a retry that succeeds resets the window A 4xx never spends it: the request was wrong, not the provider.Question: SLOWANS: U12 a base turn for the busy windowthinking…Add to conversation⌘+FThe exchange is still settling — a moment before it can be added.","fieldValue":""}
[note] 6a the press while the aside is answering
        {"active":"textarea[Message]","activeIsField":true,"fieldValue":"U12 a follow-up pressed before the answer lands","refusalText":null,"noticeText":null,"noticeCount":0,"adoptDisabled":true,"adoptReason":"The exchange is still settling — a moment before it can be added.","bandLines":["The aside is still answering. Press Enter again once the answer is in."],"region":{"scrollTop":196,"maxScroll":196,"clientHeight":248,"turns":3,"tabIndex":0}}
[note] 6a the band's own structure at the press
        {"bandText":"The aside is still answering. Press Enter again once the answer is in.Asideoff the record — nothing here joins the conversationAsking the asideQuestion: U16b the exchange adopted by the second chordTransport failures and owner 5xx responses, per provider, inside a moving window. each transport failure spends one each owner 5xx spends one a retry that succeeds resets the window A 4xx never spends i","nodes":[{"tag":"output","role":null,"parent":"form","text":"","buttons":[]},{"tag":"div","role":"alert","parent":"form","text":"The aside is still answering. Press Enter again once the answer is in.","buttons":[]},{"tag":"p","role":null,"parent":"div","text":"The aside is still answering. Press Enter again once the answer is in.","buttons":[]},{"tag":"p","role":null,"parent":"div","text":"off the record — nothing here joins the conversation","buttons":[]},{"tag":"output","role":null,"parent":"section","text":"Asking the aside","buttons":[]},{"tag":"p","role":null,"parent":"div","text":"Question: U16b the exchange adopted by the second chord","buttons":[]},{"tag":"p","role":null,"parent":"div","text":"Transport failures and owner 5xx responses, per provider, inside a moving window.","buttons":[]},{"tag":"p","role":null,"parent":"div","text":"A 4xx never spends it: the request was wrong, not the provider.","buttons":[]},{"tag":"p","role":null,"parent":"div","text":"Question: U16b a second turn in the same exchange","buttons":[]},{"tag":"p","role":null,"parent":"div","text":"Transport failures and owner 5xx responses, per provider, inside a moving window.","buttons":[]},{"tag":"p","role":null,"parent":"div","text":"A 4xx never spends it: the request was wrong, not the provider.","buttons":[]},{"tag":"p","role":null,"parent":"div","text":"Question: SLOWANS: U12 a base turn for the busy window","buttons":[]},{"tag":"p","role":null,"parent":"div","text":"thinking…","buttons":[]},{"tag":"p","role":null,"parent":"div","text":"The exchange is still settling — a moment before it can be added.","buttons":[]},{"tag":"output","role":null,"parent":"div","text":"","buttons":[]},{"tag":"output","role":null,"parent":"div","text":"","buttons":[]}]}
[note] 6a the band's own structure at the press
        {"bandText":"The aside is still answering. Press Enter again once the answer is in.Asideoff the record — nothing here joins the conversationAsking the asideQuestion: U16b the exchange adopted by the second chordTransport failures and owner 5xx responses, per provider, inside a moving window. each transport failure spends one each owner 5xx spends one a retry that succeeds resets the window A 4xx never spends i","nodes":[{"tag":"output","role":null,"parent":"form","text":"","buttons":[]},{"tag":"div","role":"alert","parent":"form","text":"The aside is still answering. Press Enter again once the answer is in.","buttons":[]},{"tag":"p","role":null,"parent":"div","text":"The aside is still answering. Press Enter again once the answer is in.","buttons":[]},{"tag":"p","role":null,"parent":"div","text":"off the record — nothing here joins the conversation","buttons":[]},{"tag":"output","role":null,"parent":"section","text":"Asking the aside","buttons":[]},{"tag":"p","role":null,"parent":"div","text":"Question: U16b the exchange adopted by the second chord","buttons":[]},{"tag":"p","role":null,"parent":"div","text":"Transport failures and owner 5xx responses, per provider, inside a moving window.","buttons":[]},{"tag":"p","role":null,"parent":"div","text":"A 4xx never spends it: the request was wrong, not the provider.","buttons":[]},{"tag":"p","role":null,"parent":"div","text":"Question: U16b a second turn in the same exchange","buttons":[]},{"tag":"p","role":null,"parent":"div","text":"Transport failures and owner 5xx responses, per provider, inside a moving window.","buttons":[]},{"tag":"p","role":null,"parent":"div","text":"A 4xx never spends it: the request was wrong, not the provider.","buttons":[]},{"tag":"p","role":null,"parent":"div","text":"Question: SLOWANS: U12 a base turn for the busy window","buttons":[]},{"tag":"p","role":null,"parent":"div","text":"thinking…","buttons":[]},{"tag":"p","role":null,"parent":"div","text":"The exchange is still settling — a moment before it can be added.","buttons":[]},{"tag":"output","role":null,"parent":"div","text":"","buttons":[]},{"tag":"output","role":null,"parent":"div","text":"","buttons":[]}]}
[note] 6a the band's own structure at the press
        {"bandText":"The aside is still answering. Press Enter again once the answer is in.Asideoff the record — nothing here joins the conversationAsking the asideQuestion: U16b the exchange adopted by the second chordTransport failures and owner 5xx responses, per provider, inside a moving window. each transport failure spends one each owner 5xx spends one a retry that succeeds resets the window A 4xx never spends i","nodes":[{"tag":"output","role":null,"parent":"form","text":"","buttons":[]},{"tag":"div","role":"alert","parent":"form","text":"The aside is still answering. Press Enter again once the answer is in.","buttons":[]},{"tag":"p","role":null,"parent":"div","text":"The aside is still answering. Press Enter again once the answer is in.","buttons":[]},{"tag":"p","role":null,"parent":"div","text":"off the record — nothing here joins the conversation","buttons":[]},{"tag":"output","role":null,"parent":"section","text":"Asking the aside","buttons":[]},{"tag":"p","role":null,"parent":"div","text":"Question: U16b the exchange adopted by the second chord","buttons":[]},{"tag":"p","role":null,"parent":"div","text":"Transport failures and owner 5xx responses, per provider, inside a moving window.","buttons":[]},{"tag":"p","role":null,"parent":"div","text":"A 4xx never spends it: the request was wrong, not the provider.","buttons":[]},{"tag":"p","role":null,"parent":"div","text":"Question: U16b a second turn in the same exchange","buttons":[]},{"tag":"p","role":null,"parent":"div","text":"Transport failures and owner 5xx responses, per provider, inside a moving window.","buttons":[]},{"tag":"p","role":null,"parent":"div","text":"A 4xx never spends it: the request was wrong, not the provider.","buttons":[]},{"tag":"p","role":null,"parent":"div","text":"Question: SLOWANS: U12 a base turn for the busy window","buttons":[]},{"tag":"p","role":null,"parent":"div","text":"thinking…","buttons":[]},{"tag":"p","role":null,"parent":"div","text":"The exchange is still settling — a moment before it can be added.","buttons":[]},{"tag":"output","role":null,"parent":"div","text":"","buttons":[]},{"tag":"output","role":null,"parent":"div","text":"","buttons":[]}]}
[PASS] 6a a follow-up pressed mid-answer stays in the composer and is told when and how to send it, without a second line saying to send it now
        {"fieldValue":"U12 a follow-up pressed before the answer lands","bandLines":["The aside is still answering. Press Enter again once the answer is in."]}
[note] frame
        {"label":"ux3-ux5r3wide5-14-u12-busy-line-at-the-press","width":2760,"height":1736}
[note] 6b after the answer landed
        {"active":"textarea[Message]","activeIsField":true,"fieldValue":"U12 a follow-up pressed before the answer lands","refusalText":null,"noticeText":null,"noticeCount":0,"adoptDisabled":false,"adoptReason":null,"bandLines":[],"region":{"scrollTop":341,"maxScroll":341,"clientHeight":248,"turns":3,"tabIndex":0}}
[PASS] 6b the busy line retires by itself once the answer is in, and the draft is still held
        {"bandLines":[],"fieldValue":"U12 a follow-up pressed before the answer lands"}
[note] frame
        {"label":"ux3-ux5r3wide5-15-u12-busy-line-retired","width":2760,"height":1736}
[note] 6c the /btw door mid-answer
        {"active":"textarea[Message]","activeIsField":true,"fieldValue":"/btw TOOLCALL2: U13 the slash door pressed mid-answer","refusalText":null,"noticeText":null,"noticeCount":0,"adoptDisabled":true,"adoptReason":"The exchange is still settling — a moment before it can be added.","bandLines":["The aside is still answering. Press Enter again once the answer is in."],"region":{"scrollTop":396,"maxScroll":396,"clientHeight":248,"turns":4,"tabIndex":0},"where":[{"zone":"composer-band","visible":true,"text":"The aside is still answering. Press Enter again once the answer is in."}]}
[PASS] 6c the /btw door mid-answer states the busy sentence on the composer's own line, not as a transcript receipt
        {"bandLines":["The aside is still answering. Press Enter again once the answer is in."],"transcriptHasReceipt":0}
[note] frame
        {"label":"ux3-ux5r3wide5-16-u13-slash-door-mid-answer","width":2760,"height":1736}
[note] 7a the quote staged (attempt 1)
        {"selected":{"selected":true,"rowTop":209},"quoteButton":{"x":959,"y":188,"onScreen":true,"innerHeight":868},"chips":["inside a moving window"]}
[PASS] 7a the transcript's quote control stages a chip (so the panel's own question is the subject of 7b)
        {"attempts":1,"chips":["inside a moving window"]}
[note] 7b the panel's question with a quote staged
        {"panelText":"Asideoff the record — nothing here joins the conversationThe aside answered: Transport failures and owner 5xx responses, per provider, inside a moving window.Question: inside a moving windowU14 the question asked with a quote stagedTransport failures and owner 5xx responses, per provider, inside a moving window. each transport failure spends one each owner 5xx spends one a retry that succeeds resets the window A 4xx never spends it: the request was wrong, not the provider.Add to conversation⌘+F","hasReplyMarkup":false,"quoteBlock":1,"questionText":"Question: inside a moving windowU14 the question asked with a quote staged","chips":[]}
[PASS] 7b the panel paints the staged quote as a quote, never as <reply-to> markup
        {"markup":false,"question":"Question: inside a moving windowU14 the question asked with a quote staged"}
[note] 7c the settle announcement (U15: no markdown reaches the reader)
        {"announce":"The aside answered: Transport failures and owner 5xx responses, per provider, inside a moving window.","hasAsterisks":false}
[PASS] 7c the announcement carries no markdown syntax into the screen reader
        {"announce":"The aside answered: Transport failures and owner 5xx responses, per provider, inside a moving window."}
[note] frame
        {"label":"ux3-ux5r3wide5-17-u14-quote-in-the-panel","width":2760,"height":1736}
[note] 7d the announcement for an answer with markdown in it
        {"announce":"The aside answered: Transport failures and owner 5xx responses, per provider, inside a moving window.","hasMarkdownSyntax":false}
[PASS] 7d a screen reader hears the words, not the markdown
        {"announce":"The aside answered: Transport failures and owner 5xx responses, per provider, inside a moving window."}
[note] frame
        {"label":"ux3-ux5r3wide5-18-u15-announcement","width":2760,"height":1736}
[note] 8a the conversation is working
        {"busy":false,"placeholder":"Sending your message","transcriptWorking":true,"active":"textarea[Message]"}
[note] 8b the aside answered while the turn ran
        {"msSinceAsk":7600,"active":"textarea[Message]","activeIsField":true,"fieldValue":"U3 an aside while the agent works","refusalText":null,"noticeText":null,"noticeCount":0,"adoptDisabled":true,"adoptReason":"This conversation is working. Adding the aside while it runs would splice a message into a live turn.","bandLines":[],"region":{"scrollTop":0,"maxScroll":492,"clientHeight":248,"turns":1,"tabIndex":0}}
[PASS] 8b the answer completes and is announced while the conversation still works
        {"announce":"The aside answered: The retry budget is a per-provider allowance, and it is spent only by failures that a second attempt could plausibly fix.","working":true}
[PASS] 8b the blocked reason names the conversation while it works, and nothing says 'a moment' under a finished answer
        {"reason":"This conversation is working. Adding the aside while it runs would splice a message into a live turn."}
[note] frame
        {"label":"ux3-ux5r3wide5-19-u3-answered-while-working","width":2760,"height":1736}
[note] 8c the turn ended
        {"msSinceAsk":12177,"active":"textarea[Message]","adoptDisabled":false,"reason":null,"busy":false}
[PASS] 8c the adopt goes live by itself when the turn ends, with no press
        {"ms":12177}
[note] frame
        {"label":"ux3-ux5r3wide5-20-u3-adopt-live-after-the-turn","width":2760,"height":1736}
[note] 8d the region by keyboard
        {"stops":["button{Add to conversation}","div[The aside exchange]"],"home":{"scrollTop":0,"maxScroll":492,"clientHeight":248,"turns":1,"tabIndex":0},"end":{"scrollTop":493,"maxScroll":492,"clientHeight":248,"turns":1,"tabIndex":0},"pageUp":{"scrollTop":266,"maxScroll":492,"clientHeight":248,"turns":1,"tabIndex":0}}
[PASS] 8d the exchange region is reachable from the composer and scrolls under the keyboard
        {"stops":["button{Add to conversation}","div[The aside exchange]"],"home":0,"end":493,"maxScroll":492}
[note] frame
        {"label":"ux3-ux5r3wide5-21-u7-region-focused","width":2760,"height":1736}
[note] frame
        {"label":"ux3-ux5r3wide5-22-uadopt-panel-before-the-chord","width":2760,"height":1736}
[note] 9a after the first chord
        {"active":"textarea[Message]","activeIsField":true,"fieldValue":"","refusalText":"Press ⌘+F again to add the aside to the conversation. Once added, it stays there.","noticeText":"Press ⌘+F again to add the aside to the conversation. Once added, it stays there.","noticeCount":1,"adoptDisabled":false,"adoptReason":null,"bandLines":[],"region":{"scrollTop":0,"maxScroll":0,"clientHeight":188,"turns":1,"tabIndex":0},"adoptOps":1}
[PASS] 9a the first chord confirms and adds nothing
        {"ops":1,"notice":"Press ⌘+F again to add the aside to the conversation. Once added, it stays there."}
[note] frame
        {"label":"ux3-ux5r3wide5-23-uadopt-first-chord-confirm","width":2760,"height":1736}
[note] 9b the adopt
        {"panelGoneMs":585,"questionPaintedMs":827,"occurrences":1,"rows":{"panelUp":false,"active":"textarea[Message]","activeIsField":true,"placeholder":"Ask me for help","bandLines":[]},"visAdv":{"found":true,"scrollerTag":"DIV.relative flex w-full flex-col-reverse [s","rowTop":474,"rowBottom":496,"viewTop":56,"viewBottom":732,"rowFullyInView":true,"rowAboveViewBottomByPx":236,"occurrences":1},"history":[44,46],"adoptOps":1}
[PASS] 9b the second chord adopts: one POST, the panel detaches, the question paints once, and it is in the daemon's record
        {"goneAdv":585,"paintedMs":827,"occurrences":1,"history":[44,46]}
[PASS] 9b the adopted exchange lands in the reader's view rather than below the fold
        {"found":true,"scrollerTag":"DIV.relative flex w-full flex-col-reverse [s","rowTop":474,"rowBottom":496,"viewTop":56,"viewBottom":732,"rowFullyInView":true,"rowAboveViewBottomByPx":236,"occurrences":1}
[PASS] 9b the off-the-record affordance is gone once the exchange is part of the conversation
        {"placeholderBefore":"Ask off the record — Esc closes the aside","placeholderAfter":"Ask me for help","active":"textarea[Message]"}
[note] frame
        {"label":"ux3-ux5r3wide5-24-uadopt-adopted-in-the-transcript","width":2760,"height":1736}
[note] 9c after leaving and re-entering
        {"awayUrlAdv":"#/settings","transcriptMountedWhileAway":false,"msSinceReEnter":61,"occurrences":1}
[PASS] 9c the adopted exchange is still part of the conversation after leaving it and coming back, once
        {"awayUrlAdv":"#/settings","occurrences":1}
[note] frame
        {"label":"ux3-ux5r3wide5-25-uadopt-after-reentering","width":2760,"height":1736}
[note] UX3 scene
        finished
  [renderer] [attention] 54c06b425246 receipt unresolved after 3 attempts; backing off UserFacingError: View these completions in the foreground before marking them read.
    at tRe (file:///Users/damian/local-operator-ui-worktrees/ux482-r5-7c31f9/out/renderer/assets/index-DXqzQhMe.js:812:95051)
    at async Qt (file:///Users/damian/local-operator-ui-worktrees/ux482-r5-7c31f9/out/renderer/assets/index-DXqzQhMe.js:812:96186)
  [renderer] [attention] 54c06b425246 receipt unresolved after 3 attempts; backing off UserFacingError: View these completions in the foreground before marking them read.
    at tRe (file:///Users/damian/local-operator-ui-worktrees/ux482-r5-7c31f9/out/renderer/assets/index-DXqzQhMe.js:812:95051)
    at async Qt (file:///Users/damian/local-operator-ui-worktrees/ux482-r5-7c31f9/out/renderer/assets/index-DXqzQhMe.js:812:96186)
  [renderer] [attention] 54c06b425246 receipt unresolved after 3 attempts; backing off UserFacingError: View these completions in the foreground before marking them read.
    at tRe (file:///Users/damian/local-operator-ui-worktrees/ux482-r5-7c31f9/out/renderer/assets/index-DXqzQhMe.js:812:95051)
    at async Qt (file:///Users/damian/local-operator-ui-worktrees/ux482-r5-7c31f9/out/renderer/assets/index-DXqzQhMe.js:812:96186)

---- app log (tail) ----
Error occurred in handler for 'desktop-request': Error: View these completions in the foreground before marking them read.
    at /Users/damian/local-operator-ui-worktrees/ux482-r5-7c31f9/out/main/index.jsc:1:1072580
    at /Users/damian/local-operator-ui-worktrees/ux482-r5-7c31f9/out/main/index.jsc:1:1073624
    at Session.<anonymous> (node:electron/js2c/browser_init:2:123833)
    at Session.emit (node:events:514:28)
Error occurred in handler for 'desktop-request': Error: View these completions in the foreground before marking them read.
    at /Users/damian/local-operator-ui-worktrees/ux482-r5-7c31f9/out/main/index.jsc:1:1072580
    at /Users/damian/local-operator-ui-worktrees/ux482-r5-7c31f9/out/main/index.jsc:1:1073624
    at Session.<anonymous> (node:electron/js2c/browser_init:2:123833)
    at Session.emit (node:events:514:28)
Error occurred in handler for 'desktop-request': Error: View these completions in the foreground before marking them read.
    at /Users/damian/local-operator-ui-worktrees/ux482-r5-7c31f9/out/main/index.jsc:1:1072580
    at /Users/damian/local-operator-ui-worktrees/ux482-r5-7c31f9/out/main/index.jsc:1:1073624
    at Session.<anonymous> (node:electron/js2c/browser_init:2:123833)
    at Session.emit (node:events:514:28)
09:56:52.068 › [about-panel] suppressed by window mode headless: a headless run raises no window
09:57:05.497 › [about-panel] suppressed by window mode headless: a headless run raises no window
09:57:06.074 › [about-panel] suppressed by window mode headless: a headless run raises no window
Error occurred in handler for 'desktop-request': Error: View these completions in the foreground before marking them read.
    at /Users/damian/local-operator-ui-worktrees/ux482-r5-7c31f9/out/main/index.jsc:1:1072580
    at /Users/damian/local-operator-ui-worktrees/ux482-r5-7c31f9/out/main/index.jsc:1:1073624
    at Session.<anonymous> (node:electron/js2c/browser_init:2:123833)
    at Session.emit (node:events:514:28)
Error occurred in handler for 'desktop-request': Error: View these completions in the foreground before marking them read.
    at /Users/damian/local-operator-ui-worktrees/ux482-r5-7c31f9/out/main/index.jsc:1:1072580
    at /Users/damian/local-operator-ui-worktrees/ux482-r5-7c31f9/out/main/index.jsc:1:1073624
    at Session.<anonymous> (node:electron/js2c/browser_init:2:123833)
    at Session.emit (node:events:514:28)
Error occurred in handler for 'desktop-request': Error: View these completions in the foreground before marking them read.
    at /Users/damian/local-operator-ui-worktrees/ux482-r5-7c31f9/out/main/index.jsc:1:1072580
    at /Users/damian/local-operator-ui-worktrees/ux482-r5-7c31f9/out/main/index.jsc:1:1073624
    at Session.<anonymous> (node:electron/js2c/browser_init:2:123833)
    at Session.emit (node:events:514:28)
09:57:30.313 › [renderer] [attention] 54c06b425246 receipt unresolved after 3 attempts; backing off UserFacingError: View these completions in the foreground before marking them read.
Error occurred in handler for 'desktop-request': Error: View these completions in the foreground before marking them read.
    at /Users/damian/local-operator-ui-worktrees/ux482-r5-7c31f9/out/main/index.jsc:1:1072580
    at /Users/damian/local-operator-ui-worktrees/ux482-r5-7c31f9/out/main/index.jsc:1:1073624
    at Session.<anonymous> (node:electron/js2c/browser_init:2:123833)
    at Session.emit (node:events:514:28)

[PASS] no process from this run outlived its boot

frames: ux3-ux5r3wide5-01-u11a-base-answered.png, ux3-ux5r3wide5-02-u11a-declined-refusal.png, ux3-ux5r3wide5-03-u11a-retry-answered-in-place.png, ux3-ux5r3wide5-04-u11b-refusal-before-esc.png, ux3-ux5r3wide5-05-u11b-after-esc-what-was-lost.png, ux3-ux5r3wide5-06-u11c-fresh-refusal-sentence-alone.png, ux3-ux5r3wide5-07-u11d-dropped-exchange-refusal.png, ux3-ux5r3wide5-08-u11d-fresh-ask-answered-after-the-drop.png, ux3-ux5r3wide5-09-u16-first-cmdf-confirm.png, ux3-ux5r3wide5-10-u16-rearmed-on-the-new-turn.png, ux3-ux5r3wide5-11-u16k-adopted-from-the-keyboard.png, ux3-ux5r3wide5-12-u16b-second-press-adopted.png, ux3-ux5r3wide5-13-u16b-after-reentering.png, ux3-ux5r3wide5-14-u12-busy-line-at-the-press.png, ux3-ux5r3wide5-15-u12-busy-line-retired.png, ux3-ux5r3wide5-16-u13-slash-door-mid-answer.png, ux3-ux5r3wide5-17-u14-quote-in-the-panel.png, ux3-ux5r3wide5-18-u15-announcement.png, ux3-ux5r3wide5-19-u3-answered-while-working.png, ux3-ux5r3wide5-20-u3-adopt-live-after-the-turn.png, ux3-ux5r3wide5-21-u7-region-focused.png, ux3-ux5r3wide5-22-uadopt-panel-before-the-chord.png, ux3-ux5r3wide5-23-uadopt-first-chord-confirm.png, ux3-ux5r3wide5-24-uadopt-adopted-in-the-transcript.png, ux3-ux5r3wide5-25-uadopt-after-reentering.png
frames directory: /Users/damian/.local-operator/sessions/bde1c5028625/scratchpad/ux5rig/frames/ux5r3wide5
app log: /Users/damian/.local-operator/sessions/bde1c5028625/scratchpad/ux5rig/tmp/lo-renderer-driver-15733/app-scene.log
scratch removed (--clean)

3 CHECK(S) FAILED
== ux5r3wide5 driver exit: 1 ==
total 18776
drwxr-xr-x@ 27 damian  staff     864 Sep 25 09:57 .
drwxr-xr-x@ 19 damian  staff     608 Sep 25 09:52 ..
-rw-r--r--@  1 damian  staff  360876 Sep 25 09:54 ux3-ux5r3wide5-01-u11a-base-answered.png
-rw-r--r--@  1 damian  staff  394245 Sep 25 09:54 ux3-ux5r3wide5-02-u11a-declined-refusal.png
-rw-r--r--@  1 damian  staff  389878 Sep 25 09:54 ux3-ux5r3wide5-03-u11a-retry-answered-in-place.png
-rw-r--r--@  1 damian  staff  393555 Sep 25 09:54 ux3-ux5r3wide5-04-u11b-refusal-before-esc.png
-rw-r--r--@  1 damian  staff  276524 Sep 25 09:54 ux3-ux5r3wide5-05-u11b-after-esc-what-was-lost.png
-rw-r--r--@  1 damian  staff  333741 Sep 25 09:54 ux3-ux5r3wide5-06-u11c-fresh-refusal-sentence-alone.png
-rw-r--r--@  1 damian  staff  381228 Sep 25 09:54 ux3-ux5r3wide5-07-u11d-dropped-exchange-refusal.png
-rw-r--r--@  1 damian  staff  360106 Sep 25 09:54 ux3-ux5r3wide5-08-u11d-fresh-ask-answered-after-the-drop.png
-rw-r--r--@  1 damian  staff  373968 Sep 25 09:54 ux3-ux5r3wide5-09-u16-first-cmdf-confirm.png
-rw-r--r--@  1 damian  staff  384750 Sep 25 09:55 ux3-ux5r3wide5-10-u16-rearmed-on-the-new-turn.png
-rw-r--r--@  1 damian  staff  350708 Sep 25 09:55 ux3-ux5r3wide5-11-u16k-adopted-from-the-keyboard.png
-rw-r--r--@  1 damian  staff  386738 Sep 25 09:55 ux3-ux5r3wide5-12-u16b-second-press-adopted.png
-rw-r--r--@  1 damian  staff  386738 Sep 25 09:56 ux3-ux5r3wide5-13-u16b-after-reentering.png
-rw-r--r--@  1 damian  staff  386184 Sep 25 09:56 ux3-ux5r3wide5-14-u12-busy-line-at-the-press.png
-rw-r--r--@  1 damian  staff  380763 Sep 25 09:56 ux3-ux5r3wide5-15-u12-busy-line-retired.png
-rw-r--r--@  1 damian  staff  392694 Sep 25 09:56 ux3-ux5r3wide5-16-u13-slash-door-mid-answer.png
-rw-r--r--@  1 damian  staff  366823 Sep 25 09:56 ux3-ux5r3wide5-17-u14-quote-in-the-panel.png
-rw-r--r--@  1 damian  staff  374271 Sep 25 09:57 ux3-ux5r3wide5-18-u15-announcement.png
-rw-r--r--@  1 damian  staff  469949 Sep 25 09:57 ux3-ux5r3wide5-19-u3-answered-while-working.png
-rw-r--r--@  1 damian  staff  466153 Sep 25 09:57 ux3-ux5r3wide5-20-u3-adopt-live-after-the-turn.png
-rw-r--r--@  1 damian  staff  457218 Sep 25 09:57 ux3-ux5r3wide5-21-u7-region-focused.png
-rw-r--r--@  1 damian  staff  376128 Sep 25 09:57 ux3-ux5r3wide5-22-uadopt-panel-before-the-chord.png
-rw-r--r--@  1 damian  staff  378599 Sep 25 09:57 ux3-ux5r3wide5-23-uadopt-first-chord-confirm.png
-rw-r--r--@  1 damian  staff  395876 Sep 25 09:57 ux3-ux5r3wide5-24-uadopt-adopted-in-the-transcript.png
-rw-r--r--@  1 damian  staff  345092 Sep 25 09:57 ux3-ux5r3wide5-25-uadopt-after-reentering.png
8391 released before this command returned
ux5 private-port lock released
--- proxy counters (/Users/damian/.local-operator/sessions/bde1c5028625/scratchpad/ux5rig/run-ux5r3wide5/proxy-stats.json) ---
{
  "oldDaemon": false,
  "asidePosts": [
    {
      "at": "2026-09-25T13:53:55.975Z",
      "url": "/v1/desktop/sessions/54c06b425246/asides",
      "asideId": "42a926f1-78c8-4107-a274-ae29df025d20",
      "continues": null,
      "questionHead": "U11a what does the retry budget cap",
      "text": "U11a what does the retry budget cap",
      "carriedSubscriptionField": true,
      "subscriptionId": "ae968c009ae8467289db7866e927591d",
      "status": 200,
      "response": "{\"status\":200,\"message\":\"Desktop session result.\",\"result\":{\"data\":{\"aside_id\":\"42a926f1-78c8-4107-a274-ae29df025d20\",\"text\":\"Transport failures and owner **5xx** responses, per provider, inside a moving window.\\n\\n- each transport failure spends one\\n- each owner 5xx spends one\\n- a retry that succeeds resets the window\\n\\nA **4xx** never spends it: the request was wrong, not the provider.\",\"off_record\":true},\"replayed\":false}}"
    },
    {
      "at": "2026-09-25T13:54:03.194Z",
      "url": "/v1/desktop/sessions/54c06b425246/asides",
      "asideId": "27eaaca9-001a-401b-9962-4ccef7e4f07a",
      "continues": "42a926f1-78c8-4107-a274-ae29df025d20",
      "questionHead": "TOOLCALL2: U11a the follow-up the model declines",
      "text": "TOOLCALL2: U11a the follow-up the model declines",
      "carriedSubscriptionField": true,
      "subscriptionId": "ae968c009ae8467289db7866e927591d",
      "status": 409,
      "response": "{\"detail\":{\"code\":\"aside_unanswered\",\"message\":\"The model did not answer your aside in text — either a tool call, which is not available off the record, or nothing at all. No answer was produced: ask again.\"}}"
    },
    {
      "at": "2026-09-25T13:54:10.533Z",
      "url": "/v1/desktop/sessions/54c06b425246/asides",
      "asideId": "4ec39370-3b7c-4711-96bb-3661fc64396f",
      "continues": "42a926f1-78c8-4107-a274-ae29df025d20",
      "questionHead": "U11a retry in the same panel after the refusal",
      "text": "U11a retry in the same panel after the refusal",
      "carriedSubscriptionField": true,
      "subscriptionId": "ae968c009ae8467289db7866e927591d",
      "status": 200,
      "response": "{\"status\":200,\"message\":\"Desktop session result.\",\"result\":{\"data\":{\"aside_id\":\"4ec39370-3b7c-4711-96bb-3661fc64396f\",\"text\":\"Transport failures and owner **5xx** responses, per provider, inside a moving window.\\n\\n- each transport failure spends one\\n- each owner 5xx spends one\\n- a retry that succeeds resets the window\\n\\nA **4xx** never spends it: the request was wrong, not the provider.\",\"off_record\":true},\"replayed\":false}}"
    },
    {
      "at": "2026-09-25T13:54:17.334Z",
      "url": "/v1/desktop/sessions/54c06b425246/asides",
      "asideId": "85c58dc3-e598-493d-93d4-d824c787026f",
      "continues": null,
      "questionHead": "U11b a second base question",
      "text": "U11b a second base question",
      "carriedSubscriptionField": true,
      "subscriptionId": "ae968c009ae8467289db7866e927591d",
      "status": 200,
      "response": "{\"status\":200,\"message\":\"Desktop session result.\",\"result\":{\"data\":{\"aside_id\":\"85c58dc3-e598-493d-93d4-d824c787026f\",\"text\":\"Transport failures and owner **5xx** responses, per provider, inside a moving window.\\n\\n- each transport failure spends one\\n- each owner 5xx spends one\\n- a retry that succeeds resets the window\\n\\nA **4xx** never spends it: the request was wrong, not the provider.\",\"off_record\":true},\"replayed\":false}}"
    },
    {
      "at": "2026-09-25T13:54:23.176Z",
      "url": "/v1/desktop/sessions/54c06b425246/asides",
      "asideId": "fa461255-8fa4-4ccc-b7c7-d6d89cf82e55",
      "continues": "85c58dc3-e598-493d-93d4-d824c787026f",
      "questionHead": "TOOLCALL2: U11b the follow-up before Esc",
      "text": "TOOLCALL2: U11b the follow-up before Esc",
      "carriedSubscriptionField": true,
      "subscriptionId": "ae968c009ae8467289db7866e927591d",
      "status": 409,
      "response": "{\"detail\":{\"code\":\"aside_unanswered\",\"message\":\"The model did not answer your aside in text — either a tool call, which is not available off the record, or nothing at all. No answer was produced: ask again.\"}}"
    },
    {
      "at": "2026-09-25T13:54:31.504Z",
      "url": "/v1/desktop/sessions/54c06b425246/asides",
      "asideId": "32d20f70-9c32-4099-a737-6869eb370ff5",
      "continues": null,
      "questionHead": "TOOLCALL2: U11c a fresh ask the model declines",
      "text": "TOOLCALL2: U11c a fresh ask the model declines",
      "carriedSubscriptionField": true,
      "subscriptionId": "ae968c009ae8467289db7866e927591d",
      "status": 409,
      "response": "{\"detail\":{\"code\":\"aside_unanswered\",\"message\":\"The model did not answer your aside in text — either a tool call, which is not available off the record, or nothing at all. No answer was produced: ask again.\"}}"
    },
    {
      "at": "2026-09-25T13:54:39.258Z",
      "url": "/v1/desktop/sessions/54c06b425246/asides",
      "asideId": "4c1f3910-1ec8-416f-b2fd-4b9ccb2b1770",
      "continues": null,
      "questionHead": "U11d base for the dropped exchange",
      "text": "U11d base for the dropped exchange",
      "carriedSubscriptionField": true,
      "subscriptionId": "ae968c009ae8467289db7866e927591d",
      "status": 200,
      "response": "{\"status\":200,\"message\":\"Desktop session result.\",\"result\":{\"data\":{\"aside_id\":\"4c1f3910-1ec8-416f-b2fd-4b9ccb2b1770\",\"text\":\"Transport failures and owner **5xx** responses, per provider, inside a moving window.\\n\\n- each transport failure spends one\\n- each owner 5xx spends one\\n- a retry that succeeds resets the window\\n\\nA **4xx** never spends it: the request was wrong, not the provider.\",\"off_record\":true},\"replayed\":false}}"
    },
    {
      "at": "2026-09-25T13:54:45.224Z",
      "url": "/v1/desktop/sessions/54c06b425246/asides",
      "asideId": "4c2975dc-1d51-4f1b-b8b4-2ab9a1409579",
      "continues": "4c1f3910-1ec8-416f-b2fd-4b9ccb2b1770",
      "questionHead": "U11d a follow-up after the owner dropped the prefix",
      "text": "U11d a follow-up after the owner dropped the prefix",
      "carriedSubscriptionField": true,
      "subscriptionId": "ae968c009ae8467289db7866e927591d",
      "status": 409,
      "response": "{\"detail\":\"This aside is no longer available\"}"
    },
    {
      "at": "2026-09-25T13:54:46.221Z",
      "url": "/v1/desktop/sessions/54c06b425246/asides",
      "asideId": "f14adb4b-cfca-4819-8a1f-e6bf271973c8",
      "continues": null,
      "questionHead": "U11d a fresh aside after the dropped one",
      "text": "U11d a fresh aside after the dropped one",
      "carriedSubscriptionField": true,
      "subscriptionId": "ae968c009ae8467289db7866e927591d",
      "status": 200,
      "response": "{\"status\":200,\"message\":\"Desktop session result.\",\"result\":{\"data\":{\"aside_id\":\"f14adb4b-cfca-4819-8a1f-e6bf271973c8\",\"text\":\"Transport failures and owner **5xx** responses, per provider, inside a moving window.\\n\\n- each transport failure spends one\\n- each owner 5xx spends one\\n- a retry that succeeds resets the window\\n\\nA **4xx** never spends it: the request was wrong, not the provider.\",\"off_record\":true},\"replayed\":false}}"
    },
    {
      "at": "2026-09-25T13:54:53.040Z",
      "url": "/v1/desktop/sessions/54c06b425246/asides",
      "asideId": "9d5663ac-a65a-45c3-b081-403ff3ac8f0d",
      "continues": null,
      "questionHead": "U16 the exchange to be adopted by chord",
      "text": "U16 the exchange to be adopted by chord",
      "carriedSubscriptionField": true,
      "subscriptionId": "ae968c009ae8467289db7866e927591d",
      "status": 200,
      "response": "{\"status\":200,\"message\":\"Desktop session result.\",\"result\":{\"data\":{\"aside_id\":\"9d5663ac-a65a-45c3-b081-403ff3ac8f0d\",\"text\":\"Transport failures and owner **5xx** responses, per provider, inside a moving window.\\n\\n- each transport failure spends one\\n- each owner 5xx spends one\\n- a retry that succeeds resets the window\\n\\nA **4xx** never spends it: the request was wrong, not the provider.\",\"off_record\":true},\"replayed\":false}}"
    },
    {
      "at": "2026-09-25T13:55:00.585Z",
      "url": "/v1/desktop/sessions/54c06b425246/asides",
      "asideId": "85be7ea0-1814-4c68-b8f9-3e316613cba2",
      "continues": "9d5663ac-a65a-45c3-b081-403ff3ac8f0d",
      "questionHead": "U16 a follow-up asked after the first press",
      "text": "U16 a follow-up asked after the first press",
      "carriedSubscriptionField": true,
      "subscriptionId": "ae968c009ae8467289db7866e927591d",
      "status": 200,
      "response": "{\"status\":200,\"message\":\"Desktop session result.\",\"result\":{\"data\":{\"aside_id\":\"85be7ea0-1814-4c68-b8f9-3e316613cba2\",\"text\":\"Transport failures and owner **5xx** responses, per provider, inside a moving window.\\n\\n- each transport failure spends one\\n- each owner 5xx spends one\\n- a retry that succeeds resets the window\\n\\nA **4xx** never spends it: the request was wrong, not the provider.\",\"off_record\":true},\"replayed\":false}}"
    },
    {
      "at": "2026-09-25T13:55:07.965Z",
      "url": "/v1/desktop/sessions/54c06b425246/asides",
      "asideId": "fdc6e616-8749-4999-a2fb-559efad17080",
      "continues": null,
      "questionHead": "U16k the exchange adopted from the keyboard",
      "text": "U16k the exchange adopted from the keyboard",
      "carriedSubscriptionField": true,
      "subscriptionId": "ae968c009ae8467289db7866e927591d",
      "status": 200,
      "response": "{\"status\":200,\"message\":\"Desktop session result.\",\"result\":{\"data\":{\"aside_id\":\"fdc6e616-8749-4999-a2fb-559efad17080\",\"text\":\"Transport failures and owner **5xx** responses, per provider, inside a moving window.\\n\\n- each transport failure spends one\\n- each owner 5xx spends one\\n- a retry that succeeds resets the window\\n\\nA **4xx** never spends it: the request was wrong, not the provider.\",\"off_record\":true},\"replayed\":false}}"
    },
    {
      "at": "2026-09-25T13:55:15.729Z",
      "url": "/v1/desktop/sessions/54c06b425246/asides",
      "asideId": "691aed93-a28a-4011-9403-e5d85198f9b6",
      "continues": null,
      "questionHead": "U16b the exchange adopted by the second chord",
      "text": "U16b the exchange adopted by the second chord",
      "carriedSubscriptionField": true,
      "subscriptionId": "d607b6c6444542e4a9fb86fac4832978",
      "status": 200,
      "response": "{\"status\":200,\"message\":\"Desktop session result.\",\"result\":{\"data\":{\"aside_id\":\"691aed93-a28a-4011-9403-e5d85198f9b6\",\"text\":\"Transport failures and owner **5xx** responses, per provider, inside a moving window.\\n\\n- each transport failure spends one\\n- each owner 5xx spends one\\n- a retry that succeeds resets the window\\n\\nA **4xx** never spends it: the request was wrong, not the provider.\",\"off_record\":true},\"replayed\":false}}"
    },
    {
      "at": "2026-09-25T13:55:21.341Z",
      "url": "/v1/desktop/sessions/54c06b425246/asides",
      "asideId": "3336aa07-3c83-4d9e-a5a7-81149e9e4ff8",
      "continues": "691aed93-a28a-4011-9403-e5d85198f9b6",
      "questionHead": "U16b a second turn in the same exchange",
      "text": "U16b a second turn in the same exchange",
      "carriedSubscriptionField": true,
      "subscriptionId": "d607b6c6444542e4a9fb86fac4832978",
      "status": 200,
      "response": "{\"status\":200,\"message\":\"Desktop session result.\",\"result\":{\"data\":{\"aside_id\":\"3336aa07-3c83-4d9e-a5a7-81149e9e4ff8\",\"text\":\"Transport failures and owner **5xx** responses, per provider, inside a moving window.\\n\\n- each transport failure spends one\\n- each owner 5xx spends one\\n- a retry that succeeds resets the window\\n\\nA **4xx** never spends it: the request was wrong, not the provider.\",\"off_record\":true},\"replayed\":false}}"
    },
    {
      "at": "2026-09-25T13:56:17.819Z",
      "url": "/v1/desktop/sessions/54c06b425246/asides",
      "asideId": "0bdcfdfb-796f-41f9-aa22-0cab992ad9f9",
      "continues": "3336aa07-3c83-4d9e-a5a7-81149e9e4ff8",
      "questionHead": "SLOWANS: U12 a base turn for the busy window",
      "text": "SLOWANS: U12 a base turn for the busy window",
      "carriedSubscriptionField": true,
      "subscriptionId": "b8c38710c04a423ea77709ceb866c8eb",
      "status": 200,
      "response": "{\"status\":200,\"message\":\"Desktop session result.\",\"result\":{\"data\":{\"aside_id\":\"0bdcfdfb-796f-41f9-aa22-0cab992ad9f9\",\"text\":\"Transport failures and owner **5xx** responses, per provider, inside a moving window.\\n\\n- each transport failure spends one\\n- each owner 5xx spends one\\n- a retry that succeeds resets the window\\n\\nA **4xx** never spends it: the request was wrong, not the provider.\",\"off_record\":true},\"replayed\":false}}"
    },
    {
      "at": "2026-09-25T13:56:30.910Z",
      "url": "/v1/desktop/sessions/54c06b425246/asides",
      "asideId": "1ec1735a-e40b-49d4-8d7b-0b5df54af768",
      "continues": "0bdcfdfb-796f-41f9-aa22-0cab992ad9f9",
      "questionHead": "SLOWANS: U13 a second base turn for the slash door",
      "text": "SLOWANS: U13 a second base turn for the slash door",
      "carriedSubscriptionField": true,
      "subscriptionId": "b8c38710c04a423ea77709ceb866c8eb",
      "status": 200,
      "response": "{\"status\":200,\"message\":\"Desktop session result.\",\"result\":{\"data\":{\"aside_id\":\"1ec1735a-e40b-49d4-8d7b-0b5df54af768\",\"text\":\"Transport failures and owner **5xx** responses, per provider, inside a moving window.\\n\\n- each transport failure spends one\\n- each owner 5xx spends one\\n- a retry that succeeds resets the window\\n\\nA **4xx** never spends it: the request was wrong, not the provider.\",\"off_record\":true},\"replayed\":false}}"
    },
    {
      "at": "2026-09-25T13:56:53.195Z",
      "url": "/v1/desktop/sessions/54c06b425246/asides",
      "asideId": "fea178f9-7339-4b29-a7bc-2b4e6acd84b2",
      "continues": null,
      "questionHead": "<reply-to>inside a moving window</reply-to>\nU14 the question",
      "text": "<reply-to>inside a moving window</reply-to>\nU14 the question asked with a quote staged",
      "carriedSubscriptionField": true,
      "subscriptionId": "b8c38710c04a423ea77709ceb866c8eb",
      "status": 200,
      "response": "{\"status\":200,\"message\":\"Desktop session result.\",\"result\":{\"data\":{\"aside_id\":\"fea178f9-7339-4b29-a7bc-2b4e6acd84b2\",\"text\":\"Transport failures and owner **5xx** responses, per provider, inside a moving window.\\n\\n- each transport failure spends one\\n- each owner 5xx spends one\\n- a retry that succeeds resets the window\\n\\nA **4xx** never spends it: the request was wrong, not the provider.\",\"off_record\":true},\"replayed\":false}}"
    },
    {
      "at": "2026-09-25T13:56:59.431Z",
      "url": "/v1/desktop/sessions/54c06b425246/asides",
      "asideId": "8573c352-5f9e-4c78-b411-919f178cc167",
      "continues": null,
      "questionHead": "U15 an ask whose answer carries markdown",
      "text": "U15 an ask whose answer carries markdown",
      "carriedSubscriptionField": true,
      "subscriptionId": "b8c38710c04a423ea77709ceb866c8eb",
      "status": 200,
      "response": "{\"status\":200,\"message\":\"Desktop session result.\",\"result\":{\"data\":{\"aside_id\":\"8573c352-5f9e-4c78-b411-919f178cc167\",\"text\":\"Transport failures and owner **5xx** responses, per provider, inside a moving window.\\n\\n- each transport failure spends one\\n- each owner 5xx spends one\\n- a retry that succeeds resets the window\\n\\nA **4xx** never spends it: the request was wrong, not the provider.\",\"off_record\":true},\"replayed\":false}}"
    },
    {
      "at": "2026-09-25T13:57:06.426Z",
      "url": "/v1/desktop/sessions/54c06b425246/asides",
      "asideId": "eb22a057-b351-4a45-8f7f-9312560e90f7",
      "continues": null,
      "questionHead": "LONGANSWER U3 an aside while the agent works",
      "text": "LONGANSWER U3 an aside while the agent works",
      "carriedSubscriptionField": true,
      "subscriptionId": "b8c38710c04a423ea77709ceb866c8eb",
      "status": 200,
      "response": "{\"status\":200,\"message\":\"Desktop session result.\",\"result\":{\"data\":{\"aside_id\":\"eb22a057-b351-4a45-8f7f-9312560e90f7\",\"text\":\"The retry budget is a per-provider allowance, and it is spent only by failures that a second attempt could plausibly fix. A dropped connection, a reset stream, a timeout before the first byte and an owner 5xx each spend one unit; a 4xx spends nothing, because the request itself was refused and sending it again would be refused again. The window moves, so an allowance spent an hour ago is back by now, and a burst of failures inside a single minute exhausts it quickly on "
    },
    {
      "at": "2026-09-25T13:57:21.458Z",
      "url": "/v1/desktop/sessions/54c06b425246/asides",
      "asideId": "4565b538-ddff-467e-b892-2c4daf1dbda5",
      "continues": null,
      "questionHead": "UADOPT the exchange adopted end to end",
      "text": "UADOPT the exchange adopted end to end",
      "carriedSubscriptionField": true,
      "subscriptionId": "b8c38710c04a423ea77709ceb866c8eb",
      "status": 200,
      "response": "{\"status\":200,\"message\":\"Desktop session result.\",\"result\":{\"data\":{\"aside_id\":\"4565b538-ddff-467e-b892-2c4daf1dbda5\",\"text\":\"Transport failures and owner **5xx** responses, per provider, inside a moving window.\\n\\n- each transport failure spends one\\n- each owner 5xx spends one\\n- a retry that succeeds resets the window\\n\\nA **4xx** never spends it: the request was wrong, not the provider.\",\"off_record\":true},\"replayed\":false}}"
    }
  ],
  "streams": [
    {
      "url": "/v1/desktop/events",
      "openedAt": "2026-09-25T13:53:27.123Z",
      "subscriptionId": "4c4822d79a325d3a",
      "asideDeltas": 0,
      "deltaSizes": []
    },
    {
      "url": "/v1/desktop/sessions/54c06b425246/events?frontend_replace=1",
      "openedAt": "2026-09-25T13:53:34.400Z",
      "subscriptionId": "ae968c009ae8467289db7866e927591d",
      "asideDeltas": 64,
      "deltaSizes": [
        29,
        33,
        25,
        36,
        28,
        43,
        27,
        40,
        29,
        33,
        25,
        36,
        28,
        43,
        27,
        40,
        29,
        33,
        25,
        36,
        28,
        43,
        27,
        40,
        29,
        33,
        25,
        36,
        28,
        43,
        27,
        40,
        29,
        33,
        25,
        36,
        28,
        43,
        27,
        40,
        29,
        33,
        25,
        36,
        28,
        43,
        27,
        40,
        29,
        33,
        25,
        36,
        28,
        43,
        27,
        40,
        29,
        33,
        25,
        36,
        28,
        43,
        27,
        40
      ]
    },
    {
      "url": "/v1/desktop/sessions/54c06b425246/events?frontend_replace=1",
      "openedAt": "2026-09-25T13:55:14.679Z",
      "subscriptionId": "d607b6c6444542e4a9fb86fac4832978",
      "asideDeltas": 16,
      "deltaSizes": [
        29,
        33,
        25,
        36,
        28,
        43,
        27,
        40,
        29,
        33,
        25,
        36,
        28,
        43,
        27,
        40
      ]
    },
    {
      "url": "/v1/desktop/sessions/54c06b425246/events?frontend_replace=1",
      "openedAt": "2026-09-25T13:55:51.484Z",
      "subscriptionId": "b8c38710c04a423ea77709ceb866c8eb",
      "asideDeltas": 50,
      "deltaSizes": [
        29,
        33,
        25,
        36,
        28,
        43,
        27,
        40,
        29,
        33,
        25,
        36,
        28,
        43,
        27,
        40,
        29,
        33,
        25,
        36,
        28,
        43,
        27,
        40,
        29,
        33,
        25,
        36,
        28,
        43,
        27,
        40,
        300,
        300,
        300,
        300,
        300,
        300,
        300,
        300,
        300,
        287,
        29,
        33,
        25,
        36,
        28,
        43,
        27,
        40
      ]
    },
    {
      "url": "/v1/desktop/sessions/54c06b425246/events?frontend_replace=1",
      "openedAt": "2026-09-25T13:57:29.082Z",
      "subscriptionId": "43e42f303a7d45cf95ddc7ec69414875",
      "asideDeltas": 0,
      "deltaSizes": []
    },
    {
      "url": "/v1/desktop/sessions/54c06b425246/events?frontend_replace=1",
      "openedAt": "2026-09-25T13:57:32.874Z",
      "subscriptionId": "5d25ca71c87a4791920d23a340b84cf0",
      "asideDeltas": 0,
      "deltaSizes": []
    }
  ],
  "asideDeltaFrames": 130,
  "deltasBySubscription": {
    "ae968c009ae8467289db7866e927591d": 64,
    "d607b6c6444542e4a9fb86fac4832978": 16,
    "b8c38710c04a423ea77709ceb866c8eb": 50
  },
  "deltasByAside": {
    "42a926f1-78c8-4107-a274-ae29df025d20": 8,
    "4ec39370-3b7c-4711-96bb-3661fc64396f": 8,
    "85c58dc3-e598-493d-93d4-d824c787026f": 8,
    "4c1f3910-1ec8-416f-b2fd-4b9ccb2b1770": 8,
    "f14adb4b-cfca-4819-8a1f-e6bf271973c8": 8,
    "9d5663ac-a65a-45c3-b081-403ff3ac8f0d": 8,
    "85be7ea0-1814-4c68-b8f9-3e316613cba2": 8,
    "fdc6e616-8749-4999-a2fb-559efad17080": 8,
    "691aed93-a28a-4011-9403-e5d85198f9b6": 8,
    "3336aa07-3c83-4d9e-a5a7-81149e9e4ff8": 8,
    "0bdcfdfb-796f-41f9-aa22-0cab992ad9f9": 8,
    "1ec1735a-e40b-49d4-8d7b-0b5df54af768": 8,
    "fea178f9-7339-4b29-a7bc-2b4e6acd84b2": 8,
    "8573c352-5f9e-4c78-b411-919f178cc167": 8,
    "eb22a057-b351-4a45-8f7f-9312560e90f7": 10,
    "4565b538-ddff-467e-b892-2c4daf1dbda5": 8
  },
  "refused422": 0,
  "messagePosts": [
    {
      "at": "2026-09-25T13:53:47.937Z",
      "url": "/v1/desktop/sessions/54c06b425246/messages",
      "kind": "message",
      "text": "seed turn for the round-3 UX walk",
      "images": 0,
      "held": 0,
      "status": 200,
      "response": "{\"status\":200,\"message\":\"Desktop session result.\",\"result\":{\"status\":\"admitted\",\"duplicate\":false,\"detail\":\"prompt admitted\",\"command_id\":\"4fb3dc5b-24a0-4929-ad14-5ba87c299978\",\"replayed\":false}}",
      "forwardedAt": "2026-09-25T13:53:47.937Z"
    },
    {
      "at": "2026-09-25T13:56:32.400Z",
      "url": "/v1/desktop/sessions/54c06b425246/messages",
      "kind": "message",
      "text": "U14 a plain thread question to have a row to quote",
      "images": 0,
      "held": 0,
      "status": 200,
      "response": "{\"status\":200,\"message\":\"Desktop session result.\",\"result\":{\"status\":\"admitted\",\"duplicate\":false,\"detail\":\"prompt admitted\",\"command_id\":\"b1dbbc49-c17e-471a-aa3c-d78dc6266154\",\"replayed\":false}}",
      "forwardedAt": "2026-09-25T13:56:32.401Z"
    },
    {
      "at": "2026-09-25T13:57:05.996Z",
      "url": "/v1/desktop/sessions/54c06b425246/messages",
      "kind": "message",
      "text": "SLOWTURN: U3 take your time answering this one",
      "images": 0,
      "held": 0,
      "status": 200,
      "response": "{\"status\":200,\"message\":\"Desktop session result.\",\"result\":{\"status\":\"admitted\",\"duplicate\":false,\"detail\":\"prompt admitted\",\"command_id\":\"d76eedb6-ec60-4ae8-87da-84ca300e6ab0\",\"replayed\":false}}",
      "forwardedAt": "2026-09-25T13:57:05.998Z"
    }
  ],
  "asideOps": [
    {
      "at": "2026-09-25T13:54:16.243Z",
      "method": "DELETE",
      "url": "/v1/desktop/sessions/54c06b425246/asides/4ec39370-3b7c-4711-96bb-3661fc64396f",
      "kind": "close",
      "probe": false,
      "status": 200,
      "response": "{\"status\":200,\"message\":\"Desktop session result.\",\"result\":{\"data\":{\"aside_id\":\"4ec39370-3b7c-4711-96bb-3661fc64396f\",\"status\":\"closed\"},\"replayed\":false}}"
    },
    {
      "at": "2026-09-25T13:54:30.159Z",
      "method": "DELETE",
      "url": "/v1/desktop/sessions/54c06b425246/asides/85c58dc3-e598-493d-93d4-d824c787026f",
      "kind": "close",
      "probe": false,
      "status": 200,
      "response": "{\"status\":200,\"message\":\"Desktop session result.\",\"result\":{\"data\":{\"aside_id\":\"85c58dc3-e598-493d-93d4-d824c787026f\",\"status\":\"closed\"},\"replayed\":false}}"
    },
    {
      "at": "2026-09-25T13:54:38.121Z",
      "method": "DELETE",
      "url": "/v1/desktop/sessions/54c06b425246/asides/32d20f70-9c32-4099-a737-6869eb370ff5",
      "kind": "close",
      "probe": false,
      "status": 404,
      "response": "{\"detail\":\"This aside is no longer available\"}"
    },
    {
      "at": "2026-09-25T13:54:44.891Z",
      "method": "DELETE",
      "url": "/v1/desktop/sessions/54c06b425246/asides/4c1f3910-1ec8-416f-b2fd-4b9ccb2b1770",
      "kind": "close",
      "probe": true,
      "status": 200,
      "response": "{\"status\":200,\"message\":\"Desktop session result.\",\"result\":{\"data\":{\"aside_id\":\"4c1f3910-1ec8-416f-b2fd-4b9ccb2b1770\",\"status\":\"closed\"},\"replayed\":false}}"
    },
    {
      "at": "2026-09-25T13:54:45.566Z",
      "method": "DELETE",
      "url": "/v1/desktop/sessions/54c06b425246/asides/4c1f3910-1ec8-416f-b2fd-4b9ccb2b1770",
      "kind": "close",
      "probe": false,
      "status": 404,
      "response": "{\"detail\":\"This aside is no longer available\"}"
    },
    {
      "at": "2026-09-25T13:54:52.232Z",
      "method": "DELETE",
      "url": "/v1/desktop/sessions/54c06b425246/asides/f14adb4b-cfca-4819-8a1f-e6bf271973c8",
      "kind": "close",
      "probe": false,
      "status": 200,
      "response": "{\"status\":200,\"message\":\"Desktop session result.\",\"result\":{\"data\":{\"aside_id\":\"f14adb4b-cfca-4819-8a1f-e6bf271973c8\",\"status\":\"closed\"},\"replayed\":false}}"
    },
    {
      "at": "2026-09-25T13:55:07.073Z",
      "method": "DELETE",
      "url": "/v1/desktop/sessions/54c06b425246/asides/85be7ea0-1814-4c68-b8f9-3e316613cba2",
      "kind": "close",
      "probe": false,
      "status": 200,
      "response": "{\"status\":200,\"message\":\"Desktop session result.\",\"result\":{\"data\":{\"aside_id\":\"85be7ea0-1814-4c68-b8f9-3e316613cba2\",\"status\":\"closed\"},\"replayed\":false}}"
    },
    {
      "at": "2026-09-25T13:55:14.177Z",
      "method": "POST",
      "url": "/v1/desktop/sessions/54c06b425246/asides/fdc6e616-8749-4999-a2fb-559efad17080/adopt",
      "kind": "adopt",
      "probe": false,
      "status": 200,
      "response": "{\"status\":200,\"message\":\"Desktop session result.\",\"result\":{\"data\":{\"aside_id\":\"fdc6e616-8749-4999-a2fb-559efad17080\",\"status\":\"adopted\"},\"replayed\":false}}"
    },
    {
      "at": "2026-09-25T13:56:31.556Z",
      "method": "DELETE",
      "url": "/v1/desktop/sessions/54c06b425246/asides/0bdcfdfb-796f-41f9-aa22-0cab992ad9f9",
      "kind": "close",
      "probe": false,
      "status": 200,
      "response": "{\"status\":200,\"message\":\"Desktop session result.\",\"result\":{\"data\":{\"aside_id\":\"0bdcfdfb-796f-41f9-aa22-0cab992ad9f9\",\"status\":\"closed\"},\"replayed\":false}}"
    },
    {
      "at": "2026-09-25T13:56:58.709Z",
      "method": "DELETE",
      "url": "/v1/desktop/sessions/54c06b425246/asides/fea178f9-7339-4b29-a7bc-2b4e6acd84b2",
      "kind": "close",
      "probe": false,
      "status": 200,
      "response": "{\"status\":200,\"message\":\"Desktop session result.\",\"result\":{\"data\":{\"aside_id\":\"fea178f9-7339-4b29-a7bc-2b4e6acd84b2\",\"status\":\"closed\"},\"replayed\":false}}"
    },
    {
      "at": "2026-09-25T13:57:05.007Z",
      "method": "DELETE",
      "url": "/v1/desktop/sessions/54c06b425246/asides/8573c352-5f9e-4c78-b411-919f178cc167",
      "kind": "close",
      "probe": false,
      "status": 200,
      "response": "{\"status\":200,\"message\":\"Desktop session result.\",\"result\":{\"data\":{\"aside_id\":\"8573c352-5f9e-4c78-b411-919f178cc167\",\"status\":\"closed\"},\"replayed\":false}}"
    },
    {
      "at": "2026-09-25T13:57:20.498Z",
      "method": "DELETE",
      "url": "/v1/desktop/sessions/54c06b425246/asides/eb22a057-b351-4a45-8f7f-9312560e90f7",
      "kind": "close",
      "probe": false,
      "status": 200,
      "response": "{\"status\":200,\"message\":\"Desktop session result.\",\"result\":{\"data\":{\"aside_id\":\"eb22a057-b351-4a45-8f7f-9312560e90f7\",\"status\":\"closed\"},\"replayed\":false}}"
    },
    {
      "at": "2026-09-25T13:57:28.568Z",
      "method": "POST",
      "url": "/v1/desktop/sessions/54c06b425246/asides/4565b538-ddff-467e-b892-2c4daf1dbda5/adopt",
      "kind": "adopt",
      "probe": false,
      "status": 200,
      "response": "{\"status\":200,\"message\":\"Desktop session result.\",\"result\":{\"data\":{\"aside_id\":\"4565b538-ddff-467e-b892-2c4daf1dbda5\",\"status\":\"adopted\"},\"replayed\":false}}"
    }
  ]
}
--- end counters ---
