ux5 private-port lock taken
rig up: proxy 45082 on 8391 -> daemon 43770 on 59803, stub 59772; 1111 and 8080 untouched
== ux5wide (btw-ux4) at 13:16:27 ==
[build] current: assets 2026-09-25T13:14:15.052Z >= sources 2026-09-25T12:33:29.028Z
[note] csp for this run's backend
        already widened for http://127.0.0.1:8391
  serve records 1 linked from /Users/damian/.local-operator/sessions/bde1c5028625/scratchpad/ux5rig/run-ux5wide/records   (the app admits a daemon only while a record describes one, and a record is a heartbeat)
local-operator-ui renderer driver
  repo          /Users/damian/local-operator-ui-worktrees/ux482-r5-7c31f9
  scratch       /Users/damian/.local-operator/sessions/bde1c5028625/scratchpad/ux5rig/tmp/lo-renderer-driver-45250
  frames        /Users/damian/.local-operator/sessions/bde1c5028625/scratchpad/ux5rig/frames/ux5wide
  app cwd       /Users/damian/.local-operator/sessions/bde1c5028625/scratchpad/ux5rig/tmp/lo-renderer-driver-45250/cwd   (scratch: the repo's .env is not read)
  backend url   http://127.0.0.1:8391   (--backend: a live isolated backend this run owns)
  electron      44.3.0   (/Users/damian/local-operator-ui/node_modules/.pnpm/electron@44.3.0/node_modules/electron/dist/Electron.app/Contents/MacOS/Electron)
  electron pin  44.3.0   (package.json optionalDependencies)
[PASS] the harness is driving the Electron this branch pins
[PASS] the scratch backend port is dead
[note] the app's default backend port (127.0.0.1:1111)
        a listener is up: this run's main process points elsewhere, and the check below proves the app holds no connection to the URL the RENDERER was built with
[note] verbs registered by the renderer
        ["hello","measure","navigate","openCanvasDocument","press","queries","queryFetches","setSidebarWidth","setTheme","state"]
[PASS] the armed launch said so on stdout
[PASS] the app's logs went to this run's scratch tree, not the operator's
[note] renderer's api base URL at hello, against --backend
        {"apiBaseUrl":"http://127.0.0.1:8391","backend":"http://127.0.0.1:8391"}
[PASS] the app holds a connection to this run's backend (http://127.0.0.1:8391)
[PASS] the app holds NO connection to the operator's own backend (http://localhost:1111)
[note] profile seeded
        onboarding-storage marks the modal complete, so the app is an existing user rather than a first-run one
[PASS] headless and never shown
        mode=headless visible=false focused=false
[PASS] the composer is on screen before anything is typed
[note] the session's owner
        warm (snapshot.cold = false)
[note] UX4 session
        94979ec066cf
[note] 1a the declined follow-up, as painted
        {"active":"textarea[Message]","activeIsField":true,"fieldValue":"","refusalText":"The model did not answer your aside in text — either a tool call, which is not available off the record, or nothing at all. No answer was produced: Ask again here to keep this exchange, or press Esc to close the aside and discard it.","noticeText":"The model did not answer your aside in text — either a tool call, which is not available off the record, or nothing at all. No answer was produced: Ask again here to keep this exchange, or press Esc to close the aside and discard it.","noticeCount":1,"adoptDisabled":true,"adoptReason":"Nothing to add.","region":{"scrollTop":15,"maxScroll":15,"clientHeight":248,"turns":2,"tabIndex":0}}
[note] 1a the composed refusal's own text
        {"text":"The model did not answer your aside in text — either a tool call, which is not available off the record, or nothing at all. No answer was produced: Ask again here to keep this exchange, or press Esc to close the aside and discard it."}
[note] 1a where the remedy is stated
        {"askAgainCount":1,"clauseCount":1,"whereClause":[{"zone":"panel","visible":true,"text":"The model did not answer your aside in text — either a tool call, which is not available off the record, or nothing at all. No answer was produced: Ask again here to keep this exchange, or press Esc t"}]}
[note] 1a refusal in the region (Q33 in the flow)
        {"scrollTop":15,"maxScroll":15,"target":200.3,"state":"alert","alertText":"The model did not answer your aside in text — either a tool call, which is not available off the record, or nothing at all. No answer was produced: Ask again here to keep this exchange, or press Esc to close the aside and discard it.","alertTopInRegion":208.8,"alertBottomInRegion":247.8,"clientHeight":248,"hiddenBelowPx":0,"hiddenAbovePx":0,"rows":2,"rowsFullyVisible":2,"lastRowBottomVsClipPx":-2.7,"phrase":{"needle":"discard it","bottomVsClipPx":-2.7,"visible":true}}
[PASS] 1a the composed refusal states the remedy once, and still names both options
        {"text":"The model did not answer your aside in text — either a tool call, which is not available off the record, or nothing at all. No answer was produced: Ask again here to keep this exchange, or press Esc to close the aside and discard it.","askAgain":1,"namesClause":true}
[PASS] 1a the whole refusal is inside the region's clip (the words that name Esc's cost are read, not implied)
        {"scrollTop":15,"maxScroll":15,"target":200.3,"state":"alert","alertText":"The model did not answer your aside in text — either a tool call, which is not available off the record, or nothing at all. No answer was produced: Ask again here to keep this exchange, or press Esc to close the aside and discard it.","alertTopInRegion":208.8,"alertBottomInRegion":247.8,"clientHeight":248,"hiddenBelowPx":0,"hiddenAbovePx":0,"rows":2,"rowsFullyVisible":2,"lastRowBottomVsClipPx":-2.7,"phrase":{"needle":"discard it","bottomVsClipPx":-2.7,"visible":true}}
[PASS] 1a the exchange the refused follow-up belongs to is still held, with both turns, before the key
        {"entryId":"a99817be-0290-4fff-be78-5accb56062fc","refusedTurnId":"c436c77d-4dfe-43b0-808d-348d178617d1","entryBefore":{"status":200,"detail":null,"turns":2,"firstTurnHead":"[{\"type\":\"text\",\"text\":\"UA1 what does the retry budget cap\"}]","complete":true,"adoptable":true}}
[note] frame
        {"label":"ux4-ux5wide-01-u19a-refused-refusal-once","width":2760,"height":1736}
[note] 1b after Esc: what the user has left
        {"ms":289,"panelUp":false,"active":"textarea[Message]","activeIsField":true}
[note] 1b the id the app asked the owner to drop
        {"close":{"count":1,"targetId":"a99817be-0290-4fff-be78-5accb56062fc","status":200},"entryId":"a99817be-0290-4fff-be78-5accb56062fc","refusedTurnId":"c436c77d-4dfe-43b0-808d-348d178617d1","namedTheEntry":true,"namedTheRefusedTurn":false}
[note] 1b the entry that held the exchange, after Esc
        {"status":404,"detail":"This aside is no longer available","turns":null,"firstTurnHead":null,"complete":null,"adoptable":null}
[note] 1b the refused turn's own id, after Esc
        {"status":404,"detail":"This aside is no longer available","turns":null,"firstTurnHead":null,"complete":null,"adoptable":null}
[note] 1b the transcript
        {"base":0,"followUp":0,"replies":[]}
[PASS] 1b closing names the entry that holds the exchange - the same id the ask path continues - and the owner answers 200
        {"target":"a99817be-0290-4fff-be78-5accb56062fc","entryId":"a99817be-0290-4fff-be78-5accb56062fc","refusedTurnId":"c436c77d-4dfe-43b0-808d-348d178617d1","status":200}
[PASS] 1b the exchange really goes: the entry the copy told the user to discard is no longer held
        {"entryAfter":{"status":404,"detail":"This aside is no longer available","turns":null,"firstTurnHead":null,"complete":null,"adoptable":null}}
[PASS] 1b Esc takes the exchange off the screen: the panel is gone, focus is back in the box, and neither question is anywhere the user can reach
        {"panelUp":false,"active":"textarea[Message]","base":0,"chips":[]}
[note] frame
        {"label":"ux4-ux5wide-02-u19a-after-esc-the-exchange-really-went","width":2760,"height":1736}
[note] 2 an answered exchange's Esc
        {"ms":14,"panelUp":false,"active":"textarea[Message]","entryId":"63fde788-14c7-4312-bc8b-1f5d23a053b6","closes":[{"id":"63fde788-14c7-4312-bc8b-1f5d23a053b6","status":200}],"entryAfter":{"status":404,"detail":"This aside is no longer available","turns":null,"firstTurnHead":null,"complete":null,"adoptable":null},"inTranscript":0}
[PASS] 2 an answered exchange is closed by its own entry's id, answered 200, and the entry goes
        {"closes":[{"id":"63fde788-14c7-4312-bc8b-1f5d23a053b6","status":200}],"entryId":"63fde788-14c7-4312-bc8b-1f5d23a053b6","entryAfter":{"status":404,"detail":"This aside is no longer available","turns":null,"firstTurnHead":null,"complete":null,"adoptable":null}}
[PASS] 2 the answered arm costs the reader the same thing the copy says: nothing on screen, nothing in the transcript
        {"panelUp":false,"active":"textarea[Message]","inTranscript":0}
[note] frame
        {"label":"ux4-ux5wide-03-u19b-answered-closed","width":2760,"height":1736}
[note] 3a adopting by the second chord
        {"panelGoneMs":170,"painted":{"UC1 the exchange adopted then closed":253},"active":"textarea[Message]","adoptOps":1}
[note] 3a the owner's record
        {"history":[13,15],"hasQuestion":1,"entryAfterAdopt":{"status":200,"detail":null,"turns":2,"firstTurnHead":"[{\"type\":\"text\",\"text\":\"UC1 the exchange adopted then closed\"}]","complete":true,"adoptable":false}}
[PASS] 3a the second press adopts once: the rows paint live, the panel detaches, focus returns
        {"ops":1,"active":"textarea[Message]","painted":{"UC1 the exchange adopted then closed":253}}
[note] frame
        {"label":"ux4-ux5wide-04-u19c-adopted","width":2760,"height":1736}
[note] 3b Esc after adopting
        {"panelUp":false,"active":"textarea[Message]","rows":1,"entryBefore":{"status":200,"detail":null,"turns":2,"firstTurnHead":"[{\"type\":\"text\",\"text\":\"UC1 the exchange adopted then closed\"}]","complete":true,"adoptable":false},"entryAfter":{"status":200,"detail":null,"turns":2,"firstTurnHead":"[{\"type\":\"text\",\"text\":\"UC1 the exchange adopted then closed\"}]","complete":true,"adoptable":false},"closeOps":[2,2]}
[PASS] 3b closing after adopting takes nothing back: the adopted rows are still painted and the owner's record is untouched
        {"rows":1,"before":200,"after":200,"closes":0}
[note] frame
        {"label":"ux4-ux5wide-05-u19c-after-esc-nothing-taken-back","width":2760,"height":1736}
[note] 3c away and back
        {"awayUrl":"#/settings","whileAway_mounted":false,"whileAway_hasQuestion":0,"reEntryMs":173,"occurrencesAfter":1}
[PASS] 3c the adopted rows survive leaving the conversation and coming back, once each
        {"after":1}
[note] frame
        {"label":"ux4-ux5wide-06-u19c-after-reentering","width":2760,"height":1736}
[note] 4a a reflex double-tap, 66ms apart
        {"panelUp":true,"notice":"Press ⌘+F again to add the aside to the conversation. Once added, it stays there.","adoptOps":0,"keys":[52384,52631],"gapMs":247,"msFromFirstPress":799,"refusal":"Press ⌘+F again to add the aside to the conversation. Once added, it stays there.","bandLines":[]}
[PASS] 4a a reflex double-tap does NOT adopt: no adopt request leaves, the panel is still up, and the confirm is still the whole answer
        {"ops":0,"panelUp":true,"notice":"Press ⌘+F again to add the aside to the conversation. Once added, it stays there.","keys":[52384,52631]}
[PASS] 4a the swallowed press surfaces nothing of its own: the panel's one alert is still the confirm, nothing is red on it, and the composer line stays empty
        {"refusal":"Press ⌘+F again to add the aside to the conversation. Once added, it stays there.","noticeCount":1,"bandLines":[]}
[note] frame
        {"label":"ux4-ux5wide-07-u17a-reflex-double-tap-does-not-adopt","width":2760,"height":1736}
[note] 4b the press after the floor
        {"msAfterTheConfirm":863,"panelUp":false,"active":"textarea[Message]","adoptOps":1}
[PASS] 4b a swallowed press is not a withdraw: the next press adopts, once
        {"ops":1,"panelUp":false}
[note] frame
        {"label":"ux4-ux5wide-08-u17b-the-press-after-the-floor-adopts","width":2760,"height":1736}
[note] 5 a deliberate two-press adopt
        {"panelGoneMs":68,"painted":{"UE1 the exchange a deliberate press meets":88},"adoptOps":1,"active":"textarea[Message]"}
[PASS] 5 a user who reads the confirm and presses again adopts first time - no third press needed
        {"ops":1,"painted":{"UE1 the exchange a deliberate press meets":88}}
[note] frame
        {"label":"ux4-ux5wide-09-u17c-deliberate-press-adopts","width":2760,"height":1736}
[note] 6 a fresh refused ask
        {"active":"textarea[Message]","activeIsField":true,"fieldValue":"","refusalText":"The model did not answer your aside in text — either a tool call, which is not available off the record, or nothing at all. No answer was produced: ask again.","noticeText":"The model did not answer your aside in text — either a tool call, which is not available off the record, or nothing at all. No answer was produced: ask again.","noticeCount":1,"adoptDisabled":true,"adoptReason":"Nothing to add.","region":{"scrollTop":0,"maxScroll":0,"clientHeight":63,"turns":1,"tabIndex":0},"text":"The model did not answer your aside in text — either a tool call, which is not available off the record, or nothing at all. No answer was produced: ask again.","endsWithOwnerRemedy":true}
[PASS] 6 a fresh refusal still states the owner's sentence alone, its own remedy intact and no clause
        {"text":"The model did not answer your aside in text — either a tool call, which is not available off the record, or nothing at all. No answer was produced: ask again.","askAgain":1,"hasClause":false}
[note] frame
        {"label":"ux4-ux5wide-10-u18-fresh-refusal-keeps-its-own-remedy","width":2760,"height":1736}
[note] UX4 scene
        finished
  [renderer] [attention] 94979ec066cf receipt unresolved after 3 attempts; backing off UserFacingError: View these completions in the foreground before marking them read.
    at tRe (file:///Users/damian/local-operator-ui-worktrees/ux482-r5-7c31f9/out/renderer/assets/index-DXqzQhMe.js:812:95051)
    at async Qt (file:///Users/damian/local-operator-ui-worktrees/ux482-r5-7c31f9/out/renderer/assets/index-DXqzQhMe.js:812:96186)
  [renderer] [attention] 94979ec066cf receipt unresolved after 3 attempts; backing off UserFacingError: View these completions in the foreground before marking them read.
    at tRe (file:///Users/damian/local-operator-ui-worktrees/ux482-r5-7c31f9/out/renderer/assets/index-DXqzQhMe.js:812:95051)
    at async Qt (file:///Users/damian/local-operator-ui-worktrees/ux482-r5-7c31f9/out/renderer/assets/index-DXqzQhMe.js:812:96186)
[PASS] no process from this run outlived its boot

frames: ux4-ux5wide-01-u19a-refused-refusal-once.png, ux4-ux5wide-02-u19a-after-esc-the-exchange-really-went.png, ux4-ux5wide-03-u19b-answered-closed.png, ux4-ux5wide-04-u19c-adopted.png, ux4-ux5wide-05-u19c-after-esc-nothing-taken-back.png, ux4-ux5wide-06-u19c-after-reentering.png, ux4-ux5wide-07-u17a-reflex-double-tap-does-not-adopt.png, ux4-ux5wide-08-u17b-the-press-after-the-floor-adopts.png, ux4-ux5wide-09-u17c-deliberate-press-adopts.png, ux4-ux5wide-10-u18-fresh-refusal-keeps-its-own-remedy.png
frames directory: /Users/damian/.local-operator/sessions/bde1c5028625/scratchpad/ux5rig/frames/ux5wide
app log: /Users/damian/.local-operator/sessions/bde1c5028625/scratchpad/ux5rig/tmp/lo-renderer-driver-45250/app-scene.log
scratch removed (--clean)

ALL CHECKS PASSED
== ux5wide driver exit: 0 ==
total 6664
drwxr-xr-x@ 12 damian  staff     384 Sep 25 09:17 .
drwxr-xr-x@  4 damian  staff     128 Sep 25 09:16 ..
-rw-r--r--@  1 damian  staff  380887 Sep 25 09:17 ux4-ux5wide-01-u19a-refused-refusal-once.png
-rw-r--r--@  1 damian  staff  262875 Sep 25 09:17 ux4-ux5wide-02-u19a-after-esc-the-exchange-really-went.png
-rw-r--r--@  1 damian  staff  262899 Sep 25 09:17 ux4-ux5wide-03-u19b-answered-closed.png
-rw-r--r--@  1 damian  staff  336582 Sep 25 09:17 ux4-ux5wide-04-u19c-adopted.png
-rw-r--r--@  1 damian  staff  347318 Sep 25 09:17 ux4-ux5wide-05-u19c-after-esc-nothing-taken-back.png
-rw-r--r--@  1 damian  staff  334203 Sep 25 09:17 ux4-ux5wide-06-u19c-after-reentering.png
-rw-r--r--@  1 damian  staff  379341 Sep 25 09:17 ux4-ux5wide-07-u17a-reflex-double-tap-does-not-adopt.png
-rw-r--r--@  1 damian  staff  347318 Sep 25 09:17 ux4-ux5wide-08-u17b-the-press-after-the-floor-adopts.png
-rw-r--r--@  1 damian  staff  366599 Sep 25 09:17 ux4-ux5wide-09-u17c-deliberate-press-adopts.png
-rw-r--r--@  1 damian  staff  376659 Sep 25 09:17 ux4-ux5wide-10-u18-fresh-refusal-keeps-its-own-remedy.png
8391 released before this command returned
ux5 private-port lock released
--- proxy counters (/Users/damian/.local-operator/sessions/bde1c5028625/scratchpad/ux5rig/run-ux5wide/proxy-stats.json) ---
{
  "oldDaemon": false,
  "asidePosts": [
    {
      "at": "2026-09-25T13:16:49.857Z",
      "url": "/v1/desktop/sessions/94979ec066cf/asides",
      "asideId": "a99817be-0290-4fff-be78-5accb56062fc",
      "continues": null,
      "questionHead": "UA1 what does the retry budget cap",
      "text": "UA1 what does the retry budget cap",
      "carriedSubscriptionField": true,
      "subscriptionId": "b37b67ea1ddd43bd9723c752a2b26a89",
      "status": 200,
      "response": "{\"status\":200,\"message\":\"Desktop session result.\",\"result\":{\"data\":{\"aside_id\":\"a99817be-0290-4fff-be78-5accb56062fc\",\"text\":\"Transport failures and owner **5xx** responses, per provider, inside a moving window.\\n\\n- each transport failure spends one\\n- each owner 5xx spends one\\n- a retry that succeeds resets the window\\n\\nA **4xx** never spends it: the request was wrong, not the provider.\",\"off_record\":true},\"replayed\":false}}"
    },
    {
      "at": "2026-09-25T13:16:54.979Z",
      "url": "/v1/desktop/sessions/94979ec066cf/asides",
      "asideId": "c436c77d-4dfe-43b0-808d-348d178617d1",
      "continues": "a99817be-0290-4fff-be78-5accb56062fc",
      "questionHead": "TOOLCALL2: UA1 the follow-up the model declines",
      "text": "TOOLCALL2: UA1 the follow-up the model declines",
      "carriedSubscriptionField": true,
      "subscriptionId": "b37b67ea1ddd43bd9723c752a2b26a89",
      "status": 409,
      "response": "{\"detail\":{\"code\":\"aside_unanswered\",\"message\":\"The model did not answer your aside in text — either a tool call, which is not available off the record, or nothing at all. No answer was produced: ask again.\"}}"
    },
    {
      "at": "2026-09-25T13:17:02.162Z",
      "url": "/v1/desktop/sessions/94979ec066cf/asides",
      "asideId": "63fde788-14c7-4312-bc8b-1f5d23a053b6",
      "continues": null,
      "questionHead": "UB1 the answered exchange to be closed",
      "text": "UB1 the answered exchange to be closed",
      "carriedSubscriptionField": true,
      "subscriptionId": "b37b67ea1ddd43bd9723c752a2b26a89",
      "status": 200,
      "response": "{\"status\":200,\"message\":\"Desktop session result.\",\"result\":{\"data\":{\"aside_id\":\"63fde788-14c7-4312-bc8b-1f5d23a053b6\",\"text\":\"Transport failures and owner **5xx** responses, per provider, inside a moving window.\\n\\n- each transport failure spends one\\n- each owner 5xx spends one\\n- a retry that succeeds resets the window\\n\\nA **4xx** never spends it: the request was wrong, not the provider.\",\"off_record\":true},\"replayed\":false}}"
    },
    {
      "at": "2026-09-25T13:17:07.434Z",
      "url": "/v1/desktop/sessions/94979ec066cf/asides",
      "asideId": "10a195b0-6015-4268-9dfd-f57be742974d",
      "continues": null,
      "questionHead": "UC1 the exchange adopted then closed",
      "text": "UC1 the exchange adopted then closed",
      "carriedSubscriptionField": true,
      "subscriptionId": "b37b67ea1ddd43bd9723c752a2b26a89",
      "status": 200,
      "response": "{\"status\":200,\"message\":\"Desktop session result.\",\"result\":{\"data\":{\"aside_id\":\"10a195b0-6015-4268-9dfd-f57be742974d\",\"text\":\"Transport failures and owner **5xx** responses, per provider, inside a moving window.\\n\\n- each transport failure spends one\\n- each owner 5xx spends one\\n- a retry that succeeds resets the window\\n\\nA **4xx** never spends it: the request was wrong, not the provider.\",\"off_record\":true},\"replayed\":false}}"
    },
    {
      "at": "2026-09-25T13:17:19.186Z",
      "url": "/v1/desktop/sessions/94979ec066cf/asides",
      "asideId": "db24ddc4-275f-48e2-8bbd-66727c75205d",
      "continues": null,
      "questionHead": "UD1 the exchange a reflex double-tap meets",
      "text": "UD1 the exchange a reflex double-tap meets",
      "carriedSubscriptionField": true,
      "subscriptionId": "2e65b57e1e4b4392ab5000ace0415c27",
      "status": 200,
      "response": "{\"status\":200,\"message\":\"Desktop session result.\",\"result\":{\"data\":{\"aside_id\":\"db24ddc4-275f-48e2-8bbd-66727c75205d\",\"text\":\"Transport failures and owner **5xx** responses, per provider, inside a moving window.\\n\\n- each transport failure spends one\\n- each owner 5xx spends one\\n- a retry that succeeds resets the window\\n\\nA **4xx** never spends it: the request was wrong, not the provider.\",\"off_record\":true},\"replayed\":false}}"
    },
    {
      "at": "2026-09-25T13:17:26.014Z",
      "url": "/v1/desktop/sessions/94979ec066cf/asides",
      "asideId": "38e54128-843e-4945-9eec-e9b29f76507b",
      "continues": null,
      "questionHead": "UE1 the exchange a deliberate press meets",
      "text": "UE1 the exchange a deliberate press meets",
      "carriedSubscriptionField": true,
      "subscriptionId": "6a4a520f5f89494ebc7294f0cc61242c",
      "status": 200,
      "response": "{\"status\":200,\"message\":\"Desktop session result.\",\"result\":{\"data\":{\"aside_id\":\"38e54128-843e-4945-9eec-e9b29f76507b\",\"text\":\"Transport failures and owner **5xx** responses, per provider, inside a moving window.\\n\\n- each transport failure spends one\\n- each owner 5xx spends one\\n- a retry that succeeds resets the window\\n\\nA **4xx** never spends it: the request was wrong, not the provider.\",\"off_record\":true},\"replayed\":false}}"
    },
    {
      "at": "2026-09-25T13:17:33.677Z",
      "url": "/v1/desktop/sessions/94979ec066cf/asides",
      "asideId": "22bf1055-e18a-46db-ae57-4dc8ff6cd238",
      "continues": null,
      "questionHead": "TOOLCALL2: UF1 a fresh ask the model declines",
      "text": "TOOLCALL2: UF1 a fresh ask the model declines",
      "carriedSubscriptionField": true,
      "subscriptionId": "9200f017025c4b60af7b448cb7716a17",
      "status": 409,
      "response": "{\"detail\":{\"code\":\"aside_unanswered\",\"message\":\"The model did not answer your aside in text — either a tool call, which is not available off the record, or nothing at all. No answer was produced: ask again.\"}}"
    }
  ],
  "streams": [
    {
      "url": "/v1/desktop/events",
      "openedAt": "2026-09-25T13:16:30.406Z",
      "subscriptionId": "0de3b75c8f78e811",
      "asideDeltas": 0,
      "deltaSizes": []
    },
    {
      "url": "/v1/desktop/sessions/94979ec066cf/events?frontend_replace=1",
      "openedAt": "2026-09-25T13:16:35.517Z",
      "subscriptionId": "b37b67ea1ddd43bd9723c752a2b26a89",
      "asideDeltas": 24,
      "deltaSizes": [
        29,
        33,
        25,
        36,
        28,
        43,
        27,
        40,
        29,
        33,
        25,
        36,
        28,
        43,
        27,
        40,
        29,
        33,
        25,
        36,
        28,
        43,
        27,
        40
      ]
    },
    {
      "url": "/v1/desktop/sessions/94979ec066cf/events?frontend_replace=1",
      "openedAt": "2026-09-25T13:17:13.604Z",
      "subscriptionId": "0356f488e78d479fbb218d5efe493bba",
      "asideDeltas": 0,
      "deltaSizes": []
    },
    {
      "url": "/v1/desktop/sessions/94979ec066cf/events?frontend_replace=1",
      "openedAt": "2026-09-25T13:17:18.265Z",
      "subscriptionId": "2e65b57e1e4b4392ab5000ace0415c27",
      "asideDeltas": 8,
      "deltaSizes": [
        29,
        33,
        25,
        36,
        28,
        43,
        27,
        40
      ]
    },
    {
      "url": "/v1/desktop/sessions/94979ec066cf/events?frontend_replace=1",
      "openedAt": "2026-09-25T13:17:25.561Z",
      "subscriptionId": "6a4a520f5f89494ebc7294f0cc61242c",
      "asideDeltas": 8,
      "deltaSizes": [
        29,
        33,
        25,
        36,
        28,
        43,
        27,
        40
      ]
    },
    {
      "url": "/v1/desktop/sessions/94979ec066cf/events?frontend_replace=1",
      "openedAt": "2026-09-25T13:17:33.216Z",
      "subscriptionId": "9200f017025c4b60af7b448cb7716a17",
      "asideDeltas": 0,
      "deltaSizes": []
    }
  ],
  "asideDeltaFrames": 40,
  "deltasBySubscription": {
    "b37b67ea1ddd43bd9723c752a2b26a89": 24,
    "2e65b57e1e4b4392ab5000ace0415c27": 8,
    "6a4a520f5f89494ebc7294f0cc61242c": 8
  },
  "deltasByAside": {
    "a99817be-0290-4fff-be78-5accb56062fc": 8,
    "63fde788-14c7-4312-bc8b-1f5d23a053b6": 8,
    "10a195b0-6015-4268-9dfd-f57be742974d": 8,
    "db24ddc4-275f-48e2-8bbd-66727c75205d": 8,
    "38e54128-843e-4945-9eec-e9b29f76507b": 8
  },
  "refused422": 0,
  "messagePosts": [
    {
      "at": "2026-09-25T13:16:43.053Z",
      "url": "/v1/desktop/sessions/94979ec066cf/messages",
      "kind": "message",
      "text": "ux4 seed turn",
      "images": 0,
      "held": 0,
      "status": 200,
      "response": "{\"status\":200,\"message\":\"Desktop session result.\",\"result\":{\"status\":\"admitted\",\"duplicate\":false,\"detail\":\"prompt admitted\",\"command_id\":\"a920f3c1-8684-4478-8402-522f0f826aa6\",\"replayed\":false}}",
      "forwardedAt": "2026-09-25T13:16:43.054Z"
    }
  ],
  "asideOps": [
    {
      "at": "2026-09-25T13:17:01.529Z",
      "method": "DELETE",
      "url": "/v1/desktop/sessions/94979ec066cf/asides/a99817be-0290-4fff-be78-5accb56062fc",
      "kind": "close",
      "probe": false,
      "status": 200,
      "response": "{\"status\":200,\"message\":\"Desktop session result.\",\"result\":{\"data\":{\"aside_id\":\"a99817be-0290-4fff-be78-5accb56062fc\",\"status\":\"closed\"},\"replayed\":false}}"
    },
    {
      "at": "2026-09-25T13:17:07.109Z",
      "method": "DELETE",
      "url": "/v1/desktop/sessions/94979ec066cf/asides/63fde788-14c7-4312-bc8b-1f5d23a053b6",
      "kind": "close",
      "probe": false,
      "status": 200,
      "response": "{\"status\":200,\"message\":\"Desktop session result.\",\"result\":{\"data\":{\"aside_id\":\"63fde788-14c7-4312-bc8b-1f5d23a053b6\",\"status\":\"closed\"},\"replayed\":false}}"
    },
    {
      "at": "2026-09-25T13:17:13.460Z",
      "method": "POST",
      "url": "/v1/desktop/sessions/94979ec066cf/asides/10a195b0-6015-4268-9dfd-f57be742974d/adopt",
      "kind": "adopt",
      "probe": false,
      "status": 200,
      "response": "{\"status\":200,\"message\":\"Desktop session result.\",\"result\":{\"data\":{\"aside_id\":\"10a195b0-6015-4268-9dfd-f57be742974d\",\"status\":\"adopted\"},\"replayed\":false}}"
    },
    {
      "at": "2026-09-25T13:17:25.492Z",
      "method": "POST",
      "url": "/v1/desktop/sessions/94979ec066cf/asides/db24ddc4-275f-48e2-8bbd-66727c75205d/adopt",
      "kind": "adopt",
      "probe": false,
      "status": 200,
      "response": "{\"status\":200,\"message\":\"Desktop session result.\",\"result\":{\"data\":{\"aside_id\":\"db24ddc4-275f-48e2-8bbd-66727c75205d\",\"status\":\"adopted\"},\"replayed\":false}}"
    },
    {
      "at": "2026-09-25T13:17:33.176Z",
      "method": "POST",
      "url": "/v1/desktop/sessions/94979ec066cf/asides/38e54128-843e-4945-9eec-e9b29f76507b/adopt",
      "kind": "adopt",
      "probe": false,
      "status": 200,
      "response": "{\"status\":200,\"message\":\"Desktop session result.\",\"result\":{\"data\":{\"aside_id\":\"38e54128-843e-4945-9eec-e9b29f76507b\",\"status\":\"adopted\"},\"replayed\":false}}"
    },
    {
      "at": "2026-09-25T13:17:39.481Z",
      "method": "DELETE",
      "url": "/v1/desktop/sessions/94979ec066cf/asides/22bf1055-e18a-46db-ae57-4dc8ff6cd238",
      "kind": "close",
      "probe": false,
      "status": 404,
      "response": "{\"detail\":\"This aside is no longer available\"}"
    }
  ]
}
--- end counters ---
