port8080.lock taken
rig up: proxy 24464 on 8080 -> daemon 23639 on 51324, stub 51302; 1111 untouched
== r8479b (r3-479) at 15:16:50 ==
[build] current: assets 2026-09-25T14:47:42.803Z >= sources 2026-09-25T14:45:07.912Z
[note] csp for this run's backend
        already widened for http://127.0.0.1:8080
  serve records 1 linked from /Users/damian/.local-operator/sessions/d814f1a89634/scratchpad/r8/rig/run-r8479b/records   (the app admits a daemon only while a record describes one, and a record is a heartbeat)
local-operator-ui renderer driver
  repo          /Users/damian/local-operator-ui-worktrees/qa-482-r8
  scratch       /Users/damian/.local-operator/sessions/d814f1a89634/scratchpad/r8/rig/tmp/lo-renderer-driver-24545
  frames        /Users/damian/.local-operator/sessions/d814f1a89634/scratchpad/r8/rig/frames/r8479b
  app cwd       /Users/damian/.local-operator/sessions/d814f1a89634/scratchpad/r8/rig/tmp/lo-renderer-driver-24545/cwd   (scratch: the repo's .env is not read)
  backend url   http://127.0.0.1:8080   (--backend: a live isolated backend this run owns)
  electron      44.3.0   (/Users/damian/local-operator-ui/node_modules/.pnpm/electron@44.3.0/node_modules/electron/dist/Electron.app/Contents/MacOS/Electron)
  electron pin  44.3.0   (package.json optionalDependencies)
[PASS] the harness is driving the Electron this branch pins
[PASS] the scratch backend port is dead
[note] the app's default backend port (127.0.0.1:1111)
        a listener is up: this run's main process points elsewhere, and the check below proves the app holds no connection to the URL the RENDERER was built with
[note] verbs registered by the renderer
        ["hello","measure","navigate","openCanvasDocument","press","queries","queryFetches","setSidebarWidth","setTheme","state"]
[PASS] the armed launch said so on stdout
[PASS] the app's logs went to this run's scratch tree, not the operator's
[note] renderer's api base URL at hello, against --backend
        {"apiBaseUrl":"http://127.0.0.1:8080","backend":"http://127.0.0.1:8080"}
[PASS] the app holds a connection to this run's backend (http://127.0.0.1:8080)
[PASS] the app holds NO connection to the operator's own backend (http://localhost:1111)
[note] profile seeded
        onboarding-storage marks the modal complete, so the app is an existing user rather than a first-run one
[PASS] window mode is headless and the window is never shown
        mode=headless visible=false
[PASS] the composer is on screen before anything is typed
[note] the session's owner
        warm (snapshot.cold = false)
[note] 479 session
        197c148960f6
[note] seed turns
        3
[note] aside used and closed before the probe
        [200]
[note] 479 run 1 staged at the press
        {"replies":1,"attachments":1}
[note] 479 run 1 (quote+file) frames [t, value, replies, attachments, echo, placeholder]
        [[0,40,1,1,0,"Ask me for help"],[11,40,1,1,0,"Sending your message"],[18,40,1,1,0,"Sending your message"],[28,0,0,0,1,"Sending your message"],[1494,0,0,0,1,"Sending your message"],[1502,0,0,0,1,"Sending your message"]]
[note] 479 run 1 (quote+file) mutations [t, value, replies, attachments, echo]
        [[6,40,1,1,0],[22,40,0,0,0],[26,0,0,0,1]]
[note] 479 run 1 GAP chips-left -> text-left (mutation ms)
        4
[PASS] 479 run 1 (quote+file): no painted frame shows the text without its chips (or the reverse)
        {"split":[]}
[PASS] 479: the empty box says 'Sending your message' while held
        {"placeholder":"Sending your message"}
[note] 479 run 2 staged at the press
        {"replies":1,"attachments":1}
[note] 479 run 2 (quote+file) frames [t, value, replies, attachments, echo, placeholder]
        [[0,40,1,1,0,"Ask me for help"],[9,40,1,1,0,"Ask me for help"],[17,40,1,1,0,"Sending your message"],[25,0,0,0,1,"Sending your message"],[1496,0,0,0,1,"Sending your message"],[1504,0,0,0,1,"Sending your message"]]
[note] 479 run 2 (quote+file) mutations [t, value, replies, attachments, echo]
        [[11,40,1,1,0],[21,40,0,0,0],[24,0,0,0,1]]
[note] 479 run 2 GAP chips-left -> text-left (mutation ms)
        3
[PASS] 479 run 2 (quote+file): no painted frame shows the text without its chips (or the reverse)
        {"split":[]}
[note] 479 run 3 staged at the press
        {"replies":1,"attachments":1}
[note] 479 run 3 (quote+file) frames [t, value, replies, attachments, echo, placeholder]
        [[0,40,1,1,0,"Ask me for help"],[14,40,1,1,0,"Sending your message"],[23,0,0,0,1,"Sending your message"],[1497,0,0,0,1,"Sending your message"],[1505,0,0,0,1,"Sending your message"]]
[note] 479 run 3 (quote+file) mutations [t, value, replies, attachments, echo]
        [[2,40,1,1,0],[18,40,0,0,0],[22,0,0,0,1]]
[note] 479 run 3 GAP chips-left -> text-left (mutation ms)
        4
[PASS] 479 run 3 (quote+file): no painted frame shows the text without its chips (or the reverse)
        {"split":[]}
[note] 479 run 4 staged at the press
        {"replies":1,"attachments":0}
[note] 479 run 4 (quote only) frames [t, value, replies, attachments, echo, placeholder]
        [[0,40,1,0,0,"Ask me for help"],[9,0,0,0,1,"Sending your message"],[13,0,0,0,1,"Sending your message"],[1496,0,0,0,1,"Sending your message"],[1505,0,0,0,1,"Sending your message"]]
[note] 479 run 4 (quote only) mutations [t, value, replies, attachments, echo]
        [[2,40,1,0,0],[8,0,0,0,1]]
[note] 479 run 4 GAP chips-left -> text-left (mutation ms)
        0
[PASS] 479 run 4 (quote only): no painted frame shows the text without its chips (or the reverse)
        {"split":[]}
[note] 479 run 5 staged at the press
        {"replies":0,"attachments":1}
[note] 479 run 5 (file only) frames [t, value, replies, attachments, echo, placeholder]
        [[0,39,0,1,0,"Ask me for help"],[6,39,0,1,0,"Sending your message"],[15,0,0,0,1,"Sending your message"],[1498,0,0,0,1,"Sending your message"],[1507,0,0,0,1,"Sending your message"]]
[note] 479 run 5 (file only) mutations [t, value, replies, attachments, echo]
        [[3,39,0,1,0],[10,39,0,0,0],[13,0,0,0,1]]
[note] 479 run 5 GAP chips-left -> text-left (mutation ms)
        3
[PASS] 479 run 5 (file only): no painted frame shows the text without its chips (or the reverse)
        {"split":[]}
[PASS] no process from this run outlived its boot

frames: qa3-r8479b-479-in-flight.png
frames directory: /Users/damian/.local-operator/sessions/d814f1a89634/scratchpad/r8/rig/frames/r8479b
app log: /Users/damian/.local-operator/sessions/d814f1a89634/scratchpad/r8/rig/tmp/lo-renderer-driver-24545/app-scene.log
scratch removed (--clean)

ALL CHECKS PASSED
== r8479b driver exit: 0 ==
total 520
drwxr-xr-x@  3 damian  staff      96 Sep 25 11:17 .
drwxr-xr-x@ 12 damian  staff     384 Sep 25 11:16 ..
-rw-r--r--@  1 damian  staff  264127 Sep 25 11:17 qa3-r8479b-479-in-flight.png
8080 released before this command returned
port8080.lock released
--- proxy counters (/Users/damian/.local-operator/sessions/d814f1a89634/scratchpad/r8/rig/run-r8479b/proxy-stats.json) ---
{
  "oldDaemon": false,
  "asidePosts": [
    {
      "at": "2026-09-25T15:17:11.727Z",
      "url": "/v1/desktop/sessions/197c148960f6/asides",
      "asideId": "f1b3583d-e95a-4ae7-8cc0-a8c03c4120d1",
      "continues": null,
      "questionHead": "an aside before the probe",
      "text": "an aside before the probe",
      "carriedSubscriptionField": true,
      "subscriptionId": "8ce971d4aac24de68e36b6cbae50be12",
      "status": 200,
      "response": "{\"status\":200,\"message\":\"Desktop session result.\",\"result\":{\"data\":{\"aside_id\":\"f1b3583d-e95a-4ae7-8cc0-a8c03c4120d1\",\"text\":\"Transport failures and owner **5xx** responses, per provider, inside a moving window.\\n\\n- each transport failure spends one\\n- each owner 5xx spends one\\n- a retry that succeeds resets the window\\n\\nA **4xx** never spends it: the request was wrong, not the provider.\",\"off_record\":true},\"replayed\":false}}"
    }
  ],
  "streams": [
    {
      "url": "/v1/desktop/events",
      "openedAt": "2026-09-25T15:16:52.093Z",
      "subscriptionId": "44c775d968a1c744",
      "asideDeltas": 0,
      "deltaSizes": []
    },
    {
      "url": "/v1/desktop/sessions/197c148960f6/events?frontend_replace=1",
      "openedAt": "2026-09-25T15:16:55.484Z",
      "subscriptionId": "8ce971d4aac24de68e36b6cbae50be12",
      "asideDeltas": 8,
      "deltaSizes": [
        29,
        33,
        25,
        36,
        28,
        43,
        27,
        40
      ]
    }
  ],
  "asideDeltaFrames": 8,
  "deltasBySubscription": {
    "8ce971d4aac24de68e36b6cbae50be12": 8
  },
  "deltasByAside": {
    "f1b3583d-e95a-4ae7-8cc0-a8c03c4120d1": 8
  },
  "refused422": 0,
  "messagePosts": [
    {
      "at": "2026-09-25T15:16:56.234Z",
      "url": "/v1/desktop/sessions/197c148960f6/messages",
      "kind": "message",
      "text": "seed turn for quoting",
      "images": 0,
      "held": 0,
      "status": 200,
      "response": "{\"status\":200,\"message\":\"Desktop session result.\",\"result\":{\"status\":\"admitted\",\"duplicate\":false,\"detail\":\"prompt admitted\",\"command_id\":\"96680432-deeb-446f-ac19-4a004ce570ef\",\"replayed\":false}}",
      "forwardedAt": "2026-09-25T15:16:56.235Z"
    },
    {
      "at": "2026-09-25T15:17:01.916Z",
      "url": "/v1/desktop/sessions/197c148960f6/messages",
      "kind": "message",
      "text": "extra seed turn 0",
      "images": 0,
      "held": 0,
      "status": 200,
      "response": "{\"status\":200,\"message\":\"Desktop session result.\",\"result\":{\"status\":\"admitted\",\"duplicate\":false,\"detail\":\"prompt admitted\",\"command_id\":\"00ca9bd4-657b-44f4-b857-56713fd625a4\",\"replayed\":false}}",
      "forwardedAt": "2026-09-25T15:17:01.916Z"
    },
    {
      "at": "2026-09-25T15:17:06.819Z",
      "url": "/v1/desktop/sessions/197c148960f6/messages",
      "kind": "message",
      "text": "extra seed turn 1",
      "images": 0,
      "held": 0,
      "status": 200,
      "response": "{\"status\":200,\"message\":\"Desktop session result.\",\"result\":{\"status\":\"admitted\",\"duplicate\":false,\"detail\":\"prompt admitted\",\"command_id\":\"c05be72d-24f4-4a7f-aca0-ab53cc5a8ff6\",\"replayed\":false}}",
      "forwardedAt": "2026-09-25T15:17:06.819Z"
    },
    {
      "at": "2026-09-25T15:17:18.639Z",
      "url": "/v1/desktop/sessions/197c148960f6/messages",
      "kind": "message",
      "text": "<reply-to>Transport failures and owner</reply-to>\nHOLDSEND one-moment probe 1 (quote+file)",
      "images": 1,
      "held": 10000,
      "status": 200,
      "response": "{\"status\":200,\"message\":\"Desktop session result.\",\"result\":{\"status\":\"admitted\",\"duplicate\":false,\"detail\":\"prompt admitted\",\"command_id\":\"46850053-ca6f-4a0f-9ecb-fec19ce3f9c1\",\"replayed\":false}}",
      "forwardedAt": "2026-09-25T15:17:28.649Z"
    },
    {
      "at": "2026-09-25T15:17:35.422Z",
      "url": "/v1/desktop/sessions/197c148960f6/messages",
      "kind": "message",
      "text": "<reply-to>Transport failures and owner</reply-to>\nHOLDSEND one-moment probe 2 (quote+file)",
      "images": 1,
      "held": 10000,
      "status": 200,
      "response": "{\"status\":200,\"message\":\"Desktop session result.\",\"result\":{\"status\":\"admitted\",\"duplicate\":false,\"detail\":\"prompt admitted\",\"command_id\":\"169210f6-2aa2-46a4-bc3e-7a8007ea403c\",\"replayed\":false}}",
      "forwardedAt": "2026-09-25T15:17:45.425Z"
    },
    {
      "at": "2026-09-25T15:17:51.600Z",
      "url": "/v1/desktop/sessions/197c148960f6/messages",
      "kind": "message",
      "text": "<reply-to>Transport failures and owner</reply-to>\nHOLDSEND one-moment probe 3 (quote+file)",
      "images": 1,
      "held": 10000,
      "status": 200,
      "response": "{\"status\":200,\"message\":\"Desktop session result.\",\"result\":{\"status\":\"admitted\",\"duplicate\":false,\"detail\":\"prompt admitted\",\"command_id\":\"b18b4960-4dbe-457e-a60f-0eb5f7429fd4\",\"replayed\":false}}",
      "forwardedAt": "2026-09-25T15:18:01.601Z"
    },
    {
      "at": "2026-09-25T15:18:07.247Z",
      "url": "/v1/desktop/sessions/197c148960f6/messages",
      "kind": "message",
      "text": "<reply-to>Transport failures and owner</reply-to>\nHOLDSEND one-moment probe 4 (quote only)",
      "images": 0,
      "held": 10000,
      "status": 200,
      "response": "{\"status\":200,\"message\":\"Desktop session result.\",\"result\":{\"status\":\"admitted\",\"duplicate\":false,\"detail\":\"prompt admitted\",\"command_id\":\"fc5b5420-2a80-4814-b95b-095f3053b6fb\",\"replayed\":false}}",
      "forwardedAt": "2026-09-25T15:18:17.249Z"
    },
    {
      "at": "2026-09-25T15:18:23.040Z",
      "url": "/v1/desktop/sessions/197c148960f6/messages",
      "kind": "message",
      "text": "HOLDSEND one-moment probe 5 (file only)",
      "images": 1,
      "held": 10000,
      "status": 200,
      "response": "{\"status\":200,\"message\":\"Desktop session result.\",\"result\":{\"status\":\"admitted\",\"duplicate\":false,\"detail\":\"prompt admitted\",\"command_id\":\"69d95ea5-2515-4447-93ad-4ed5122d1009\",\"replayed\":false}}",
      "forwardedAt": "2026-09-25T15:18:33.042Z"
    }
  ],
  "asideOps": [
    {
      "at": "2026-09-25T15:17:17.387Z",
      "method": "DELETE",
      "url": "/v1/desktop/sessions/197c148960f6/asides/f1b3583d-e95a-4ae7-8cc0-a8c03c4120d1",
      "kind": "close",
      "probe": false,
      "status": 200,
      "response": "{\"status\":200,\"message\":\"Desktop session result.\",\"result\":{\"data\":{\"aside_id\":\"f1b3583d-e95a-4ae7-8cc0-a8c03c4120d1\",\"status\":\"closed\"},\"replayed\":false}}"
    }
  ]
}
--- end counters ---
