port8080.lock taken
rig up: proxy 2709 on 8080 -> daemon 1071 on 64870, stub 64814; 1111 untouched
== r8adoptnarrow (btw-r5-adopt) at 15:12:15 ==
[build] current: assets 2026-09-25T14:47:42.803Z >= sources 2026-09-25T14:45:07.912Z
[note] csp for this run's backend
        already widened for http://127.0.0.1:8080
  serve records 1 linked from /Users/damian/.local-operator/sessions/d814f1a89634/scratchpad/r8/rig/run-r8adoptnarrow/records   (the app admits a daemon only while a record describes one, and a record is a heartbeat)
local-operator-ui renderer driver
  repo          /Users/damian/local-operator-ui-worktrees/qa-482-r8
  scratch       /Users/damian/.local-operator/sessions/d814f1a89634/scratchpad/r8/rig/tmp/lo-renderer-driver-2930
  frames        /Users/damian/.local-operator/sessions/d814f1a89634/scratchpad/r8/rig/frames/r8adoptnarrow
  app cwd       /Users/damian/.local-operator/sessions/d814f1a89634/scratchpad/r8/rig/tmp/lo-renderer-driver-2930/cwd   (scratch: the repo's .env is not read)
  backend url   http://127.0.0.1:8080   (--backend: a live isolated backend this run owns)
  electron      44.3.0   (/Users/damian/local-operator-ui/node_modules/.pnpm/electron@44.3.0/node_modules/electron/dist/Electron.app/Contents/MacOS/Electron)
  electron pin  44.3.0   (package.json optionalDependencies)
[PASS] the harness is driving the Electron this branch pins
[PASS] the scratch backend port is dead
[note] the app's default backend port (127.0.0.1:1111)
        a listener is up: this run's main process points elsewhere, and the check below proves the app holds no connection to the URL the RENDERER was built with
[note] verbs registered by the renderer
        ["hello","measure","navigate","openCanvasDocument","press","queries","queryFetches","setSidebarWidth","setTheme","state"]
[PASS] the armed launch said so on stdout
[PASS] the app's logs went to this run's scratch tree, not the operator's
[note] renderer's api base URL at hello, against --backend
        {"apiBaseUrl":"http://127.0.0.1:8080","backend":"http://127.0.0.1:8080"}
[PASS] the app holds a connection to this run's backend (http://127.0.0.1:8080)
[PASS] the app holds NO connection to the operator's own backend (http://localhost:1111)
[note] profile seeded
        onboarding-storage marks the modal complete, so the app is an existing user rather than a first-run one
[PASS] window mode is headless and the window is never shown
        mode=headless visible=false focused=false
[PASS] the composer is on screen before anything is typed
[note] the session's owner
        warm (snapshot.cold = false)
[note] R5 adopt session A
        66704dce7014
[note] Q40 wire
        {"adoptOps":[{"url":"…/asides/23699941-5239-4517-a80c-b35c4862fcdc/adopt","status":200}],"history":[9,11],"questionInHistory":[false,true],"questionInSnapshot":[false,true],"snapshotStatus":[200,200]}
[PASS] Q40 control adopt: ONE adopt POST → 200 and the panel detaches
        {"adoptOps":[200],"panelGoneMs":182}
[PASS] Q40 control adopt: the question AND its answer paint in the transcript without leaving the pane
        {"paintedMs":{"q40 adopted with the panel control":323,"Transport failures and owner":323},"questionRows":1,"answerHeads":[1,2]}
[PASS] Q40 control adopt: the daemon's record holds the exchange (history grew by 2 and carries the question; the snapshot carries it)
        {"history":[9,11],"snapshot":[false,true]}
[note] frame
        {"label":"qa5-r8adoptnarrow-q40-control-adopt-painted-live","mode":"settled"}
[PASS] Q41 first ⌘+F: NO adopt request leaves; the confirm is shown; the panel stays
        {"adoptPosts":0,"alerts":["Press ⌘+F again to add the aside to the conversation. Once added, it stays there."],"key":{"prevented":true}}
[note] frame
        {"label":"qa5-r8adoptnarrow-q41-first-cmdf-confirm-only","mode":"settled"}
[PASS] Q41 second ⌘+F: ONE adopt POST → 200, panel detaches, BOTH turns paint live, once each
        {"adoptOps":[200],"panelGoneMs":463,"paintedMs":{"q41 chord adopt first turn":520,"q41 chord adopt second turn":520}}
[PASS] Q41 the daemon's record holds both turns (history +4)
        {"history":[13,17]}
[note] frame
        {"label":"qa5-r8adoptnarrow-q41-second-cmdf-adopted-painted-live","mode":"settled"}
[note] Q42 away from the conversation
        {"awayUrl":"#/chat/66704dce7014","transcriptMounted":false,"transcriptHasQ40":0}
[PASS] Q42 after LEAVING the conversation (/settings: its transcript unmounted) and re-entering, all three adopted questions are painted, once each
        {"paintedMsAfterReentry":{"q40 adopted with the panel control":232,"q41 chord adopt first turn":232,"q41 chord adopt second turn":232},"counts":[1,1,1]}
[note] frame
        {"label":"qa5-r8adoptnarrow-q42-after-reentering","mode":"settled"}
[note] R5 adopt session B (empty conversation)
        d696a4d4702c
[note] Q43 session B entries after the adopt (role / kind / head)
        [["custom","{\"id\":\"5af39b87ab2144d39584f07008e01319\",\"ts\":1790349199.3018398,\"type"],["message","{\"id\":\"aa1f1f4422924ecabb63c205a9aae0db\",\"ts\":1790349199.63587,\"type\":"],["message","{\"id\":\"98096028877f48ebb14218f41b13a88d\",\"ts\":1790349199.635885,\"type\""]]
[note] Q43 session B history count before the adopt
        1
[PASS] Q43 adopt into an EMPTY conversation: 200, painted live, in the daemon's record
        {"paintedMs":{"q43 adopted into an empty conversation":306,"Transport failures and owner":306},"history":[1,3]}
[note] frame
        {"label":"qa5-r8adoptnarrow-q43-empty-conversation-adopted","mode":"settled"}
[PASS] Q43b re-entering B from A: the adopted exchange is still there, once
        {"paintedMsAfterReentry":{"q43 adopted into an empty conversation":19},"count":1}
[PASS] Q43c back in A: A's adopted rows are intact and B's did not leak into A
        {"counts":[1,1,1,0]}
[note] frame
        {"label":"qa5-r8adoptnarrow-q44-confirm-withdrawn-while-conversation-works","mode":"raw"}
[PASS] Q44 R6-5: arm, then a conversation turn starts → the confirm is withdrawn; after the turn, the next ⌘+F only confirms again (0 adopt POSTs)
        {"armed":["Press ⌘+F again to add the aside to the conversation. Once added, it stays there."],"injected":200,"alertsAfterTurnStart":[],"alertsAfterNextPress":["Press ⌘+F again to add the aside to the conversation. Once added, it stays there."],"adoptPosts":0}
[PASS] Q44b the second press then adopts (one POST 200) and paints
        {"adoptOps":[200]}
  [renderer] [attention] 66704dce7014 receipt unresolved after 3 attempts; backing off UserFacingError: View these completions in the foreground before marking them read.
    at sRe (file:///Users/damian/local-operator-ui-worktrees/qa-482-r8/out/renderer/assets/index-D585wLKx.js:812:96672)
    at async Qt (file:///Users/damian/local-operator-ui-worktrees/qa-482-r8/out/renderer/assets/index-D585wLKx.js:812:97807)
[PASS] no process from this run outlived its boot

frames: qa5-r8adoptnarrow-q40-control-adopt-painted-live.png, qa5-r8adoptnarrow-q41-first-cmdf-confirm-only.png, qa5-r8adoptnarrow-q41-second-cmdf-adopted-painted-live.png, qa5-r8adoptnarrow-q42-after-reentering.png, qa5-r8adoptnarrow-q43-empty-conversation-adopted.png, qa5-r8adoptnarrow-q44-confirm-withdrawn-while-conversation-works.png
frames directory: /Users/damian/.local-operator/sessions/d814f1a89634/scratchpad/r8/rig/frames/r8adoptnarrow
app log: /Users/damian/.local-operator/sessions/d814f1a89634/scratchpad/r8/rig/tmp/lo-renderer-driver-2930/app-scene.log
scratch removed (--clean)

ALL CHECKS PASSED
== r8adoptnarrow driver exit: 0 ==
total 3400
drwxr-xr-x@  8 damian  staff     256 Sep 25 11:13 .
drwxr-xr-x@ 10 damian  staff     320 Sep 25 11:11 ..
-rw-r--r--@  1 damian  staff  290730 Sep 25 11:12 qa5-r8adoptnarrow-q40-control-adopt-painted-live.png
-rw-r--r--@  1 damian  staff  300664 Sep 25 11:13 qa5-r8adoptnarrow-q41-first-cmdf-confirm-only.png
-rw-r--r--@  1 damian  staff  294904 Sep 25 11:13 qa5-r8adoptnarrow-q41-second-cmdf-adopted-painted-live.png
-rw-r--r--@  1 damian  staff  296347 Sep 25 11:13 qa5-r8adoptnarrow-q42-after-reentering.png
-rw-r--r--@  1 damian  staff  250778 Sep 25 11:13 qa5-r8adoptnarrow-q43-empty-conversation-adopted.png
-rw-r--r--@  1 damian  staff  298663 Sep 25 11:13 qa5-r8adoptnarrow-q44-confirm-withdrawn-while-conversation-works.png
8080 released before this command returned
./capture-r8.sh: line 33:  1071 Killed: 9               env -i HOME="$RUN" LOCAL_OPERATOR_HOME="$RUN" LOCAL_OPERATOR_CONFIG_DIR="$CONFIG" PATH="$PATH" TERM=xterm-256color GIT_CONFIG_SYSTEM=/dev/null GIT_TERMINAL_PROMPT=0 LOCAL_OPERATOR_DESKTOP_TOKEN="$DESK_STAMP" nohup "$PY" -m local_operator.cli serve --host 127.0.0.1 --port 0 > "$RUN/logs/server.log" 2>&1  (wd: /Users/damian/.local-operator/sessions/d814f1a89634/scratchpad/r8/rig/run-r8adoptnarrow)
port8080.lock released
--- proxy counters (/Users/damian/.local-operator/sessions/d814f1a89634/scratchpad/r8/rig/run-r8adoptnarrow/proxy-stats.json) ---
{
  "oldDaemon": false,
  "asidePosts": [
    {
      "at": "2026-09-25T15:12:30.589Z",
      "url": "/v1/desktop/sessions/66704dce7014/asides",
      "asideId": "23699941-5239-4517-a80c-b35c4862fcdc",
      "continues": null,
      "questionHead": "q40 adopted with the panel control",
      "text": "q40 adopted with the panel control",
      "carriedSubscriptionField": true,
      "subscriptionId": "d2e3abbcd1d64793adf3cb66a764c4c8",
      "status": 200,
      "response": "{\"status\":200,\"message\":\"Desktop session result.\",\"result\":{\"data\":{\"aside_id\":\"23699941-5239-4517-a80c-b35c4862fcdc\",\"text\":\"Transport failures and owner **5xx** responses, per provider, inside a moving window.\\n\\n- each transport failure spends one\\n- each owner 5xx spends one\\n- a retry that succeeds resets the window\\n\\nA **4xx** never spends it: the request was wrong, not the provider.\",\"off_record\":true},\"replayed\":false}}"
    },
    {
      "at": "2026-09-25T15:12:48.173Z",
      "url": "/v1/desktop/sessions/66704dce7014/asides",
      "asideId": "2dcb7453-a9bb-4553-999f-0299309583aa",
      "continues": null,
      "questionHead": "q41 chord adopt first turn",
      "text": "q41 chord adopt first turn",
      "carriedSubscriptionField": true,
      "subscriptionId": "568ef5b3800f483baaf6ca4ac6013922",
      "status": 200,
      "response": "{\"status\":200,\"message\":\"Desktop session result.\",\"result\":{\"data\":{\"aside_id\":\"2dcb7453-a9bb-4553-999f-0299309583aa\",\"text\":\"Transport failures and owner **5xx** responses, per provider, inside a moving window.\\n\\n- each transport failure spends one\\n- each owner 5xx spends one\\n- a retry that succeeds resets the window\\n\\nA **4xx** never spends it: the request was wrong, not the provider.\",\"off_record\":true},\"replayed\":false}}"
    },
    {
      "at": "2026-09-25T15:12:53.334Z",
      "url": "/v1/desktop/sessions/66704dce7014/asides",
      "asideId": "974c3a20-04e4-474d-882c-900ac90f0f19",
      "continues": "2dcb7453-a9bb-4553-999f-0299309583aa",
      "questionHead": "q41 chord adopt second turn",
      "text": "q41 chord adopt second turn",
      "carriedSubscriptionField": true,
      "subscriptionId": "568ef5b3800f483baaf6ca4ac6013922",
      "status": 200,
      "response": "{\"status\":200,\"message\":\"Desktop session result.\",\"result\":{\"data\":{\"aside_id\":\"974c3a20-04e4-474d-882c-900ac90f0f19\",\"text\":\"Transport failures and owner **5xx** responses, per provider, inside a moving window.\\n\\n- each transport failure spends one\\n- each owner 5xx spends one\\n- a retry that succeeds resets the window\\n\\nA **4xx** never spends it: the request was wrong, not the provider.\",\"off_record\":true},\"replayed\":false}}"
    },
    {
      "at": "2026-09-25T15:13:06.707Z",
      "url": "/v1/desktop/sessions/d696a4d4702c/asides",
      "asideId": "d7f0abec-00c1-4cbc-a9ab-ff16d742be32",
      "continues": null,
      "questionHead": "q43 adopted into an empty conversation",
      "text": "q43 adopted into an empty conversation",
      "carriedSubscriptionField": true,
      "subscriptionId": "cc419894d6024765ade0687e794930fd",
      "status": 200,
      "response": "{\"status\":200,\"message\":\"Desktop session result.\",\"result\":{\"data\":{\"aside_id\":\"d7f0abec-00c1-4cbc-a9ab-ff16d742be32\",\"text\":\"Transport failures and owner **5xx** responses, per provider, inside a moving window.\\n\\n- each transport failure spends one\\n- each owner 5xx spends one\\n- a retry that succeeds resets the window\\n\\nA **4xx** never spends it: the request was wrong, not the provider.\",\"off_record\":true},\"replayed\":false}}"
    },
    {
      "at": "2026-09-25T15:13:24.998Z",
      "url": "/v1/desktop/sessions/66704dce7014/asides",
      "asideId": "8013392f-6473-4696-88e5-980c2f4e17c1",
      "continues": null,
      "questionHead": "q44 armed then the conversation starts a turn",
      "text": "q44 armed then the conversation starts a turn",
      "carriedSubscriptionField": true,
      "subscriptionId": "d3e812a00c6742b0a4f6af255597a724",
      "status": 200,
      "response": "{\"status\":200,\"message\":\"Desktop session result.\",\"result\":{\"data\":{\"aside_id\":\"8013392f-6473-4696-88e5-980c2f4e17c1\",\"text\":\"Transport failures and owner **5xx** responses, per provider, inside a moving window.\\n\\n- each transport failure spends one\\n- each owner 5xx spends one\\n- a retry that succeeds resets the window\\n\\nA **4xx** never spends it: the request was wrong, not the provider.\",\"off_record\":true},\"replayed\":false}}"
    }
  ],
  "streams": [
    {
      "url": "/v1/desktop/events",
      "openedAt": "2026-09-25T15:12:19.134Z",
      "subscriptionId": "c6a34eb52a2034fe",
      "asideDeltas": 0,
      "deltaSizes": []
    },
    {
      "url": "/v1/desktop/sessions/66704dce7014/events?frontend_replace=1",
      "openedAt": "2026-09-25T15:12:23.691Z",
      "subscriptionId": "d2e3abbcd1d64793adf3cb66a764c4c8",
      "asideDeltas": 8,
      "deltaSizes": [
        29,
        33,
        25,
        36,
        28,
        43,
        27,
        40
      ]
    },
    {
      "url": "/v1/desktop/sessions/66704dce7014/events?frontend_replace=1",
      "openedAt": "2026-09-25T15:12:36.022Z",
      "subscriptionId": "568ef5b3800f483baaf6ca4ac6013922",
      "asideDeltas": 16,
      "deltaSizes": [
        29,
        33,
        25,
        36,
        28,
        43,
        27,
        40,
        29,
        33,
        25,
        36,
        28,
        43,
        27,
        40
      ]
    },
    {
      "url": "/v1/desktop/sessions/66704dce7014/events?frontend_replace=1",
      "openedAt": "2026-09-25T15:13:00.716Z",
      "subscriptionId": "99a7769c17204830bfd0dee89b364040",
      "asideDeltas": 0,
      "deltaSizes": []
    },
    {
      "url": "/v1/desktop/sessions/66704dce7014/events?frontend_replace=1",
      "openedAt": "2026-09-25T15:13:04.073Z",
      "subscriptionId": "43dc7f20a7364494bb0d397d9c38b286",
      "asideDeltas": 0,
      "deltaSizes": []
    },
    {
      "url": "/v1/desktop/sessions/d696a4d4702c/events?frontend_replace=1",
      "openedAt": "2026-09-25T15:13:05.785Z",
      "subscriptionId": "cc419894d6024765ade0687e794930fd",
      "asideDeltas": 8,
      "deltaSizes": [
        29,
        33,
        25,
        36,
        28,
        43,
        27,
        40
      ]
    },
    {
      "url": "/v1/desktop/sessions/d696a4d4702c/events?frontend_replace=1",
      "openedAt": "2026-09-25T15:13:19.691Z",
      "subscriptionId": "8667c192a7ae4b53883df4a3d290ce01",
      "asideDeltas": 0,
      "deltaSizes": []
    },
    {
      "url": "/v1/desktop/sessions/66704dce7014/events?frontend_replace=1",
      "openedAt": "2026-09-25T15:13:21.320Z",
      "subscriptionId": "af23db2de7ca458d801d3a17fd9df67c",
      "asideDeltas": 0,
      "deltaSizes": []
    },
    {
      "url": "/v1/desktop/sessions/d696a4d4702c/events?frontend_replace=1",
      "openedAt": "2026-09-25T15:13:22.528Z",
      "subscriptionId": "e92c01fd48c8424cb83b60e2e38f87a7",
      "asideDeltas": 0,
      "deltaSizes": []
    },
    {
      "url": "/v1/desktop/sessions/66704dce7014/events?frontend_replace=1",
      "openedAt": "2026-09-25T15:13:23.183Z",
      "subscriptionId": "d3e812a00c6742b0a4f6af255597a724",
      "asideDeltas": 8,
      "deltaSizes": [
        29,
        33,
        25,
        36,
        28,
        43,
        27,
        40
      ]
    },
    {
      "url": "/v1/desktop/sessions/66704dce7014/events?frontend_replace=1",
      "openedAt": "2026-09-25T15:13:37.676Z",
      "subscriptionId": "3cf6b0c4e38142fd9dbe828ca02b403b",
      "asideDeltas": 0,
      "deltaSizes": []
    }
  ],
  "asideDeltaFrames": 40,
  "deltasBySubscription": {
    "d2e3abbcd1d64793adf3cb66a764c4c8": 8,
    "568ef5b3800f483baaf6ca4ac6013922": 16,
    "cc419894d6024765ade0687e794930fd": 8,
    "d3e812a00c6742b0a4f6af255597a724": 8
  },
  "deltasByAside": {
    "23699941-5239-4517-a80c-b35c4862fcdc": 8,
    "2dcb7453-a9bb-4553-999f-0299309583aa": 8,
    "974c3a20-04e4-474d-882c-900ac90f0f19": 8,
    "d7f0abec-00c1-4cbc-a9ab-ff16d742be32": 8,
    "8013392f-6473-4696-88e5-980c2f4e17c1": 8
  },
  "refused422": 0,
  "messagePosts": [
    {
      "at": "2026-09-25T15:12:24.935Z",
      "url": "/v1/desktop/sessions/66704dce7014/messages",
      "kind": "message",
      "text": "seed turn for the round-5 adopt scene",
      "images": 0,
      "held": 0,
      "status": 200,
      "response": "{\"status\":200,\"message\":\"Desktop session result.\",\"result\":{\"status\":\"admitted\",\"duplicate\":false,\"detail\":\"prompt admitted\",\"command_id\":\"75ff3bbb-3e31-459a-969a-019b8cdace29\",\"replayed\":false}}",
      "forwardedAt": "2026-09-25T15:12:24.935Z"
    },
    {
      "at": "2026-09-25T15:13:30.560Z",
      "url": "/v1/desktop/sessions/66704dce7014/messages",
      "kind": "message",
      "text": "INJECTED TURN: the conversation works while the aside is armed",
      "images": 0,
      "held": 0,
      "status": 200,
      "response": "{\"status\":200,\"message\":\"Desktop session result.\",\"result\":{\"status\":\"admitted\",\"duplicate\":false,\"detail\":\"prompt admitted\",\"command_id\":\"4f8d3cb8-a165-4371-8ab1-705b615722a1\",\"replayed\":false}}",
      "forwardedAt": "2026-09-25T15:13:30.560Z"
    }
  ],
  "asideOps": [
    {
      "at": "2026-09-25T15:12:35.853Z",
      "method": "POST",
      "url": "/v1/desktop/sessions/66704dce7014/asides/23699941-5239-4517-a80c-b35c4862fcdc/adopt",
      "kind": "adopt",
      "probe": false,
      "status": 200,
      "response": "{\"status\":200,\"message\":\"Desktop session result.\",\"result\":{\"data\":{\"aside_id\":\"23699941-5239-4517-a80c-b35c4862fcdc\",\"status\":\"adopted\"},\"replayed\":false}}"
    },
    {
      "at": "2026-09-25T15:13:00.287Z",
      "method": "POST",
      "url": "/v1/desktop/sessions/66704dce7014/asides/974c3a20-04e4-474d-882c-900ac90f0f19/adopt",
      "kind": "adopt",
      "probe": false,
      "status": 200,
      "response": "{\"status\":200,\"message\":\"Desktop session result.\",\"result\":{\"data\":{\"aside_id\":\"974c3a20-04e4-474d-882c-900ac90f0f19\",\"status\":\"adopted\"},\"replayed\":false}}"
    },
    {
      "at": "2026-09-25T15:13:19.604Z",
      "method": "POST",
      "url": "/v1/desktop/sessions/d696a4d4702c/asides/d7f0abec-00c1-4cbc-a9ab-ff16d742be32/adopt",
      "kind": "adopt",
      "probe": false,
      "status": 200,
      "response": "{\"status\":200,\"message\":\"Desktop session result.\",\"result\":{\"data\":{\"aside_id\":\"d7f0abec-00c1-4cbc-a9ab-ff16d742be32\",\"status\":\"adopted\"},\"replayed\":false}}"
    },
    {
      "at": "2026-09-25T15:13:37.484Z",
      "method": "POST",
      "url": "/v1/desktop/sessions/66704dce7014/asides/8013392f-6473-4696-88e5-980c2f4e17c1/adopt",
      "kind": "adopt",
      "probe": false,
      "status": 200,
      "response": "{\"status\":200,\"message\":\"Desktop session result.\",\"result\":{\"data\":{\"aside_id\":\"8013392f-6473-4696-88e5-980c2f4e17c1\",\"status\":\"adopted\"},\"replayed\":false}}"
    }
  ]
}
--- end counters ---
