port8080.lock taken
rig up: proxy 17744 on 8080 -> daemon 16247 on 55548, stub 55505; 1111 untouched
== bisect5ee (btw-ux3b) at 02:49:20 ==
[build] current: assets 2026-09-25T02:48:57.603Z >= sources 2026-09-25T02:43:49.427Z
[note] csp for this run's backend
        already widened for http://127.0.0.1:8080
  serve records 1 linked from /Users/damian/.local-operator/sessions/15622aeab8ed/scratchpad/ux4rig/run-bisect5ee/records   (the app admits a daemon only while a record describes one, and a record is a heartbeat)
local-operator-ui renderer driver
  repo          /Users/damian/local-operator-ui-worktrees/ux482-r4-d41bf2
  scratch       /Users/damian/.local-operator/sessions/15622aeab8ed/scratchpad/ux4rig/tmp/lo-renderer-driver-17984
  frames        /Users/damian/.local-operator/sessions/15622aeab8ed/scratchpad/ux4rig/frames/bisect5ee
  app cwd       /Users/damian/.local-operator/sessions/15622aeab8ed/scratchpad/ux4rig/tmp/lo-renderer-driver-17984/cwd   (scratch: the repo's .env is not read)
  backend url   http://127.0.0.1:8080   (--backend: a live isolated backend this run owns)
  electron      44.3.0   (/Users/damian/local-operator-ui-worktrees/ux482-r4-d41bf2/node_modules/.pnpm/electron@44.3.0/node_modules/electron/dist/Electron.app/Contents/MacOS/Electron)
  electron pin  44.3.0   (package.json optionalDependencies)
[PASS] the harness is driving the Electron this branch pins
[PASS] the scratch backend port is dead
[note] the app's default backend port (127.0.0.1:1111)
        a listener is up: this run's main process points elsewhere, and the check below proves the app holds no connection to the URL the RENDERER was built with
[note] verbs registered by the renderer
        ["hello","measure","navigate","openCanvasDocument","press","queries","queryFetches","setSidebarWidth","setTheme","state"]
[PASS] the armed launch said so on stdout
[PASS] the app's logs went to this run's scratch tree, not the operator's
[note] renderer's api base URL at hello, against --backend
        {"apiBaseUrl":"http://127.0.0.1:8080","backend":"http://127.0.0.1:8080"}
[PASS] the app holds a connection to this run's backend (http://127.0.0.1:8080)
[PASS] the app holds NO connection to the operator's own backend (http://localhost:1111)
[note] profile seeded
        onboarding-storage marks the modal complete, so the app is an existing user rather than a first-run one
[PASS] headless and never shown
        mode=headless visible=false
[PASS] the composer is on screen before anything is typed
[note] the session's owner
        warm (snapshot.cold = false)
[note] UX3b session
        70a261199717
[note] B0 the window
        {"innerWidth":800,"innerHeight":868}
[note] B1 the declined follow-up's refusal at narrow
        {"active":"textarea[Message]","fieldValue":"","refusalText":"The model did not answer your aside in text — either a tool call, which is not available off the record, or nothing at all. No answer was produced: ask again. Ask again here to keep this exchange, or press Esc to close the aside and discard it.","noticeText":"The model did not answer your aside in text — either a tool call, which is not available off the record, or nothing at all. No answer was produced: ask again. Ask again here to keep this exchange, or press Esc to close the aside and discard it.","adoptDisabled":true,"adoptReason":"Nothing to add.","bandLines":[],"region":{"scrollTop":105,"maxScroll":222,"clientHeight":251,"turns":2,"tabIndex":0},"clip":{"scrollTop":104.5,"maxScroll":222,"target":293.1,"state":"alert","alertText":"The model did not answer your aside in text — either a tool call, which is not available off the record, or nothing at all. No answer was produced: ask again. Ask again here to keep this exchange, or press Esc to close the aside and discard it.","alertTopInRegion":231.6,"alertBottomInRegion":368.1,"clientHeight":251,"hiddenBelowPx":117.1,"hiddenAbovePx":0,"rows":7,"rowsFullyVisible":1,"lastRowBottomVsClipPx":114.6,"phrase":{"needle":"discard it","bottomVsClipPx":114.6,"visible":false}}}
[FAIL] B1 at narrow the whole refusal is in view - every clause of it, the one naming Esc's cost included
        {"scrollTop":104.5,"maxScroll":222,"target":293.1,"state":"alert","alertText":"The model did not answer your aside in text — either a tool call, which is not available off the record, or nothing at all. No answer was produced: ask again. Ask again here to keep this exchange, or press Esc to close the aside and discard it.","alertTopInRegion":231.6,"alertBottomInRegion":368.1,"clientHeight":251,"hiddenBelowPx":117.1,"hiddenAbovePx":0,"rows":7,"rowsFullyVisible":1,"lastRowBottomVsClipPx":114.6,"phrase":{"needle":"discard it","bottomVsClipPx":114.6,"visible":false}}
[note] frame
        {"label":"ux3b-bisect5ee-b01-narrow-declined-refusal","width":1600,"height":1736}
[PASS] B1 at narrow the retry in the same panel is answered too
        {"tails":2,"turns":3}
[note] frame
        {"label":"ux3b-bisect5ee-b02-narrow-retry-answered","width":1600,"height":1736}
[note] B2 the confirm at narrow
        {"active":"textarea[Message]","fieldValue":"","refusalText":"Press ⌘+F again to add the aside to the conversation. Once added, it stays there.","noticeText":"Press ⌘+F again to add the aside to the conversation. Once added, it stays there.","adoptDisabled":false,"adoptReason":null,"bandLines":[],"region":{"scrollTop":0,"maxScroll":50,"clientHeight":251,"turns":1,"tabIndex":0},"confirmGeo":{"text":"Press ⌘+F again to add the aside to the conversation. Once added, it stays there.","rows":3,"boxW":234,"boxH":59,"rowsFullyInPanel":3,"longestRowFraction":null,"ellipsised":false},"adoptOps":0}
[PASS] B2 at narrow the confirm is whole: every row of it is on the panel, nothing is clipped or ellipsised
        {"text":"Press ⌘+F again to add the aside to the conversation. Once added, it stays there.","rows":3,"boxW":234,"boxH":59,"rowsFullyInPanel":3,"longestRowFraction":null,"ellipsised":false}
[PASS] B2 the first press still only confirms at narrow
        {"ops":0}
[note] frame
        {"label":"ux3b-bisect5ee-b03-narrow-confirm-line","width":1600,"height":1736}
[note] B3 the quote staged at narrow (attempt 1)
        {"selected":true,"quoteButton":{"x":693,"y":136,"onScreen":true},"chips":["inside a moving window"]}
[note] B3 the panel's edge with a wrapped quote
        {"chips":["inside a moving window"],"questionText":"Question: inside a moving windowUN46 the question under a quote that wraps","clip":{"scrollTop":124,"maxScroll":362,"target":312.6,"state":"other"},"panelText":"Asideoff the record — nothing here joins the conversationThe aside answered: Transport failures and owner 5xx responses, per provider, inside a moving window.Question: UN16 the exchange adopted by cho"}
[PASS] B3 at narrow the four-line confirm and a wrapped quote are on the same panel together
        {"chips":["inside a moving window"],"question":"Question: inside a moving windowUN46 the question under a quote that wraps"}
[note] frame
        {"label":"ux3b-bisect5ee-b04-narrow-wrapped-quote-at-the-edge","width":1600,"height":1736}
[note] UX3b scene
        finished

---- app log (tail) ----
22:49:24.796 › [browser] denied a geolocation permission request from (unknown origin)
22:49:26.018 › Checking for UI updates...
22:49:26.018 › Skip checkForUpdates because application is not packed and dev update config is not forced
Error occurred in handler for 'browser-state': Error: No handler registered for 'browser-state'
    at Session.<anonymous> (node:electron/js2c/browser_init:2:123930)
    at Session.emit (node:events:514:28)
Error occurred in handler for 'console-state': Error: No handler registered for 'console-state'
    at Session.<anonymous> (node:electron/js2c/browser_init:2:123930)
    at Session.emit (node:events:514:28)
Error occurred in handler for 'browser-webauthn-pending': Error: No handler registered for 'browser-webauthn-pending'
    at Session.<anonymous> (node:electron/js2c/browser_init:2:123930)
    at Session.emit (node:events:514:28)
22:49:26.251 › Checking for UI updates...
22:49:26.252 › Skip checkForUpdates because application is not packed and dev update config is not forced
Error occurred in handler for 'browser-state': Error: No handler registered for 'browser-state'
    at Session.<anonymous> (node:electron/js2c/browser_init:2:123930)
    at Session.emit (node:events:514:28)
Error occurred in handler for 'console-state': Error: No handler registered for 'console-state'
    at Session.<anonymous> (node:electron/js2c/browser_init:2:123930)
    at Session.emit (node:events:514:28)
Error occurred in handler for 'browser-webauthn-pending': Error: No handler registered for 'browser-webauthn-pending'
    at Session.<anonymous> (node:electron/js2c/browser_init:2:123930)
    at Session.emit (node:events:514:28)
22:49:26.353 › [browser] denied a media permission request from (unknown origin)
22:49:26.354 › [browser] denied a media permission request from (unknown origin)
22:49:26.354 › [browser] denied a web-app-installation permission request from (unknown origin)
22:49:26.354 › [browser] denied a geolocation permission request from (unknown origin)
22:49:26.373 › [console] host ready on the existing endpoint: 0 surface(s) (node-pty ready)
22:49:26.373 › [browser] host on 127.0.0.1:55758 (proto 1), profile /Users/damian/.local-operator/sessions/15622aeab8ed/scratchpad/ux4rig/tmp/lo-renderer-driver-17984/userdata-scene/Partitions/local-operator-browser, agent tabs 0/8, console on (0 surface(s))
[window-mode] state: visible=false focused=false focusable=false size=800x900 content=800x868
22:49:27.791 › Checking for updates... (silent mode: true)
22:49:27.791 › Skip checkForUpdates because application is not packed and dev update config is not forced
22:49:27.791 › Checking for backend updates... (silent mode: true)
22:49:27.791 › Skip backend update check in dev mode unless forced
22:49:28.190 › [browser] tab 1 navigated to about:blank
22:49:36.255 › [about-panel] suppressed by window mode headless: a headless run raises no window
22:49:39.788 › The pre-split environment at /Users/damian/Library/Application Support/Local Operator/local-operator-venv is built on the interpreter inside /Applications/Local Operator.app; it is left exactly as it is, and this instance does not use it.
22:49:42.861 › [about-panel] suppressed by window mode headless: a headless run raises no window
22:50:00.494 › [about-panel] suppressed by window mode headless: a headless run raises no window

[PASS] no process from this run outlived its boot

frames: ux3b-bisect5ee-b01-narrow-declined-refusal.png, ux3b-bisect5ee-b02-narrow-retry-answered.png, ux3b-bisect5ee-b03-narrow-confirm-line.png, ux3b-bisect5ee-b04-narrow-wrapped-quote-at-the-edge.png
frames directory: /Users/damian/.local-operator/sessions/15622aeab8ed/scratchpad/ux4rig/frames/bisect5ee
app log: /Users/damian/.local-operator/sessions/15622aeab8ed/scratchpad/ux4rig/tmp/lo-renderer-driver-17984/app-scene.log
scratch removed (--clean)

1 CHECK(S) FAILED
== bisect5ee driver exit: 1 ==
total 2280
drwxr-xr-x@  6 damian  staff     192 Sep 24 22:50 .
drwxr-xr-x@ 12 damian  staff     384 Sep 24 22:48 ..
-rw-r--r--@  1 damian  staff  292403 Sep 24 22:49 ux3b-bisect5ee-b01-narrow-declined-refusal.png
-rw-r--r--@  1 damian  staff  286652 Sep 24 22:50 ux3b-bisect5ee-b02-narrow-retry-answered.png
-rw-r--r--@  1 damian  staff  287920 Sep 24 22:50 ux3b-bisect5ee-b03-narrow-confirm-line.png
-rw-r--r--@  1 damian  staff  292279 Sep 24 22:50 ux3b-bisect5ee-b04-narrow-wrapped-quote-at-the-edge.png
8080 released before this command returned
port8080.lock released
--- proxy counters (/Users/damian/.local-operator/sessions/15622aeab8ed/scratchpad/ux4rig/run-bisect5ee/proxy-stats.json) ---
{
  "oldDaemon": false,
  "asidePosts": [
    {
      "at": "2026-09-25T02:49:43.069Z",
      "url": "/v1/desktop/sessions/70a261199717/asides",
      "asideId": "42ae3f60-654d-4f60-af10-ab984e1bc1bc",
      "continues": null,
      "questionHead": "UN what does the retry budget cap",
      "text": "UN what does the retry budget cap",
      "carriedSubscriptionField": true,
      "subscriptionId": "09931e0261c54e2cb9582a568dcc3db2",
      "status": 200,
      "response": "{\"status\":200,\"message\":\"Desktop session result.\",\"result\":{\"data\":{\"aside_id\":\"42ae3f60-654d-4f60-af10-ab984e1bc1bc\",\"text\":\"Transport failures and owner **5xx** responses, per provider, inside a moving window.\\n\\n- each transport failure spends one\\n- each owner 5xx spends one\\n- a retry that succeeds resets the window\\n\\nA **4xx** never spends it: the request was wrong, not the provider.\",\"off_record\":true},\"replayed\":false}}"
    },
    {
      "at": "2026-09-25T02:49:48.162Z",
      "url": "/v1/desktop/sessions/70a261199717/asides",
      "asideId": "0aa8c76e-f0fb-43e6-8184-695834139aff",
      "continues": "42ae3f60-654d-4f60-af10-ab984e1bc1bc",
      "questionHead": "TOOLCALL2: UN the follow-up the model declines",
      "text": "TOOLCALL2: UN the follow-up the model declines",
      "carriedSubscriptionField": true,
      "subscriptionId": "09931e0261c54e2cb9582a568dcc3db2",
      "status": 409,
      "response": "{\"detail\":{\"code\":\"aside_unanswered\",\"message\":\"The model did not answer your aside in text — either a tool call, which is not available off the record, or nothing at all. No answer was produced: ask again.\"}}"
    },
    {
      "at": "2026-09-25T02:49:54.878Z",
      "url": "/v1/desktop/sessions/70a261199717/asides",
      "asideId": "1f12198a-69a0-4f78-9190-e9ac347ff924",
      "continues": "42ae3f60-654d-4f60-af10-ab984e1bc1bc",
      "questionHead": "UN the retry in place",
      "text": "UN the retry in place",
      "carriedSubscriptionField": true,
      "subscriptionId": "09931e0261c54e2cb9582a568dcc3db2",
      "status": 200,
      "response": "{\"status\":200,\"message\":\"Desktop session result.\",\"result\":{\"data\":{\"aside_id\":\"1f12198a-69a0-4f78-9190-e9ac347ff924\",\"text\":\"Transport failures and owner **5xx** responses, per provider, inside a moving window.\\n\\n- each transport failure spends one\\n- each owner 5xx spends one\\n- a retry that succeeds resets the window\\n\\nA **4xx** never spends it: the request was wrong, not the provider.\",\"off_record\":true},\"replayed\":false}}"
    },
    {
      "at": "2026-09-25T02:50:00.694Z",
      "url": "/v1/desktop/sessions/70a261199717/asides",
      "asideId": "509ab2b2-a148-41ce-94c7-935b5a3dfdc6",
      "continues": null,
      "questionHead": "UN16 the exchange adopted by chord",
      "text": "UN16 the exchange adopted by chord",
      "carriedSubscriptionField": true,
      "subscriptionId": "09931e0261c54e2cb9582a568dcc3db2",
      "status": 200,
      "response": "{\"status\":200,\"message\":\"Desktop session result.\",\"result\":{\"data\":{\"aside_id\":\"509ab2b2-a148-41ce-94c7-935b5a3dfdc6\",\"text\":\"Transport failures and owner **5xx** responses, per provider, inside a moving window.\\n\\n- each transport failure spends one\\n- each owner 5xx spends one\\n- a retry that succeeds resets the window\\n\\nA **4xx** never spends it: the request was wrong, not the provider.\",\"off_record\":true},\"replayed\":false}}"
    },
    {
      "at": "2026-09-25T02:50:08.375Z",
      "url": "/v1/desktop/sessions/70a261199717/asides",
      "asideId": "dc53c4ca-f9c0-4f65-8b66-fe6b69ceb720",
      "continues": "509ab2b2-a148-41ce-94c7-935b5a3dfdc6",
      "questionHead": "<reply-to>inside a moving window</reply-to>\nUN46 the questio",
      "text": "<reply-to>inside a moving window</reply-to>\nUN46 the question under a quote that wraps",
      "carriedSubscriptionField": true,
      "subscriptionId": "09931e0261c54e2cb9582a568dcc3db2",
      "status": 200,
      "response": "{\"status\":200,\"message\":\"Desktop session result.\",\"result\":{\"data\":{\"aside_id\":\"dc53c4ca-f9c0-4f65-8b66-fe6b69ceb720\",\"text\":\"Transport failures and owner **5xx** responses, per provider, inside a moving window.\\n\\n- each transport failure spends one\\n- each owner 5xx spends one\\n- a retry that succeeds resets the window\\n\\nA **4xx** never spends it: the request was wrong, not the provider.\",\"off_record\":true},\"replayed\":false}}"
    }
  ],
  "streams": [
    {
      "url": "/v1/desktop/events",
      "openedAt": "2026-09-25T02:49:25.031Z",
      "subscriptionId": "cd27382ccbbdae0e",
      "asideDeltas": 0,
      "deltaSizes": []
    },
    {
      "url": "/v1/desktop/sessions/70a261199717/events?frontend_replace=1",
      "openedAt": "2026-09-25T02:49:28.845Z",
      "subscriptionId": "09931e0261c54e2cb9582a568dcc3db2",
      "asideDeltas": 32,
      "deltaSizes": [
        29,
        33,
        25,
        36,
        28,
        43,
        27,
        40,
        29,
        33,
        25,
        36,
        28,
        43,
        27,
        40,
        29,
        33,
        25,
        36,
        28,
        43,
        27,
        40,
        29,
        33,
        25,
        36,
        28,
        43,
        27,
        40
      ]
    }
  ],
  "asideDeltaFrames": 32,
  "deltasBySubscription": {
    "09931e0261c54e2cb9582a568dcc3db2": 32
  },
  "deltasByAside": {
    "42ae3f60-654d-4f60-af10-ab984e1bc1bc": 8,
    "1f12198a-69a0-4f78-9190-e9ac347ff924": 8,
    "509ab2b2-a148-41ce-94c7-935b5a3dfdc6": 8,
    "dc53c4ca-f9c0-4f65-8b66-fe6b69ceb720": 8
  },
  "refused422": 0,
  "messagePosts": [
    {
      "at": "2026-09-25T02:49:36.530Z",
      "url": "/v1/desktop/sessions/70a261199717/messages",
      "kind": "message",
      "text": "narrow seed turn",
      "images": 0,
      "held": 0,
      "status": 200,
      "response": "{\"status\":200,\"message\":\"Desktop session result.\",\"result\":{\"status\":\"admitted\",\"duplicate\":false,\"detail\":\"prompt admitted\",\"command_id\":\"152c4607-34b5-4ce5-8fad-775da32241c7\",\"replayed\":false}}",
      "forwardedAt": "2026-09-25T02:49:36.530Z"
    }
  ],
  "asideOps": [
    {
      "at": "2026-09-25T02:50:00.223Z",
      "method": "DELETE",
      "url": "/v1/desktop/sessions/70a261199717/asides/1f12198a-69a0-4f78-9190-e9ac347ff924",
      "kind": "close",
      "probe": false,
      "status": 200,
      "response": "{\"status\":200,\"message\":\"Desktop session result.\",\"result\":{\"data\":{\"aside_id\":\"1f12198a-69a0-4f78-9190-e9ac347ff924\",\"status\":\"closed\"},\"replayed\":false}}"
    }
  ]
}
--- end counters ---
