port8080.lock taken
rig up: proxy 79377 on 8080 -> daemon 77912 on 56127, stub 56066; 1111 untouched
== ux4narrow (btw-ux4b) at 02:23:10 ==
[build] current: assets 2026-09-25T02:12:42.616Z >= sources 2026-09-25T01:32:12.604Z
[note] csp for this run's backend
        already widened for http://127.0.0.1:8080
  serve records 1 linked from /Users/damian/.local-operator/sessions/15622aeab8ed/scratchpad/ux4rig/run-ux4narrow/records   (the app admits a daemon only while a record describes one, and a record is a heartbeat)
local-operator-ui renderer driver
  repo          /Users/damian/local-operator-ui-worktrees/ux482-r4-d41bf2
  scratch       /Users/damian/.local-operator/sessions/15622aeab8ed/scratchpad/ux4rig/tmp/lo-renderer-driver-79686
  frames        /Users/damian/.local-operator/sessions/15622aeab8ed/scratchpad/ux4rig/frames/ux4narrow
  app cwd       /Users/damian/.local-operator/sessions/15622aeab8ed/scratchpad/ux4rig/tmp/lo-renderer-driver-79686/cwd   (scratch: the repo's .env is not read)
  backend url   http://127.0.0.1:8080   (--backend: a live isolated backend this run owns)
  electron      44.3.0   (/Users/damian/local-operator-ui-worktrees/ux482-r4-d41bf2/node_modules/.pnpm/electron@44.3.0/node_modules/electron/dist/Electron.app/Contents/MacOS/Electron)
  electron pin  44.3.0   (package.json optionalDependencies)
[PASS] the harness is driving the Electron this branch pins
[PASS] the scratch backend port is dead
[note] the app's default backend port (127.0.0.1:1111)
        a listener is up: this run's main process points elsewhere, and the check below proves the app holds no connection to the URL the RENDERER was built with
[note] verbs registered by the renderer
        ["hello","measure","navigate","openCanvasDocument","press","queries","queryFetches","setSidebarWidth","setTheme","state"]
[PASS] the armed launch said so on stdout
[PASS] the app's logs went to this run's scratch tree, not the operator's
[note] renderer's api base URL at hello, against --backend
        {"apiBaseUrl":"http://127.0.0.1:8080","backend":"http://127.0.0.1:8080"}
[PASS] the app holds a connection to this run's backend (http://127.0.0.1:8080)
[PASS] the app holds NO connection to the operator's own backend (http://localhost:1111)
[note] profile seeded
        onboarding-storage marks the modal complete, so the app is an existing user rather than a first-run one
[PASS] headless and never shown
        mode=headless visible=false focused=false
[PASS] the composer is on screen before anything is typed
[note] the session's owner
        warm (snapshot.cold = false)
[note] UX4b session
        ad7023813722
[note] 1a the composed refusal at narrow
        {"text":"The model did not answer your aside in text — either a tool call, which is not available off the record, or nothing at all. No answer was produced: Ask again here to keep this exchange, or press Esc to close the aside and discard it.","askAgain":1,"region":{"scrollTop":105,"maxScroll":222,"clientHeight":251,"turns":2,"tabIndex":0}}
[note] 1a refusal in the region at narrow (Q33)
        {"scrollTop":104.5,"maxScroll":222,"target":293.1,"state":"alert","alertText":"The model did not answer your aside in text — either a tool call, which is not available off the record, or nothing at all. No answer was produced: Ask again here to keep this exchange, or press Esc to close the aside and discard it.","alertTopInRegion":231.6,"alertBottomInRegion":368.1,"clientHeight":251,"hiddenBelowPx":117.1,"hiddenAbovePx":0,"rows":7,"rowsFullyVisible":1,"lastRowBottomVsClipPx":114.6,"phrase":{"needle":"discard it","bottomVsClipPx":114.6,"visible":false}}
[PASS] 1a at 800px the composed refusal still states the remedy once and names both options
        {"text":"The model did not answer your aside in text — either a tool call, which is not available off the record, or nothing at all. No answer was produced: Ask again here to keep this exchange, or press Esc to close the aside and discard it.","askAgain":1}
[FAIL] 1a at 800px the whole refusal is inside the region's clip and the clause that names Esc's cost is readable
        {"scrollTop":104.5,"maxScroll":222,"target":293.1,"state":"alert","alertText":"The model did not answer your aside in text — either a tool call, which is not available off the record, or nothing at all. No answer was produced: Ask again here to keep this exchange, or press Esc to close the aside and discard it.","alertTopInRegion":231.6,"alertBottomInRegion":368.1,"clientHeight":251,"hiddenBelowPx":117.1,"hiddenAbovePx":0,"rows":7,"rowsFullyVisible":1,"lastRowBottomVsClipPx":114.6,"phrase":{"needle":"discard it","bottomVsClipPx":114.6,"visible":false}}
[note] frame
        {"label":"ux4b-ux4narrow-b01-narrow-composed-refusal-once","width":1600,"height":1736}
[note] 1b at narrow, after Esc
        {"ms":14,"panelUp":false,"active":"textarea[Message]","targetId":"4c91eee1-091c-4165-811a-d03dd1fe87fc","entryId":"4c91eee1-091c-4165-811a-d03dd1fe87fc","status":200,"entryAfter":{"status":404,"detail":"This aside is no longer available","turns":null,"firstTurnHead":null,"complete":null,"adoptable":null}}
[PASS] 1b at 800px Esc still names the entry that holds the exchange, and the exchange goes
        {"target":"4c91eee1-091c-4165-811a-d03dd1fe87fc","entryId":"4c91eee1-091c-4165-811a-d03dd1fe87fc","status":200,"entryAfter":{"status":404,"detail":"This aside is no longer available","turns":null,"firstTurnHead":null,"complete":null,"adoptable":null},"active":"textarea[Message]"}
[note] frame
        {"label":"ux4b-ux4narrow-b02-narrow-refused-arm-after-esc","width":1600,"height":1736}
[note] 2 the retry in place at narrow
        {"retryMs":5057,"status":200,"continues":"d7bd4e5c-55b7-45e7-925c-ed3afe76e7d9","tails":2,"turns":3,"refusalStillThere":true}
[PASS] 2 at 800px the copy's first option is still true: asking again in the same panel is answered, and the refusal's own turn is kept
        {"status":200,"tails":2,"turns":3}
[note] frame
        {"label":"ux4b-ux4narrow-b03-narrow-retry-answered-in-place","width":1600,"height":1736}
[note] 3a the first ⌘+F at narrow
        {"notice":"Press ⌘+F again to add the aside to the conversation. Once added, it stays there.","noticeCount":1,"adoptOps":0,"region":{"scrollTop":0,"maxScroll":49,"clientHeight":232,"turns":1,"tabIndex":0}}
[PASS] 3a at 800px the first press only confirms, and the confirm sits with the control it names
        {"ops":0,"notice":"Press ⌘+F again to add the aside to the conversation. Once added, it stays there.","gapPx":4}
[note] frame
        {"label":"ux4b-ux4narrow-b04-narrow-first-cmdf-confirm","width":1600,"height":1736}
[note] 3b the second press at narrow
        {"panelGoneMs":80,"painted":{"UN3 the exchange to adopt":150},"adoptOps":1}
[PASS] 3b at 800px a deliberate second press adopts, once, and the rows paint
        {"ops":1,"painted":{"UN3 the exchange to adopt":150}}
[note] frame
        {"label":"ux4b-ux4narrow-b05-narrow-second-press-adopts","width":1600,"height":1736}
[note] UX4b scene
        finished

---- app log (tail) ----
Error occurred in handler for 'console-state': Error: No handler registered for 'console-state'
    at Session.<anonymous> (node:electron/js2c/browser_init:2:123930)
    at Session.emit (node:events:514:28)
Error occurred in handler for 'browser-webauthn-pending': Error: No handler registered for 'browser-webauthn-pending'
    at Session.<anonymous> (node:electron/js2c/browser_init:2:123930)
    at Session.emit (node:events:514:28)
22:23:15.855 › Checking for UI updates...
22:23:15.855 › Skip checkForUpdates because application is not packed and dev update config is not forced
Error occurred in handler for 'browser-state': Error: No handler registered for 'browser-state'
    at Session.<anonymous> (node:electron/js2c/browser_init:2:123930)
    at Session.emit (node:events:514:28)
Error occurred in handler for 'console-state': Error: No handler registered for 'console-state'
    at Session.<anonymous> (node:electron/js2c/browser_init:2:123930)
    at Session.emit (node:events:514:28)
Error occurred in handler for 'browser-webauthn-pending': Error: No handler registered for 'browser-webauthn-pending'
    at Session.<anonymous> (node:electron/js2c/browser_init:2:123930)
    at Session.emit (node:events:514:28)
[window-mode] state: visible=false focused=false focusable=false size=800x900 content=800x868
22:23:16.825 › Checking for updates... (silent mode: true)
22:23:16.826 › Skip checkForUpdates because application is not packed and dev update config is not forced
22:23:16.826 › Checking for backend updates... (silent mode: true)
22:23:16.826 › Skip backend update check in dev mode unless forced
22:23:28.512 › [about-panel] suppressed by window mode headless: a headless run raises no window
22:23:28.786 › The pre-split environment at /Users/damian/Library/Application Support/Local Operator/local-operator-venv is built on the interpreter inside /Applications/Local Operator.app; it is left exactly as it is, and this instance does not use it.
22:23:28.794 › [browser] session cookies: the cookie-jar channel could not be opened (Error: opening the cookie-jar channel did not respond within 15000ms); session cookies will not be restored or saved this run, and the marker this run leaves means the stored snapshot will be discarded at the next start
22:23:28.821 › [browser] denied a media permission request from (unknown origin)
22:23:28.821 › [browser] denied a media permission request from (unknown origin)
22:23:28.822 › [browser] denied a web-app-installation permission request from (unknown origin)
22:23:28.822 › [browser] denied a geolocation permission request from (unknown origin)
22:23:28.830 › [console] host ready on the existing endpoint: 0 surface(s) (node-pty ready)
22:23:28.831 › [browser] host on 127.0.0.1:56515 (proto 1), profile /Users/damian/.local-operator/sessions/15622aeab8ed/scratchpad/ux4rig/tmp/lo-renderer-driver-79686/userdata-scene/Partitions/local-operator-browser, agent tabs 0/8, console on (0 surface(s))
22:23:34.947 › [about-panel] suppressed by window mode headless: a headless run raises no window
22:23:46.416 › [about-panel] suppressed by window mode headless: a headless run raises no window
22:24:03.019 › [about-panel] suppressed by window mode headless: a headless run raises no window
Error occurred in handler for 'desktop-request': Error: View these completions in the foreground before marking them read.
    at /Users/damian/local-operator-ui-worktrees/ux482-r4-d41bf2/out/main/index.jsc:1:1048243
    at /Users/damian/local-operator-ui-worktrees/ux482-r4-d41bf2/out/main/index.jsc:1:1049287
    at Session.<anonymous> (node:electron/js2c/browser_init:2:123833)
    at Session.emit (node:events:514:28)

[PASS] no process from this run outlived its boot

frames: ux4b-ux4narrow-b01-narrow-composed-refusal-once.png, ux4b-ux4narrow-b02-narrow-refused-arm-after-esc.png, ux4b-ux4narrow-b03-narrow-retry-answered-in-place.png, ux4b-ux4narrow-b04-narrow-first-cmdf-confirm.png, ux4b-ux4narrow-b05-narrow-second-press-adopts.png
frames directory: /Users/damian/.local-operator/sessions/15622aeab8ed/scratchpad/ux4rig/frames/ux4narrow
app log: /Users/damian/.local-operator/sessions/15622aeab8ed/scratchpad/ux4rig/tmp/lo-renderer-driver-79686/app-scene.log
scratch removed (--clean)

1 CHECK(S) FAILED
== ux4narrow driver exit: 1 ==
total 2728
drwxr-xr-x@ 7 damian  staff     224 Sep 24 22:24 .
drwxr-xr-x@ 4 damian  staff     128 Sep 24 22:22 ..
-rw-r--r--@ 1 damian  staff  291167 Sep 24 22:23 ux4b-ux4narrow-b01-narrow-composed-refusal-once.png
-rw-r--r--@ 1 damian  staff  225745 Sep 24 22:23 ux4b-ux4narrow-b02-narrow-refused-arm-after-esc.png
-rw-r--r--@ 1 damian  staff  286618 Sep 24 22:24 ux4b-ux4narrow-b03-narrow-retry-answered-in-place.png
-rw-r--r--@ 1 damian  staff  293621 Sep 24 22:24 ux4b-ux4narrow-b04-narrow-first-cmdf-confirm.png
-rw-r--r--@ 1 damian  staff  287607 Sep 24 22:24 ux4b-ux4narrow-b05-narrow-second-press-adopts.png
8080 released before this command returned
port8080.lock released
--- proxy counters (/Users/damian/.local-operator/sessions/15622aeab8ed/scratchpad/ux4rig/run-ux4narrow/proxy-stats.json) ---
{
  "oldDaemon": false,
  "asidePosts": [
    {
      "at": "2026-09-25T02:23:35.149Z",
      "url": "/v1/desktop/sessions/ad7023813722/asides",
      "asideId": "4c91eee1-091c-4165-811a-d03dd1fe87fc",
      "continues": null,
      "questionHead": "UN1 what does the retry budget cap",
      "text": "UN1 what does the retry budget cap",
      "carriedSubscriptionField": true,
      "subscriptionId": "aa43fdd0975d42abb482e2285d957552",
      "status": 200,
      "response": "{\"status\":200,\"message\":\"Desktop session result.\",\"result\":{\"data\":{\"aside_id\":\"4c91eee1-091c-4165-811a-d03dd1fe87fc\",\"text\":\"Transport failures and owner **5xx** responses, per provider, inside a moving window.\\n\\n- each transport failure spends one\\n- each owner 5xx spends one\\n- a retry that succeeds resets the window\\n\\nA **4xx** never spends it: the request was wrong, not the provider.\",\"off_record\":true},\"replayed\":false}}"
    },
    {
      "at": "2026-09-25T02:23:40.245Z",
      "url": "/v1/desktop/sessions/ad7023813722/asides",
      "asideId": "734103a8-88a6-4f5b-929b-6b4c42e2140a",
      "continues": "4c91eee1-091c-4165-811a-d03dd1fe87fc",
      "questionHead": "TOOLCALL2: UN1 the follow-up the model declines",
      "text": "TOOLCALL2: UN1 the follow-up the model declines",
      "carriedSubscriptionField": true,
      "subscriptionId": "aa43fdd0975d42abb482e2285d957552",
      "status": 409,
      "response": "{\"detail\":{\"code\":\"aside_unanswered\",\"message\":\"The model did not answer your aside in text — either a tool call, which is not available off the record, or nothing at all. No answer was produced: ask again.\"}}"
    },
    {
      "at": "2026-09-25T02:23:46.613Z",
      "url": "/v1/desktop/sessions/ad7023813722/asides",
      "asideId": "d7bd4e5c-55b7-45e7-925c-ed3afe76e7d9",
      "continues": null,
      "questionHead": "UN2 the retry in place",
      "text": "UN2 the retry in place",
      "carriedSubscriptionField": true,
      "subscriptionId": "aa43fdd0975d42abb482e2285d957552",
      "status": 200,
      "response": "{\"status\":200,\"message\":\"Desktop session result.\",\"result\":{\"data\":{\"aside_id\":\"d7bd4e5c-55b7-45e7-925c-ed3afe76e7d9\",\"text\":\"Transport failures and owner **5xx** responses, per provider, inside a moving window.\\n\\n- each transport failure spends one\\n- each owner 5xx spends one\\n- a retry that succeeds resets the window\\n\\nA **4xx** never spends it: the request was wrong, not the provider.\",\"off_record\":true},\"replayed\":false}}"
    },
    {
      "at": "2026-09-25T02:23:51.409Z",
      "url": "/v1/desktop/sessions/ad7023813722/asides",
      "asideId": "7b51d484-d48e-4211-8d6a-82d4399791c9",
      "continues": "d7bd4e5c-55b7-45e7-925c-ed3afe76e7d9",
      "questionHead": "TOOLCALL2: UN2 the declined follow-up",
      "text": "TOOLCALL2: UN2 the declined follow-up",
      "carriedSubscriptionField": true,
      "subscriptionId": "aa43fdd0975d42abb482e2285d957552",
      "status": 409,
      "response": "{\"detail\":{\"code\":\"aside_unanswered\",\"message\":\"The model did not answer your aside in text — either a tool call, which is not available off the record, or nothing at all. No answer was produced: ask again.\"}}"
    },
    {
      "at": "2026-09-25T02:23:57.604Z",
      "url": "/v1/desktop/sessions/ad7023813722/asides",
      "asideId": "6e070ac6-7076-4c09-8933-ac0459e578f5",
      "continues": "d7bd4e5c-55b7-45e7-925c-ed3afe76e7d9",
      "questionHead": "UN2 retry in the same panel",
      "text": "UN2 retry in the same panel",
      "carriedSubscriptionField": true,
      "subscriptionId": "aa43fdd0975d42abb482e2285d957552",
      "status": 200,
      "response": "{\"status\":200,\"message\":\"Desktop session result.\",\"result\":{\"data\":{\"aside_id\":\"6e070ac6-7076-4c09-8933-ac0459e578f5\",\"text\":\"Transport failures and owner **5xx** responses, per provider, inside a moving window.\\n\\n- each transport failure spends one\\n- each owner 5xx spends one\\n- a retry that succeeds resets the window\\n\\nA **4xx** never spends it: the request was wrong, not the provider.\",\"off_record\":true},\"replayed\":false}}"
    },
    {
      "at": "2026-09-25T02:24:03.218Z",
      "url": "/v1/desktop/sessions/ad7023813722/asides",
      "asideId": "81c46c9b-bb82-4919-abce-b597d1e112c2",
      "continues": null,
      "questionHead": "UN3 the exchange to adopt",
      "text": "UN3 the exchange to adopt",
      "carriedSubscriptionField": true,
      "subscriptionId": "aa43fdd0975d42abb482e2285d957552",
      "status": 200,
      "response": "{\"status\":200,\"message\":\"Desktop session result.\",\"result\":{\"data\":{\"aside_id\":\"81c46c9b-bb82-4919-abce-b597d1e112c2\",\"text\":\"Transport failures and owner **5xx** responses, per provider, inside a moving window.\\n\\n- each transport failure spends one\\n- each owner 5xx spends one\\n- a retry that succeeds resets the window\\n\\nA **4xx** never spends it: the request was wrong, not the provider.\",\"off_record\":true},\"replayed\":false}}"
    }
  ],
  "streams": [
    {
      "url": "/v1/desktop/events",
      "openedAt": "2026-09-25T02:23:14.172Z",
      "subscriptionId": "2f5108fee6afd69e",
      "asideDeltas": 0,
      "deltaSizes": []
    },
    {
      "url": "/v1/desktop/sessions/ad7023813722/events?frontend_replace=1",
      "openedAt": "2026-09-25T02:23:18.866Z",
      "subscriptionId": "aa43fdd0975d42abb482e2285d957552",
      "asideDeltas": 32,
      "deltaSizes": [
        29,
        33,
        25,
        36,
        28,
        43,
        27,
        40,
        29,
        33,
        25,
        36,
        28,
        43,
        27,
        40,
        29,
        33,
        25,
        36,
        28,
        43,
        27,
        40,
        29,
        33,
        25,
        36,
        28,
        43,
        27,
        40
      ]
    },
    {
      "url": "/v1/desktop/sessions/ad7023813722/events?frontend_replace=1",
      "openedAt": "2026-09-25T02:24:09.663Z",
      "subscriptionId": "7e1f383a826849d58a6d1b3d8bdc07be",
      "asideDeltas": 0,
      "deltaSizes": []
    }
  ],
  "asideDeltaFrames": 32,
  "deltasBySubscription": {
    "aa43fdd0975d42abb482e2285d957552": 32
  },
  "deltasByAside": {
    "4c91eee1-091c-4165-811a-d03dd1fe87fc": 8,
    "d7bd4e5c-55b7-45e7-925c-ed3afe76e7d9": 8,
    "6e070ac6-7076-4c09-8933-ac0459e578f5": 8,
    "81c46c9b-bb82-4919-abce-b597d1e112c2": 8
  },
  "refused422": 0,
  "messagePosts": [
    {
      "at": "2026-09-25T02:23:28.725Z",
      "url": "/v1/desktop/sessions/ad7023813722/messages",
      "kind": "message",
      "text": "ux4b seed turn",
      "images": 0,
      "held": 0,
      "status": 200,
      "response": "{\"status\":200,\"message\":\"Desktop session result.\",\"result\":{\"status\":\"admitted\",\"duplicate\":false,\"detail\":\"prompt admitted\",\"command_id\":\"49a33fa7-b7ca-4c19-b5a2-2c834c872f70\",\"replayed\":false}}",
      "forwardedAt": "2026-09-25T02:23:28.726Z"
    }
  ],
  "asideOps": [
    {
      "at": "2026-09-25T02:23:46.354Z",
      "method": "DELETE",
      "url": "/v1/desktop/sessions/ad7023813722/asides/4c91eee1-091c-4165-811a-d03dd1fe87fc",
      "kind": "close",
      "probe": false,
      "status": 200,
      "response": "{\"status\":200,\"message\":\"Desktop session result.\",\"result\":{\"data\":{\"aside_id\":\"4c91eee1-091c-4165-811a-d03dd1fe87fc\",\"status\":\"closed\"},\"replayed\":false}}"
    },
    {
      "at": "2026-09-25T02:24:02.702Z",
      "method": "DELETE",
      "url": "/v1/desktop/sessions/ad7023813722/asides/6e070ac6-7076-4c09-8933-ac0459e578f5",
      "kind": "close",
      "probe": false,
      "status": 200,
      "response": "{\"status\":200,\"message\":\"Desktop session result.\",\"result\":{\"data\":{\"aside_id\":\"6e070ac6-7076-4c09-8933-ac0459e578f5\",\"status\":\"closed\"},\"replayed\":false}}"
    },
    {
      "at": "2026-09-25T02:24:09.595Z",
      "method": "POST",
      "url": "/v1/desktop/sessions/ad7023813722/asides/81c46c9b-bb82-4919-abce-b597d1e112c2/adopt",
      "kind": "adopt",
      "probe": false,
      "status": 200,
      "response": "{\"status\":200,\"message\":\"Desktop session result.\",\"result\":{\"data\":{\"aside_id\":\"81c46c9b-bb82-4919-abce-b597d1e112c2\",\"status\":\"adopted\"},\"replayed\":false}}"
    }
  ]
}
--- end counters ---
