port8080.lock taken
rig up: proxy 71368 on 8080 -> daemon 69641 on 54827, stub 54734; 1111 untouched
== ux4wide (btw-ux4) at 02:21:35 ==
[build] current: assets 2026-09-25T02:12:42.616Z >= sources 2026-09-25T01:32:12.604Z
[note] csp for this run's backend
        already widened for http://127.0.0.1:8080
  serve records 1 linked from /Users/damian/.local-operator/sessions/15622aeab8ed/scratchpad/ux4rig/run-ux4wide/records   (the app admits a daemon only while a record describes one, and a record is a heartbeat)
local-operator-ui renderer driver
  repo          /Users/damian/local-operator-ui-worktrees/ux482-r4-d41bf2
  scratch       /Users/damian/.local-operator/sessions/15622aeab8ed/scratchpad/ux4rig/tmp/lo-renderer-driver-71710
  frames        /Users/damian/.local-operator/sessions/15622aeab8ed/scratchpad/ux4rig/frames/ux4wide
  app cwd       /Users/damian/.local-operator/sessions/15622aeab8ed/scratchpad/ux4rig/tmp/lo-renderer-driver-71710/cwd   (scratch: the repo's .env is not read)
  backend url   http://127.0.0.1:8080   (--backend: a live isolated backend this run owns)
  electron      44.3.0   (/Users/damian/local-operator-ui-worktrees/ux482-r4-d41bf2/node_modules/.pnpm/electron@44.3.0/node_modules/electron/dist/Electron.app/Contents/MacOS/Electron)
  electron pin  44.3.0   (package.json optionalDependencies)
[PASS] the harness is driving the Electron this branch pins
[PASS] the scratch backend port is dead
[note] the app's default backend port (127.0.0.1:1111)
        a listener is up: this run's main process points elsewhere, and the check below proves the app holds no connection to the URL the RENDERER was built with
[note] verbs registered by the renderer
        ["hello","measure","navigate","openCanvasDocument","press","queries","queryFetches","setSidebarWidth","setTheme","state"]
[PASS] the armed launch said so on stdout
[PASS] the app's logs went to this run's scratch tree, not the operator's
[note] renderer's api base URL at hello, against --backend
        {"apiBaseUrl":"http://127.0.0.1:8080","backend":"http://127.0.0.1:8080"}
[PASS] the app holds a connection to this run's backend (http://127.0.0.1:8080)
[PASS] the app holds NO connection to the operator's own backend (http://localhost:1111)
[note] profile seeded
        onboarding-storage marks the modal complete, so the app is an existing user rather than a first-run one
[PASS] headless and never shown
        mode=headless visible=false focused=false
[PASS] the composer is on screen before anything is typed
[note] the session's owner
        warm (snapshot.cold = false)
[note] UX4 session
        533d225a1663
[note] 1a the declined follow-up, as painted
        {"active":"textarea[Message]","activeIsField":true,"fieldValue":"","refusalText":"The model did not answer your aside in text — either a tool call, which is not available off the record, or nothing at all. No answer was produced: Ask again here to keep this exchange, or press Esc to close the aside and discard it.","noticeText":"The model did not answer your aside in text — either a tool call, which is not available off the record, or nothing at all. No answer was produced: Ask again here to keep this exchange, or press Esc to close the aside and discard it.","noticeCount":1,"adoptDisabled":true,"adoptReason":"Nothing to add.","region":{"scrollTop":15,"maxScroll":15,"clientHeight":248,"turns":2,"tabIndex":0}}
[note] 1a the composed refusal's own text
        {"text":"The model did not answer your aside in text — either a tool call, which is not available off the record, or nothing at all. No answer was produced: Ask again here to keep this exchange, or press Esc to close the aside and discard it."}
[note] 1a where the remedy is stated
        {"askAgainCount":1,"clauseCount":1,"whereClause":[{"zone":"panel","visible":true,"text":"The model did not answer your aside in text — either a tool call, which is not available off the record, or nothing at all. No answer was produced: Ask again here to keep this exchange, or press Esc t"}]}
[note] 1a refusal in the region (Q33 in the flow)
        {"scrollTop":15,"maxScroll":15,"target":200.3,"state":"alert","alertText":"The model did not answer your aside in text — either a tool call, which is not available off the record, or nothing at all. No answer was produced: Ask again here to keep this exchange, or press Esc to close the aside and discard it.","alertTopInRegion":208.8,"alertBottomInRegion":247.8,"clientHeight":248,"hiddenBelowPx":0,"hiddenAbovePx":0,"rows":2,"rowsFullyVisible":2,"lastRowBottomVsClipPx":-2.7,"phrase":{"needle":"discard it","bottomVsClipPx":-2.7,"visible":true}}
[PASS] 1a the composed refusal states the remedy once, and still names both options
        {"text":"The model did not answer your aside in text — either a tool call, which is not available off the record, or nothing at all. No answer was produced: Ask again here to keep this exchange, or press Esc to close the aside and discard it.","askAgain":1,"namesClause":true}
[PASS] 1a the whole refusal is inside the region's clip (the words that name Esc's cost are read, not implied)
        {"scrollTop":15,"maxScroll":15,"target":200.3,"state":"alert","alertText":"The model did not answer your aside in text — either a tool call, which is not available off the record, or nothing at all. No answer was produced: Ask again here to keep this exchange, or press Esc to close the aside and discard it.","alertTopInRegion":208.8,"alertBottomInRegion":247.8,"clientHeight":248,"hiddenBelowPx":0,"hiddenAbovePx":0,"rows":2,"rowsFullyVisible":2,"lastRowBottomVsClipPx":-2.7,"phrase":{"needle":"discard it","bottomVsClipPx":-2.7,"visible":true}}
[PASS] 1a the exchange the refused follow-up belongs to is still held, with both turns, before the key
        {"entryId":"a8b222b1-059f-4971-8c17-085d43316b5c","refusedTurnId":"79d58903-89a5-4cc3-ba53-770285594ad6","entryBefore":{"status":200,"detail":null,"turns":2,"firstTurnHead":"[{\"type\":\"text\",\"text\":\"UA1 what does the retry budget cap\"}]","complete":true,"adoptable":true}}
[note] frame
        {"label":"ux4-ux4wide-01-u19a-refused-refusal-once","width":2760,"height":1736}
[note] 1b after Esc: what the user has left
        {"ms":38,"panelUp":false,"active":"textarea[Message]","activeIsField":true}
[note] 1b the id the app asked the owner to drop
        {"close":{"count":1,"targetId":"a8b222b1-059f-4971-8c17-085d43316b5c","status":200},"entryId":"a8b222b1-059f-4971-8c17-085d43316b5c","refusedTurnId":"79d58903-89a5-4cc3-ba53-770285594ad6","namedTheEntry":true,"namedTheRefusedTurn":false}
[note] 1b the entry that held the exchange, after Esc
        {"status":404,"detail":"This aside is no longer available","turns":null,"firstTurnHead":null,"complete":null,"adoptable":null}
[note] 1b the refused turn's own id, after Esc
        {"status":404,"detail":"This aside is no longer available","turns":null,"firstTurnHead":null,"complete":null,"adoptable":null}
[note] 1b the transcript
        {"base":0,"followUp":0,"replies":[]}
[PASS] 1b closing names the entry that holds the exchange - the same id the ask path continues - and the owner answers 200
        {"target":"a8b222b1-059f-4971-8c17-085d43316b5c","entryId":"a8b222b1-059f-4971-8c17-085d43316b5c","refusedTurnId":"79d58903-89a5-4cc3-ba53-770285594ad6","status":200}
[PASS] 1b the exchange really goes: the entry the copy told the user to discard is no longer held
        {"entryAfter":{"status":404,"detail":"This aside is no longer available","turns":null,"firstTurnHead":null,"complete":null,"adoptable":null}}
[PASS] 1b Esc takes the exchange off the screen: the panel is gone, focus is back in the box, and neither question is anywhere the user can reach
        {"panelUp":false,"active":"textarea[Message]","base":0,"chips":[]}
[note] frame
        {"label":"ux4-ux4wide-02-u19a-after-esc-the-exchange-really-went","width":2760,"height":1736}
[note] 2 an answered exchange's Esc
        {"ms":57,"panelUp":false,"active":"textarea[Message]","entryId":"13a26f01-e07e-4369-8117-e6e0704f47d1","closes":[{"id":"13a26f01-e07e-4369-8117-e6e0704f47d1","status":200}],"entryAfter":{"status":404,"detail":"This aside is no longer available","turns":null,"firstTurnHead":null,"complete":null,"adoptable":null},"inTranscript":0}
[PASS] 2 an answered exchange is closed by its own entry's id, answered 200, and the entry goes
        {"closes":[{"id":"13a26f01-e07e-4369-8117-e6e0704f47d1","status":200}],"entryId":"13a26f01-e07e-4369-8117-e6e0704f47d1","entryAfter":{"status":404,"detail":"This aside is no longer available","turns":null,"firstTurnHead":null,"complete":null,"adoptable":null}}
[PASS] 2 the answered arm costs the reader the same thing the copy says: nothing on screen, nothing in the transcript
        {"panelUp":false,"active":"textarea[Message]","inTranscript":0}
[note] frame
        {"label":"ux4-ux4wide-03-u19b-answered-closed","width":2760,"height":1736}
[note] 3a adopting by the second chord
        {"panelGoneMs":66,"painted":{"UC1 the exchange adopted then closed":70},"active":"textarea[Message]","adoptOps":1}
[note] 3a the owner's record
        {"history":[13,15],"hasQuestion":1,"entryAfterAdopt":{"status":200,"detail":null,"turns":2,"firstTurnHead":"[{\"type\":\"text\",\"text\":\"UC1 the exchange adopted then closed\"}]","complete":true,"adoptable":false}}
[PASS] 3a the second press adopts once: the rows paint live, the panel detaches, focus returns
        {"ops":1,"active":"textarea[Message]","painted":{"UC1 the exchange adopted then closed":70}}
[note] frame
        {"label":"ux4-ux4wide-04-u19c-adopted","width":2760,"height":1736}
[note] 3b Esc after adopting
        {"panelUp":false,"active":"textarea[Message]","rows":1,"entryBefore":{"status":200,"detail":null,"turns":2,"firstTurnHead":"[{\"type\":\"text\",\"text\":\"UC1 the exchange adopted then closed\"}]","complete":true,"adoptable":false},"entryAfter":{"status":200,"detail":null,"turns":2,"firstTurnHead":"[{\"type\":\"text\",\"text\":\"UC1 the exchange adopted then closed\"}]","complete":true,"adoptable":false},"closeOps":[2,2]}
[PASS] 3b closing after adopting takes nothing back: the adopted rows are still painted and the owner's record is untouched
        {"rows":1,"before":200,"after":200,"closes":0}
[note] frame
        {"label":"ux4-ux4wide-05-u19c-after-esc-nothing-taken-back","width":2760,"height":1736}
[note] 3c away and back
        {"awayUrl":"#/settings","whileAway_mounted":false,"whileAway_hasQuestion":0,"reEntryMs":24,"occurrencesAfter":1}
[PASS] 3c the adopted rows survive leaving the conversation and coming back, once each
        {"after":1}
[note] frame
        {"label":"ux4-ux4wide-06-u19c-after-reentering","width":2760,"height":1736}
[note] 4a a reflex double-tap, 66ms apart
        {"panelUp":true,"notice":"Press ⌘+F again to add the aside to the conversation. Once added, it stays there.","adoptOps":0,"keys":[47949,48020],"gapMs":71,"msFromFirstPress":584,"refusal":"Press ⌘+F again to add the aside to the conversation. Once added, it stays there.","bandLines":[]}
[PASS] 4a a reflex double-tap does NOT adopt: no adopt request leaves, the panel is still up, and the confirm is still the whole answer
        {"ops":0,"panelUp":true,"notice":"Press ⌘+F again to add the aside to the conversation. Once added, it stays there.","keys":[47949,48020]}
[PASS] 4a the swallowed press surfaces nothing of its own: the panel's one alert is still the confirm, nothing is red on it, and the composer line stays empty
        {"refusal":"Press ⌘+F again to add the aside to the conversation. Once added, it stays there.","noticeCount":1,"bandLines":[]}
[note] frame
        {"label":"ux4-ux4wide-07-u17a-reflex-double-tap-does-not-adopt","width":2760,"height":1736}
[note] 4b the press after the floor
        {"msAfterTheConfirm":653,"panelUp":false,"active":"textarea[Message]","adoptOps":1}
[PASS] 4b a swallowed press is not a withdraw: the next press adopts, once
        {"ops":1,"panelUp":false}
[note] frame
        {"label":"ux4-ux4wide-08-u17b-the-press-after-the-floor-adopts","width":2760,"height":1736}
[note] 5 a deliberate two-press adopt
        {"panelGoneMs":72,"painted":{"UE1 the exchange a deliberate press meets":80},"adoptOps":1,"active":"textarea[Message]"}
[PASS] 5 a user who reads the confirm and presses again adopts first time - no third press needed
        {"ops":1,"painted":{"UE1 the exchange a deliberate press meets":80}}
[note] frame
        {"label":"ux4-ux4wide-09-u17c-deliberate-press-adopts","width":2760,"height":1736}
[note] 6 a fresh refused ask
        {"active":"textarea[Message]","activeIsField":true,"fieldValue":"","refusalText":"The model did not answer your aside in text — either a tool call, which is not available off the record, or nothing at all. No answer was produced: ask again.","noticeText":"The model did not answer your aside in text — either a tool call, which is not available off the record, or nothing at all. No answer was produced: ask again.","noticeCount":1,"adoptDisabled":true,"adoptReason":"Nothing to add.","region":{"scrollTop":0,"maxScroll":0,"clientHeight":63,"turns":1,"tabIndex":0},"text":"The model did not answer your aside in text — either a tool call, which is not available off the record, or nothing at all. No answer was produced: ask again.","endsWithOwnerRemedy":true}
[PASS] 6 a fresh refusal still states the owner's sentence alone, its own remedy intact and no clause
        {"text":"The model did not answer your aside in text — either a tool call, which is not available off the record, or nothing at all. No answer was produced: ask again.","askAgain":1,"hasClause":false}
[note] frame
        {"label":"ux4-ux4wide-10-u18-fresh-refusal-keeps-its-own-remedy","width":2760,"height":1736}
[note] UX4 scene
        finished
  [renderer] [attention] 533d225a1663 receipt unresolved after 3 attempts; backing off UserFacingError: View these completions in the foreground before marking them read.
    at SEe (file:///Users/damian/local-operator-ui-worktrees/ux482-r4-d41bf2/out/renderer/assets/index-MgrkKJ40.js:812:94627)
    at async _t (file:///Users/damian/local-operator-ui-worktrees/ux482-r4-d41bf2/out/renderer/assets/index-MgrkKJ40.js:812:95762)
  [renderer] [attention] 533d225a1663 receipt unresolved after 3 attempts; backing off UserFacingError: View these completions in the foreground before marking them read.
    at SEe (file:///Users/damian/local-operator-ui-worktrees/ux482-r4-d41bf2/out/renderer/assets/index-MgrkKJ40.js:812:94627)
    at async _t (file:///Users/damian/local-operator-ui-worktrees/ux482-r4-d41bf2/out/renderer/assets/index-MgrkKJ40.js:812:95762)
[PASS] no process from this run outlived its boot

frames: ux4-ux4wide-01-u19a-refused-refusal-once.png, ux4-ux4wide-02-u19a-after-esc-the-exchange-really-went.png, ux4-ux4wide-03-u19b-answered-closed.png, ux4-ux4wide-04-u19c-adopted.png, ux4-ux4wide-05-u19c-after-esc-nothing-taken-back.png, ux4-ux4wide-06-u19c-after-reentering.png, ux4-ux4wide-07-u17a-reflex-double-tap-does-not-adopt.png, ux4-ux4wide-08-u17b-the-press-after-the-floor-adopts.png, ux4-ux4wide-09-u17c-deliberate-press-adopts.png, ux4-ux4wide-10-u18-fresh-refusal-keeps-its-own-remedy.png
frames directory: /Users/damian/.local-operator/sessions/15622aeab8ed/scratchpad/ux4rig/frames/ux4wide
app log: /Users/damian/.local-operator/sessions/15622aeab8ed/scratchpad/ux4rig/tmp/lo-renderer-driver-71710/app-scene.log
scratch removed (--clean)

ALL CHECKS PASSED
== ux4wide driver exit: 0 ==
total 6624
drwxr-xr-x@ 12 damian  staff     384 Sep 24 22:15 .
drwxr-xr-x@  3 damian  staff      96 Sep 24 21:58 ..
-rw-r--r--@  1 damian  staff  374910 Sep 24 22:22 ux4-ux4wide-01-u19a-refused-refusal-once.png
-rw-r--r--@  1 damian  staff  256899 Sep 24 22:22 ux4-ux4wide-02-u19a-after-esc-the-exchange-really-went.png
-rw-r--r--@  1 damian  staff  256886 Sep 24 22:22 ux4-ux4wide-03-u19b-answered-closed.png
-rw-r--r--@  1 damian  staff  328729 Sep 24 22:22 ux4-ux4wide-04-u19c-adopted.png
-rw-r--r--@  1 damian  staff  341735 Sep 24 22:22 ux4-ux4wide-05-u19c-after-esc-nothing-taken-back.png
-rw-r--r--@  1 damian  staff  328714 Sep 24 22:22 ux4-ux4wide-06-u19c-after-reentering.png
-rw-r--r--@  1 damian  staff  373971 Sep 24 22:22 ux4-ux4wide-07-u17a-reflex-double-tap-does-not-adopt.png
-rw-r--r--@  1 damian  staff  375427 Sep 24 22:22 ux4-ux4wide-08-u17b-the-press-after-the-floor-adopts.png
-rw-r--r--@  1 damian  staff  362576 Sep 24 22:22 ux4-ux4wide-09-u17c-deliberate-press-adopts.png
-rw-r--r--@  1 damian  staff  372136 Sep 24 22:22 ux4-ux4wide-10-u18-fresh-refusal-keeps-its-own-remedy.png
8080 released before this command returned
port8080.lock released
--- proxy counters (/Users/damian/.local-operator/sessions/15622aeab8ed/scratchpad/ux4rig/run-ux4wide/proxy-stats.json) ---
{
  "oldDaemon": false,
  "asidePosts": [
    {
      "at": "2026-09-25T02:21:55.788Z",
      "url": "/v1/desktop/sessions/533d225a1663/asides",
      "asideId": "a8b222b1-059f-4971-8c17-085d43316b5c",
      "continues": null,
      "questionHead": "UA1 what does the retry budget cap",
      "text": "UA1 what does the retry budget cap",
      "carriedSubscriptionField": true,
      "subscriptionId": "fc5847f51ffa4b398a6593ea1bbec57a",
      "status": 200,
      "response": "{\"status\":200,\"message\":\"Desktop session result.\",\"result\":{\"data\":{\"aside_id\":\"a8b222b1-059f-4971-8c17-085d43316b5c\",\"text\":\"Transport failures and owner **5xx** responses, per provider, inside a moving window.\\n\\n- each transport failure spends one\\n- each owner 5xx spends one\\n- a retry that succeeds resets the window\\n\\nA **4xx** never spends it: the request was wrong, not the provider.\",\"off_record\":true},\"replayed\":false}}"
    },
    {
      "at": "2026-09-25T02:22:00.737Z",
      "url": "/v1/desktop/sessions/533d225a1663/asides",
      "asideId": "79d58903-89a5-4cc3-ba53-770285594ad6",
      "continues": "a8b222b1-059f-4971-8c17-085d43316b5c",
      "questionHead": "TOOLCALL2: UA1 the follow-up the model declines",
      "text": "TOOLCALL2: UA1 the follow-up the model declines",
      "carriedSubscriptionField": true,
      "subscriptionId": "fc5847f51ffa4b398a6593ea1bbec57a",
      "status": 409,
      "response": "{\"detail\":{\"code\":\"aside_unanswered\",\"message\":\"The model did not answer your aside in text — either a tool call, which is not available off the record, or nothing at all. No answer was produced: ask again.\"}}"
    },
    {
      "at": "2026-09-25T02:22:07.239Z",
      "url": "/v1/desktop/sessions/533d225a1663/asides",
      "asideId": "13a26f01-e07e-4369-8117-e6e0704f47d1",
      "continues": null,
      "questionHead": "UB1 the answered exchange to be closed",
      "text": "UB1 the answered exchange to be closed",
      "carriedSubscriptionField": true,
      "subscriptionId": "fc5847f51ffa4b398a6593ea1bbec57a",
      "status": 200,
      "response": "{\"status\":200,\"message\":\"Desktop session result.\",\"result\":{\"data\":{\"aside_id\":\"13a26f01-e07e-4369-8117-e6e0704f47d1\",\"text\":\"Transport failures and owner **5xx** responses, per provider, inside a moving window.\\n\\n- each transport failure spends one\\n- each owner 5xx spends one\\n- a retry that succeeds resets the window\\n\\nA **4xx** never spends it: the request was wrong, not the provider.\",\"off_record\":true},\"replayed\":false}}"
    },
    {
      "at": "2026-09-25T02:22:12.284Z",
      "url": "/v1/desktop/sessions/533d225a1663/asides",
      "asideId": "1c89235e-8fee-432c-903e-c479058a2d90",
      "continues": null,
      "questionHead": "UC1 the exchange adopted then closed",
      "text": "UC1 the exchange adopted then closed",
      "carriedSubscriptionField": true,
      "subscriptionId": "fc5847f51ffa4b398a6593ea1bbec57a",
      "status": 200,
      "response": "{\"status\":200,\"message\":\"Desktop session result.\",\"result\":{\"data\":{\"aside_id\":\"1c89235e-8fee-432c-903e-c479058a2d90\",\"text\":\"Transport failures and owner **5xx** responses, per provider, inside a moving window.\\n\\n- each transport failure spends one\\n- each owner 5xx spends one\\n- a retry that succeeds resets the window\\n\\nA **4xx** never spends it: the request was wrong, not the provider.\",\"off_record\":true},\"replayed\":false}}"
    },
    {
      "at": "2026-09-25T02:22:23.273Z",
      "url": "/v1/desktop/sessions/533d225a1663/asides",
      "asideId": "32a8c0f8-b431-4082-9201-eccb9f2f6ec3",
      "continues": null,
      "questionHead": "UD1 the exchange a reflex double-tap meets",
      "text": "UD1 the exchange a reflex double-tap meets",
      "carriedSubscriptionField": true,
      "subscriptionId": "17bb7f4da27548dc92f47d4d1503f58f",
      "status": 200,
      "response": "{\"status\":200,\"message\":\"Desktop session result.\",\"result\":{\"data\":{\"aside_id\":\"32a8c0f8-b431-4082-9201-eccb9f2f6ec3\",\"text\":\"Transport failures and owner **5xx** responses, per provider, inside a moving window.\\n\\n- each transport failure spends one\\n- each owner 5xx spends one\\n- a retry that succeeds resets the window\\n\\nA **4xx** never spends it: the request was wrong, not the provider.\",\"off_record\":true},\"replayed\":false}}"
    },
    {
      "at": "2026-09-25T02:22:29.199Z",
      "url": "/v1/desktop/sessions/533d225a1663/asides",
      "asideId": "0d9353f7-67b2-46c8-9a49-484eea5f3378",
      "continues": null,
      "questionHead": "UE1 the exchange a deliberate press meets",
      "text": "UE1 the exchange a deliberate press meets",
      "carriedSubscriptionField": true,
      "subscriptionId": "df5db26f9fe94da3aaf0042a8c5b146e",
      "status": 200,
      "response": "{\"status\":200,\"message\":\"Desktop session result.\",\"result\":{\"data\":{\"aside_id\":\"0d9353f7-67b2-46c8-9a49-484eea5f3378\",\"text\":\"Transport failures and owner **5xx** responses, per provider, inside a moving window.\\n\\n- each transport failure spends one\\n- each owner 5xx spends one\\n- a retry that succeeds resets the window\\n\\nA **4xx** never spends it: the request was wrong, not the provider.\",\"off_record\":true},\"replayed\":false}}"
    },
    {
      "at": "2026-09-25T02:22:35.821Z",
      "url": "/v1/desktop/sessions/533d225a1663/asides",
      "asideId": "ed570ed7-e288-4248-a30e-b094f13d7118",
      "continues": null,
      "questionHead": "TOOLCALL2: UF1 a fresh ask the model declines",
      "text": "TOOLCALL2: UF1 a fresh ask the model declines",
      "carriedSubscriptionField": true,
      "subscriptionId": "640edff0b8f9488caac81eec127dccbe",
      "status": 409,
      "response": "{\"detail\":{\"code\":\"aside_unanswered\",\"message\":\"The model did not answer your aside in text — either a tool call, which is not available off the record, or nothing at all. No answer was produced: ask again.\"}}"
    }
  ],
  "streams": [
    {
      "url": "/v1/desktop/events",
      "openedAt": "2026-09-25T02:21:38.838Z",
      "subscriptionId": "444a9f76840cb0e0",
      "asideDeltas": 0,
      "deltaSizes": []
    },
    {
      "url": "/v1/desktop/sessions/533d225a1663/events?frontend_replace=1",
      "openedAt": "2026-09-25T02:21:42.677Z",
      "subscriptionId": "fc5847f51ffa4b398a6593ea1bbec57a",
      "asideDeltas": 24,
      "deltaSizes": [
        29,
        33,
        25,
        36,
        28,
        43,
        27,
        40,
        29,
        33,
        25,
        36,
        28,
        43,
        27,
        40,
        29,
        33,
        25,
        36,
        28,
        43,
        27,
        40
      ]
    },
    {
      "url": "/v1/desktop/sessions/533d225a1663/events?frontend_replace=1",
      "openedAt": "2026-09-25T02:22:18.546Z",
      "subscriptionId": "f99134930e514ab38d4eaea97f18bbcb",
      "asideDeltas": 0,
      "deltaSizes": []
    },
    {
      "url": "/v1/desktop/sessions/533d225a1663/events?frontend_replace=1",
      "openedAt": "2026-09-25T02:22:22.409Z",
      "subscriptionId": "17bb7f4da27548dc92f47d4d1503f58f",
      "asideDeltas": 8,
      "deltaSizes": [
        29,
        33,
        25,
        36,
        28,
        43,
        27,
        40
      ]
    },
    {
      "url": "/v1/desktop/sessions/533d225a1663/events?frontend_replace=1",
      "openedAt": "2026-09-25T02:22:28.857Z",
      "subscriptionId": "df5db26f9fe94da3aaf0042a8c5b146e",
      "asideDeltas": 8,
      "deltaSizes": [
        29,
        33,
        25,
        36,
        28,
        43,
        27,
        40
      ]
    },
    {
      "url": "/v1/desktop/sessions/533d225a1663/events?frontend_replace=1",
      "openedAt": "2026-09-25T02:22:35.500Z",
      "subscriptionId": "640edff0b8f9488caac81eec127dccbe",
      "asideDeltas": 0,
      "deltaSizes": []
    }
  ],
  "asideDeltaFrames": 40,
  "deltasBySubscription": {
    "fc5847f51ffa4b398a6593ea1bbec57a": 24,
    "17bb7f4da27548dc92f47d4d1503f58f": 8,
    "df5db26f9fe94da3aaf0042a8c5b146e": 8
  },
  "deltasByAside": {
    "a8b222b1-059f-4971-8c17-085d43316b5c": 8,
    "13a26f01-e07e-4369-8117-e6e0704f47d1": 8,
    "1c89235e-8fee-432c-903e-c479058a2d90": 8,
    "32a8c0f8-b431-4082-9201-eccb9f2f6ec3": 8,
    "0d9353f7-67b2-46c8-9a49-484eea5f3378": 8
  },
  "refused422": 0,
  "messagePosts": [
    {
      "at": "2026-09-25T02:21:49.697Z",
      "url": "/v1/desktop/sessions/533d225a1663/messages",
      "kind": "message",
      "text": "ux4 seed turn",
      "images": 0,
      "held": 0,
      "status": 200,
      "response": "{\"status\":200,\"message\":\"Desktop session result.\",\"result\":{\"status\":\"admitted\",\"duplicate\":false,\"detail\":\"prompt admitted\",\"command_id\":\"89ce6944-7b78-49cb-a004-50920a89c647\",\"replayed\":false}}",
      "forwardedAt": "2026-09-25T02:21:49.697Z"
    }
  ],
  "asideOps": [
    {
      "at": "2026-09-25T02:22:06.908Z",
      "method": "DELETE",
      "url": "/v1/desktop/sessions/533d225a1663/asides/a8b222b1-059f-4971-8c17-085d43316b5c",
      "kind": "close",
      "probe": false,
      "status": 200,
      "response": "{\"status\":200,\"message\":\"Desktop session result.\",\"result\":{\"data\":{\"aside_id\":\"a8b222b1-059f-4971-8c17-085d43316b5c\",\"status\":\"closed\"},\"replayed\":false}}"
    },
    {
      "at": "2026-09-25T02:22:11.967Z",
      "method": "DELETE",
      "url": "/v1/desktop/sessions/533d225a1663/asides/13a26f01-e07e-4369-8117-e6e0704f47d1",
      "kind": "close",
      "probe": false,
      "status": 200,
      "response": "{\"status\":200,\"message\":\"Desktop session result.\",\"result\":{\"data\":{\"aside_id\":\"13a26f01-e07e-4369-8117-e6e0704f47d1\",\"status\":\"closed\"},\"replayed\":false}}"
    },
    {
      "at": "2026-09-25T02:22:18.513Z",
      "method": "POST",
      "url": "/v1/desktop/sessions/533d225a1663/asides/1c89235e-8fee-432c-903e-c479058a2d90/adopt",
      "kind": "adopt",
      "probe": false,
      "status": 200,
      "response": "{\"status\":200,\"message\":\"Desktop session result.\",\"result\":{\"data\":{\"aside_id\":\"1c89235e-8fee-432c-903e-c479058a2d90\",\"status\":\"adopted\"},\"replayed\":false}}"
    },
    {
      "at": "2026-09-25T02:22:28.814Z",
      "method": "POST",
      "url": "/v1/desktop/sessions/533d225a1663/asides/32a8c0f8-b431-4082-9201-eccb9f2f6ec3/adopt",
      "kind": "adopt",
      "probe": false,
      "status": 200,
      "response": "{\"status\":200,\"message\":\"Desktop session result.\",\"result\":{\"data\":{\"aside_id\":\"32a8c0f8-b431-4082-9201-eccb9f2f6ec3\",\"status\":\"adopted\"},\"replayed\":false}}"
    },
    {
      "at": "2026-09-25T02:22:35.454Z",
      "method": "POST",
      "url": "/v1/desktop/sessions/533d225a1663/asides/0d9353f7-67b2-46c8-9a49-484eea5f3378/adopt",
      "kind": "adopt",
      "probe": false,
      "status": 200,
      "response": "{\"status\":200,\"message\":\"Desktop session result.\",\"result\":{\"data\":{\"aside_id\":\"0d9353f7-67b2-46c8-9a49-484eea5f3378\",\"status\":\"adopted\"},\"replayed\":false}}"
    },
    {
      "at": "2026-09-25T02:22:41.467Z",
      "method": "DELETE",
      "url": "/v1/desktop/sessions/533d225a1663/asides/ed570ed7-e288-4248-a30e-b094f13d7118",
      "kind": "close",
      "probe": false,
      "status": 404,
      "response": "{\"detail\":\"This aside is no longer available\"}"
    }
  ]
}
--- end counters ---
