[build] current: assets 2026-10-01T00:18:01.858Z >= sources 2026-09-30T23:42:12.090Z
[note] abandoned scratch trees
        1 seen, 0 owned by a live pid (kept), 1 younger than 30m (kept), 0 removed
[note] csp for this run's backend
        already widened for http://127.0.0.1:8080
  serve records 1 linked from /Users/damian/.local-operator/sessions/b971f070ad2d/scratchpad/rig-0930/config/run/serve   (the app admits a daemon only while a record describes one, and a record is a heartbeat)
local-operator-ui renderer driver
  repo          /Users/damian/local-operator-ui-worktrees/settings-rail-color-0930-df1a
  scratch       /var/folders/qd/1q2xkcls0tg60vh97jjngxc40000gn/T/lo-renderer-driver-89299
  frames        /Users/damian/.local-operator/sessions/b971f070ad2d/scratchpad/rig-0930/frames-before-light
  app cwd       /var/folders/qd/1q2xkcls0tg60vh97jjngxc40000gn/T/lo-renderer-driver-89299/cwd   (scratch: the repo's .env is not read)
  backend url   http://127.0.0.1:8080   (--backend: a live isolated backend this run owns)
  electron      44.3.0   (/Users/damian/local-operator-ui-worktrees/settings-rail-color-0930-df1a/node_modules/.pnpm/electron@44.3.0/node_modules/electron/dist/Electron.app/Contents/MacOS/Electron)
  electron pin  44.3.0   (package.json optionalDependencies)
[PASS] the harness is driving the Electron this branch pins
[PASS] the scratch backend port is dead
[note] the app's default backend port (127.0.0.1:1111)
        a listener is up: this run's main process points elsewhere, and the check below proves the app holds no connection to the URL the RENDERER was built with
[note] verbs registered by the renderer
        ["hello","measure","navigate","openCanvasDocument","press","queries","queryFetches","setSidebarWidth","setTheme","state"]
[PASS] the armed launch said so on stdout
[PASS] the app's logs went to this run's scratch tree, not the operator's
[note] renderer's api base URL at hello, against --backend
        {"apiBaseUrl":"http://127.0.0.1:8080","backend":"http://127.0.0.1:8080"}
[PASS] the app holds a connection to this run's backend (http://127.0.0.1:8080)
[PASS] the app holds NO connection to the operator's own backend (http://localhost:1111)
[note] profile seeded
        onboarding-storage marks the modal complete, so the app is an existing user rather than a first-run one
[PASS] the app is in the palette this run photographs (localOperatorLight)
[PASS] the app is on /chat
[PASS] route-tops-chat-before-light draws the light palette its name claims
        DOM localOperatorLight #f2ede3; mean luma 237.7 vs 237.3 own / 32.1 other
[note] the top of /chat
        {"platform":"mac","mode":"integrated","viewport":{"width":1380,"height":900},"lane":{"top":0,"left":0,"width":1380,"height":32},"laneDisplay":"block","laneStops":[{"colour":"rgb(247, 245, 238)","stop":260},{"colour":"rgb(242, 237, 227)","stop":260},{"colour":"rgb(242, 237, 227)","stop":1380},{"colour":"rgb(254, 253, 250)","stop":1380}],"band":null,"bandDisplay":null,"sidebar":{"top":32,"left":0,"width":260,"height":868},"route":{"top":32,"left":260,"width":1120,"height":868},"routeTag":"div","leadingColumn":null,"leadingColumnGround":null,"leadingColumnRule":null,"registeredColumn":null,"registeredRule":null,"markerValue":null,"markerGround":null,"surfaceGround":"rgb(247, 245, 238)","elevatedGround":"rgb(254, 253, 250)","canvasGround":"rgb(242, 237, 227)","hairlineGround":"rgb(218, 213, 203)","settingsRail":null,"settingsContent":null}
[PASS] the app is on /settings
[PASS] route-tops-settings-before-light draws the light palette its name claims
        DOM localOperatorLight #f2ede3; mean luma 236.4 vs 237.3 own / 32.1 other
[note] the top of /settings
        {"platform":"mac","mode":"integrated","viewport":{"width":1380,"height":900},"lane":{"top":0,"left":0,"width":1380,"height":32},"laneDisplay":"block","laneStops":[{"colour":"rgb(247, 245, 238)","stop":260},{"colour":"rgb(254, 253, 250)","stop":260},{"colour":"rgb(254, 253, 250)","stop":480},{"colour":"rgb(242, 237, 227)","stop":480},{"colour":"rgb(242, 237, 227)","stop":1380},{"colour":"rgb(254, 253, 250)","stop":1380}],"band":{"top":0,"left":0,"width":0,"height":0},"bandDisplay":"none","sidebar":{"top":32,"left":0,"width":260,"height":868},"route":{"top":32,"left":260,"width":1120,"height":868},"routeTag":"div","leadingColumn":{"top":32,"left":260,"width":220,"height":868},"leadingColumnGround":"rgb(254, 253, 250)","leadingColumnRule":"0px","registeredColumn":{"top":32,"left":260,"width":220,"height":868},"registeredRule":"0px","markerValue":"elevated","markerGround":"rgb(254, 253, 250)","surfaceGround":"rgb(247, 245, 238)","elevatedGround":"rgb(254, 253, 250)","canvasGround":"rgb(242, 237, 227)","hairlineGround":"rgb(218, 213, 203)","settingsRail":{"top":32,"left":260,"width":220,"height":868},"settingsContent":{"top":32,"left":480,"width":900,"height":868}}
[PASS] the app is on /settings?section=integrations
[PASS] route-tops-settings-integrations-before-light draws the light palette its name claims
        DOM localOperatorLight #f2ede3; mean luma 236.6 vs 237.3 own / 32.1 other
[note] the top of /settings?section=integrations
        {"platform":"mac","mode":"integrated","viewport":{"width":1380,"height":900},"lane":{"top":0,"left":0,"width":1380,"height":32},"laneDisplay":"block","laneStops":[{"colour":"rgb(247, 245, 238)","stop":260},{"colour":"rgb(254, 253, 250)","stop":260},{"colour":"rgb(254, 253, 250)","stop":480},{"colour":"rgb(242, 237, 227)","stop":480},{"colour":"rgb(242, 237, 227)","stop":1380},{"colour":"rgb(254, 253, 250)","stop":1380}],"band":{"top":0,"left":0,"width":0,"height":0},"bandDisplay":"none","sidebar":{"top":32,"left":0,"width":260,"height":868},"route":{"top":32,"left":260,"width":1120,"height":868},"routeTag":"div","leadingColumn":{"top":32,"left":260,"width":220,"height":868},"leadingColumnGround":"rgb(254, 253, 250)","leadingColumnRule":"0px","registeredColumn":{"top":32,"left":260,"width":220,"height":868},"registeredRule":"0px","markerValue":"elevated","markerGround":"rgb(254, 253, 250)","surfaceGround":"rgb(247, 245, 238)","elevatedGround":"rgb(254, 253, 250)","canvasGround":"rgb(242, 237, 227)","hairlineGround":"rgb(218, 213, 203)","settingsRail":{"top":32,"left":260,"width":220,"height":868},"settingsContent":{"top":32,"left":480,"width":900,"height":868}}
[PASS] the app is on /agents
[PASS] route-tops-agents-before-light draws the light palette its name claims
        DOM localOperatorLight #f2ede3; mean luma 236.8 vs 237.3 own / 32.1 other
[note] the top of /agents
        {"platform":"mac","mode":"integrated","viewport":{"width":1380,"height":900},"lane":{"top":0,"left":0,"width":1380,"height":32},"laneDisplay":"block","laneStops":[{"colour":"rgb(247, 245, 238)","stop":548},{"colour":"rgb(242, 237, 227)","stop":548},{"colour":"rgb(242, 237, 227)","stop":1380},{"colour":"rgb(254, 253, 250)","stop":1380}],"band":{"top":0,"left":0,"width":0,"height":0},"bandDisplay":"none","sidebar":{"top":32,"left":0,"width":260,"height":868},"route":{"top":32,"left":260,"width":1120,"height":868},"routeTag":"div","leadingColumn":{"top":32,"left":260,"width":288,"height":868},"leadingColumnGround":"rgb(247, 245, 238)","leadingColumnRule":"0px","registeredColumn":{"top":32,"left":260,"width":288,"height":868},"registeredRule":"0px","markerValue":"surface","markerGround":"rgb(247, 245, 238)","surfaceGround":"rgb(247, 245, 238)","elevatedGround":"rgb(254, 253, 250)","canvasGround":"rgb(242, 237, 227)","hairlineGround":"rgb(218, 213, 203)","settingsRail":null,"settingsContent":null}
[PASS] the app is on /agents/local-operator
[PASS] route-tops-agents-detail-before-light draws the light palette its name claims
        DOM localOperatorLight #f2ede3; mean luma 238.0 vs 237.3 own / 32.1 other
[note] the top of /agents/local-operator
        {"platform":"mac","mode":"integrated","viewport":{"width":1380,"height":900},"lane":{"top":0,"left":0,"width":1380,"height":32},"laneDisplay":"block","laneStops":[{"colour":"rgb(247, 245, 238)","stop":540},{"colour":"rgb(242, 237, 227)","stop":540},{"colour":"rgb(242, 237, 227)","stop":1380},{"colour":"rgb(254, 253, 250)","stop":1380}],"band":{"top":0,"left":0,"width":0,"height":0},"bandDisplay":"none","sidebar":{"top":32,"left":0,"width":260,"height":868},"route":{"top":32,"left":260,"width":1120,"height":868},"routeTag":"div","leadingColumn":{"top":32,"left":260,"width":280,"height":868},"leadingColumnGround":"rgb(247, 245, 238)","leadingColumnRule":"0px","registeredColumn":{"top":32,"left":260,"width":280,"height":868},"registeredRule":"0px","markerValue":"surface","markerGround":"rgb(247, 245, 238)","surfaceGround":"rgb(247, 245, 238)","elevatedGround":"rgb(254, 253, 250)","canvasGround":"rgb(242, 237, 227)","hairlineGround":"rgb(218, 213, 203)","settingsRail":null,"settingsContent":null}
[PASS] the app is on /agent-hub
[PASS] route-tops-agent-hub-before-light draws the light palette its name claims
        DOM localOperatorLight #f2ede3; mean luma 237.3 vs 237.3 own / 32.1 other
[note] the top of /agent-hub
        {"platform":"mac","mode":"integrated","viewport":{"width":1380,"height":900},"lane":{"top":0,"left":0,"width":1380,"height":32},"laneDisplay":"block","laneStops":[{"colour":"rgb(247, 245, 238)","stop":260},{"colour":"rgb(242, 237, 227)","stop":260},{"colour":"rgb(242, 237, 227)","stop":1380},{"colour":"rgb(254, 253, 250)","stop":1380}],"band":{"top":0,"left":0,"width":0,"height":0},"bandDisplay":"none","sidebar":{"top":32,"left":0,"width":260,"height":868},"route":{"top":32,"left":260,"width":1120,"height":868},"routeTag":"div","leadingColumn":null,"leadingColumnGround":null,"leadingColumnRule":null,"registeredColumn":null,"registeredRule":null,"markerValue":null,"markerGround":null,"surfaceGround":"rgb(247, 245, 238)","elevatedGround":"rgb(254, 253, 250)","canvasGround":"rgb(242, 237, 227)","hairlineGround":"rgb(218, 213, 203)","settingsRail":null,"settingsContent":null}
[PASS] the app is on /schedules
[PASS] route-tops-schedules-before-light draws the light palette its name claims
        DOM localOperatorLight #f2ede3; mean luma 240.1 vs 237.3 own / 32.1 other
[note] the top of /schedules
        {"platform":"mac","mode":"integrated","viewport":{"width":1380,"height":900},"lane":{"top":0,"left":0,"width":1380,"height":32},"laneDisplay":"block","laneStops":[{"colour":"rgb(247, 245, 238)","stop":260},{"colour":"rgb(242, 237, 227)","stop":260},{"colour":"rgb(242, 237, 227)","stop":1380},{"colour":"rgb(254, 253, 250)","stop":1380}],"band":{"top":0,"left":0,"width":0,"height":0},"bandDisplay":"none","sidebar":{"top":32,"left":0,"width":260,"height":868},"route":{"top":32,"left":260,"width":1120,"height":868},"routeTag":"div","leadingColumn":null,"leadingColumnGround":null,"leadingColumnRule":null,"registeredColumn":null,"registeredRule":null,"markerValue":null,"markerGround":null,"surfaceGround":"rgb(247, 245, 238)","elevatedGround":"rgb(254, 253, 250)","canvasGround":"rgb(242, 237, 227)","hairlineGround":"rgb(218, 213, 203)","settingsRail":null,"settingsContent":null}
[PASS] the app is on /projects
[PASS] route-tops-projects-before-light draws the light palette its name claims
        DOM localOperatorLight #f2ede3; mean luma 236.5 vs 237.3 own / 32.1 other
[note] the top of /projects
        {"platform":"mac","mode":"integrated","viewport":{"width":1380,"height":900},"lane":{"top":0,"left":0,"width":1380,"height":32},"laneDisplay":"block","laneStops":[{"colour":"rgb(247, 245, 238)","stop":260},{"colour":"rgb(242, 237, 227)","stop":260},{"colour":"rgb(242, 237, 227)","stop":1380},{"colour":"rgb(254, 253, 250)","stop":1380}],"band":{"top":0,"left":0,"width":0,"height":0},"bandDisplay":"none","sidebar":{"top":32,"left":0,"width":260,"height":868},"route":{"top":32,"left":260,"width":1120,"height":868},"routeTag":"div","leadingColumn":null,"leadingColumnGround":null,"leadingColumnRule":null,"registeredColumn":null,"registeredRule":null,"markerValue":null,"markerGround":null,"surfaceGround":"rgb(247, 245, 238)","elevatedGround":"rgb(254, 253, 250)","canvasGround":"rgb(242, 237, 227)","hairlineGround":"rgb(218, 213, 203)","settingsRail":null,"settingsContent":null}
[PASS] the app is on /browser
[PASS] route-tops-browser-before-light draws the light palette its name claims
        DOM localOperatorLight #f2ede3; mean luma 248.6 vs 237.3 own / 32.1 other
[note] the top of /browser
        {"platform":"mac","mode":"integrated","viewport":{"width":1380,"height":900},"lane":{"top":0,"left":0,"width":1380,"height":32},"laneDisplay":"block","laneStops":[{"colour":"rgb(247, 245, 238)","stop":260},{"colour":"rgb(242, 237, 227)","stop":260},{"colour":"rgb(242, 237, 227)","stop":1380},{"colour":"rgb(254, 253, 250)","stop":1380}],"band":null,"bandDisplay":null,"sidebar":{"top":32,"left":0,"width":260,"height":868},"route":{"top":32,"left":260,"width":1120,"height":868},"routeTag":"div","leadingColumn":null,"leadingColumnGround":null,"leadingColumnRule":null,"registeredColumn":null,"registeredRule":null,"markerValue":null,"markerGround":null,"surfaceGround":"rgb(247, 245, 238)","elevatedGround":"rgb(254, 253, 250)","canvasGround":"rgb(242, 237, 227)","hairlineGround":"rgb(218, 213, 203)","settingsRail":null,"settingsContent":null}
[PASS] /chat: the route's own first box starts on the lane's bottom edge (32px)
        route y 32, sidebar y 32, settings rail y (none), settings content y (none)
[PASS] /settings: the route's own first box starts on the lane's bottom edge (32px)
        route y 32, sidebar y 32, settings rail y 32, settings content y 32
[PASS] /settings?section=integrations: the route's own first box starts on the lane's bottom edge (32px)
        route y 32, sidebar y 32, settings rail y 32, settings content y 32
[PASS] /agents: the route's own first box starts on the lane's bottom edge (32px)
        route y 32, sidebar y 32, settings rail y (none), settings content y (none)
[PASS] /agents/local-operator: the route's own first box starts on the lane's bottom edge (32px)
        route y 32, sidebar y 32, settings rail y (none), settings content y (none)
[PASS] /agent-hub: the route's own first box starts on the lane's bottom edge (32px)
        route y 32, sidebar y 32, settings rail y (none), settings content y (none)
[PASS] /schedules: the route's own first box starts on the lane's bottom edge (32px)
        route y 32, sidebar y 32, settings rail y (none), settings content y (none)
[PASS] /projects: the route's own first box starts on the lane's bottom edge (32px)
        route y 32, sidebar y 32, settings rail y (none), settings content y (none)
[PASS] /browser: the route's own first box starts on the lane's bottom edge (32px)
        route y 32, sidebar y 32, settings rail y (none), settings content y (none)
[PASS] /chat: no rule is painted in the lane
[PASS] /chat: with no leading column the surface band stops at the app sidebar's own edge (260px from the lane's left)
[PASS] /settings: no rule is painted in the lane
[PASS] /settings: the route's leading column is handed to the shell
[PASS] /settings: the shell is handed the rung the column is painted in
[PASS] /settings: neither the column nor its hand-over draws a right rule
[PASS] /settings: the lane carries the column's own ground across its width
[PASS] /settings: the lane's canvas resumes at the column's right edge (480px)
[PASS] /settings: the surface band still starts at the app sidebar's own edge (260px from the lane's left)
[PASS] /settings?section=integrations: no rule is painted in the lane
[PASS] /settings?section=integrations: the route's leading column is handed to the shell
[PASS] /settings?section=integrations: the shell is handed the rung the column is painted in
[PASS] /settings?section=integrations: neither the column nor its hand-over draws a right rule
[PASS] /settings?section=integrations: the lane carries the column's own ground across its width
[PASS] /settings?section=integrations: the lane's canvas resumes at the column's right edge (480px)
[PASS] /settings?section=integrations: the surface band still starts at the app sidebar's own edge (260px from the lane's left)
[PASS] /agents: no rule is painted in the lane
[PASS] /agents: the route's leading column is handed to the shell
[PASS] /agents: the shell is handed the rung the column is painted in
[PASS] /agents: neither the column nor its hand-over draws a right rule
[PASS] /agents: the lane carries the column's own ground across its width
[PASS] /agents: the lane's canvas resumes at the column's right edge (548px)
[PASS] /agents: the surface band still starts at the app sidebar's own edge (260px from the lane's left)
[PASS] /agents/local-operator: no rule is painted in the lane
[PASS] /agents/local-operator: the route's leading column is handed to the shell
[PASS] /agents/local-operator: the shell is handed the rung the column is painted in
[PASS] /agents/local-operator: neither the column nor its hand-over draws a right rule
[PASS] /agents/local-operator: the lane carries the column's own ground across its width
[PASS] /agents/local-operator: the lane's canvas resumes at the column's right edge (540px)
[PASS] /agents/local-operator: the surface band still starts at the app sidebar's own edge (260px from the lane's left)
[PASS] /agent-hub: no rule is painted in the lane
[PASS] /agent-hub: with no leading column the surface band stops at the app sidebar's own edge (260px from the lane's left)
[PASS] /schedules: no rule is painted in the lane
[PASS] /schedules: with no leading column the surface band stops at the app sidebar's own edge (260px from the lane's left)
[PASS] /projects: no rule is painted in the lane
[PASS] /projects: with no leading column the surface band stops at the app sidebar's own edge (260px from the lane's left)
[PASS] /browser: no rule is painted in the lane
[PASS] /browser: with no leading column the surface band stops at the app sidebar's own edge (260px from the lane's left)
[PASS] /chat: the app sidebar still starts on the lane's bottom edge (32px)
[PASS] /settings: the app sidebar still starts on the lane's bottom edge (32px)
[PASS] /settings?section=integrations: the app sidebar still starts on the lane's bottom edge (32px)
[PASS] /agents: the app sidebar still starts on the lane's bottom edge (32px)
[PASS] /agents/local-operator: the app sidebar still starts on the lane's bottom edge (32px)
[PASS] /agent-hub: the app sidebar still starts on the lane's bottom edge (32px)
[PASS] /schedules: the app sidebar still starts on the lane's bottom edge (32px)
[PASS] /projects: the app sidebar still starts on the lane's bottom edge (32px)
[PASS] /browser: the app sidebar still starts on the lane's bottom edge (32px)
[PASS] every capture is a frame the app held still for, with no toast on it
[PASS] every capture wrote a PNG of the window's own size
[PASS] no process from this run outlived its boot

frames: route-tops-agent-hub-before-light.png, route-tops-agents-before-light.png, route-tops-agents-detail-before-light.png, route-tops-browser-before-light.png, route-tops-chat-before-light.png, route-tops-projects-before-light.png, route-tops-schedules-before-light.png, route-tops-settings-before-light.png, route-tops-settings-integrations-before-light.png
frames directory: /Users/damian/.local-operator/sessions/b971f070ad2d/scratchpad/rig-0930/frames-before-light
app log: /var/folders/qd/1q2xkcls0tg60vh97jjngxc40000gn/T/lo-renderer-driver-89299/app-scene.log
scratch kept: /var/folders/qd/1q2xkcls0tg60vh97jjngxc40000gn/T/lo-renderer-driver-89299 (the frames are also in --out)

ALL CHECKS PASSED
