port8080.lock taken
rig up: proxy 96263 on 8080 -> daemon 95079 on 56772, stub 56744; 1111 untouched
== r7479 (r3-479) at 06:29:41 ==
[build] current: assets 2026-09-25T05:38:32.424Z >= sources 2026-09-25T05:30:45.985Z
[note] csp for this run's backend
        already widened for http://127.0.0.1:8080
  serve records 1 linked from /Users/damian/qa482r7/rig/run-r7479/records   (the app admits a daemon only while a record describes one, and a record is a heartbeat)
local-operator-ui renderer driver
  repo          /Users/damian/local-operator-ui-worktrees/qa-482-r7
  scratch       /Users/damian/qa482r7/rig/tmp/lo-renderer-driver-96316
  frames        /Users/damian/qa482r7/rig/frames/r7479
  app cwd       /Users/damian/qa482r7/rig/tmp/lo-renderer-driver-96316/cwd   (scratch: the repo's .env is not read)
  backend url   http://127.0.0.1:8080   (--backend: a live isolated backend this run owns)
  electron      44.3.0   (/Users/damian/local-operator-ui/node_modules/.pnpm/electron@44.3.0/node_modules/electron/dist/Electron.app/Contents/MacOS/Electron)
  electron pin  44.3.0   (package.json optionalDependencies)
[PASS] the harness is driving the Electron this branch pins
[PASS] the scratch backend port is dead
[note] the app's default backend port (127.0.0.1:1111)
        a listener is up: this run's main process points elsewhere, and the check below proves the app holds no connection to the URL the RENDERER was built with
[note] verbs registered by the renderer
        ["hello","measure","navigate","openCanvasDocument","press","queries","queryFetches","setSidebarWidth","setTheme","state"]
[PASS] the armed launch said so on stdout
[PASS] the app's logs went to this run's scratch tree, not the operator's
[note] renderer's api base URL at hello, against --backend
        {"apiBaseUrl":"http://127.0.0.1:8080","backend":"http://127.0.0.1:8080"}
[PASS] the app holds a connection to this run's backend (http://127.0.0.1:8080)
[PASS] the app holds NO connection to the operator's own backend (http://localhost:1111)
[note] profile seeded
        onboarding-storage marks the modal complete, so the app is an existing user rather than a first-run one
[PASS] window mode is headless and the window is never shown
        mode=headless visible=false
[PASS] the composer is on screen before anything is typed
[note] the session's owner
        warm (snapshot.cold = false)
[note] 479 session
        6404b67a5d5b
[note] seed turns
        3
[note] aside used and closed before the probe
        [200]
[note] 479 run 1 staged at the press
        {"replies":1,"attachments":1}
[note] 479 run 1 (quote+file) frames [t, value, replies, attachments, echo, placeholder]
        [[0,40,1,1,0,"Ask me for help"],[8,40,1,1,0,"Sending your message"],[19,0,0,0,1,"Sending your message"],[1499,0,0,0,1,"Sending your message"],[1508,0,0,0,1,"Sending your message"]]
[note] 479 run 1 (quote+file) mutations [t, value, replies, attachments, echo]
        [[4,40,1,1,0],[13,40,0,0,0],[18,0,0,0,1]]
[note] 479 run 1 GAP chips-left -> text-left (mutation ms)
        5
[PASS] 479 run 1 (quote+file): no painted frame shows the text without its chips (or the reverse)
        {"split":[]}
[PASS] 479: the empty box says 'Sending your message' while held
        {"placeholder":"Sending your message"}
[note] 479 run 2 staged at the press
        {"replies":1,"attachments":1}
[note] 479 run 2 (quote+file) frames [t, value, replies, attachments, echo, placeholder]
        [[0,40,1,1,0,"Ask me for help"],[21,40,1,1,0,"Ask me for help"],[29,40,1,1,0,"Ask me for help"],[38,40,1,1,0,"Sending your message"],[47,0,0,0,1,"Sending your message"],[1495,0,0,0,1,"Sending your message"],[1505,0,0,0,1,"Sending your message"]]
[note] 479 run 2 (quote+file) mutations [t, value, replies, attachments, echo]
        [[32,40,1,1,0],[42,40,0,0,0],[46,0,0,0,1]]
[note] 479 run 2 GAP chips-left -> text-left (mutation ms)
        4
[PASS] 479 run 2 (quote+file): no painted frame shows the text without its chips (or the reverse)
        {"split":[]}
[note] 479 run 3 staged at the press
        {"replies":1,"attachments":1}
[note] 479 run 3 (quote+file) frames [t, value, replies, attachments, echo, placeholder]
        [[0,40,1,1,0,"Ask me for help"],[12,40,1,1,0,"Ask me for help"],[21,40,1,1,0,"Ask me for help"],[32,40,1,1,0,"Sending your message"],[39,0,0,0,1,"Sending your message"],[1495,0,0,0,1,"Sending your message"],[1504,0,0,0,1,"Sending your message"]]
[note] 479 run 3 (quote+file) mutations [t, value, replies, attachments, echo]
        [[29,40,1,1,0],[35,40,0,0,0],[39,0,0,0,1]]
[note] 479 run 3 GAP chips-left -> text-left (mutation ms)
        4
[PASS] 479 run 3 (quote+file): no painted frame shows the text without its chips (or the reverse)
        {"split":[]}
[note] 479 run 4 staged at the press
        {"replies":1,"attachments":0}
[note] 479 run 4 (quote only) frames [t, value, replies, attachments, echo, placeholder]
        [[0,40,1,0,0,"Ask me for help"],[0,40,1,0,0,"Ask me for help"],[9,0,0,0,1,"Sending your message"],[1492,0,0,0,1,"Sending your message"],[1500,0,0,0,1,"Sending your message"]]
[note] 479 run 4 (quote only) mutations [t, value, replies, attachments, echo]
        [[3,40,1,0,0],[9,0,0,0,1]]
[note] 479 run 4 GAP chips-left -> text-left (mutation ms)
        0
[PASS] 479 run 4 (quote only): no painted frame shows the text without its chips (or the reverse)
        {"split":[]}
[note] 479 run 5 staged at the press
        {"replies":0,"attachments":1}
[note] 479 run 5 (file only) frames [t, value, replies, attachments, echo, placeholder]
        [[0,39,0,1,0,"Ask me for help"],[14,39,0,1,0,"Sending your message"],[22,39,0,0,0,"Sending your message"],[30,0,0,0,1,"Sending your message"],[1497,0,0,0,1,"Sending your message"],[1507,0,0,0,1,"Sending your message"]]
[note] 479 run 5 (file only) mutations [t, value, replies, attachments, echo]
        [[4,39,0,1,0],[19,39,0,0,0],[27,0,0,0,1]]
[note] 479 run 5 GAP chips-left -> text-left (mutation ms)
        8
[FAIL] 479 run 5 (file only): no painted frame shows the text without its chips (or the reverse)
        {"split":[[22,39,0,0,0,"Sending your message"]]}

---- app log (tail) ----
02:29:44.587 › [discovery] candidate http://127.0.0.1:8080 pid 95079 v0.62.32 prefix /Users/damian/local-operator-worktrees/qa482-r7/.venv (configured URL)
02:29:44.588 › [discovery] picked http://127.0.0.1:8080 (pid 95079, v0.62.32, configured)
02:29:44.665 › Attached to daemon http://127.0.0.1:8080 (pid 95079, v0.62.32, editable, record /Users/damian/qa482r7/rig/tmp/lo-renderer-driver-96316/config/run/serve/95079.json)
02:29:44.667 › Discovered a daemon; the backend manager is configured not to spawn or kill one.
02:29:44.751 › Update service initialized. Dev mode: true, NPX install: false
02:29:44.752 › Unpackaged instance: no packaged install state to leave alone.
02:29:44.753 › Periodic update checks scheduled (every 5 minutes)
02:29:44.753 › macOS auto-update requires app signing
02:29:44.754 › [webauthn] Touch ID passkeys are off: unpackaged — an unpackaged run has no signature to carry the entitlement, so there is no group to configure
02:29:44.763 › [browser] denied a media permission request from (unknown origin)
02:29:44.763 › [browser] denied a media permission request from (unknown origin)
02:29:44.763 › [browser] denied a web-app-installation permission request from (unknown origin)
02:29:44.763 › [browser] denied a geolocation permission request from (unknown origin)
02:29:45.796 › Checking for UI updates...
02:29:45.797 › Skip checkForUpdates because application is not packed and dev update config is not forced
Error occurred in handler for 'browser-state': Error: No handler registered for 'browser-state'
    at Session.<anonymous> (node:electron/js2c/browser_init:2:123930)
    at Session.emit (node:events:514:28)
Error occurred in handler for 'console-state': Error: No handler registered for 'console-state'
    at Session.<anonymous> (node:electron/js2c/browser_init:2:123930)
    at Session.emit (node:events:514:28)
Error occurred in handler for 'browser-webauthn-pending': Error: No handler registered for 'browser-webauthn-pending'
    at Session.<anonymous> (node:electron/js2c/browser_init:2:123930)
    at Session.emit (node:events:514:28)
02:29:46.301 › [browser] denied a media permission request from (unknown origin)
02:29:46.302 › [browser] denied a media permission request from (unknown origin)
02:29:46.302 › [browser] denied a web-app-installation permission request from (unknown origin)
02:29:46.302 › [browser] denied a geolocation permission request from (unknown origin)
02:29:46.306 › [console] host ready on the existing endpoint: 0 surface(s) (node-pty ready)
02:29:46.307 › [browser] host on 127.0.0.1:56952 (proto 1), profile /Users/damian/qa482r7/rig/tmp/lo-renderer-driver-96316/userdata-scene/Partitions/local-operator-browser, agent tabs 0/8, console on (0 surface(s))
02:29:46.634 › Checking for UI updates...
02:29:46.634 › Skip checkForUpdates because application is not packed and dev update config is not forced
[window-mode] state: visible=false focused=false focusable=false size=800x900 content=800x868
02:29:47.329 › [browser] tab 1 navigated to about:blank
02:29:47.759 › Checking for updates... (silent mode: true)
02:29:47.760 › Skip checkForUpdates because application is not packed and dev update config is not forced
02:29:47.760 › Checking for backend updates... (silent mode: true)
02:29:47.760 › Skip backend update check in dev mode unless forced
02:29:59.755 › The pre-split environment at /Users/damian/Library/Application Support/Local Operator/local-operator-venv is built on the interpreter inside /Applications/Local Operator.app; it is left exactly as it is, and this instance does not use it.

[PASS] no process from this run outlived its boot

frames: qa3-r7479-479-in-flight.png
frames directory: /Users/damian/qa482r7/rig/frames/r7479
app log: /Users/damian/qa482r7/rig/tmp/lo-renderer-driver-96316/app-scene.log
scratch removed (--clean)

1 CHECK(S) FAILED
== r7479 driver exit: 1 ==
total 520
drwxr-xr-x@  3 damian  staff      96 Sep 25 02:30 .
drwxr-xr-x@ 12 damian  staff     384 Sep 25 02:29 ..
-rw-r--r--@  1 damian  staff  263860 Sep 25 02:30 qa3-r7479-479-in-flight.png
8080 released before this command returned
port8080.lock released
--- proxy counters (/Users/damian/qa482r7/rig/run-r7479/proxy-stats.json) ---
{
  "oldDaemon": false,
  "asidePosts": [
    {
      "at": "2026-09-25T06:30:17.131Z",
      "url": "/v1/desktop/sessions/6404b67a5d5b/asides",
      "asideId": "8db33943-707f-4e43-8594-19a1a751d21f",
      "continues": null,
      "questionHead": "an aside before the probe",
      "text": "an aside before the probe",
      "carriedSubscriptionField": true,
      "subscriptionId": "3da0079c532e48679465efee7513fae4",
      "status": 200,
      "response": "{\"status\":200,\"message\":\"Desktop session result.\",\"result\":{\"data\":{\"aside_id\":\"8db33943-707f-4e43-8594-19a1a751d21f\",\"text\":\"Transport failures and owner **5xx** responses, per provider, inside a moving window.\\n\\n- each transport failure spends one\\n- each owner 5xx spends one\\n- a retry that succeeds resets the window\\n\\nA **4xx** never spends it: the request was wrong, not the provider.\",\"off_record\":true},\"replayed\":false}}"
    }
  ],
  "streams": [
    {
      "url": "/v1/desktop/events",
      "openedAt": "2026-09-25T06:29:44.917Z",
      "subscriptionId": "f814999819022059",
      "asideDeltas": 0,
      "deltaSizes": []
    },
    {
      "url": "/v1/desktop/sessions/6404b67a5d5b/events?frontend_replace=1",
      "openedAt": "2026-09-25T06:29:49.770Z",
      "subscriptionId": "3da0079c532e48679465efee7513fae4",
      "asideDeltas": 8,
      "deltaSizes": [
        29,
        33,
        25,
        36,
        28,
        43,
        27,
        40
      ]
    }
  ],
  "asideDeltaFrames": 8,
  "deltasBySubscription": {
    "3da0079c532e48679465efee7513fae4": 8
  },
  "deltasByAside": {
    "8db33943-707f-4e43-8594-19a1a751d21f": 8
  },
  "refused422": 0,
  "messagePosts": [
    {
      "at": "2026-09-25T06:29:58.409Z",
      "url": "/v1/desktop/sessions/6404b67a5d5b/messages",
      "kind": "message",
      "text": "seed turn for quoting",
      "images": 0,
      "held": 0,
      "status": 200,
      "response": "{\"status\":200,\"message\":\"Desktop session result.\",\"result\":{\"status\":\"admitted\",\"duplicate\":false,\"detail\":\"prompt admitted\",\"command_id\":\"fc5e2317-c647-4327-bd6b-7e579e662047\",\"replayed\":false}}",
      "forwardedAt": "2026-09-25T06:29:58.409Z"
    },
    {
      "at": "2026-09-25T06:30:04.882Z",
      "url": "/v1/desktop/sessions/6404b67a5d5b/messages",
      "kind": "message",
      "text": "extra seed turn 0",
      "images": 0,
      "held": 0,
      "status": 200,
      "response": "{\"status\":200,\"message\":\"Desktop session result.\",\"result\":{\"status\":\"admitted\",\"duplicate\":false,\"detail\":\"prompt admitted\",\"command_id\":\"749f235c-eebf-4305-811f-6151e96b7a38\",\"replayed\":false}}",
      "forwardedAt": "2026-09-25T06:30:04.887Z"
    },
    {
      "at": "2026-09-25T06:30:10.946Z",
      "url": "/v1/desktop/sessions/6404b67a5d5b/messages",
      "kind": "message",
      "text": "extra seed turn 1",
      "images": 0,
      "held": 0,
      "status": 200,
      "response": "{\"status\":200,\"message\":\"Desktop session result.\",\"result\":{\"status\":\"admitted\",\"duplicate\":false,\"detail\":\"prompt admitted\",\"command_id\":\"101aae6f-b0c0-448c-85ba-e83d8e41f08a\",\"replayed\":false}}",
      "forwardedAt": "2026-09-25T06:30:10.946Z"
    },
    {
      "at": "2026-09-25T06:30:23.905Z",
      "url": "/v1/desktop/sessions/6404b67a5d5b/messages",
      "kind": "message",
      "text": "<reply-to>Transport failures and owner</reply-to>\nHOLDSEND one-moment probe 1 (quote+file)",
      "images": 1,
      "held": 10000,
      "status": 200,
      "response": "{\"status\":200,\"message\":\"Desktop session result.\",\"result\":{\"status\":\"admitted\",\"duplicate\":false,\"detail\":\"prompt admitted\",\"command_id\":\"04f9cfeb-3662-4893-8e1c-8c856a5af4ca\",\"replayed\":false}}",
      "forwardedAt": "2026-09-25T06:30:33.907Z"
    },
    {
      "at": "2026-09-25T06:30:42.460Z",
      "url": "/v1/desktop/sessions/6404b67a5d5b/messages",
      "kind": "message",
      "text": "<reply-to>Transport failures and owner</reply-to>\nHOLDSEND one-moment probe 2 (quote+file)",
      "images": 1,
      "held": 10000,
      "status": 200,
      "response": "{\"status\":200,\"message\":\"Desktop session result.\",\"result\":{\"status\":\"admitted\",\"duplicate\":false,\"detail\":\"prompt admitted\",\"command_id\":\"6e000194-c15e-4a0a-8331-eee8ed37d823\",\"replayed\":false}}",
      "forwardedAt": "2026-09-25T06:30:52.462Z"
    },
    {
      "at": "2026-09-25T06:31:00.037Z",
      "url": "/v1/desktop/sessions/6404b67a5d5b/messages",
      "kind": "message",
      "text": "<reply-to>Transport failures and owner</reply-to>\nHOLDSEND one-moment probe 3 (quote+file)",
      "images": 1,
      "held": 10000,
      "status": 200,
      "response": "{\"status\":200,\"message\":\"Desktop session result.\",\"result\":{\"status\":\"admitted\",\"duplicate\":false,\"detail\":\"prompt admitted\",\"command_id\":\"de2b2b48-f32b-4005-920b-553bc100edb0\",\"replayed\":false}}",
      "forwardedAt": "2026-09-25T06:31:10.042Z"
    },
    {
      "at": "2026-09-25T06:31:17.903Z",
      "url": "/v1/desktop/sessions/6404b67a5d5b/messages",
      "kind": "message",
      "text": "<reply-to>Transport failures and owner</reply-to>\nHOLDSEND one-moment probe 4 (quote only)",
      "images": 0,
      "held": 10000,
      "status": 200,
      "response": "{\"status\":200,\"message\":\"Desktop session result.\",\"result\":{\"status\":\"admitted\",\"duplicate\":false,\"detail\":\"prompt admitted\",\"command_id\":\"70b62632-21ea-4688-ab4c-ed5609b45642\",\"replayed\":false}}",
      "forwardedAt": "2026-09-25T06:31:27.912Z"
    },
    {
      "at": "2026-09-25T06:31:35.659Z",
      "url": "/v1/desktop/sessions/6404b67a5d5b/messages",
      "kind": "message",
      "text": "HOLDSEND one-moment probe 5 (file only)",
      "images": 1,
      "held": 10000,
      "status": 200,
      "response": "{\"status\":200,\"message\":\"Desktop session result.\",\"result\":{\"status\":\"admitted\",\"duplicate\":false,\"detail\":\"prompt admitted\",\"command_id\":\"dc120964-b105-4327-99d8-a07629a73ba4\",\"replayed\":false}}",
      "forwardedAt": "2026-09-25T06:31:45.662Z"
    }
  ],
  "asideOps": [
    {
      "at": "2026-09-25T06:30:22.914Z",
      "method": "DELETE",
      "url": "/v1/desktop/sessions/6404b67a5d5b/asides/8db33943-707f-4e43-8594-19a1a751d21f",
      "kind": "close",
      "probe": false,
      "status": 200,
      "response": "{\"status\":200,\"message\":\"Desktop session result.\",\"result\":{\"data\":{\"aside_id\":\"8db33943-707f-4e43-8594-19a1a751d21f\",\"status\":\"closed\"},\"replayed\":false}}"
    }
  ]
}
--- end counters ---
