port8080.lock taken
rig up: proxy 2346 on 8080 -> daemon 99616 on 52902, stub 52795; 1111 untouched
== r7clipnarrow2 (btw-r5-clip) at 05:46:44 ==
[build] current: assets 2026-09-25T05:38:32.424Z >= sources 2026-09-25T05:30:45.985Z
[note] csp for this run's backend
        already widened for http://127.0.0.1:8080
  serve records 1 linked from /Users/damian/qa482r7/rig/run-r7clipnarrow2/records   (the app admits a daemon only while a record describes one, and a record is a heartbeat)
local-operator-ui renderer driver
  repo          /Users/damian/local-operator-ui-worktrees/qa-482-r7
  scratch       /Users/damian/qa482r7/rig/tmp/lo-renderer-driver-2537
  frames        /Users/damian/qa482r7/rig/frames/r7clipnarrow2
  app cwd       /Users/damian/qa482r7/rig/tmp/lo-renderer-driver-2537/cwd   (scratch: the repo's .env is not read)
  backend url   http://127.0.0.1:8080   (--backend: a live isolated backend this run owns)
  electron      44.3.0   (/Users/damian/local-operator-ui/node_modules/.pnpm/electron@44.3.0/node_modules/electron/dist/Electron.app/Contents/MacOS/Electron)
  electron pin  44.3.0   (package.json optionalDependencies)
[PASS] the harness is driving the Electron this branch pins
[PASS] the scratch backend port is dead
[note] the app's default backend port (127.0.0.1:1111)
        a listener is up: this run's main process points elsewhere, and the check below proves the app holds no connection to the URL the RENDERER was built with
[note] verbs registered by the renderer
        ["hello","measure","navigate","openCanvasDocument","press","queries","queryFetches","setSidebarWidth","setTheme","state"]
[PASS] the armed launch said so on stdout
[PASS] the app's logs went to this run's scratch tree, not the operator's
[note] renderer's api base URL at hello, against --backend
        {"apiBaseUrl":"http://127.0.0.1:8080","backend":"http://127.0.0.1:8080"}
[PASS] the app holds a connection to this run's backend (http://127.0.0.1:8080)
[PASS] the app holds NO connection to the operator's own backend (http://localhost:1111)
[note] profile seeded
        onboarding-storage marks the modal complete, so the app is an existing user rather than a first-run one
[PASS] window mode is headless and the window is never shown
        mode=headless visible=false focused=false
[PASS] the composer is on screen before anything is typed
[note] the session's owner
        warm (snapshot.cold = false)
[note] R5 clip session
        7a50e0957ea2
[note] Q35a unanswered (tool call twice) samples [ms, scrollTop, maxScroll, target, state, hiddenBelowPx]
        [[42,104.5,105,293.1,"thinking",null],[6249,221.5,222,293.1,"alert",0.1]]
[note] Q35a unanswered (tool call twice) final
        {"scrollTop":221.5,"maxScroll":222,"target":293.1,"state":"alert","alertText":"The model did not answer your aside in text — either a tool call, which is not available off the record, or nothing at all. No answer was produced: Ask again here to keep this exchange, or press Esc to close the aside and discard it.","alertTopInRegion":114.6,"alertBottomInRegion":251.1,"clientHeight":251,"hiddenBelowPx":0.1,"hiddenAbovePx":0,"rows":7,"rowsFullyVisible":7,"lastRowBottomVsClipPx":-2.4,"phrase":{"needle":"discard it","bottomVsClipPx":-2.4,"visible":true}}
[PASS] Q35a unanswered (tool call twice): at rest the region is at D11's target, the whole refusal is in view (0 px hidden), its last line is visible and 'or press Esc to close the aside and discard it' is on screen; scrollTop only moved one way
        {"scrollTop":221.5,"maxScroll":222,"target":293.1,"hiddenBelowPx":0.1,"hiddenAbovePx":0,"rows":7,"rowsFullyVisible":7,"lastRowBottomVsClipPx":-2.4,"phrase":{"needle":"discard it","bottomVsClipPx":-2.4,"visible":true},"monotone":true,"alert":"The model did not answer your aside in text — either a tool call, which is not available off the record, or nothing at all. No answer was produced: Ask again here to keep this exchange, or press Esc to close the aside and discard it."}
[note] frame
        {"label":"qa5-r7clipnarrow2-q35a-refusal-at-rest","mode":"settled"}
[note] Q35b answered follow-up samples
        [[137,296,296,484.6,"thinking",null],[2736,297,297,484.6,"other",null],[3013,318,318,484.6,"other",null],[3396,338,338,484.6,"other",null],[3651,409,409,484.6,"other",null],[3919,434,434,484.6,"other",null],[4321,479,479,484.6,"other",null],[4624,484.5,513,484.6,"other",null],[4858,484.5,534,484.6,"other",null]]
[note] Q35c empty answer samples [ms, scrollTop, maxScroll, target, state, hiddenBelowPx]
        [[20,589,589,777.6,"thinking",null],[2904,667,667,777.6,"alert",0.1]]
[note] Q35c empty answer final
        {"scrollTop":667,"maxScroll":667,"target":777.6,"state":"alert","alertText":"The model answered your aside with no text at all, so the exchange has no answer to keep. Ask again here to keep this exchange, or press Esc to close the aside and discard it.","alertTopInRegion":153.6,"alertBottomInRegion":251.1,"clientHeight":251,"hiddenBelowPx":0.1,"hiddenAbovePx":0,"rows":5,"rowsFullyVisible":5,"lastRowBottomVsClipPx":-2.4,"phrase":{"needle":"discard it","bottomVsClipPx":-2.4,"visible":true}}
[PASS] Q35c empty answer: at rest the region is at D11's target, the whole refusal is in view (0 px hidden), its last line is visible and 'or press Esc to close the aside and discard it' is on screen; scrollTop only moved one way
        {"scrollTop":667,"maxScroll":667,"target":777.6,"hiddenBelowPx":0.1,"hiddenAbovePx":0,"rows":5,"rowsFullyVisible":5,"lastRowBottomVsClipPx":-2.4,"phrase":{"needle":"discard it","bottomVsClipPx":-2.4,"visible":true},"monotone":true,"alert":"The model answered your aside with no text at all, so the exchange has no answer to keep. Ask again here to keep this exchange, or press Esc to close the aside and discard it."}
[note] frame
        {"label":"qa5-r7clipnarrow2-q35c-refusal-at-rest","mode":"settled"}
[note] Q35d unanswered (a call then silence) samples [ms, scrollTop, maxScroll, target, state, hiddenBelowPx]
        [[16,741.5,742,930.1,"thinking",null],[6468,858.5,859,930.1,"alert",0.1]]
[note] Q35d unanswered (a call then silence) final
        {"scrollTop":858.5,"maxScroll":859,"target":930.1,"state":"alert","alertText":"The model did not answer your aside in text — either a tool call, which is not available off the record, or nothing at all. No answer was produced: Ask again here to keep this exchange, or press Esc to close the aside and discard it.","alertTopInRegion":114.6,"alertBottomInRegion":251.1,"clientHeight":251,"hiddenBelowPx":0.1,"hiddenAbovePx":0,"rows":7,"rowsFullyVisible":7,"lastRowBottomVsClipPx":-2.4,"phrase":{"needle":"discard it","bottomVsClipPx":-2.4,"visible":true}}
[PASS] Q35d unanswered (a call then silence): at rest the region is at D11's target, the whole refusal is in view (0 px hidden), its last line is visible and 'or press Esc to close the aside and discard it' is on screen; scrollTop only moved one way
        {"scrollTop":858.5,"maxScroll":859,"target":930.1,"hiddenBelowPx":0.1,"hiddenAbovePx":0,"rows":7,"rowsFullyVisible":7,"lastRowBottomVsClipPx":-2.4,"phrase":{"needle":"discard it","bottomVsClipPx":-2.4,"visible":true},"monotone":true,"alert":"The model did not answer your aside in text — either a tool call, which is not available off the record, or nothing at all. No answer was produced: Ask again here to keep this exchange, or press Esc to close the aside and discard it."}
[note] frame
        {"label":"qa5-r7clipnarrow2-q35d-refusal-at-rest","mode":"settled"}
[note] Q35e out-of-band DELETE of the answered entry (probe: the owner evicting/expiring it)
        {"status":200,"body":"{\"status\":200,\"message\":\"Desktop session result.\",\"result\":{\"data\":{\"aside_id\":\"f478d76f-70b6-4c98-b948-959838548b2a\",\"status\":\"closed\"},\"replayed\":false}}"}
[note] Q35e wire
        {"status":409,"continues":"f478d76f-70b6-4c98-b948-959838548b2a","response":"{\"detail\":\"This aside is no longer available\"}"}
[note] Q35e dropped exchange (409 no longer available) samples [ms, scrollTop, maxScroll, target, state, hiddenBelowPx]
        [[55,1245.5,1246,1434.2,"thinking",null],[126,1323.5,1324,1434.2,"alert",0.2]]
[note] Q35e dropped exchange (409 no longer available) final
        {"scrollTop":1323.5,"maxScroll":1324,"target":1434.2,"state":"alert","alertText":"This aside is no longer available This aside can't continue. Press Esc to close it, which discards this exchange, then start a new one with /btw.","alertTopInRegion":153.7,"alertBottomInRegion":251.2,"clientHeight":251,"hiddenBelowPx":0.2,"hiddenAbovePx":0,"rows":5,"rowsFullyVisible":5,"lastRowBottomVsClipPx":-2.3,"phrase":{"needle":"start a new one with /btw","bottomVsClipPx":-2.3,"visible":true}}
[PASS] Q35e dropped exchange (409 no longer available): at rest the region is at D11's target, the whole refusal is in view (0 px hidden), its last line is visible and 'can't continue' is on screen; scrollTop only moved one way
        {"scrollTop":1323.5,"maxScroll":1324,"target":1434.2,"hiddenBelowPx":0.2,"hiddenAbovePx":0,"rows":5,"rowsFullyVisible":5,"lastRowBottomVsClipPx":-2.3,"phrase":{"needle":"start a new one with /btw","bottomVsClipPx":-2.3,"visible":true},"monotone":true,"alert":"This aside is no longer available This aside can't continue. Press Esc to close it, which discards this exchange, then start a new one with /btw."}
[PASS] Q35e the dropped-exchange refusal names no retry that cannot work
        {"alert":"This aside is no longer available This aside can't continue. Press Esc to close it, which discards this exchange, then start a new one with /btw."}
[note] frame
        {"label":"qa5-r7clipnarrow2-q35e-dropped-refusal-at-rest","mode":"settled"}
[note] Q36 refused follow-up under a long answer samples [ms, scrollTop, maxScroll, target, state, hiddenBelowPx]
        [[29,1842,1842,2030.7,"thinking",null],[5842,1959,1959,2030.7,"alert",0.2]]
[note] Q36 refused follow-up under a long answer final
        {"scrollTop":1959,"maxScroll":1959,"target":2030.7,"state":"alert","alertText":"The model did not answer your aside in text — either a tool call, which is not available off the record, or nothing at all. No answer was produced: Ask again here to keep this exchange, or press Esc to close the aside and discard it.","alertTopInRegion":114.7,"alertBottomInRegion":251.2,"clientHeight":251,"hiddenBelowPx":0.2,"hiddenAbovePx":0,"rows":7,"rowsFullyVisible":7,"lastRowBottomVsClipPx":-2.3,"phrase":{"needle":"discard it","bottomVsClipPx":-2.3,"visible":true}}
[PASS] Q36 refused follow-up under a long answer: at rest the region is at D11's target, the whole refusal is in view (0 px hidden), its last line is visible and 'or press Esc to close the aside and discard it' is on screen; scrollTop only moved one way
        {"scrollTop":1959,"maxScroll":1959,"target":2030.7,"hiddenBelowPx":0.2,"hiddenAbovePx":0,"rows":7,"rowsFullyVisible":7,"lastRowBottomVsClipPx":-2.3,"phrase":{"needle":"discard it","bottomVsClipPx":-2.3,"visible":true},"monotone":true,"alert":"The model did not answer your aside in text — either a tool call, which is not available off the record, or nothing at all. No answer was produced: Ask again here to keep this exchange, or press Esc to close the aside and discard it."}
[note] frame
        {"label":"qa5-r7clipnarrow2-q36-refusal-under-long-answer","mode":"settled"}
[note] Q37 the reader scrolled mid-thinking
        {"from":2033.5,"to":1733.5,"method":"mouseWheel"}
[note] Q37 samples
        [[49,2033.5,2034,2222.2,"thinking",null],[1226,1733.5,2034,2222.2,"thinking",null],[7992,1733.5,2151,2222.2,"alert",417.2]]
[PASS] Q37 D11 yields to the reader: a hand scroll during thinking holds when the refusal lands (the phase trigger does not re-take the region)
        {"userAt":1733.5,"finalScrollTop":1733.5,"maxScroll":2151,"hiddenBelowPx":417.2}
[note] Q38 samples [ms, scrollTop, maxScroll, target, state]
        [[23,1822.5,1823,2011.2,"thinking",null],[2472,1990,1990,2011.2,"other",null],[2726,2011,2178,2011.2,"other",null],[3105,2011,2386,2011.2,"other",null],[3334,2011,2593,2011.2,"other",null],[3661,2011,2781,2011.2,"other",null],[3988,2011,3009,2011.2,"other",null],[4306,2011,3217,2011.2,"other",null],[4597,2011,3384,2011.2,"other",null],[4922,2011,3613,2011.2,"other",null]]
[PASS] Q38 D11 on an answered follow-up: scrollTop moves one way only, reaches the question's offset, then holds for every later chunk and through the settle (no per-chunk pin, no jump at settle)
        {"monotone":true,"reachedAt":[2726,2011,2178,2011.2,"other",null],"distinctAfterReach":[2011],"final":{"scrollTop":2011,"turnOffset":2011.2,"maxScroll":3779}}
[PASS] Q38c D11 yields to a mid-stream hand scroll through the settle
        {"userAt":3821,"final":3821}
[note] Q39 TOOLCALL2: q39 fresh refusal two
        {"samples":[[23,0,0,133,"thinking",null],[6114,22,22,133,"alert",0]],"final":{"scrollTop":22,"maxScroll":22,"target":133,"state":"alert","alertText":"The model did not answer your aside in text — either a tool call, which is not available off the record, or nothing at all. No answer was produced: ask again.","alertTopInRegion":134.5,"alertBottomInRegion":232,"clientHeight":232,"hiddenBelowPx":0,"hiddenAbovePx":0,"rows":5,"rowsFullyVisible":5,"lastRowBottomVsClipPx":-2.5,"phrase":null}}
[PASS] Q39 stacked fresh refusal 'TOOLCALL2: q39 fresh refusal two': whole alert in view at rest, the backend's sentence alone
        {"scrollTop":22,"maxScroll":22,"hiddenBelowPx":0,"alert":"The model did not answer your aside in text — either a tool call, which is not available off the record, or nothing at all. No answer was produced: ask again."}
[note] Q39 EMPTYANS: q39 fresh refusal three
        {"samples":[[103,77,77,266,"thinking",null],[3486,116,116,266,"alert",0]],"final":{"scrollTop":116,"maxScroll":116,"target":266,"state":"alert","alertText":"The model answered your aside with no text at all, so the exchange has no answer to keep. Ask again.","alertTopInRegion":173.5,"alertBottomInRegion":232,"clientHeight":232,"hiddenBelowPx":0,"hiddenAbovePx":0,"rows":3,"rowsFullyVisible":3,"lastRowBottomVsClipPx":-2.5,"phrase":null}}
[PASS] Q39 stacked fresh refusal 'EMPTYANS: q39 fresh refusal three': whole alert in view at rest, the backend's sentence alone
        {"scrollTop":116,"maxScroll":116,"hiddenBelowPx":0,"alert":"The model answered your aside with no text at all, so the exchange has no answer to keep. Ask again."}
[note] Q39 TOOLCALL2: q39 fresh refusal four
        {"samples":[[13,171,171,360,"thinking",null],[5221,249,249,360,"alert",0]],"final":{"scrollTop":249,"maxScroll":249,"target":360,"state":"alert","alertText":"The model did not answer your aside in text — either a tool call, which is not available off the record, or nothing at all. No answer was produced: ask again.","alertTopInRegion":134.5,"alertBottomInRegion":232,"clientHeight":232,"hiddenBelowPx":0,"hiddenAbovePx":0,"rows":5,"rowsFullyVisible":5,"lastRowBottomVsClipPx":-2.5,"phrase":null}}
[PASS] Q39 stacked fresh refusal 'TOOLCALL2: q39 fresh refusal four': whole alert in view at rest, the backend's sentence alone
        {"scrollTop":249,"maxScroll":249,"hiddenBelowPx":0,"alert":"The model did not answer your aside in text — either a tool call, which is not available off the record, or nothing at all. No answer was produced: ask again."}
[note] frame
        {"label":"qa5-r7clipnarrow2-q39-stacked-fresh-refusals","mode":"settled"}
[PASS] no process from this run outlived its boot

frames: qa5-r7clipnarrow2-q35a-refusal-at-rest.png, qa5-r7clipnarrow2-q35c-refusal-at-rest.png, qa5-r7clipnarrow2-q35d-refusal-at-rest.png, qa5-r7clipnarrow2-q35e-dropped-refusal-at-rest.png, qa5-r7clipnarrow2-q36-refusal-under-long-answer.png, qa5-r7clipnarrow2-q39-stacked-fresh-refusals.png
frames directory: /Users/damian/qa482r7/rig/frames/r7clipnarrow2
app log: /Users/damian/qa482r7/rig/tmp/lo-renderer-driver-2537/app-scene.log
scratch removed (--clean)

ALL CHECKS PASSED
== r7clipnarrow2 driver exit: 0 ==
total 2920
drwxr-xr-x@ 8 damian  staff     256 Sep 25 01:49 .
drwxr-xr-x@ 4 damian  staff     128 Sep 25 01:46 ..
-rw-r--r--@ 1 damian  staff  246263 Sep 25 01:47 qa5-r7clipnarrow2-q35a-refusal-at-rest.png
-rw-r--r--@ 1 damian  staff  247803 Sep 25 01:47 qa5-r7clipnarrow2-q35c-refusal-at-rest.png
-rw-r--r--@ 1 damian  staff  251377 Sep 25 01:47 qa5-r7clipnarrow2-q35d-refusal-at-rest.png
-rw-r--r--@ 1 damian  staff  239664 Sep 25 01:47 qa5-r7clipnarrow2-q35e-dropped-refusal-at-rest.png
-rw-r--r--@ 1 damian  staff  250633 Sep 25 01:48 qa5-r7clipnarrow2-q36-refusal-under-long-answer.png
-rw-r--r--@ 1 damian  staff  243595 Sep 25 01:49 qa5-r7clipnarrow2-q39-stacked-fresh-refusals.png
8080 released before this command returned
port8080.lock released
--- proxy counters (/Users/damian/qa482r7/rig/run-r7clipnarrow2/proxy-stats.json) ---
{
  "oldDaemon": false,
  "asidePosts": [
    {
      "at": "2026-09-25T05:47:08.715Z",
      "url": "/v1/desktop/sessions/7a50e0957ea2/asides",
      "asideId": "b3a0f020-4e80-401c-87ae-14298c20e099",
      "continues": null,
      "questionHead": "q35 first question, answered",
      "text": "q35 first question, answered",
      "carriedSubscriptionField": true,
      "subscriptionId": "93d2206fcf9e4402b165d71adeb34c05",
      "status": 200,
      "response": "{\"status\":200,\"message\":\"Desktop session result.\",\"result\":{\"data\":{\"aside_id\":\"b3a0f020-4e80-401c-87ae-14298c20e099\",\"text\":\"Transport failures and owner **5xx** responses, per provider, inside a moving window.\\n\\n- each transport failure spends one\\n- each owner 5xx spends one\\n- a retry that succeeds resets the window\\n\\nA **4xx** never spends it: the request was wrong, not the provider.\",\"off_record\":true},\"replayed\":false}}"
    },
    {
      "at": "2026-09-25T05:47:15.854Z",
      "url": "/v1/desktop/sessions/7a50e0957ea2/asides",
      "asideId": "5f904ee9-e317-4c84-9c2c-14c767ff095d",
      "continues": "b3a0f020-4e80-401c-87ae-14298c20e099",
      "questionHead": "TOOLCALL2: q35 follow-up refused by the model",
      "text": "TOOLCALL2: q35 follow-up refused by the model",
      "carriedSubscriptionField": true,
      "subscriptionId": "93d2206fcf9e4402b165d71adeb34c05",
      "status": 409,
      "response": "{\"detail\":{\"code\":\"aside_unanswered\",\"message\":\"The model did not answer your aside in text — either a tool call, which is not available off the record, or nothing at all. No answer was produced: ask again.\"}}"
    },
    {
      "at": "2026-09-25T05:47:25.914Z",
      "url": "/v1/desktop/sessions/7a50e0957ea2/asides",
      "asideId": "eba9e45f-e18d-4701-962e-650d1ef01e2b",
      "continues": "b3a0f020-4e80-401c-87ae-14298c20e099",
      "questionHead": "q35 second answered question",
      "text": "q35 second answered question",
      "carriedSubscriptionField": true,
      "subscriptionId": "93d2206fcf9e4402b165d71adeb34c05",
      "status": 200,
      "response": "{\"status\":200,\"message\":\"Desktop session result.\",\"result\":{\"data\":{\"aside_id\":\"eba9e45f-e18d-4701-962e-650d1ef01e2b\",\"text\":\"Transport failures and owner **5xx** responses, per provider, inside a moving window.\\n\\n- each transport failure spends one\\n- each owner 5xx spends one\\n- a retry that succeeds resets the window\\n\\nA **4xx** never spends it: the request was wrong, not the provider.\",\"off_record\":true},\"replayed\":false}}"
    },
    {
      "at": "2026-09-25T05:47:31.673Z",
      "url": "/v1/desktop/sessions/7a50e0957ea2/asides",
      "asideId": "e47031ad-b0e1-4c67-bd40-e69b88acd061",
      "continues": "eba9e45f-e18d-4701-962e-650d1ef01e2b",
      "questionHead": "EMPTYANS: q35 follow-up empty answer",
      "text": "EMPTYANS: q35 follow-up empty answer",
      "carriedSubscriptionField": true,
      "subscriptionId": "93d2206fcf9e4402b165d71adeb34c05",
      "status": 409,
      "response": "{\"detail\":{\"code\":\"aside_empty_answer\",\"message\":\"The model answered your aside with no text at all, so the exchange has no answer to keep. Ask again.\"}}"
    },
    {
      "at": "2026-09-25T05:47:37.946Z",
      "url": "/v1/desktop/sessions/7a50e0957ea2/asides",
      "asideId": "dec3b4c8-4c29-4b7d-aa77-29b54ad38f95",
      "continues": "eba9e45f-e18d-4701-962e-650d1ef01e2b",
      "questionHead": "TOOLSILENT: q35 follow-up call then silence",
      "text": "TOOLSILENT: q35 follow-up call then silence",
      "carriedSubscriptionField": true,
      "subscriptionId": "93d2206fcf9e4402b165d71adeb34c05",
      "status": 409,
      "response": "{\"detail\":{\"code\":\"aside_unanswered\",\"message\":\"The model did not answer your aside in text — either a tool call, which is not available off the record, or nothing at all. No answer was produced: ask again.\"}}"
    },
    {
      "at": "2026-09-25T05:47:47.525Z",
      "url": "/v1/desktop/sessions/7a50e0957ea2/asides",
      "asideId": "f478d76f-70b6-4c98-b948-959838548b2a",
      "continues": "eba9e45f-e18d-4701-962e-650d1ef01e2b",
      "questionHead": "q35e answered before the owner drops it",
      "text": "q35e answered before the owner drops it",
      "carriedSubscriptionField": true,
      "subscriptionId": "93d2206fcf9e4402b165d71adeb34c05",
      "status": 200,
      "response": "{\"status\":200,\"message\":\"Desktop session result.\",\"result\":{\"data\":{\"aside_id\":\"f478d76f-70b6-4c98-b948-959838548b2a\",\"text\":\"Transport failures and owner **5xx** responses, per provider, inside a moving window.\\n\\n- each transport failure spends one\\n- each owner 5xx spends one\\n- a retry that succeeds resets the window\\n\\nA **4xx** never spends it: the request was wrong, not the provider.\",\"off_record\":true},\"replayed\":false}}"
    },
    {
      "at": "2026-09-25T05:47:53.023Z",
      "url": "/v1/desktop/sessions/7a50e0957ea2/asides",
      "asideId": "20f27b71-5f1d-4acc-8423-0a2d1c39c259",
      "continues": "f478d76f-70b6-4c98-b948-959838548b2a",
      "questionHead": "q35e follow-up after the owner dropped the prefix",
      "text": "q35e follow-up after the owner dropped the prefix",
      "carriedSubscriptionField": true,
      "subscriptionId": "93d2206fcf9e4402b165d71adeb34c05",
      "status": 409,
      "response": "{\"detail\":\"This aside is no longer available\"}"
    },
    {
      "at": "2026-09-25T05:47:56.629Z",
      "url": "/v1/desktop/sessions/7a50e0957ea2/asides",
      "asideId": "ef3789db-8b69-4ddd-b53e-e12cf1e87741",
      "continues": null,
      "questionHead": "LONGANSWER: q36 long first answer",
      "text": "LONGANSWER: q36 long first answer",
      "carriedSubscriptionField": true,
      "subscriptionId": "93d2206fcf9e4402b165d71adeb34c05",
      "status": 200,
      "response": "{\"status\":200,\"message\":\"Desktop session result.\",\"result\":{\"data\":{\"aside_id\":\"ef3789db-8b69-4ddd-b53e-e12cf1e87741\",\"text\":\"The retry budget is a per-provider allowance, and it is spent only by failures that a second attempt could plausibly fix. A dropped connection, a reset stream, a timeout before the first byte and an owner 5xx each spend one unit; a 4xx spends nothing, because the request itself was refused and sending it again would be refused again. The window moves, so an allowance spent an hour ago is back by now, and a burst of failures inside a single minute exhausts it quickly on "
    },
    {
      "at": "2026-09-25T05:48:03.223Z",
      "url": "/v1/desktop/sessions/7a50e0957ea2/asides",
      "asideId": "8242e097-ac32-4e79-97cd-6150810b22e4",
      "continues": "ef3789db-8b69-4ddd-b53e-e12cf1e87741",
      "questionHead": "TOOLCALL2: q36 refused under a long answer",
      "text": "TOOLCALL2: q36 refused under a long answer",
      "carriedSubscriptionField": true,
      "subscriptionId": "93d2206fcf9e4402b165d71adeb34c05",
      "status": 409,
      "response": "{\"detail\":{\"code\":\"aside_unanswered\",\"message\":\"The model did not answer your aside in text — either a tool call, which is not available off the record, or nothing at all. No answer was produced: ask again.\"}}"
    },
    {
      "at": "2026-09-25T05:48:15.461Z",
      "url": "/v1/desktop/sessions/7a50e0957ea2/asides",
      "asideId": "7c8091e2-975c-4c83-9012-ad744bda4140",
      "continues": "ef3789db-8b69-4ddd-b53e-e12cf1e87741",
      "questionHead": "TOOLCALL2: q37 the reader scrolls while it thinks",
      "text": "TOOLCALL2: q37 the reader scrolls while it thinks",
      "carriedSubscriptionField": true,
      "subscriptionId": "93d2206fcf9e4402b165d71adeb34c05",
      "status": 409,
      "response": "{\"detail\":{\"code\":\"aside_unanswered\",\"message\":\"The model did not answer your aside in text — either a tool call, which is not available off the record, or nothing at all. No answer was produced: ask again.\"}}"
    },
    {
      "at": "2026-09-25T05:48:26.938Z",
      "url": "/v1/desktop/sessions/7a50e0957ea2/asides",
      "asideId": "74d6de56-e93b-44f6-a117-eb15d24fe59f",
      "continues": null,
      "questionHead": "LONGANSWER: q38 long first",
      "text": "LONGANSWER: q38 long first",
      "carriedSubscriptionField": true,
      "subscriptionId": "93d2206fcf9e4402b165d71adeb34c05",
      "status": 200,
      "response": "{\"status\":200,\"message\":\"Desktop session result.\",\"result\":{\"data\":{\"aside_id\":\"74d6de56-e93b-44f6-a117-eb15d24fe59f\",\"text\":\"The retry budget is a per-provider allowance, and it is spent only by failures that a second attempt could plausibly fix. A dropped connection, a reset stream, a timeout before the first byte and an owner 5xx each spend one unit; a 4xx spends nothing, because the request itself was refused and sending it again would be refused again. The window moves, so an allowance spent an hour ago is back by now, and a burst of failures inside a single minute exhausts it quickly on "
    },
    {
      "at": "2026-09-25T05:48:32.980Z",
      "url": "/v1/desktop/sessions/7a50e0957ea2/asides",
      "asideId": "82ce3942-54aa-460d-8020-d70ae3b12584",
      "continues": "74d6de56-e93b-44f6-a117-eb15d24fe59f",
      "questionHead": "LONGANSWER: q38 long follow-up streams",
      "text": "LONGANSWER: q38 long follow-up streams",
      "carriedSubscriptionField": true,
      "subscriptionId": "93d2206fcf9e4402b165d71adeb34c05",
      "status": 200,
      "response": "{\"status\":200,\"message\":\"Desktop session result.\",\"result\":{\"data\":{\"aside_id\":\"82ce3942-54aa-460d-8020-d70ae3b12584\",\"text\":\"The retry budget is a per-provider allowance, and it is spent only by failures that a second attempt could plausibly fix. A dropped connection, a reset stream, a timeout before the first byte and an owner 5xx each spend one unit; a 4xx spends nothing, because the request itself was refused and sending it again would be refused again. The window moves, so an allowance spent an hour ago is back by now, and a burst of failures inside a single minute exhausts it quickly on "
    },
    {
      "at": "2026-09-25T05:48:39.322Z",
      "url": "/v1/desktop/sessions/7a50e0957ea2/asides",
      "asideId": "bd2cc064-fec0-4883-990d-2a181cc27767",
      "continues": "82ce3942-54aa-460d-8020-d70ae3b12584",
      "questionHead": "LONGANSWER: q38c reader scrolls mid-stream",
      "text": "LONGANSWER: q38c reader scrolls mid-stream",
      "carriedSubscriptionField": true,
      "subscriptionId": "93d2206fcf9e4402b165d71adeb34c05",
      "status": 200,
      "response": "{\"status\":200,\"message\":\"Desktop session result.\",\"result\":{\"data\":{\"aside_id\":\"bd2cc064-fec0-4883-990d-2a181cc27767\",\"text\":\"The retry budget is a per-provider allowance, and it is spent only by failures that a second attempt could plausibly fix. A dropped connection, a reset stream, a timeout before the first byte and an owner 5xx each spend one unit; a 4xx spends nothing, because the request itself was refused and sending it again would be refused again. The window moves, so an allowance spent an hour ago is back by now, and a burst of failures inside a single minute exhausts it quickly on "
    },
    {
      "at": "2026-09-25T05:48:45.756Z",
      "url": "/v1/desktop/sessions/7a50e0957ea2/asides",
      "asideId": "69a4f031-4b34-488c-accc-d1c5af3f80b2",
      "continues": null,
      "questionHead": "TOOLCALL2: q39 fresh refusal one",
      "text": "TOOLCALL2: q39 fresh refusal one",
      "carriedSubscriptionField": true,
      "subscriptionId": "93d2206fcf9e4402b165d71adeb34c05",
      "status": 409,
      "response": "{\"detail\":{\"code\":\"aside_unanswered\",\"message\":\"The model did not answer your aside in text — either a tool call, which is not available off the record, or nothing at all. No answer was produced: ask again.\"}}"
    },
    {
      "at": "2026-09-25T05:48:52.780Z",
      "url": "/v1/desktop/sessions/7a50e0957ea2/asides",
      "asideId": "3c94b2d5-cc34-4804-adcb-0f93dfebfce5",
      "continues": null,
      "questionHead": "TOOLCALL2: q39 fresh refusal two",
      "text": "TOOLCALL2: q39 fresh refusal two",
      "carriedSubscriptionField": true,
      "subscriptionId": "93d2206fcf9e4402b165d71adeb34c05",
      "status": 409,
      "response": "{\"detail\":{\"code\":\"aside_unanswered\",\"message\":\"The model did not answer your aside in text — either a tool call, which is not available off the record, or nothing at all. No answer was produced: ask again.\"}}"
    },
    {
      "at": "2026-09-25T05:49:01.753Z",
      "url": "/v1/desktop/sessions/7a50e0957ea2/asides",
      "asideId": "6383c24f-3c74-4bd5-bde1-b57f4be0202a",
      "continues": null,
      "questionHead": "EMPTYANS: q39 fresh refusal three",
      "text": "EMPTYANS: q39 fresh refusal three",
      "carriedSubscriptionField": true,
      "subscriptionId": "93d2206fcf9e4402b165d71adeb34c05",
      "status": 409,
      "response": "{\"detail\":{\"code\":\"aside_empty_answer\",\"message\":\"The model answered your aside with no text at all, so the exchange has no answer to keep. Ask again.\"}}"
    },
    {
      "at": "2026-09-25T05:49:07.978Z",
      "url": "/v1/desktop/sessions/7a50e0957ea2/asides",
      "asideId": "c9b359b2-ea37-44fd-8fe3-38cf49549fb4",
      "continues": null,
      "questionHead": "TOOLCALL2: q39 fresh refusal four",
      "text": "TOOLCALL2: q39 fresh refusal four",
      "carriedSubscriptionField": true,
      "subscriptionId": "93d2206fcf9e4402b165d71adeb34c05",
      "status": 409,
      "response": "{\"detail\":{\"code\":\"aside_unanswered\",\"message\":\"The model did not answer your aside in text — either a tool call, which is not available off the record, or nothing at all. No answer was produced: ask again.\"}}"
    }
  ],
  "streams": [
    {
      "url": "/v1/desktop/events",
      "openedAt": "2026-09-25T05:46:49.672Z",
      "subscriptionId": "39436e27190ee040",
      "asideDeltas": 0,
      "deltaSizes": []
    },
    {
      "url": "/v1/desktop/sessions/7a50e0957ea2/events?frontend_replace=1",
      "openedAt": "2026-09-25T05:46:54.473Z",
      "subscriptionId": "93d2206fcf9e4402b165d71adeb34c05",
      "asideDeltas": 64,
      "deltaSizes": [
        29,
        33,
        25,
        36,
        28,
        43,
        27,
        40,
        29,
        33,
        25,
        36,
        28,
        43,
        27,
        40,
        29,
        33,
        25,
        36,
        28,
        43,
        27,
        40,
        300,
        300,
        300,
        300,
        300,
        300,
        300,
        300,
        300,
        287,
        300,
        300,
        300,
        300,
        300,
        300,
        300,
        300,
        300,
        287,
        300,
        300,
        300,
        300,
        300,
        300,
        300,
        300,
        300,
        287,
        300,
        300,
        300,
        300,
        300,
        300,
        300,
        300,
        300,
        287
      ]
    }
  ],
  "asideDeltaFrames": 64,
  "deltasBySubscription": {
    "93d2206fcf9e4402b165d71adeb34c05": 64
  },
  "deltasByAside": {
    "b3a0f020-4e80-401c-87ae-14298c20e099": 8,
    "eba9e45f-e18d-4701-962e-650d1ef01e2b": 8,
    "f478d76f-70b6-4c98-b948-959838548b2a": 8,
    "ef3789db-8b69-4ddd-b53e-e12cf1e87741": 10,
    "74d6de56-e93b-44f6-a117-eb15d24fe59f": 10,
    "82ce3942-54aa-460d-8020-d70ae3b12584": 10,
    "bd2cc064-fec0-4883-990d-2a181cc27767": 10
  },
  "refused422": 0,
  "messagePosts": [],
  "asideOps": [
    {
      "at": "2026-09-25T05:47:52.827Z",
      "method": "DELETE",
      "url": "/v1/desktop/sessions/7a50e0957ea2/asides/f478d76f-70b6-4c98-b948-959838548b2a",
      "kind": "close",
      "probe": true,
      "status": 200,
      "response": "{\"status\":200,\"message\":\"Desktop session result.\",\"result\":{\"data\":{\"aside_id\":\"f478d76f-70b6-4c98-b948-959838548b2a\",\"status\":\"closed\"},\"replayed\":false}}"
    },
    {
      "at": "2026-09-25T05:47:56.400Z",
      "method": "DELETE",
      "url": "/v1/desktop/sessions/7a50e0957ea2/asides/f478d76f-70b6-4c98-b948-959838548b2a",
      "kind": "close",
      "probe": false,
      "status": 404,
      "response": "{\"detail\":\"This aside is no longer available\"}"
    },
    {
      "at": "2026-09-25T05:48:26.483Z",
      "method": "DELETE",
      "url": "/v1/desktop/sessions/7a50e0957ea2/asides/ef3789db-8b69-4ddd-b53e-e12cf1e87741",
      "kind": "close",
      "probe": false,
      "status": 200,
      "response": "{\"status\":200,\"message\":\"Desktop session result.\",\"result\":{\"data\":{\"aside_id\":\"ef3789db-8b69-4ddd-b53e-e12cf1e87741\",\"status\":\"closed\"},\"replayed\":false}}"
    },
    {
      "at": "2026-09-25T05:48:45.487Z",
      "method": "DELETE",
      "url": "/v1/desktop/sessions/7a50e0957ea2/asides/bd2cc064-fec0-4883-990d-2a181cc27767",
      "kind": "close",
      "probe": false,
      "status": 200,
      "response": "{\"status\":200,\"message\":\"Desktop session result.\",\"result\":{\"data\":{\"aside_id\":\"bd2cc064-fec0-4883-990d-2a181cc27767\",\"status\":\"closed\"},\"replayed\":false}}"
    }
  ]
}
--- end counters ---
