[build] current: assets 2026-09-26T04:09:30.859Z >= sources 2026-09-26T03:55:25.176Z
[note] abandoned scratch trees
        7 seen, 1 owned by a live pid (kept), 6 younger than 30m (kept), 0 removed
[note] csp for this run's backend
        already widened for http://127.0.0.1:18943
  serve records 1 linked from /Users/damian/.local-operator/sessions/bc33f0520d46/scratchpad/qa3/daemon1/config/run/serve   (the app admits a daemon only while a record describes one, and a record is a heartbeat)
local-operator-ui renderer driver
  repo          /Users/damian/local-operator-ui-worktrees/chat-redesign
  scratch       /var/folders/qd/1q2xkcls0tg60vh97jjngxc40000gn/T/lo-renderer-driver-16084
  frames        /Users/damian/.local-operator/sessions/bc33f0520d46/scratchpad/qa3/frames/qa3-conn
  app cwd       /var/folders/qd/1q2xkcls0tg60vh97jjngxc40000gn/T/lo-renderer-driver-16084/cwd   (scratch: the repo's .env is not read)
  backend url   http://127.0.0.1:18943   (--backend: a live isolated backend this run owns)
  electron      44.3.0   (/Users/damian/local-operator-ui-worktrees/chat-redesign/node_modules/.pnpm/electron@44.3.0/node_modules/electron/dist/Electron.app/Contents/MacOS/Electron)
  electron pin  44.3.0   (package.json optionalDependencies)
[PASS] the harness is driving the Electron this branch pins
[PASS] the scratch backend port is dead
[note] the app's default backend port (127.0.0.1:1111)
        a listener is up: this run's main process points elsewhere, and the check below proves the app holds no connection to the URL the RENDERER was built with
[note] verbs registered by the renderer
        ["hello","measure","navigate","openCanvasDocument","press","queries","queryFetches","setSidebarWidth","setTheme","state"]
[PASS] the armed launch said so on stdout
[PASS] the app's logs went to this run's scratch tree, not the operator's
[note] renderer's api base URL at hello, against --backend
        {"apiBaseUrl":"http://127.0.0.1:18943","backend":"http://127.0.0.1:18943"}
[PASS] the app holds a connection to this run's backend (http://127.0.0.1:18943)
[PASS] the app holds NO connection to the operator's own backend (http://localhost:1111)
[note] profile seeded
        onboarding-storage marks the modal complete, so the app is an existing user rather than a first-run one
[PASS] qa3-conn: the window is headless and is never shown or focused
[PASS] qa3-conn: the list mounted
[PASS] qa3-conn: the new-chat chord stages a composer
[PASS] qa3-conn: the opening send left the composer (a live conversation exists)
[note] qa3-conn: the conversation before the kill
        {"textareaValue":"","textareaBox":{"x":516,"y":790,"w":608,"h":34,"bottom":824},"alerts":[],"failure":null,"buttons":[],"caption":null,"readingsModel":{"text":"mock-model","box":{"x":739,"y":843,"w":71,"h":17,"bottom":861}},"reconnectControl":false,"sendWaits":false}
[note] qa3-conn: daemon(s) killed by their own records
        [{"pid":15596,"file":"/Users/damian/.local-operator/sessions/bc33f0520d46/scratchpad/qa3/daemon1/config/run/serve/15596.json","version":"0.62.44"}]
[PASS] qa3-conn: the daemon's listener is gone
[PASS] qa3-conn: the strip states the dead daemon
[note] qa3-conn: after the failed send
        {"textareaValue":"did that reach you?","textareaBox":{"x":516,"y":790,"w":608,"h":34,"bottom":824},"alerts":[{"text":"Can't reach the Local Operator server. Sending will wait.http://127.0.0.1:18943 refused the connection (fetch failed)Retry","box":{"x":284,"y":76,"w":1072,"h":53,"bottom":129}},{"text":"Couldn't reach Local Operator. Your message may not have been sent.RetryClear","box":{"x":500,"y":719,"w":640,"h":56,"bottom":774}}],"failure":{"text":"Couldn't reach Local Operator. Your message may not have been sent.RetryClear","box":{"x":500,"y":719,"w":640,"h":56,"bottom":774}},"buttons":[{"label":"Retry","disabled":false},{"label":"Retry","disabled":false},{"label":"Clear","disabled":false}],"caption":null,"readingsModel":{"text":"mock-model","box":{"x":872,"y":843,"w":71,"h":17,"bottom":861}},"reconnectControl":false,"sendWaits":false}
[PASS] qa3-conn: the failed send hands the text back to the composer
[PASS] qa3-conn: a notice states the failure (the reworked surface's replacement for §F3's line)
[PASS] qa3-conn: the notice row clears the composer row it sits above (D27's geometry, remeasured on the new surface)
[PASS] qa3-conn: the readings row is not overlapped by the notice either (D27's other half)
[PASS] qa3-conn: the list caption stands down while the strip speaks (D30)
[note] qa3-conn: waiting out the app's 90 s stopped line before the revive
        about 95s
[note] qa3-conn: the state just before the revive (past the 90 s line)
        {"reconnectControl":false,"failure":"Couldn't reach Local Operator. Your message may not have been sent.RetryClear","textareaValue":"did that reach you?"}
[PASS] qa3-conn: the revived daemon answers /health
[note] qa3-conn: serve records re-linked
        1
[PASS] qa3-conn: the strip clears once a daemon answers again
[PASS] qa3-conn: the conversation's Reconnect notice clears itself on recovery (U19, Q3's stream half)
[note] qa3-conn: after the reconnect
        {"textareaValue":"did that reach you?","textareaBox":{"x":516,"y":790,"w":608,"h":34,"bottom":824},"alerts":[{"text":"Couldn't reach Local Operator. Your message may not have been sent.RetryClear","box":{"x":500,"y":719,"w":640,"h":56,"bottom":774}}],"failure":{"text":"Couldn't reach Local Operator. Your message may not have been sent.RetryClear","box":{"x":500,"y":719,"w":640,"h":56,"bottom":774}},"buttons":[{"label":"Retry","disabled":false},{"label":"Clear","disabled":false}],"caption":null,"readingsModel":{"text":"mock-model","box":{"x":872,"y":843,"w":71,"h":17,"bottom":861}},"reconnectControl":false,"sendWaits":false}
[PASS] qa3-conn: no held-send gate survives anywhere (the removed model must be gone, not stuck)
[note] qa3-conn: revived daemon stopped
        pid 15596 SIGKILLed
[note] qa3-conn: revived daemon stopped
        pid 35736 exited
  [renderer] Credentials connectivity error: Server is offline. Please check your connection.
  [renderer] Agents connectivity error: Server is offline. Please check your connection.
  [renderer] Credentials connectivity error: Server is offline. Please check your connection.
  [renderer] Credentials connectivity error: Server is offline. Please check your connection.
  [renderer] Agents connectivity error: Server is offline. Please check your connection.
  [renderer] Credentials connectivity error: Server is offline. Please check your connection.
  [renderer] Agents connectivity error: Server is offline. Please check your connection.
  [renderer] Credentials connectivity error: Server is offline. Please check your connection.
  [renderer] Agents connectivity error: Server is offline. Please check your connection.
  [renderer] Credentials connectivity error: Server is offline. Please check your connection.
  [renderer] Credentials connectivity error: Server is offline. Please check your connection.
  [renderer] Agents connectivity error: Server is offline. Please check your connection.
  [renderer] Credentials connectivity error: Server is offline. Please check your connection.
  [renderer] Agents connectivity error: Server is offline. Please check your connection.
  [renderer] Credentials connectivity error: Server is offline. Please check your connection.
  [renderer] Agents connectivity error: Server is offline. Please check your connection.
  [renderer] Credentials connectivity error: Server is offline. Please check your connection.
  [renderer] Agents connectivity error: Server is offline. Please check your connection.
  [renderer] Credentials connectivity error: Server is offline. Please check your connection.
  [renderer] Credentials connectivity error: Server is offline. Please check your connection.
[PASS] no process from this run outlived its boot

frames: qa3-conn-before-send.png, qa3-conn-failed-send.png, qa3-conn-reconnected.png
frames directory: /Users/damian/.local-operator/sessions/bc33f0520d46/scratchpad/qa3/frames/qa3-conn
app log: /var/folders/qd/1q2xkcls0tg60vh97jjngxc40000gn/T/lo-renderer-driver-16084/app-scene.log
scratch kept: /var/folders/qd/1q2xkcls0tg60vh97jjngxc40000gn/T/lo-renderer-driver-16084 (the frames are also in --out)

ALL CHECKS PASSED
rc=0
